$ audit/q30_metal_gate.sh
q30 metal oracle: scalar formula, count 0..9, extrema, negative coeffs, random 100003=ok
metal.device.raw=Apple M1 Pro
metal.family.raw=apple1,apple2,apple3,apple4,apple5,apple6,apple7
metal.executor=Metal
case=count-0 result=green
case=count-1 result=green
case=count-2 result=green
case=count-3 result=green
case=count-4 result=green
case=count-5 result=green
case=count-6 result=green
case=count-7 result=green
case=count-8 result=green
case=count-9 result=green
case=count-0 result=green
case=count-1 result=green
case=count-2 result=green
case=count-3 result=green
case=count-4 result=green
case=count-5 result=green
case=count-6 result=green
case=count-7 result=green
case=count-8 result=green
case=count-9 result=green
case=count-0 result=green
case=count-1 result=green
case=count-2 result=green
case=count-3 result=green
case=count-4 result=green
case=count-5 result=green
case=count-6 result=green
case=count-7 result=green
case=count-8 result=green
case=count-9 result=green
case=count-0 result=green
case=count-1 result=green
case=count-2 result=green
case=count-3 result=green
case=count-4 result=green
case=count-5 result=green
case=count-6 result=green
case=count-7 result=green
case=count-8 result=green
case=count-9 result=green
case=count-0 result=green
case=count-1 result=green
case=count-2 result=green
case=count-3 result=green
case=count-4 result=green
case=count-5 result=green
case=count-6 result=green
case=count-7 result=green
case=count-8 result=green
case=count-9 result=green
case=count-0 result=green
case=count-1 result=green
case=count-2 result=green
case=count-3 result=green
case=count-4 result=green
case=count-5 result=green
case=count-6 result=green
case=count-7 result=green
case=count-8 result=green
case=count-9 result=green
case=count-0 result=green
case=count-1 result=green
case=count-2 result=green
case=count-3 result=green
case=count-4 result=green
case=count-5 result=green
case=count-6 result=green
case=count-7 result=green
case=count-8 result=green
case=count-9 result=green
case=negative-adversarial result=green
case=negative-adversarial result=green
case=negative-adversarial result=green
case=negative-adversarial result=green
case=negative-adversarial result=green
case=negative-adversarial result=green
case=random-100003 result=green
q30-metal-runner=green vectors=77
$ fixture+compile+q30_metal_mutation_gate.py
q30 metal oracle: scalar formula, count 0..9, extrema, negative coeffs, random 100003=ok
mutation=shift result=RED-required-observed
mutation=rounding-plus-2^29 result=RED-required-observed
mutation=saturate result=RED-required-observed
mutation=thread-index result=RED-required-observed
q30-metal-mutations=green teeth=4
