    Finished `release` profile [optimized] target(s) in 0.21s
     Running `target/release/examples/rdirect_train_v9`
[v9body] GAIA_V7_SKY_HISTORY reject=true — mandate expects true (set GAIA_V7_SKY_HISTORY=reject)
[v9body] res 128x72 K=3 steps, GAIA_V9_K=8 noise2noise draws (variance/8, teacher validator-only)
[v9body] training poses (mirror always on, A3-innocent): ["front", "wide", "orbit_+20", "mirror"]
[v9body] rendered 4+2 MOVING/STILL pose sequences (128x72, teacher 64 VALIDATOR ONLY, pan_step=0.004, mirror_spp=4) in 2.6s
[v9body] UnetConfig widths=[24, 40, 64] n_scales=3 params≈163083
[v9body] MONITOR epoch -1 (fresh He-init): val sparkle 0.0/Mpx resid 0.1464 highlight_ratio -0.278 score=4.184 | mirror sparkle 0.0/Mpx resid 0.1432 highlight_ratio -0.240 (tgt sp<16 resid<0.035) *BEST->saved
[v9body] epoch 0/300 n2n_mse=0.166458 lr=0.000100 hist_ms=4951 batch_ms=8131 (13.1s)
[v9body] MONITOR epoch 0: val sparkle 0.0/Mpx resid 0.1461 highlight_ratio -0.274 score=4.174 | mirror sparkle 0.0/Mpx resid 0.1428 highlight_ratio -0.237 (tgt sp<16 resid<0.035) *BEST->saved
[v9body] epoch 1/300 n2n_mse=0.103098 lr=0.000100 hist_ms=5077 batch_ms=8296 (29.0s)
[v9body] MONITOR epoch 1: val sparkle 0.0/Mpx resid 0.1454 highlight_ratio -0.267 score=4.153 | mirror sparkle 0.0/Mpx resid 0.1417 highlight_ratio -0.232 (tgt sp<16 resid<0.035) *BEST->saved
[v9body] epoch 2/300 n2n_mse=0.085686 lr=0.000099 hist_ms=5069 batch_ms=8362 (44.9s)
[v9body] MONITOR epoch 2: val sparkle 0.0/Mpx resid 0.1445 highlight_ratio -0.257 score=4.129 | mirror sparkle 0.0/Mpx resid 0.1404 highlight_ratio -0.225 (tgt sp<16 resid<0.035) *BEST->saved
[v9body] epoch 3/300 n2n_mse=0.075742 lr=0.000099 hist_ms=4949 batch_ms=8171 (60.6s)
[v9body] MONITOR epoch 3: val sparkle 0.0/Mpx resid 0.1437 highlight_ratio -0.247 score=4.105 | mirror sparkle 0.0/Mpx resid 0.1392 highlight_ratio -0.218 (tgt sp<16 resid<0.035) *BEST->saved
[v9body] epoch 4/300 n2n_mse=0.069944 lr=0.000099 hist_ms=4945 batch_ms=8302 (76.3s)
[v9body] MONITOR epoch 4: val sparkle 0.0/Mpx resid 0.1429 highlight_ratio -0.236 score=4.083 | mirror sparkle 0.0/Mpx resid 0.1380 highlight_ratio -0.211 (tgt sp<16 resid<0.035) *BEST->saved
[v9body] epoch 5/300 n2n_mse=0.066730 lr=0.000098 hist_ms=5076 batch_ms=8463 (92.4s)
[v9body] MONITOR epoch 5: val sparkle 0.0/Mpx resid 0.1422 highlight_ratio -0.226 score=4.062 | mirror sparkle 0.0/Mpx resid 0.1369 highlight_ratio -0.205 (tgt sp<16 resid<0.035) *BEST->saved
[v9body] epoch 6/300 n2n_mse=0.064608 lr=0.000098 hist_ms=5066 batch_ms=8501 (108.5s)
[v9body] MONITOR epoch 6: val sparkle 0.0/Mpx resid 0.1415 highlight_ratio -0.216 score=4.042 | mirror sparkle 0.0/Mpx resid 0.1359 highlight_ratio -0.198 (tgt sp<16 resid<0.035) *BEST->saved
[v9body] epoch 7/300 n2n_mse=0.062950 lr=0.000098 hist_ms=5076 batch_ms=8800 (124.9s)
[v9body] MONITOR epoch 7: val sparkle 0.0/Mpx resid 0.1408 highlight_ratio -0.206 score=4.024 | mirror sparkle 0.0/Mpx resid 0.1349 highlight_ratio -0.191 (tgt sp<16 resid<0.035) *BEST->saved
[v9body] epoch 8/300 n2n_mse=0.061464 lr=0.000097 hist_ms=5116 batch_ms=8648 (141.2s)
[v9body] MONITOR epoch 8: val sparkle 0.0/Mpx resid 0.1402 highlight_ratio -0.197 score=4.007 | mirror sparkle 0.0/Mpx resid 0.1339 highlight_ratio -0.185 (tgt sp<16 resid<0.035) *BEST->saved
[v9body] epoch 9/300 n2n_mse=0.060141 lr=0.000097 hist_ms=5111 batch_ms=8602 (157.4s)
[v9body] MONITOR epoch 9: val sparkle 0.0/Mpx resid 0.1397 highlight_ratio -0.187 score=3.991 | mirror sparkle 0.0/Mpx resid 0.1330 highlight_ratio -0.178 (tgt sp<16 resid<0.035) *BEST->saved
[v9body] epoch 10/300 n2n_mse=0.058833 lr=0.000097 hist_ms=5099 batch_ms=8664 (173.7s)
[v9body] MONITOR epoch 10: val sparkle 108.5/Mpx resid 0.1391 highlight_ratio -0.178 score=3.976 | mirror sparkle 0.0/Mpx resid 0.1322 highlight_ratio -0.172 (tgt sp<16 resid<0.035) *BEST->saved
[v9body] epoch 11/300 n2n_mse=0.057592 lr=0.000096 hist_ms=5100 batch_ms=8640 (190.0s)
[v9body] MONITOR epoch 11: val sparkle 108.5/Mpx resid 0.1387 highlight_ratio -0.168 score=3.962 | mirror sparkle 0.0/Mpx resid 0.1314 highlight_ratio -0.166 (tgt sp<16 resid<0.035) *BEST->saved
[v9body] epoch 12/300 n2n_mse=0.056542 lr=0.000096 hist_ms=5073 batch_ms=8696 (206.4s)
[v9body] MONITOR epoch 12: val sparkle 217.0/Mpx resid 0.1382 highlight_ratio -0.159 score=5.425 | mirror sparkle 0.0/Mpx resid 0.1307 highlight_ratio -0.159 (tgt sp<16 resid<0.035)
[v9body] epoch 13/300 n2n_mse=0.055652 lr=0.000096 hist_ms=5110 batch_ms=8838 (222.9s)
[v9body] MONITOR epoch 13: val sparkle 217.0/Mpx resid 0.1378 highlight_ratio -0.149 score=5.425 | mirror sparkle 0.0/Mpx resid 0.1301 highlight_ratio -0.153 (tgt sp<16 resid<0.035)
[v9body] epoch 14/300 n2n_mse=0.054571 lr=0.000096 hist_ms=5063 batch_ms=8693 (239.1s)
[v9body] MONITOR epoch 14: val sparkle 217.0/Mpx resid 0.1375 highlight_ratio -0.140 score=5.425 | mirror sparkle 0.0/Mpx resid 0.1295 highlight_ratio -0.147 (tgt sp<16 resid<0.035)
[v9body] epoch 15/300 n2n_mse=0.053632 lr=0.000095 hist_ms=5059 batch_ms=8790 (255.5s)
[v9body] MONITOR epoch 15: val sparkle 217.0/Mpx resid 0.1372 highlight_ratio -0.131 score=5.425 | mirror sparkle 0.0/Mpx resid 0.1289 highlight_ratio -0.140 (tgt sp<16 resid<0.035)
[v9body] epoch 16/300 n2n_mse=0.052971 lr=0.000095 hist_ms=5076 batch_ms=8909 (272.0s)
[v9body] MONITOR epoch 16: val sparkle 325.5/Mpx resid 0.1369 highlight_ratio -0.122 score=8.138 | mirror sparkle 0.0/Mpx resid 0.1285 highlight_ratio -0.134 (tgt sp<16 resid<0.035)
[v9body] epoch 17/300 n2n_mse=0.052023 lr=0.000095 hist_ms=5082 batch_ms=8871 (288.5s)
[v9body] MONITOR epoch 17: val sparkle 434.0/Mpx resid 0.1367 highlight_ratio -0.113 score=10.851 | mirror sparkle 0.0/Mpx resid 0.1280 highlight_ratio -0.128 (tgt sp<16 resid<0.035)
[v9body] epoch 18/300 n2n_mse=0.051161 lr=0.000094 hist_ms=5048 batch_ms=8821 (304.9s)
[v9body] MONITOR epoch 18: val sparkle 434.0/Mpx resid 0.1365 highlight_ratio -0.104 score=10.851 | mirror sparkle 0.0/Mpx resid 0.1277 highlight_ratio -0.122 (tgt sp<16 resid<0.035)
[v9body] epoch 19/300 n2n_mse=0.050461 lr=0.000094 hist_ms=5053 batch_ms=8867 (321.4s)
[v9body] MONITOR epoch 19: val sparkle 434.0/Mpx resid 0.1364 highlight_ratio -0.095 score=10.851 | mirror sparkle 0.0/Mpx resid 0.1274 highlight_ratio -0.116 (tgt sp<16 resid<0.035)
[v9body] epoch 20/300 n2n_mse=0.049653 lr=0.000094 hist_ms=5085 batch_ms=8883 (337.8s)
[v9body] MONITOR epoch 20: val sparkle 542.5/Mpx resid 0.1363 highlight_ratio -0.086 score=13.563 | mirror sparkle 0.0/Mpx resid 0.1272 highlight_ratio -0.110 (tgt sp<16 resid<0.035)
[v9body] epoch 21/300 n2n_mse=0.048993 lr=0.000093 hist_ms=5097 batch_ms=8889 (354.4s)
[v9body] MONITOR epoch 21: val sparkle 651.0/Mpx resid 0.1362 highlight_ratio -0.078 score=16.276 | mirror sparkle 0.0/Mpx resid 0.1270 highlight_ratio -0.104 (tgt sp<16 resid<0.035)
[v9body] epoch 22/300 n2n_mse=0.048044 lr=0.000093 hist_ms=5073 batch_ms=8996 (371.0s)
[v9body] MONITOR epoch 22: val sparkle 759.5/Mpx resid 0.1362 highlight_ratio -0.069 score=18.989 | mirror sparkle 0.0/Mpx resid 0.1269 highlight_ratio -0.099 (tgt sp<16 resid<0.035)
[v9body] epoch 23/300 n2n_mse=0.047842 lr=0.000093 hist_ms=5064 batch_ms=9067 (387.7s)
[v9body] MONITOR epoch 23: val sparkle 976.6/Mpx resid 0.1362 highlight_ratio -0.061 score=24.414 | mirror sparkle 0.0/Mpx resid 0.1268 highlight_ratio -0.093 (tgt sp<16 resid<0.035)
[v9body] epoch 24/300 n2n_mse=0.047836 lr=0.000093 hist_ms=5062 batch_ms=8878 (404.2s)
[v9body] MONITOR epoch 24: val sparkle 1193.6/Mpx resid 0.1363 highlight_ratio -0.052 score=29.839 | mirror sparkle 0.0/Mpx resid 0.1268 highlight_ratio -0.088 (tgt sp<16 resid<0.035)
[v9body] epoch 25/300 n2n_mse=0.046993 lr=0.000092 hist_ms=5059 batch_ms=8869 (420.6s)
[v9body] MONITOR epoch 25: val sparkle 1410.6/Mpx resid 0.1364 highlight_ratio -0.044 score=35.265 | mirror sparkle 0.0/Mpx resid 0.1269 highlight_ratio -0.082 (tgt sp<16 resid<0.035)
[v9body] epoch 26/300 n2n_mse=0.046413 lr=0.000092 hist_ms=5059 batch_ms=8887 (437.1s)
[v9body] MONITOR epoch 26: val sparkle 1627.6/Mpx resid 0.1365 highlight_ratio -0.035 score=40.690 | mirror sparkle 0.0/Mpx resid 0.1270 highlight_ratio -0.076 (tgt sp<16 resid<0.035)
[v9body] epoch 27/300 n2n_mse=0.045402 lr=0.000092 hist_ms=5052 batch_ms=9585 (454.3s)
[v9body] MONITOR epoch 27: val sparkle 1953.1/Mpx resid 0.1366 highlight_ratio -0.026 score=48.828 | mirror sparkle 0.0/Mpx resid 0.1272 highlight_ratio -0.071 (tgt sp<16 resid<0.035)
[v9body] epoch 28/300 n2n_mse=0.045201 lr=0.000091 hist_ms=5060 batch_ms=8925 (470.8s)
[v9body] MONITOR epoch 28: val sparkle 1953.1/Mpx resid 0.1368 highlight_ratio -0.018 score=48.828 | mirror sparkle 0.0/Mpx resid 0.1274 highlight_ratio -0.065 (tgt sp<16 resid<0.035)
[v9body] epoch 29/300 n2n_mse=0.044363 lr=0.000091 hist_ms=4985 batch_ms=8803 (487.0s)
[v9body] MONITOR epoch 29: val sparkle 2387.2/Mpx resid 0.1370 highlight_ratio -0.009 score=59.679 | mirror sparkle 0.0/Mpx resid 0.1277 highlight_ratio -0.059 (tgt sp<16 resid<0.035)
[v9body] epoch 30/300 n2n_mse=0.044605 lr=0.000091 hist_ms=5094 batch_ms=9194 (503.9s)
[v9body] MONITOR epoch 30: val sparkle 2929.7/Mpx resid 0.1373 highlight_ratio -0.000 score=73.242 | mirror sparkle 108.5/Mpx resid 0.1280 highlight_ratio -0.053 (tgt sp<16 resid<0.035)
[v9body] epoch 31/300 n2n_mse=0.044279 lr=0.000091 hist_ms=5082 batch_ms=9201 (520.7s)
[v9body] MONITOR epoch 31: val sparkle 3472.2/Mpx resid 0.1375 highlight_ratio 0.008 score=86.806 | mirror sparkle 108.5/Mpx resid 0.1283 highlight_ratio -0.047 (tgt sp<16 resid<0.035)
[v9body] epoch 32/300 n2n_mse=0.043743 lr=0.000090 hist_ms=5075 batch_ms=8905 (537.2s)
[v9body] MONITOR epoch 32: val sparkle 3689.2/Mpx resid 0.1378 highlight_ratio 0.017 score=92.231 | mirror sparkle 217.0/Mpx resid 0.1287 highlight_ratio -0.041 (tgt sp<16 resid<0.035)
[v9body] epoch 33/300 n2n_mse=0.043625 lr=0.000090 hist_ms=5044 batch_ms=8905 (553.7s)
[v9body] MONITOR epoch 33: val sparkle 4231.8/Mpx resid 0.1381 highlight_ratio 0.026 score=105.794 | mirror sparkle 325.5/Mpx resid 0.1292 highlight_ratio -0.035 (tgt sp<16 resid<0.035)
[v9body] epoch 34/300 n2n_mse=0.044453 lr=0.000090 hist_ms=5062 batch_ms=9031 (570.3s)
[v9body] MONITOR epoch 34: val sparkle 4448.8/Mpx resid 0.1385 highlight_ratio 0.034 score=111.220 | mirror sparkle 325.5/Mpx resid 0.1297 highlight_ratio -0.029 (tgt sp<16 resid<0.035)
[v9body] epoch 35/300 n2n_mse=0.042784 lr=0.000090 hist_ms=5044 batch_ms=8928 (586.8s)
[v9body] MONITOR epoch 35: val sparkle 4882.8/Mpx resid 0.1388 highlight_ratio 0.042 score=122.070 | mirror sparkle 434.0/Mpx resid 0.1302 highlight_ratio -0.024 (tgt sp<16 resid<0.035)
[v9body] epoch 36/300 n2n_mse=0.042065 lr=0.000089 hist_ms=5040 batch_ms=8965 (603.3s)
[v9body] MONITOR epoch 36: val sparkle 5316.8/Mpx resid 0.1392 highlight_ratio 0.051 score=132.921 | mirror sparkle 434.0/Mpx resid 0.1308 highlight_ratio -0.018 (tgt sp<16 resid<0.035)
[v9body] epoch 37/300 n2n_mse=0.041500 lr=0.000089 hist_ms=5053 batch_ms=9201 (620.1s)
[v9body] MONITOR epoch 37: val sparkle 5967.9/Mpx resid 0.1397 highlight_ratio 0.059 score=149.197 | mirror sparkle 651.0/Mpx resid 0.1315 highlight_ratio -0.012 (tgt sp<16 resid<0.035)
[v9body] epoch 38/300 n2n_mse=0.041479 lr=0.000089 hist_ms=5104 batch_ms=9238 (637.0s)
[v9body] MONITOR epoch 38: val sparkle 6184.9/Mpx resid 0.1401 highlight_ratio 0.067 score=154.622 | mirror sparkle 651.0/Mpx resid 0.1322 highlight_ratio -0.007 (tgt sp<16 resid<0.035)
[v9body] epoch 39/300 n2n_mse=0.040956 lr=0.000088 hist_ms=5095 batch_ms=8889 (653.5s)
[v9body] MONITOR epoch 39: val sparkle 6293.4/Mpx resid 0.1406 highlight_ratio 0.076 score=157.335 | mirror sparkle 651.0/Mpx resid 0.1329 highlight_ratio -0.001 (tgt sp<16 resid<0.035)
[v9body] epoch 40/300 n2n_mse=0.040674 lr=0.000088 hist_ms=5067 batch_ms=8917 (670.0s)
[v9body] MONITOR epoch 40: val sparkle 6727.4/Mpx resid 0.1412 highlight_ratio 0.084 score=168.186 | mirror sparkle 868.1/Mpx resid 0.1336 highlight_ratio 0.005 (tgt sp<16 resid<0.035)
[v9body] epoch 41/300 n2n_mse=0.042269 lr=0.000088 hist_ms=5054 batch_ms=9250 (686.9s)
[v9body] MONITOR epoch 41: val sparkle 7161.5/Mpx resid 0.1417 highlight_ratio 0.092 score=179.036 | mirror sparkle 1193.6/Mpx resid 0.1344 highlight_ratio 0.010 (tgt sp<16 resid<0.035)
[v9body] epoch 42/300 n2n_mse=0.042230 lr=0.000088 hist_ms=5054 batch_ms=8919 (703.4s)
[v9body] MONITOR epoch 42: val sparkle 7595.5/Mpx resid 0.1423 highlight_ratio 0.100 score=189.887 | mirror sparkle 1519.1/Mpx resid 0.1353 highlight_ratio 0.016 (tgt sp<16 resid<0.035)
[v9body] epoch 43/300 n2n_mse=0.041089 lr=0.000087 hist_ms=5050 batch_ms=8889 (719.9s)
[v9body] MONITOR epoch 43: val sparkle 7704.0/Mpx resid 0.1429 highlight_ratio 0.109 score=192.600 | mirror sparkle 1953.1/Mpx resid 0.1362 highlight_ratio 0.022 (tgt sp<16 resid<0.035)
[v9body] epoch 44/300 n2n_mse=0.040642 lr=0.000087 hist_ms=5045 batch_ms=8851 (736.3s)
[v9body] MONITOR epoch 44: val sparkle 7812.5/Mpx resid 0.1435 highlight_ratio 0.117 score=195.312 | mirror sparkle 2170.1/Mpx resid 0.1370 highlight_ratio 0.028 (tgt sp<16 resid<0.035)
[v9body] epoch 45/300 n2n_mse=0.041392 lr=0.000087 hist_ms=5058 batch_ms=8876 (752.8s)
[v9body] MONITOR epoch 45: val sparkle 8246.5/Mpx resid 0.1442 highlight_ratio 0.125 score=206.163 | mirror sparkle 2929.7/Mpx resid 0.1380 highlight_ratio 0.033 (tgt sp<16 resid<0.035)
[v9body] epoch 46/300 n2n_mse=0.040591 lr=0.000087 hist_ms=5054 batch_ms=8881 (769.2s)
[v9body] MONITOR epoch 46: val sparkle 8897.6/Mpx resid 0.1448 highlight_ratio 0.133 score=222.439 | mirror sparkle 3038.2/Mpx resid 0.1389 highlight_ratio 0.039 (tgt sp<16 resid<0.035)
[v9body] epoch 47/300 n2n_mse=0.040919 lr=0.000086 hist_ms=5075 batch_ms=8873 (785.7s)
[v9body] MONITOR epoch 47: val sparkle 10091.1/Mpx resid 0.1455 highlight_ratio 0.141 score=252.279 | mirror sparkle 3038.2/Mpx resid 0.1399 highlight_ratio 0.045 (tgt sp<16 resid<0.035)
[v9body] epoch 48/300 n2n_mse=0.039645 lr=0.000086 hist_ms=5070 batch_ms=9516 (802.8s)
[v9body] MONITOR epoch 48: val sparkle 12044.3/Mpx resid 0.1462 highlight_ratio 0.149 score=301.107 | mirror sparkle 3472.2/Mpx resid 0.1409 highlight_ratio 0.051 (tgt sp<16 resid<0.035)
[v9body] epoch 49/300 n2n_mse=0.040106 lr=0.000086 hist_ms=5110 batch_ms=9052 (819.5s)
[v9body] MONITOR epoch 49: val sparkle 13237.8/Mpx resid 0.1470 highlight_ratio 0.157 score=330.946 | mirror sparkle 3797.7/Mpx resid 0.1419 highlight_ratio 0.056 (tgt sp<16 resid<0.035)
[v9body] epoch 50/300 n2n_mse=0.039432 lr=0.000086 hist_ms=5075 batch_ms=8893 (836.0s)
[v9body] MONITOR epoch 50: val sparkle 14865.5/Mpx resid 0.1477 highlight_ratio 0.164 score=371.636 | mirror sparkle 4014.8/Mpx resid 0.1429 highlight_ratio 0.062 (tgt sp<16 resid<0.035)
[v9body] epoch 51/300 n2n_mse=0.039146 lr=0.000085 hist_ms=5062 batch_ms=9086 (852.7s)
[v9body] MONITOR epoch 51: val sparkle 16276.0/Mpx resid 0.1485 highlight_ratio 0.172 score=406.901 | mirror sparkle 4448.8/Mpx resid 0.1440 highlight_ratio 0.067 (tgt sp<16 resid<0.035)
[v9body] epoch 52/300 n2n_mse=0.038599 lr=0.000085 hist_ms=5056 batch_ms=8945 (869.3s)
[v9body] MONITOR epoch 52: val sparkle 18771.7/Mpx resid 0.1493 highlight_ratio 0.179 score=469.293 | mirror sparkle 4557.3/Mpx resid 0.1451 highlight_ratio 0.072 (tgt sp<16 resid<0.035)
[v9body] epoch 53/300 n2n_mse=0.038328 lr=0.000085 hist_ms=5051 batch_ms=8941 (885.8s)
[v9body] MONITOR epoch 53: val sparkle 20941.8/Mpx resid 0.1501 highlight_ratio 0.187 score=523.546 | mirror sparkle 4774.3/Mpx resid 0.1462 highlight_ratio 0.078 (tgt sp<16 resid<0.035)
[v9body] epoch 54/300 n2n_mse=0.038237 lr=0.000085 hist_ms=5067 batch_ms=8933 (902.3s)
[v9body] MONITOR epoch 54: val sparkle 22460.9/Mpx resid 0.1509 highlight_ratio 0.194 score=561.523 | mirror sparkle 4882.8/Mpx resid 0.1473 highlight_ratio 0.083 (tgt sp<16 resid<0.035)
[v9body] epoch 55/300 n2n_mse=0.038420 lr=0.000085 hist_ms=5091 batch_ms=8918 (918.9s)
[v9body] MONITOR epoch 55: val sparkle 23329.0/Mpx resid 0.1518 highlight_ratio 0.202 score=583.225 | mirror sparkle 5316.8/Mpx resid 0.1485 highlight_ratio 0.088 (tgt sp<16 resid<0.035)
[v9body] epoch 56/300 n2n_mse=0.038142 lr=0.000084 hist_ms=5047 batch_ms=8938 (935.4s)
[v9body] MONITOR epoch 56: val sparkle 23871.5/Mpx resid 0.1526 highlight_ratio 0.209 score=596.788 | mirror sparkle 11718.8/Mpx resid 0.1496 highlight_ratio 0.093 (tgt sp<16 resid<0.035)
[v9body] epoch 57/300 n2n_mse=0.038130 lr=0.000084 hist_ms=5073 batch_ms=8897 (951.9s)
[v9body] MONITOR epoch 57: val sparkle 23546.0/Mpx resid 0.1535 highlight_ratio 0.217 score=588.650 | mirror sparkle 65538.2/Mpx resid 0.1508 highlight_ratio 0.098 (tgt sp<16 resid<0.035)
[v9body] epoch 58/300 n2n_mse=0.038098 lr=0.000084 hist_ms=5093 batch_ms=8914 (968.4s)
[v9body] MONITOR epoch 58: val sparkle 23546.0/Mpx resid 0.1544 highlight_ratio 0.224 score=588.650 | mirror sparkle 83116.3/Mpx resid 0.1520 highlight_ratio 0.104 (tgt sp<16 resid<0.035)
[v9body] epoch 59/300 n2n_mse=0.037935 lr=0.000084 hist_ms=5060 batch_ms=9049 (985.1s)
[v9body] MONITOR epoch 59: val sparkle 23763.0/Mpx resid 0.1554 highlight_ratio 0.231 score=594.076 | mirror sparkle 83333.3/Mpx resid 0.1532 highlight_ratio 0.109 (tgt sp<16 resid<0.035)
[v9body] epoch 60/300 n2n_mse=0.037430 lr=0.000083 hist_ms=5069 batch_ms=9070 (1001.7s)
[v9body] MONITOR epoch 60: val sparkle 23654.5/Mpx resid 0.1563 highlight_ratio 0.239 score=591.363 | mirror sparkle 82573.8/Mpx resid 0.1544 highlight_ratio 0.114 (tgt sp<16 resid<0.035)
[v9body] epoch 61/300 n2n_mse=0.037096 lr=0.000083 hist_ms=5060 batch_ms=9012 (1018.3s)
[v9body] MONITOR epoch 61: val sparkle 23980.0/Mpx resid 0.1572 highlight_ratio 0.246 score=599.501 | mirror sparkle 81163.2/Mpx resid 0.1556 highlight_ratio 0.119 (tgt sp<16 resid<0.035)
[v9body] epoch 62/300 n2n_mse=0.037347 lr=0.000083 hist_ms=5057 batch_ms=8963 (1034.9s)
[v9body] MONITOR epoch 62: val sparkle 23871.5/Mpx resid 0.1582 highlight_ratio 0.253 score=596.788 | mirror sparkle 79427.1/Mpx resid 0.1568 highlight_ratio 0.124 (tgt sp<16 resid<0.035)
[v9body] epoch 63/300 n2n_mse=0.037453 lr=0.000083 hist_ms=5061 batch_ms=8977 (1051.5s)
[v9body] MONITOR epoch 63: val sparkle 24088.5/Mpx resid 0.1592 highlight_ratio 0.260 score=602.214 | mirror sparkle 76063.4/Mpx resid 0.1580 highlight_ratio 0.129 (tgt sp<16 resid<0.035)
[v9body] epoch 64/300 n2n_mse=0.037814 lr=0.000082 hist_ms=5060 batch_ms=9006 (1068.1s)
[v9body] MONITOR epoch 64: val sparkle 24197.0/Mpx resid 0.1601 highlight_ratio 0.267 score=604.926 | mirror sparkle 71072.0/Mpx resid 0.1593 highlight_ratio 0.134 (tgt sp<16 resid<0.035)
[v9body] epoch 65/300 n2n_mse=0.038358 lr=0.000082 hist_ms=5074 batch_ms=9074 (1084.7s)
[v9body] MONITOR epoch 65: val sparkle 24305.6/Mpx resid 0.1611 highlight_ratio 0.275 score=607.639 | mirror sparkle 66189.2/Mpx resid 0.1605 highlight_ratio 0.139 (tgt sp<16 resid<0.035)
[v9body] epoch 66/300 n2n_mse=0.037143 lr=0.000082 hist_ms=5078 batch_ms=8888 (1101.2s)
[v9body] MONITOR epoch 66: val sparkle 24414.1/Mpx resid 0.1621 highlight_ratio 0.282 score=610.352 | mirror sparkle 61414.9/Mpx resid 0.1618 highlight_ratio 0.144 (tgt sp<16 resid<0.035)
[v9body] epoch 67/300 n2n_mse=0.037605 lr=0.000082 hist_ms=5085 batch_ms=8906 (1117.8s)
[v9body] MONITOR epoch 67: val sparkle 24305.6/Mpx resid 0.1631 highlight_ratio 0.289 score=607.639 | mirror sparkle 56206.6/Mpx resid 0.1630 highlight_ratio 0.149 (tgt sp<16 resid<0.035)
[v9body] epoch 68/300 n2n_mse=0.037014 lr=0.000082 hist_ms=5095 batch_ms=8882 (1134.3s)
[v9body] MONITOR epoch 68: val sparkle 24197.0/Mpx resid 0.1642 highlight_ratio 0.297 score=604.926 | mirror sparkle 54036.5/Mpx resid 0.1643 highlight_ratio 0.155 (tgt sp<16 resid<0.035)
[v9body] epoch 69/300 n2n_mse=0.036655 lr=0.000081 hist_ms=5057 batch_ms=8843 (1150.7s)
[v9body] MONITOR epoch 69: val sparkle 23763.0/Mpx resid 0.1652 highlight_ratio 0.304 score=594.076 | mirror sparkle 51323.8/Mpx resid 0.1655 highlight_ratio 0.160 (tgt sp<16 resid<0.035)
[v9body] epoch 70/300 n2n_mse=0.036290 lr=0.000081 hist_ms=5066 batch_ms=9058 (1167.4s)
[v9body] MONITOR epoch 70: val sparkle 23654.5/Mpx resid 0.1662 highlight_ratio 0.311 score=591.363 | mirror sparkle 49479.2/Mpx resid 0.1667 highlight_ratio 0.165 (tgt sp<16 resid<0.035)
[v9body] epoch 71/300 n2n_mse=0.035924 lr=0.000081 hist_ms=5057 batch_ms=9154 (1184.1s)
[v9body] MONITOR epoch 71: val sparkle 23546.0/Mpx resid 0.1672 highlight_ratio 0.318 score=588.650 | mirror sparkle 50564.2/Mpx resid 0.1680 highlight_ratio 0.171 (tgt sp<16 resid<0.035)
[v9body] epoch 72/300 n2n_mse=0.035700 lr=0.000081 hist_ms=5074 batch_ms=8926 (1200.7s)
[v9body] MONITOR epoch 72: val sparkle 23546.0/Mpx resid 0.1683 highlight_ratio 0.326 score=588.650 | mirror sparkle 51540.8/Mpx resid 0.1692 highlight_ratio 0.176 (tgt sp<16 resid<0.035)
[v9body] epoch 73/300 n2n_mse=0.035586 lr=0.000080 hist_ms=5059 batch_ms=8962 (1217.2s)
[v9body] MONITOR epoch 73: val sparkle 23654.5/Mpx resid 0.1693 highlight_ratio 0.333 score=591.363 | mirror sparkle 54362.0/Mpx resid 0.1705 highlight_ratio 0.181 (tgt sp<16 resid<0.035)
[v9body] epoch 74/300 n2n_mse=0.035641 lr=0.000080 hist_ms=5089 batch_ms=9112 (1234.0s)
[v9body] MONITOR epoch 74: val sparkle 24088.5/Mpx resid 0.1704 highlight_ratio 0.340 score=602.214 | mirror sparkle 58810.8/Mpx resid 0.1718 highlight_ratio 0.187 (tgt sp<16 resid<0.035)
[v9body] epoch 75/300 n2n_mse=0.035210 lr=0.000080 hist_ms=5068 batch_ms=8944 (1250.5s)
[v9body] MONITOR epoch 75: val sparkle 24088.5/Mpx resid 0.1715 highlight_ratio 0.348 score=602.214 | mirror sparkle 62934.0/Mpx resid 0.1731 highlight_ratio 0.192 (tgt sp<16 resid<0.035)
[v9body] epoch 76/300 n2n_mse=0.035124 lr=0.000080 hist_ms=5084 batch_ms=9241 (1267.4s)
[v9body] MONITOR epoch 76: val sparkle 24305.6/Mpx resid 0.1726 highlight_ratio 0.355 score=607.639 | mirror sparkle 65755.2/Mpx resid 0.1743 highlight_ratio 0.197 (tgt sp<16 resid<0.035)
[v9body] epoch 77/300 n2n_mse=0.035553 lr=0.000080 hist_ms=5067 batch_ms=8932 (1283.9s)
[v9body] MONITOR epoch 77: val sparkle 24305.6/Mpx resid 0.1737 highlight_ratio 0.362 score=607.639 | mirror sparkle 69335.9/Mpx resid 0.1756 highlight_ratio 0.203 (tgt sp<16 resid<0.035)
[v9body] epoch 78/300 n2n_mse=0.035235 lr=0.000079 hist_ms=5072 batch_ms=8901 (1300.4s)
[v9body] MONITOR epoch 78: val sparkle 24414.1/Mpx resid 0.1748 highlight_ratio 0.369 score=610.352 | mirror sparkle 72048.6/Mpx resid 0.1769 highlight_ratio 0.208 (tgt sp<16 resid<0.035)
[v9body] epoch 79/300 n2n_mse=0.034614 lr=0.000079 hist_ms=5070 batch_ms=8883 (1316.9s)
[v9body] MONITOR epoch 79: val sparkle 24414.1/Mpx resid 0.1759 highlight_ratio 0.377 score=610.352 | mirror sparkle 74218.8/Mpx resid 0.1781 highlight_ratio 0.213 (tgt sp<16 resid<0.035)
[v9body] epoch 80/300 n2n_mse=0.034418 lr=0.000079 hist_ms=5044 batch_ms=8913 (1333.4s)
[v9body] MONITOR epoch 80: val sparkle 24739.6/Mpx resid 0.1770 highlight_ratio 0.384 score=618.490 | mirror sparkle 77148.4/Mpx resid 0.1794 highlight_ratio 0.219 (tgt sp<16 resid<0.035)
[v9body] epoch 81/300 n2n_mse=0.034295 lr=0.000079 hist_ms=5044 batch_ms=9053 (1350.0s)
[v9body] MONITOR epoch 81: val sparkle 24956.6/Mpx resid 0.1782 highlight_ratio 0.392 score=623.915 | mirror sparkle 80078.1/Mpx resid 0.1806 highlight_ratio 0.224 (tgt sp<16 resid<0.035)
[v9body] epoch 82/300 n2n_mse=0.034056 lr=0.000079 hist_ms=5063 batch_ms=8918 (1366.5s)
[v9body] MONITOR epoch 82: val sparkle 25173.6/Mpx resid 0.1793 highlight_ratio 0.399 score=629.340 | mirror sparkle 82139.8/Mpx resid 0.1819 highlight_ratio 0.229 (tgt sp<16 resid<0.035)
[v9body] epoch 83/300 n2n_mse=0.033889 lr=0.000078 hist_ms=5056 batch_ms=8949 (1383.1s)
[v9body] MONITOR epoch 83: val sparkle 24739.6/Mpx resid 0.1805 highlight_ratio 0.407 score=618.490 | mirror sparkle 84201.4/Mpx resid 0.1831 highlight_ratio 0.234 (tgt sp<16 resid<0.035)
[v9body] epoch 84/300 n2n_mse=0.033832 lr=0.000078 hist_ms=5005 batch_ms=8832 (1399.4s)
[v9body] MONITOR epoch 84: val sparkle 24739.6/Mpx resid 0.1817 highlight_ratio 0.414 score=618.490 | mirror sparkle 85286.5/Mpx resid 0.1843 highlight_ratio 0.240 (tgt sp<16 resid<0.035)
[v9body] epoch 85/300 n2n_mse=0.033856 lr=0.000078 hist_ms=5003 batch_ms=8994 (1415.9s)
[v9body] MONITOR epoch 85: val sparkle 24631.1/Mpx resid 0.1829 highlight_ratio 0.422 score=615.777 | mirror sparkle 85829.0/Mpx resid 0.1856 highlight_ratio 0.245 (tgt sp<16 resid<0.035)
[v9body] epoch 86/300 n2n_mse=0.033596 lr=0.000078 hist_ms=5058 batch_ms=8891 (1432.4s)
[v9body] MONITOR epoch 86: val sparkle 25390.6/Mpx resid 0.1841 highlight_ratio 0.430 score=634.766 | mirror sparkle 86263.0/Mpx resid 0.1868 highlight_ratio 0.251 (tgt sp<16 resid<0.035)
[v9body] epoch 87/300 n2n_mse=0.033569 lr=0.000078 hist_ms=5077 batch_ms=8890 (1448.9s)
[v9body] MONITOR epoch 87: val sparkle 25390.6/Mpx resid 0.1854 highlight_ratio 0.438 score=634.766 | mirror sparkle 86914.1/Mpx resid 0.1879 highlight_ratio 0.256 (tgt sp<16 resid<0.035)
[v9body] epoch 88/300 n2n_mse=0.034328 lr=0.000077 hist_ms=5033 batch_ms=8811 (1465.3s)
[v9body] MONITOR epoch 88: val sparkle 26150.2/Mpx resid 0.1866 highlight_ratio 0.446 score=653.754 | mirror sparkle 86588.5/Mpx resid 0.1891 highlight_ratio 0.261 (tgt sp<16 resid<0.035)
[v9body] epoch 89/300 n2n_mse=0.038701 lr=0.000077 hist_ms=5032 batch_ms=8762 (1481.6s)
[v9body] MONITOR epoch 89: val sparkle 26041.7/Mpx resid 0.1878 highlight_ratio 0.454 score=651.042 | mirror sparkle 87131.1/Mpx resid 0.1902 highlight_ratio 0.267 (tgt sp<16 resid<0.035)
[v9body] epoch 90/300 n2n_mse=0.036853 lr=0.000077 hist_ms=4977 batch_ms=8789 (1497.8s)
[v9body] MONITOR epoch 90: val sparkle 26258.7/Mpx resid 0.1889 highlight_ratio 0.461 score=656.467 | mirror sparkle 87348.1/Mpx resid 0.1913 highlight_ratio 0.272 (tgt sp<16 resid<0.035)
[v9body] epoch 91/300 n2n_mse=0.035372 lr=0.000077 hist_ms=4975 batch_ms=8650 (1514.0s)
[v9body] MONITOR epoch 91: val sparkle 26258.7/Mpx resid 0.1901 highlight_ratio 0.469 score=656.467 | mirror sparkle 87239.6/Mpx resid 0.1924 highlight_ratio 0.278 (tgt sp<16 resid<0.035)
[v9body] epoch 92/300 n2n_mse=0.033813 lr=0.000077 hist_ms=4957 batch_ms=8838 (1530.2s)
[v9body] MONITOR epoch 92: val sparkle 26258.7/Mpx resid 0.1912 highlight_ratio 0.477 score=656.467 | mirror sparkle 87022.6/Mpx resid 0.1935 highlight_ratio 0.284 (tgt sp<16 resid<0.035)
[v9body] epoch 93/300 n2n_mse=0.033259 lr=0.000076 hist_ms=4943 batch_ms=8737 (1546.4s)
[v9body] MONITOR epoch 93: val sparkle 26150.2/Mpx resid 0.1924 highlight_ratio 0.485 score=653.754 | mirror sparkle 87565.1/Mpx resid 0.1946 highlight_ratio 0.289 (tgt sp<16 resid<0.035)
[v9body] epoch 94/300 n2n_mse=0.032835 lr=0.000076 hist_ms=4966 batch_ms=9183 (1563.0s)
[v9body] MONITOR epoch 94: val sparkle 26041.7/Mpx resid 0.1936 highlight_ratio 0.493 score=651.042 | mirror sparkle 87565.1/Mpx resid 0.1958 highlight_ratio 0.295 (tgt sp<16 resid<0.035)
[v9body] epoch 95/300 n2n_mse=0.032596 lr=0.000076 hist_ms=5062 batch_ms=8901 (1579.5s)
[v9body] MONITOR epoch 95: val sparkle 26258.7/Mpx resid 0.1948 highlight_ratio 0.501 score=656.467 | mirror sparkle 88433.2/Mpx resid 0.1970 highlight_ratio 0.300 (tgt sp<16 resid<0.035)
[v9body] epoch 96/300 n2n_mse=0.032561 lr=0.000076 hist_ms=5093 batch_ms=8847 (1596.0s)
[v9body] MONITOR epoch 96: val sparkle 25716.1/Mpx resid 0.1960 highlight_ratio 0.509 score=642.904 | mirror sparkle 90494.8/Mpx resid 0.1983 highlight_ratio 0.306 (tgt sp<16 resid<0.035)
[v9body] epoch 97/300 n2n_mse=0.032372 lr=0.000076 hist_ms=4983 batch_ms=8754 (1612.2s)
[v9body] MONITOR epoch 97: val sparkle 26041.7/Mpx resid 0.1973 highlight_ratio 0.517 score=651.042 | mirror sparkle 91254.3/Mpx resid 0.1996 highlight_ratio 0.311 (tgt sp<16 resid<0.035)
[v9body] epoch 98/300 n2n_mse=0.032070 lr=0.000075 hist_ms=5002 batch_ms=8737 (1628.5s)
[v9body] MONITOR epoch 98: val sparkle 26041.7/Mpx resid 0.1985 highlight_ratio 0.525 score=651.042 | mirror sparkle 91905.4/Mpx resid 0.2009 highlight_ratio 0.316 (tgt sp<16 resid<0.035)
[v9body] epoch 99/300 n2n_mse=0.031913 lr=0.000075 hist_ms=4967 batch_ms=8794 (1644.7s)
[v9body] MONITOR epoch 99: val sparkle 26150.2/Mpx resid 0.1998 highlight_ratio 0.533 score=653.754 | mirror sparkle 93099.0/Mpx resid 0.2022 highlight_ratio 0.321 (tgt sp<16 resid<0.035)
[v9body] epoch 100/300 n2n_mse=0.031740 lr=0.000075 hist_ms=5014 batch_ms=8803 (1661.0s)
[v9body] MONITOR epoch 100: val sparkle 27018.2/Mpx resid 0.2010 highlight_ratio 0.541 score=675.456 | mirror sparkle 94184.0/Mpx resid 0.2035 highlight_ratio 0.327 (tgt sp<16 resid<0.035)
[v9body] epoch 101/300 n2n_mse=0.031552 lr=0.000075 hist_ms=4957 batch_ms=8729 (1677.2s)
[v9body] MONITOR epoch 101: val sparkle 27669.3/Mpx resid 0.2023 highlight_ratio 0.549 score=691.732 | mirror sparkle 94726.6/Mpx resid 0.2048 highlight_ratio 0.332 (tgt sp<16 resid<0.035)
[v9body] epoch 102/300 n2n_mse=0.031552 lr=0.000075 hist_ms=4966 batch_ms=8750 (1693.4s)
[v9body] MONITOR epoch 102: val sparkle 27777.8/Mpx resid 0.2036 highlight_ratio 0.556 score=694.444 | mirror sparkle 95160.6/Mpx resid 0.2061 highlight_ratio 0.336 (tgt sp<16 resid<0.035)
[v9body] epoch 103/300 n2n_mse=0.031429 lr=0.000074 hist_ms=4991 batch_ms=8775 (1709.7s)
[v9body] MONITOR epoch 103: val sparkle 28537.3/Mpx resid 0.2049 highlight_ratio 0.564 score=713.433 | mirror sparkle 95269.1/Mpx resid 0.2074 highlight_ratio 0.341 (tgt sp<16 resid<0.035)
[v9body] epoch 104/300 n2n_mse=0.031386 lr=0.000074 hist_ms=5034 batch_ms=8896 (1726.1s)
[v9body] MONITOR epoch 104: val sparkle 28211.8/Mpx resid 0.2061 highlight_ratio 0.572 score=705.295 | mirror sparkle 95052.1/Mpx resid 0.2087 highlight_ratio 0.346 (tgt sp<16 resid<0.035)
[v9body] epoch 105/300 n2n_mse=0.031081 lr=0.000074 hist_ms=5082 batch_ms=8898 (1742.6s)
[v9body] MONITOR epoch 105: val sparkle 28428.8/Mpx resid 0.2074 highlight_ratio 0.580 score=710.720 | mirror sparkle 95052.1/Mpx resid 0.2099 highlight_ratio 0.351 (tgt sp<16 resid<0.035)
[v9body] epoch 106/300 n2n_mse=0.030826 lr=0.000074 hist_ms=5051 batch_ms=8858 (1759.1s)
[v9body] MONITOR epoch 106: val sparkle 28645.8/Mpx resid 0.2087 highlight_ratio 0.588 score=716.146 | mirror sparkle 94943.6/Mpx resid 0.2112 highlight_ratio 0.355 (tgt sp<16 resid<0.035)
[v9body] epoch 107/300 n2n_mse=0.030717 lr=0.000074 hist_ms=4991 batch_ms=8763 (1775.4s)
[v9body] MONITOR epoch 107: val sparkle 28971.4/Mpx resid 0.2100 highlight_ratio 0.596 score=724.284 | mirror sparkle 94618.1/Mpx resid 0.2125 highlight_ratio 0.360 (tgt sp<16 resid<0.035)
[v9body] epoch 108/300 n2n_mse=0.030538 lr=0.000074 hist_ms=5086 batch_ms=9015 (1792.0s)
[v9body] MONITOR epoch 108: val sparkle 28862.8/Mpx resid 0.2113 highlight_ratio 0.604 score=721.571 | mirror sparkle 94509.5/Mpx resid 0.2137 highlight_ratio 0.364 (tgt sp<16 resid<0.035)
[v9body] epoch 109/300 n2n_mse=0.030327 lr=0.000073 hist_ms=5058 batch_ms=9414 (1809.0s)
[v9body] MONITOR epoch 109: val sparkle 28754.3/Mpx resid 0.2126 highlight_ratio 0.612 score=718.859 | mirror sparkle 94618.1/Mpx resid 0.2150 highlight_ratio 0.368 (tgt sp<16 resid<0.035)
[v9body] epoch 110/300 n2n_mse=0.030346 lr=0.000073 hist_ms=5075 batch_ms=8889 (1825.5s)
[v9body] MONITOR epoch 110: val sparkle 28428.8/Mpx resid 0.2140 highlight_ratio 0.620 score=710.720 | mirror sparkle 94618.1/Mpx resid 0.2163 highlight_ratio 0.373 (tgt sp<16 resid<0.035)
[v9body] epoch 111/300 n2n_mse=0.030180 lr=0.000073 hist_ms=5087 batch_ms=9078 (1842.2s)
[v9body] MONITOR epoch 111: val sparkle 28971.4/Mpx resid 0.2153 highlight_ratio 0.629 score=724.284 | mirror sparkle 95052.1/Mpx resid 0.2175 highlight_ratio 0.377 (tgt sp<16 resid<0.035)
[v9body] epoch 112/300 n2n_mse=0.030293 lr=0.000073 hist_ms=5063 batch_ms=8894 (1858.7s)
[v9body] MONITOR epoch 112: val sparkle 29079.9/Mpx resid 0.2166 highlight_ratio 0.637 score=726.997 | mirror sparkle 95160.6/Mpx resid 0.2188 highlight_ratio 0.381 (tgt sp<16 resid<0.035)
[v9body] epoch 113/300 n2n_mse=0.030701 lr=0.000073 hist_ms=5069 batch_ms=8888 (1875.2s)
[v9body] MONITOR epoch 113: val sparkle 28537.3/Mpx resid 0.2179 highlight_ratio 0.645 score=713.433 | mirror sparkle 95269.1/Mpx resid 0.2201 highlight_ratio 0.385 (tgt sp<16 resid<0.035)
[v9body] epoch 114/300 n2n_mse=0.031329 lr=0.000072 hist_ms=5038 batch_ms=8875 (1891.6s)
[v9body] MONITOR epoch 114: val sparkle 28103.3/Mpx resid 0.2192 highlight_ratio 0.653 score=702.582 | mirror sparkle 94835.1/Mpx resid 0.2213 highlight_ratio 0.389 (tgt sp<16 resid<0.035)
[v9body] epoch 115/300 n2n_mse=0.030694 lr=0.000072 hist_ms=5063 batch_ms=8863 (1908.1s)
[v9body] MONITOR epoch 115: val sparkle 27018.2/Mpx resid 0.2205 highlight_ratio 0.661 score=675.456 | mirror sparkle 94943.6/Mpx resid 0.2225 highlight_ratio 0.393 (tgt sp<16 resid<0.035)
[v9body] epoch 116/300 n2n_mse=0.030242 lr=0.000072 hist_ms=5055 batch_ms=8850 (1924.6s)
[v9body] MONITOR epoch 116: val sparkle 26258.7/Mpx resid 0.2218 highlight_ratio 0.669 score=656.467 | mirror sparkle 94726.6/Mpx resid 0.2237 highlight_ratio 0.397 (tgt sp<16 resid<0.035)
[v9body] epoch 117/300 n2n_mse=0.030319 lr=0.000072 hist_ms=5069 batch_ms=8839 (1941.0s)
[v9body] MONITOR epoch 117: val sparkle 25824.7/Mpx resid 0.2230 highlight_ratio 0.677 score=645.616 | mirror sparkle 95269.1/Mpx resid 0.2249 highlight_ratio 0.401 (tgt sp<16 resid<0.035)
[v9body] epoch 118/300 n2n_mse=0.029797 lr=0.000072 hist_ms=5052 batch_ms=8806 (1957.4s)
[v9body] MONITOR epoch 118: val sparkle 25716.1/Mpx resid 0.2242 highlight_ratio 0.685 score=642.904 | mirror sparkle 94401.0/Mpx resid 0.2260 highlight_ratio 0.404 (tgt sp<16 resid<0.035)
[v9body] epoch 119/300 n2n_mse=0.029369 lr=0.000072 hist_ms=5045 batch_ms=8868 (1973.8s)
[v9body] MONITOR epoch 119: val sparkle 25933.2/Mpx resid 0.2255 highlight_ratio 0.693 score=648.329 | mirror sparkle 93967.0/Mpx resid 0.2271 highlight_ratio 0.408 (tgt sp<16 resid<0.035)
[v9body] epoch 120/300 n2n_mse=0.029517 lr=0.000071 hist_ms=5077 batch_ms=9203 (1990.6s)
[v9body] MONITOR epoch 120: val sparkle 25716.1/Mpx resid 0.2267 highlight_ratio 0.701 score=642.904 | mirror sparkle 93099.0/Mpx resid 0.2283 highlight_ratio 0.412 (tgt sp<16 resid<0.035)
[v9body] epoch 121/300 n2n_mse=0.029928 lr=0.000071 hist_ms=5141 batch_ms=9608 (2007.9s)
[v9body] MONITOR epoch 121: val sparkle 26150.2/Mpx resid 0.2280 highlight_ratio 0.710 score=653.754 | mirror sparkle 92230.9/Mpx resid 0.2294 highlight_ratio 0.415 (tgt sp<16 resid<0.035)
[v9body] epoch 122/300 n2n_mse=0.029665 lr=0.000071 hist_ms=5147 batch_ms=9251 (2025.0s)
[v9body] MONITOR epoch 122: val sparkle 26258.7/Mpx resid 0.2292 highlight_ratio 0.718 score=656.467 | mirror sparkle 91145.8/Mpx resid 0.2305 highlight_ratio 0.419 (tgt sp<16 resid<0.035)
[v9body] epoch 123/300 n2n_mse=0.029318 lr=0.000071 hist_ms=5185 batch_ms=9113 (2041.8s)
[v9body] MONITOR epoch 123: val sparkle 26258.7/Mpx resid 0.2305 highlight_ratio 0.727 score=656.467 | mirror sparkle 90386.3/Mpx resid 0.2316 highlight_ratio 0.423 (tgt sp<16 resid<0.035)
[v9body] epoch 124/300 n2n_mse=0.028996 lr=0.000071 hist_ms=5133 batch_ms=9079 (2058.6s)
[v9body] MONITOR epoch 124: val sparkle 26041.7/Mpx resid 0.2317 highlight_ratio 0.735 score=651.042 | mirror sparkle 89518.2/Mpx resid 0.2327 highlight_ratio 0.426 (tgt sp<16 resid<0.035)
[v9body] epoch 125/300 n2n_mse=0.028823 lr=0.000071 hist_ms=5178 batch_ms=9035 (2075.4s)
[v9body] MONITOR epoch 125: val sparkle 26475.7/Mpx resid 0.2329 highlight_ratio 0.743 score=661.892 | mirror sparkle 87022.6/Mpx resid 0.2338 highlight_ratio 0.430 (tgt sp<16 resid<0.035)
[v9body] epoch 126/300 n2n_mse=0.028694 lr=0.000070 hist_ms=5156 batch_ms=9025 (2092.2s)
[v9body] MONITOR epoch 126: val sparkle 26909.7/Mpx resid 0.2341 highlight_ratio 0.752 score=672.743 | mirror sparkle 84743.9/Mpx resid 0.2349 highlight_ratio 0.434 (tgt sp<16 resid<0.035)
[v9body] epoch 127/300 n2n_mse=0.029096 lr=0.000070 hist_ms=5126 batch_ms=8996 (2108.9s)
[v9body] MONITOR epoch 127: val sparkle 27777.8/Mpx resid 0.2353 highlight_ratio 0.760 score=694.444 | mirror sparkle 82248.3/Mpx resid 0.2360 highlight_ratio 0.437 (tgt sp<16 resid<0.035)
[v9body] epoch 128/300 n2n_mse=0.029764 lr=0.000070 hist_ms=5152 batch_ms=9117 (2125.7s)
[v9body] MONITOR epoch 128: val sparkle 29513.9/Mpx resid 0.2365 highlight_ratio 0.769 score=737.847 | mirror sparkle 80403.6/Mpx resid 0.2370 highlight_ratio 0.441 (tgt sp<16 resid<0.035)
[v9body] epoch 129/300 n2n_mse=0.029265 lr=0.000070 hist_ms=5171 batch_ms=9046 (2142.5s)
[v9body] MONITOR epoch 129: val sparkle 31792.5/Mpx resid 0.2377 highlight_ratio 0.777 score=794.813 | mirror sparkle 78450.5/Mpx resid 0.2381 highlight_ratio 0.444 (tgt sp<16 resid<0.035)
[v9body] epoch 130/300 n2n_mse=0.029378 lr=0.000070 hist_ms=5173 batch_ms=8967 (2159.2s)
[v9body] MONITOR epoch 130: val sparkle 33854.2/Mpx resid 0.2389 highlight_ratio 0.785 score=846.354 | mirror sparkle 76171.9/Mpx resid 0.2392 highlight_ratio 0.447 (tgt sp<16 resid<0.035)
[v9body] epoch 131/300 n2n_mse=0.030044 lr=0.000070 hist_ms=5176 batch_ms=9082 (2176.1s)
[v9body] MONITOR epoch 131: val sparkle 35590.3/Mpx resid 0.2400 highlight_ratio 0.794 score=889.757 | mirror sparkle 74869.8/Mpx resid 0.2403 highlight_ratio 0.451 (tgt sp<16 resid<0.035)
[v9body] epoch 132/300 n2n_mse=0.029554 lr=0.000069 hist_ms=5172 batch_ms=8991 (2192.8s)
[v9body] MONITOR epoch 132: val sparkle 37109.4/Mpx resid 0.2412 highlight_ratio 0.803 score=927.734 | mirror sparkle 73567.7/Mpx resid 0.2413 highlight_ratio 0.455 (tgt sp<16 resid<0.035)
[v9body] epoch 133/300 n2n_mse=0.028623 lr=0.000069 hist_ms=5119 batch_ms=9067 (2209.6s)
[v9body] MONITOR epoch 133: val sparkle 39388.0/Mpx resid 0.2423 highlight_ratio 0.811 score=984.701 | mirror sparkle 71940.1/Mpx resid 0.2424 highlight_ratio 0.458 (tgt sp<16 resid<0.035)
[v9body] epoch 134/300 n2n_mse=0.028235 lr=0.000069 hist_ms=5145 batch_ms=8959 (2226.3s)
[v9body] MONITOR epoch 134: val sparkle 41341.1/Mpx resid 0.2435 highlight_ratio 0.820 score=1033.529 | mirror sparkle 70855.0/Mpx resid 0.2434 highlight_ratio 0.462 (tgt sp<16 resid<0.035)
[v9body] epoch 135/300 n2n_mse=0.028216 lr=0.000069 hist_ms=6276 batch_ms=9053 (2244.2s)
[v9body] MONITOR epoch 135: val sparkle 42426.2/Mpx resid 0.2446 highlight_ratio 0.829 score=1060.655 | mirror sparkle 69118.9/Mpx resid 0.2444 highlight_ratio 0.465 (tgt sp<16 resid<0.035)
[v9body] epoch 136/300 n2n_mse=0.029285 lr=0.000069 hist_ms=5184 batch_ms=8864 (2260.9s)
[v9body] MONITOR epoch 136: val sparkle 42643.2/Mpx resid 0.2457 highlight_ratio 0.838 score=1066.081 | mirror sparkle 67274.3/Mpx resid 0.2454 highlight_ratio 0.468 (tgt sp<16 resid<0.035)
[v9body] epoch 137/300 n2n_mse=0.028816 lr=0.000069 hist_ms=5095 batch_ms=8980 (2277.6s)
[v9body] MONITOR epoch 137: val sparkle 43185.8/Mpx resid 0.2468 highlight_ratio 0.847 score=1079.644 | mirror sparkle 65755.2/Mpx resid 0.2464 highlight_ratio 0.472 (tgt sp<16 resid<0.035)
[v9body] epoch 138/300 n2n_mse=0.028827 lr=0.000068 hist_ms=5082 batch_ms=8845 (2294.0s)
[v9body] MONITOR epoch 138: val sparkle 43945.3/Mpx resid 0.2479 highlight_ratio 0.855 score=1098.633 | mirror sparkle 63585.1/Mpx resid 0.2474 highlight_ratio 0.475 (tgt sp<16 resid<0.035)
[v9body] epoch 139/300 n2n_mse=0.028314 lr=0.000068 hist_ms=5047 batch_ms=9009 (2310.6s)
[v9body] MONITOR epoch 139: val sparkle 44379.3/Mpx resid 0.2490 highlight_ratio 0.864 score=1109.484 | mirror sparkle 62500.0/Mpx resid 0.2484 highlight_ratio 0.478 (tgt sp<16 resid<0.035)
[v9body] epoch 140/300 n2n_mse=0.027857 lr=0.000068 hist_ms=5062 batch_ms=8842 (2327.1s)
[v9body] MONITOR epoch 140: val sparkle 45138.9/Mpx resid 0.2501 highlight_ratio 0.873 score=1128.472 | mirror sparkle 61631.9/Mpx resid 0.2493 highlight_ratio 0.482 (tgt sp<16 resid<0.035)
[v9body] epoch 141/300 n2n_mse=0.027710 lr=0.000068 hist_ms=5063 batch_ms=8856 (2343.5s)
[v9body] MONITOR epoch 141: val sparkle 45247.4/Mpx resid 0.2512 highlight_ratio 0.882 score=1131.185 | mirror sparkle 60221.4/Mpx resid 0.2502 highlight_ratio 0.485 (tgt sp<16 resid<0.035)
[v9body] epoch 142/300 n2n_mse=0.027859 lr=0.000068 hist_ms=5052 batch_ms=9184 (2360.3s)
[v9body] MONITOR epoch 142: val sparkle 45030.4/Mpx resid 0.2523 highlight_ratio 0.891 score=1125.760 | mirror sparkle 59353.3/Mpx resid 0.2512 highlight_ratio 0.488 (tgt sp<16 resid<0.035)
[v9body] epoch 143/300 n2n_mse=0.027581 lr=0.000068 hist_ms=5077 batch_ms=8842 (2376.7s)
[v9body] MONITOR epoch 143: val sparkle 45464.4/Mpx resid 0.2534 highlight_ratio 0.900 score=1136.610 | mirror sparkle 58376.7/Mpx resid 0.2521 highlight_ratio 0.491 (tgt sp<16 resid<0.035)
[v9body] epoch 144/300 n2n_mse=0.027586 lr=0.000068 hist_ms=5075 batch_ms=8827 (2393.1s)
[v9body] MONITOR epoch 144: val sparkle 46006.9/Mpx resid 0.2545 highlight_ratio 0.909 score=1150.174 | mirror sparkle 57942.7/Mpx resid 0.2531 highlight_ratio 0.495 (tgt sp<16 resid<0.035)
[v9body] epoch 145/300 n2n_mse=0.027351 lr=0.000067 hist_ms=5057 batch_ms=8834 (2409.6s)
[v9body] MONITOR epoch 145: val sparkle 46224.0/Mpx resid 0.2556 highlight_ratio 0.918 score=1155.599 | mirror sparkle 58051.2/Mpx resid 0.2540 highlight_ratio 0.498 (tgt sp<16 resid<0.035)
[v9body] epoch 146/300 n2n_mse=0.027238 lr=0.000067 hist_ms=5096 batch_ms=8843 (2426.0s)
[v9body] MONITOR epoch 146: val sparkle 46549.5/Mpx resid 0.2567 highlight_ratio 0.927 score=1163.737 | mirror sparkle 57291.7/Mpx resid 0.2549 highlight_ratio 0.501 (tgt sp<16 resid<0.035)
[v9body] epoch 147/300 n2n_mse=0.027156 lr=0.000067 hist_ms=5055 batch_ms=9189 (2442.8s)
[v9body] MONITOR epoch 147: val sparkle 46766.5/Mpx resid 0.2578 highlight_ratio 0.937 score=1169.162 | mirror sparkle 56423.6/Mpx resid 0.2558 highlight_ratio 0.504 (tgt sp<16 resid<0.035)
[v9body] epoch 148/300 n2n_mse=0.027100 lr=0.000067 hist_ms=5060 batch_ms=9351 (2459.8s)
[v9body] MONITOR epoch 148: val sparkle 47092.0/Mpx resid 0.2589 highlight_ratio 0.946 score=1177.300 | mirror sparkle 56749.1/Mpx resid 0.2567 highlight_ratio 0.507 (tgt sp<16 resid<0.035)
[v9body] epoch 149/300 n2n_mse=0.027061 lr=0.000067 hist_ms=5370 batch_ms=9089 (2476.9s)
[v9body] MONITOR epoch 149: val sparkle 47092.0/Mpx resid 0.2600 highlight_ratio 0.955 score=1177.300 | mirror sparkle 57183.2/Mpx resid 0.2576 highlight_ratio 0.511 (tgt sp<16 resid<0.035)
[v9body] epoch 150/300 n2n_mse=0.026981 lr=0.000067 hist_ms=5135 batch_ms=9178 (2493.8s)
[v9body] MONITOR epoch 150: val sparkle 47200.5/Mpx resid 0.2611 highlight_ratio 0.964 score=1180.013 | mirror sparkle 58268.2/Mpx resid 0.2585 highlight_ratio 0.514 (tgt sp<16 resid<0.035)
[v9body] epoch 151/300 n2n_mse=0.027160 lr=0.000067 hist_ms=5190 batch_ms=9049 (2510.7s)
[v9body] MONITOR epoch 151: val sparkle 47092.0/Mpx resid 0.2622 highlight_ratio 0.974 score=1177.300 | mirror sparkle 59027.8/Mpx resid 0.2593 highlight_ratio 0.517 (tgt sp<16 resid<0.035)
[v9body] epoch 152/300 n2n_mse=0.027014 lr=0.000066 hist_ms=5147 batch_ms=9013 (2527.4s)
[v9body] MONITOR epoch 152: val sparkle 47092.0/Mpx resid 0.2632 highlight_ratio 0.983 score=1177.300 | mirror sparkle 59678.8/Mpx resid 0.2602 highlight_ratio 0.520 (tgt sp<16 resid<0.035)
[v9body] epoch 153/300 n2n_mse=0.026837 lr=0.000066 hist_ms=5182 batch_ms=9016 (2544.2s)
[v9body] MONITOR epoch 153: val sparkle 47309.0/Mpx resid 0.2643 highlight_ratio 0.992 score=1182.726 | mirror sparkle 60221.4/Mpx resid 0.2610 highlight_ratio 0.523 (tgt sp<16 resid<0.035)
[v9body] epoch 154/300 n2n_mse=0.026880 lr=0.000066 hist_ms=5170 batch_ms=9279 (2561.2s)
[v9body] MONITOR epoch 154: val sparkle 47526.0/Mpx resid 0.2653 highlight_ratio 1.002 score=1188.151 | mirror sparkle 60546.9/Mpx resid 0.2619 highlight_ratio 0.527 (tgt sp<16 resid<0.035)
[v9body] epoch 155/300 n2n_mse=0.026955 lr=0.000066 hist_ms=5127 batch_ms=9026 (2578.0s)
[v9body] MONITOR epoch 155: val sparkle 47526.0/Mpx resid 0.2664 highlight_ratio 1.011 score=1188.151 | mirror sparkle 60980.9/Mpx resid 0.2627 highlight_ratio 0.530 (tgt sp<16 resid<0.035)
[v9body] epoch 156/300 n2n_mse=0.027476 lr=0.000066 hist_ms=5181 batch_ms=9084 (2594.8s)
[v9body] MONITOR epoch 156: val sparkle 47417.5/Mpx resid 0.2675 highlight_ratio 1.020 score=1185.438 | mirror sparkle 62717.0/Mpx resid 0.2635 highlight_ratio 0.533 (tgt sp<16 resid<0.035)
[v9body] epoch 157/300 n2n_mse=0.027189 lr=0.000066 hist_ms=5126 batch_ms=9069 (2611.6s)
[v9body] MONITOR epoch 157: val sparkle 47200.5/Mpx resid 0.2685 highlight_ratio 1.029 score=1180.013 | mirror sparkle 64127.6/Mpx resid 0.2643 highlight_ratio 0.536 (tgt sp<16 resid<0.035)
[v9body] epoch 158/300 n2n_mse=0.027748 lr=0.000066 hist_ms=5129 batch_ms=8971 (2628.2s)
[v9body] MONITOR epoch 158: val sparkle 47092.0/Mpx resid 0.2695 highlight_ratio 1.039 score=1177.300 | mirror sparkle 65212.7/Mpx resid 0.2651 highlight_ratio 0.540 (tgt sp<16 resid<0.035)
[v9body] epoch 159/300 n2n_mse=0.027737 lr=0.000065 hist_ms=5122 batch_ms=8984 (2644.9s)
[v9body] MONITOR epoch 159: val sparkle 47200.5/Mpx resid 0.2705 highlight_ratio 1.047 score=1180.013 | mirror sparkle 65863.7/Mpx resid 0.2659 highlight_ratio 0.543 (tgt sp<16 resid<0.035)
[v9body] epoch 160/300 n2n_mse=0.027405 lr=0.000065 hist_ms=5171 batch_ms=9122 (2661.8s)
[v9body] MONITOR epoch 160: val sparkle 46766.5/Mpx resid 0.2715 highlight_ratio 1.056 score=1169.162 | mirror sparkle 67925.3/Mpx resid 0.2667 highlight_ratio 0.546 (tgt sp<16 resid<0.035)
[v9body] epoch 161/300 n2n_mse=0.027409 lr=0.000065 hist_ms=5193 batch_ms=9109 (2678.7s)
[v9body] MONITOR epoch 161: val sparkle 46332.5/Mpx resid 0.2725 highlight_ratio 1.065 score=1158.312 | mirror sparkle 69227.4/Mpx resid 0.2675 highlight_ratio 0.549 (tgt sp<16 resid<0.035)
[v9body] epoch 162/300 n2n_mse=0.027727 lr=0.000065 hist_ms=5154 batch_ms=8979 (2695.4s)
[v9body] MONITOR epoch 162: val sparkle 45464.4/Mpx resid 0.2735 highlight_ratio 1.074 score=1136.610 | mirror sparkle 70095.5/Mpx resid 0.2682 highlight_ratio 0.552 (tgt sp<16 resid<0.035)
[v9body] epoch 163/300 n2n_mse=0.027098 lr=0.000065 hist_ms=5429 batch_ms=9116 (2712.5s)
[v9body] MONITOR epoch 163: val sparkle 45464.4/Mpx resid 0.2745 highlight_ratio 1.083 score=1136.610 | mirror sparkle 70529.5/Mpx resid 0.2689 highlight_ratio 0.556 (tgt sp<16 resid<0.035)
[v9body] epoch 164/300 n2n_mse=0.028270 lr=0.000065 hist_ms=5035 batch_ms=9210 (2729.3s)
[v9body] MONITOR epoch 164: val sparkle 45789.9/Mpx resid 0.2755 highlight_ratio 1.092 score=1144.748 | mirror sparkle 71614.6/Mpx resid 0.2697 highlight_ratio 0.559 (tgt sp<16 resid<0.035)
[v9body] epoch 165/300 n2n_mse=0.027004 lr=0.000065 hist_ms=5100 batch_ms=9233 (2746.3s)
[v9body] MONITOR epoch 165: val sparkle 45355.9/Mpx resid 0.2764 highlight_ratio 1.100 score=1133.898 | mirror sparkle 72482.6/Mpx resid 0.2703 highlight_ratio 0.562 (tgt sp<16 resid<0.035)
[v9body] epoch 166/300 n2n_mse=0.026992 lr=0.000064 hist_ms=5168 batch_ms=9042 (2763.1s)
[v9body] MONITOR epoch 166: val sparkle 45138.9/Mpx resid 0.2773 highlight_ratio 1.109 score=1128.472 | mirror sparkle 72591.1/Mpx resid 0.2710 highlight_ratio 0.566 (tgt sp<16 resid<0.035)
[v9body] epoch 167/300 n2n_mse=0.026674 lr=0.000064 hist_ms=5184 batch_ms=9012 (2779.9s)
[v9body] MONITOR epoch 167: val sparkle 45247.4/Mpx resid 0.2782 highlight_ratio 1.117 score=1131.185 | mirror sparkle 73567.7/Mpx resid 0.2716 highlight_ratio 0.569 (tgt sp<16 resid<0.035)
[v9body] epoch 168/300 n2n_mse=0.026450 lr=0.000064 hist_ms=5196 batch_ms=9188 (2796.8s)
[v9body] MONITOR epoch 168: val sparkle 45138.9/Mpx resid 0.2791 highlight_ratio 1.126 score=1128.472 | mirror sparkle 74001.7/Mpx resid 0.2723 highlight_ratio 0.572 (tgt sp<16 resid<0.035)
[v9body] epoch 169/300 n2n_mse=0.026268 lr=0.000064 hist_ms=5183 batch_ms=8937 (2813.5s)
[v9body] MONITOR epoch 169: val sparkle 44704.9/Mpx resid 0.2800 highlight_ratio 1.134 score=1117.622 | mirror sparkle 74869.8/Mpx resid 0.2729 highlight_ratio 0.575 (tgt sp<16 resid<0.035)
[v9body] epoch 170/300 n2n_mse=0.026153 lr=0.000064 hist_ms=5154 batch_ms=9123 (2830.4s)
[v9body] MONITOR epoch 170: val sparkle 44704.9/Mpx resid 0.2810 highlight_ratio 1.143 score=1117.622 | mirror sparkle 75195.3/Mpx resid 0.2736 highlight_ratio 0.579 (tgt sp<16 resid<0.035)
[v9body] epoch 171/300 n2n_mse=0.025982 lr=0.000064 hist_ms=5124 batch_ms=8961 (2847.1s)
[v9body] MONITOR epoch 171: val sparkle 44921.9/Mpx resid 0.2819 highlight_ratio 1.151 score=1123.047 | mirror sparkle 75846.4/Mpx resid 0.2742 highlight_ratio 0.582 (tgt sp<16 resid<0.035)
[v9body] epoch 172/300 n2n_mse=0.025982 lr=0.000064 hist_ms=5138 batch_ms=8984 (2863.8s)
[v9body] MONITOR epoch 172: val sparkle 44379.3/Mpx resid 0.2827 highlight_ratio 1.160 score=1109.484 | mirror sparkle 76388.9/Mpx resid 0.2749 highlight_ratio 0.585 (tgt sp<16 resid<0.035)
[v9body] epoch 173/300 n2n_mse=0.025934 lr=0.000063 hist_ms=5136 batch_ms=9021 (2880.5s)
[v9body] MONITOR epoch 173: val sparkle 44270.8/Mpx resid 0.2836 highlight_ratio 1.168 score=1106.771 | mirror sparkle 76714.4/Mpx resid 0.2755 highlight_ratio 0.589 (tgt sp<16 resid<0.035)
[v9body] epoch 174/300 n2n_mse=0.026027 lr=0.000063 hist_ms=5135 batch_ms=9297 (2897.5s)
[v9body] MONITOR epoch 174: val sparkle 44596.4/Mpx resid 0.2845 highlight_ratio 1.177 score=1114.909 | mirror sparkle 76822.9/Mpx resid 0.2761 highlight_ratio 0.592 (tgt sp<16 resid<0.035)
[v9body] epoch 175/300 n2n_mse=0.025891 lr=0.000063 hist_ms=5150 batch_ms=8987 (2914.2s)
[v9body] MONITOR epoch 175: val sparkle 44921.9/Mpx resid 0.2854 highlight_ratio 1.185 score=1123.047 | mirror sparkle 77256.9/Mpx resid 0.2767 highlight_ratio 0.595 (tgt sp<16 resid<0.035)
[v9body] epoch 176/300 n2n_mse=0.026029 lr=0.000063 hist_ms=5155 batch_ms=9254 (2931.2s)
[v9body] MONITOR epoch 176: val sparkle 45138.9/Mpx resid 0.2862 highlight_ratio 1.193 score=1128.472 | mirror sparkle 77365.5/Mpx resid 0.2774 highlight_ratio 0.598 (tgt sp<16 resid<0.035)
[v9body] epoch 177/300 n2n_mse=0.025868 lr=0.000063 hist_ms=5149 batch_ms=8959 (2947.9s)
[v9body] MONITOR epoch 177: val sparkle 45572.9/Mpx resid 0.2871 highlight_ratio 1.201 score=1139.323 | mirror sparkle 78233.5/Mpx resid 0.2780 highlight_ratio 0.601 (tgt sp<16 resid<0.035)
[v9body] epoch 178/300 n2n_mse=0.025701 lr=0.000063 hist_ms=5152 batch_ms=9228 (2964.8s)
[v9body] MONITOR epoch 178: val sparkle 45572.9/Mpx resid 0.2879 highlight_ratio 1.209 score=1139.323 | mirror sparkle 78993.1/Mpx resid 0.2786 highlight_ratio 0.605 (tgt sp<16 resid<0.035)
[v9body] epoch 179/300 n2n_mse=0.025728 lr=0.000063 hist_ms=5161 batch_ms=10368 (2983.0s)
[v9body] MONITOR epoch 179: val sparkle 45464.4/Mpx resid 0.2887 highlight_ratio 1.217 score=1136.610 | mirror sparkle 79210.1/Mpx resid 0.2791 highlight_ratio 0.608 (tgt sp<16 resid<0.035)
[v9body] epoch 180/300 n2n_mse=0.025832 lr=0.000062 hist_ms=5086 batch_ms=8910 (2999.5s)
[v9body] MONITOR epoch 180: val sparkle 45572.9/Mpx resid 0.2895 highlight_ratio 1.226 score=1139.323 | mirror sparkle 79752.6/Mpx resid 0.2797 highlight_ratio 0.611 (tgt sp<16 resid<0.035)
[v9body] epoch 181/300 n2n_mse=0.025853 lr=0.000062 hist_ms=5417 batch_ms=9212 (3016.7s)
[v9body] MONITOR epoch 181: val sparkle 45572.9/Mpx resid 0.2903 highlight_ratio 1.233 score=1139.323 | mirror sparkle 80620.7/Mpx resid 0.2803 highlight_ratio 0.614 (tgt sp<16 resid<0.035)
[v9body] epoch 182/300 n2n_mse=0.025915 lr=0.000062 hist_ms=5163 batch_ms=9068 (3033.6s)
[v9body] MONITOR epoch 182: val sparkle 45572.9/Mpx resid 0.2911 highlight_ratio 1.241 score=1139.323 | mirror sparkle 80620.7/Mpx resid 0.2809 highlight_ratio 0.617 (tgt sp<16 resid<0.035)
[v9body] epoch 183/300 n2n_mse=0.025863 lr=0.000062 hist_ms=5146 batch_ms=9288 (3050.6s)
[v9body] MONITOR epoch 183: val sparkle 45681.4/Mpx resid 0.2919 highlight_ratio 1.249 score=1142.036 | mirror sparkle 80837.7/Mpx resid 0.2814 highlight_ratio 0.621 (tgt sp<16 resid<0.035)
[v9body] epoch 184/300 n2n_mse=0.025574 lr=0.000062 hist_ms=5204 batch_ms=9019 (3067.4s)
[v9body] MONITOR epoch 184: val sparkle 45681.4/Mpx resid 0.2927 highlight_ratio 1.256 score=1142.036 | mirror sparkle 80512.2/Mpx resid 0.2820 highlight_ratio 0.624 (tgt sp<16 resid<0.035)
[v9body] epoch 185/300 n2n_mse=0.025687 lr=0.000062 hist_ms=5185 batch_ms=8962 (3084.1s)
[v9body] MONITOR epoch 185: val sparkle 46115.5/Mpx resid 0.2934 highlight_ratio 1.264 score=1152.886 | mirror sparkle 80620.7/Mpx resid 0.2826 highlight_ratio 0.627 (tgt sp<16 resid<0.035)
[v9body] epoch 186/300 n2n_mse=0.025573 lr=0.000062 hist_ms=5177 batch_ms=9095 (3101.0s)
[v9body] MONITOR epoch 186: val sparkle 46658.0/Mpx resid 0.2942 highlight_ratio 1.271 score=1166.450 | mirror sparkle 80620.7/Mpx resid 0.2831 highlight_ratio 0.630 (tgt sp<16 resid<0.035)
[v9body] epoch 187/300 n2n_mse=0.025534 lr=0.000062 hist_ms=5170 batch_ms=8998 (3117.7s)
[v9body] MONITOR epoch 187: val sparkle 46766.5/Mpx resid 0.2950 highlight_ratio 1.279 score=1169.162 | mirror sparkle 80186.6/Mpx resid 0.2837 highlight_ratio 0.633 (tgt sp<16 resid<0.035)
[v9body] epoch 188/300 n2n_mse=0.026094 lr=0.000061 hist_ms=5135 batch_ms=9014 (3134.5s)
[v9body] MONITOR epoch 188: val sparkle 46766.5/Mpx resid 0.2957 highlight_ratio 1.286 score=1169.162 | mirror sparkle 80078.1/Mpx resid 0.2842 highlight_ratio 0.636 (tgt sp<16 resid<0.035)
[v9body] epoch 189/300 n2n_mse=0.025765 lr=0.000061 hist_ms=5146 batch_ms=8961 (3151.1s)
[v9body] MONITOR epoch 189: val sparkle 46875.0/Mpx resid 0.2965 highlight_ratio 1.293 score=1171.875 | mirror sparkle 79535.6/Mpx resid 0.2848 highlight_ratio 0.640 (tgt sp<16 resid<0.035)
[v9body] epoch 190/300 n2n_mse=0.026388 lr=0.000061 hist_ms=5157 batch_ms=9005 (3167.9s)
[v9body] MONITOR epoch 190: val sparkle 47092.0/Mpx resid 0.2972 highlight_ratio 1.300 score=1177.300 | mirror sparkle 79427.1/Mpx resid 0.2854 highlight_ratio 0.643 (tgt sp<16 resid<0.035)
[v9body] epoch 191/300 n2n_mse=0.025681 lr=0.000061 hist_ms=5196 batch_ms=9019 (3184.7s)
[v9body] MONITOR epoch 191: val sparkle 47200.5/Mpx resid 0.2979 highlight_ratio 1.307 score=1180.013 | mirror sparkle 79644.1/Mpx resid 0.2859 highlight_ratio 0.646 (tgt sp<16 resid<0.035)
[v9body] epoch 192/300 n2n_mse=0.025931 lr=0.000061 hist_ms=5170 batch_ms=9025 (3201.5s)
[v9body] MONITOR epoch 192: val sparkle 47092.0/Mpx resid 0.2986 highlight_ratio 1.314 score=1177.300 | mirror sparkle 79210.1/Mpx resid 0.2864 highlight_ratio 0.649 (tgt sp<16 resid<0.035)
[v9body] epoch 193/300 n2n_mse=0.025526 lr=0.000061 hist_ms=5392 batch_ms=9247 (3218.7s)
[v9body] MONITOR epoch 193: val sparkle 46983.5/Mpx resid 0.2993 highlight_ratio 1.321 score=1174.588 | mirror sparkle 78884.5/Mpx resid 0.2870 highlight_ratio 0.652 (tgt sp<16 resid<0.035)
[v9body] epoch 194/300 n2n_mse=0.025580 lr=0.000061 hist_ms=5179 batch_ms=9132 (3235.6s)
[v9body] MONITOR epoch 194: val sparkle 47417.5/Mpx resid 0.2999 highlight_ratio 1.327 score=1185.438 | mirror sparkle 78776.0/Mpx resid 0.2875 highlight_ratio 0.655 (tgt sp<16 resid<0.035)
[v9body] epoch 195/300 n2n_mse=0.026089 lr=0.000061 hist_ms=5194 batch_ms=9121 (3252.6s)
[v9body] MONITOR epoch 195: val sparkle 47634.5/Mpx resid 0.3006 highlight_ratio 1.334 score=1190.864 | mirror sparkle 78559.0/Mpx resid 0.2880 highlight_ratio 0.658 (tgt sp<16 resid<0.035)
[v9body] epoch 196/300 n2n_mse=0.026441 lr=0.000060 hist_ms=5291 batch_ms=9114 (3269.6s)
[v9body] MONITOR epoch 196: val sparkle 47634.5/Mpx resid 0.3012 highlight_ratio 1.340 score=1190.864 | mirror sparkle 78450.5/Mpx resid 0.2886 highlight_ratio 0.661 (tgt sp<16 resid<0.035)
[v9body] epoch 197/300 n2n_mse=0.027261 lr=0.000060 hist_ms=6159 batch_ms=9034 (3287.5s)
[v9body] MONITOR epoch 197: val sparkle 47634.5/Mpx resid 0.3018 highlight_ratio 1.346 score=1190.864 | mirror sparkle 77908.0/Mpx resid 0.2891 highlight_ratio 0.664 (tgt sp<16 resid<0.035)
[v9body] epoch 198/300 n2n_mse=0.026262 lr=0.000060 hist_ms=5080 batch_ms=8798 (3303.9s)
[v9body] MONITOR epoch 198: val sparkle 48177.1/Mpx resid 0.3024 highlight_ratio 1.352 score=1204.427 | mirror sparkle 78016.5/Mpx resid 0.2895 highlight_ratio 0.667 (tgt sp<16 resid<0.035)
[v9body] epoch 199/300 n2n_mse=0.027226 lr=0.000060 hist_ms=5109 batch_ms=8860 (3320.4s)
[v9body] MONITOR epoch 199: val sparkle 48177.1/Mpx resid 0.3029 highlight_ratio 1.358 score=1204.427 | mirror sparkle 78125.0/Mpx resid 0.2900 highlight_ratio 0.670 (tgt sp<16 resid<0.035)
[v9body] epoch 200/300 n2n_mse=0.025996 lr=0.000060 hist_ms=5037 batch_ms=8729 (3336.7s)
[v9body] MONITOR epoch 200: val sparkle 48285.6/Mpx resid 0.3034 highlight_ratio 1.363 score=1207.140 | mirror sparkle 77908.0/Mpx resid 0.2905 highlight_ratio 0.673 (tgt sp<16 resid<0.035)
[v9body] epoch 201/300 n2n_mse=0.026528 lr=0.000060 hist_ms=5089 batch_ms=8765 (3353.1s)
[v9body] MONITOR epoch 201: val sparkle 48394.1/Mpx resid 0.3038 highlight_ratio 1.367 score=1209.852 | mirror sparkle 77256.9/Mpx resid 0.2910 highlight_ratio 0.676 (tgt sp<16 resid<0.035)
[v9body] epoch 202/300 n2n_mse=0.026004 lr=0.000060 hist_ms=5084 batch_ms=8755 (3369.4s)
[v9body] MONITOR epoch 202: val sparkle 48285.6/Mpx resid 0.3043 highlight_ratio 1.372 score=1207.140 | mirror sparkle 76931.4/Mpx resid 0.2915 highlight_ratio 0.679 (tgt sp<16 resid<0.035)
[v9body] epoch 203/300 n2n_mse=0.025488 lr=0.000060 hist_ms=5062 batch_ms=8795 (3385.8s)
[v9body] MONITOR epoch 203: val sparkle 48285.6/Mpx resid 0.3048 highlight_ratio 1.377 score=1207.140 | mirror sparkle 76605.9/Mpx resid 0.2919 highlight_ratio 0.682 (tgt sp<16 resid<0.035)
[v9body] epoch 204/300 n2n_mse=0.025242 lr=0.000060 hist_ms=5051 batch_ms=8781 (3402.2s)
[v9body] MONITOR epoch 204: val sparkle 47960.1/Mpx resid 0.3053 highlight_ratio 1.383 score=1199.002 | mirror sparkle 76497.4/Mpx resid 0.2924 highlight_ratio 0.684 (tgt sp<16 resid<0.035)
[v9body] epoch 205/300 n2n_mse=0.025067 lr=0.000059 hist_ms=5095 batch_ms=8853 (3418.7s)
[v9body] MONITOR epoch 205: val sparkle 47743.1/Mpx resid 0.3058 highlight_ratio 1.388 score=1193.576 | mirror sparkle 76714.4/Mpx resid 0.2928 highlight_ratio 0.687 (tgt sp<16 resid<0.035)
[v9body] epoch 206/300 n2n_mse=0.024912 lr=0.000059 hist_ms=5058 batch_ms=8843 (3435.2s)
[v9body] MONITOR epoch 206: val sparkle 48068.6/Mpx resid 0.3063 highlight_ratio 1.393 score=1201.714 | mirror sparkle 76171.9/Mpx resid 0.2933 highlight_ratio 0.690 (tgt sp<16 resid<0.035)
[v9body] epoch 207/300 n2n_mse=0.024991 lr=0.000059 hist_ms=5056 batch_ms=10247 (3453.0s)
[v9body] MONITOR epoch 207: val sparkle 48177.1/Mpx resid 0.3068 highlight_ratio 1.398 score=1204.427 | mirror sparkle 75846.4/Mpx resid 0.2937 highlight_ratio 0.693 (tgt sp<16 resid<0.035)
[v9body] epoch 208/300 n2n_mse=0.024879 lr=0.000059 hist_ms=5064 batch_ms=8985 (3469.6s)
[v9body] MONITOR epoch 208: val sparkle 48177.1/Mpx resid 0.3072 highlight_ratio 1.403 score=1204.427 | mirror sparkle 75303.8/Mpx resid 0.2942 highlight_ratio 0.695 (tgt sp<16 resid<0.035)
[v9body] epoch 209/300 n2n_mse=0.025017 lr=0.000059 hist_ms=5092 batch_ms=8886 (3486.1s)
[v9body] MONITOR epoch 209: val sparkle 48394.1/Mpx resid 0.3077 highlight_ratio 1.408 score=1209.852 | mirror sparkle 75303.8/Mpx resid 0.2946 highlight_ratio 0.698 (tgt sp<16 resid<0.035)
[v9body] epoch 210/300 n2n_mse=0.025180 lr=0.000059 hist_ms=5087 batch_ms=8889 (3502.6s)
[v9body] MONITOR epoch 210: val sparkle 48502.6/Mpx resid 0.3083 highlight_ratio 1.413 score=1212.565 | mirror sparkle 74544.3/Mpx resid 0.2951 highlight_ratio 0.701 (tgt sp<16 resid<0.035)
[v9body] epoch 211/300 n2n_mse=0.025107 lr=0.000059 hist_ms=5080 batch_ms=8874 (3519.1s)
[v9body] MONITOR epoch 211: val sparkle 48285.6/Mpx resid 0.3087 highlight_ratio 1.418 score=1207.140 | mirror sparkle 74327.3/Mpx resid 0.2955 highlight_ratio 0.703 (tgt sp<16 resid<0.035)
[v9body] epoch 212/300 n2n_mse=0.024852 lr=0.000059 hist_ms=5058 batch_ms=8857 (3535.5s)
[v9body] MONITOR epoch 212: val sparkle 48394.1/Mpx resid 0.3092 highlight_ratio 1.423 score=1209.852 | mirror sparkle 73893.2/Mpx resid 0.2959 highlight_ratio 0.706 (tgt sp<16 resid<0.035)
[v9body] epoch 213/300 n2n_mse=0.024716 lr=0.000058 hist_ms=5047 batch_ms=8809 (3551.9s)
[v9body] MONITOR epoch 213: val sparkle 48502.6/Mpx resid 0.3097 highlight_ratio 1.427 score=1212.565 | mirror sparkle 73459.2/Mpx resid 0.2964 highlight_ratio 0.709 (tgt sp<16 resid<0.035)
[v9body] epoch 214/300 n2n_mse=0.024517 lr=0.000058 hist_ms=5038 batch_ms=8824 (3568.3s)
[v9body] MONITOR epoch 214: val sparkle 48611.1/Mpx resid 0.3101 highlight_ratio 1.432 score=1215.278 | mirror sparkle 73025.2/Mpx resid 0.2968 highlight_ratio 0.711 (tgt sp<16 resid<0.035)
[v9body] epoch 215/300 n2n_mse=0.024471 lr=0.000058 hist_ms=5041 batch_ms=8806 (3584.7s)
[v9body] MONITOR epoch 215: val sparkle 48828.1/Mpx resid 0.3106 highlight_ratio 1.437 score=1220.703 | mirror sparkle 73350.7/Mpx resid 0.2972 highlight_ratio 0.714 (tgt sp<16 resid<0.035)
[v9body] epoch 216/300 n2n_mse=0.024437 lr=0.000058 hist_ms=5075 batch_ms=9316 (3601.6s)
[v9body] MONITOR epoch 216: val sparkle 48719.6/Mpx resid 0.3111 highlight_ratio 1.442 score=1217.990 | mirror sparkle 73459.2/Mpx resid 0.2976 highlight_ratio 0.716 (tgt sp<16 resid<0.035)
[v9body] epoch 217/300 n2n_mse=0.024400 lr=0.000058 hist_ms=5050 batch_ms=8848 (3618.0s)
[v9body] MONITOR epoch 217: val sparkle 48611.1/Mpx resid 0.3116 highlight_ratio 1.446 score=1215.278 | mirror sparkle 72808.2/Mpx resid 0.2981 highlight_ratio 0.719 (tgt sp<16 resid<0.035)
[v9body] epoch 218/300 n2n_mse=0.024393 lr=0.000058 hist_ms=5051 batch_ms=8895 (3634.5s)
[v9body] MONITOR epoch 218: val sparkle 48828.1/Mpx resid 0.3120 highlight_ratio 1.451 score=1220.703 | mirror sparkle 72048.6/Mpx resid 0.2985 highlight_ratio 0.722 (tgt sp<16 resid<0.035)
[v9body] epoch 219/300 n2n_mse=0.024520 lr=0.000058 hist_ms=5047 batch_ms=8790 (3650.9s)
[v9body] MONITOR epoch 219: val sparkle 48828.1/Mpx resid 0.3125 highlight_ratio 1.455 score=1220.703 | mirror sparkle 72374.1/Mpx resid 0.2989 highlight_ratio 0.724 (tgt sp<16 resid<0.035)
[v9body] epoch 220/300 n2n_mse=0.024325 lr=0.000058 hist_ms=5072 batch_ms=8840 (3667.3s)
[v9body] MONITOR epoch 220: val sparkle 49045.1/Mpx resid 0.3130 highlight_ratio 1.460 score=1226.128 | mirror sparkle 72157.1/Mpx resid 0.2993 highlight_ratio 0.726 (tgt sp<16 resid<0.035)
[v9body] epoch 221/300 n2n_mse=0.024370 lr=0.000058 hist_ms=5079 batch_ms=8941 (3683.9s)
[v9body] MONITOR epoch 221: val sparkle 49370.7/Mpx resid 0.3134 highlight_ratio 1.464 score=1234.266 | mirror sparkle 71614.6/Mpx resid 0.2997 highlight_ratio 0.729 (tgt sp<16 resid<0.035)
[v9body] epoch 222/300 n2n_mse=0.024362 lr=0.000057 hist_ms=5081 batch_ms=8910 (3700.4s)
[v9body] MONITOR epoch 222: val sparkle 49370.7/Mpx resid 0.3138 highlight_ratio 1.468 score=1234.266 | mirror sparkle 71180.6/Mpx resid 0.3001 highlight_ratio 0.731 (tgt sp<16 resid<0.035)
[v9body] epoch 223/300 n2n_mse=0.024315 lr=0.000057 hist_ms=5183 batch_ms=8896 (3717.0s)
[v9body] MONITOR epoch 223: val sparkle 49696.2/Mpx resid 0.3143 highlight_ratio 1.472 score=1242.405 | mirror sparkle 70421.0/Mpx resid 0.3005 highlight_ratio 0.734 (tgt sp<16 resid<0.035)
[v9body] epoch 224/300 n2n_mse=0.024333 lr=0.000057 hist_ms=5082 batch_ms=9806 (3734.5s)
[v9body] MONITOR epoch 224: val sparkle 49913.2/Mpx resid 0.3147 highlight_ratio 1.477 score=1247.830 | mirror sparkle 70312.5/Mpx resid 0.3009 highlight_ratio 0.736 (tgt sp<16 resid<0.035)
[v9body] epoch 225/300 n2n_mse=0.024191 lr=0.000057 hist_ms=5105 batch_ms=9261 (3751.4s)
[v9body] MONITOR epoch 225: val sparkle 50021.7/Mpx resid 0.3151 highlight_ratio 1.481 score=1250.543 | mirror sparkle 69878.5/Mpx resid 0.3013 highlight_ratio 0.739 (tgt sp<16 resid<0.035)
[v9body] epoch 226/300 n2n_mse=0.024292 lr=0.000057 hist_ms=5024 batch_ms=8808 (3767.7s)
[v9body] MONITOR epoch 226: val sparkle 50238.7/Mpx resid 0.3155 highlight_ratio 1.484 score=1255.968 | mirror sparkle 70204.0/Mpx resid 0.3016 highlight_ratio 0.741 (tgt sp<16 resid<0.035)
[v9body] epoch 227/300 n2n_mse=0.024779 lr=0.000057 hist_ms=5029 batch_ms=8878 (3784.2s)
[v9body] MONITOR epoch 227: val sparkle 50347.2/Mpx resid 0.3160 highlight_ratio 1.489 score=1258.681 | mirror sparkle 70095.5/Mpx resid 0.3020 highlight_ratio 0.743 (tgt sp<16 resid<0.035)
[v9body] epoch 228/300 n2n_mse=0.024655 lr=0.000057 hist_ms=5046 batch_ms=8771 (3800.5s)
[v9body] MONITOR epoch 228: val sparkle 50347.2/Mpx resid 0.3164 highlight_ratio 1.492 score=1258.681 | mirror sparkle 70204.0/Mpx resid 0.3024 highlight_ratio 0.746 (tgt sp<16 resid<0.035)
[v9body] epoch 229/300 n2n_mse=0.024664 lr=0.000057 hist_ms=5004 batch_ms=8918 (3816.9s)
[v9body] MONITOR epoch 229: val sparkle 50781.2/Mpx resid 0.3168 highlight_ratio 1.496 score=1269.531 | mirror sparkle 69878.5/Mpx resid 0.3028 highlight_ratio 0.748 (tgt sp<16 resid<0.035)
[v9body] epoch 230/300 n2n_mse=0.024516 lr=0.000057 hist_ms=4999 batch_ms=8780 (3833.2s)
[v9body] MONITOR epoch 230: val sparkle 50889.8/Mpx resid 0.3171 highlight_ratio 1.500 score=1272.244 | mirror sparkle 69878.5/Mpx resid 0.3031 highlight_ratio 0.750 (tgt sp<16 resid<0.035)
[v9body] epoch 231/300 n2n_mse=0.024244 lr=0.000056 hist_ms=5023 batch_ms=8777 (3849.5s)
[v9body] MONITOR epoch 231: val sparkle 50889.8/Mpx resid 0.3175 highlight_ratio 1.503 score=1272.244 | mirror sparkle 69553.0/Mpx resid 0.3035 highlight_ratio 0.752 (tgt sp<16 resid<0.035)
[v9body] epoch 232/300 n2n_mse=0.024067 lr=0.000056 hist_ms=4992 batch_ms=8720 (3865.8s)
[v9body] MONITOR epoch 232: val sparkle 51215.3/Mpx resid 0.3179 highlight_ratio 1.507 score=1280.382 | mirror sparkle 69444.4/Mpx resid 0.3039 highlight_ratio 0.755 (tgt sp<16 resid<0.035)
[v9body] epoch 233/300 n2n_mse=0.023995 lr=0.000056 hist_ms=4992 batch_ms=8848 (3882.1s)
[v9body] MONITOR epoch 233: val sparkle 51540.8/Mpx resid 0.3183 highlight_ratio 1.510 score=1288.520 | mirror sparkle 69770.0/Mpx resid 0.3043 highlight_ratio 0.757 (tgt sp<16 resid<0.035)
[v9body] epoch 234/300 n2n_mse=0.023969 lr=0.000056 hist_ms=4996 batch_ms=8757 (3898.4s)
[v9body] MONITOR epoch 234: val sparkle 51974.8/Mpx resid 0.3186 highlight_ratio 1.513 score=1299.371 | mirror sparkle 69661.5/Mpx resid 0.3046 highlight_ratio 0.759 (tgt sp<16 resid<0.035)
[v9body] epoch 235/300 n2n_mse=0.023934 lr=0.000056 hist_ms=4959 batch_ms=9057 (3914.9s)
[v9body] MONITOR epoch 235: val sparkle 52083.3/Mpx resid 0.3190 highlight_ratio 1.517 score=1302.083 | mirror sparkle 69227.4/Mpx resid 0.3049 highlight_ratio 0.761 (tgt sp<16 resid<0.035)
[v9body] epoch 236/300 n2n_mse=0.023899 lr=0.000056 hist_ms=5136 batch_ms=8676 (3931.2s)
[v9body] MONITOR epoch 236: val sparkle 52191.8/Mpx resid 0.3194 highlight_ratio 1.520 score=1304.796 | mirror sparkle 68359.4/Mpx resid 0.3053 highlight_ratio 0.763 (tgt sp<16 resid<0.035)
[v9body] epoch 237/300 n2n_mse=0.024214 lr=0.000056 hist_ms=4991 batch_ms=8887 (3947.6s)
[v9body] MONITOR epoch 237: val sparkle 51974.8/Mpx resid 0.3197 highlight_ratio 1.523 score=1299.371 | mirror sparkle 68467.9/Mpx resid 0.3056 highlight_ratio 0.766 (tgt sp<16 resid<0.035)
[v9body] epoch 238/300 n2n_mse=0.024112 lr=0.000056 hist_ms=5012 batch_ms=8709 (3963.8s)
[v9body] MONITOR epoch 238: val sparkle 51866.3/Mpx resid 0.3201 highlight_ratio 1.526 score=1296.658 | mirror sparkle 68359.4/Mpx resid 0.3060 highlight_ratio 0.768 (tgt sp<16 resid<0.035)
[v9body] epoch 239/300 n2n_mse=0.023952 lr=0.000056 hist_ms=4954 batch_ms=8890 (3980.1s)
[v9body] MONITOR epoch 239: val sparkle 51866.3/Mpx resid 0.3204 highlight_ratio 1.529 score=1296.658 | mirror sparkle 68250.9/Mpx resid 0.3063 highlight_ratio 0.770 (tgt sp<16 resid<0.035)
[v9body] epoch 240/300 n2n_mse=0.023880 lr=0.000056 hist_ms=4923 batch_ms=8720 (3996.2s)
[v9body] MONITOR epoch 240: val sparkle 51432.3/Mpx resid 0.3207 highlight_ratio 1.532 score=1285.807 | mirror sparkle 67925.3/Mpx resid 0.3067 highlight_ratio 0.772 (tgt sp<16 resid<0.035)
[v9body] epoch 241/300 n2n_mse=0.024027 lr=0.000055 hist_ms=4998 batch_ms=8879 (4012.6s)
[v9body] MONITOR epoch 241: val sparkle 51323.8/Mpx resid 0.3211 highlight_ratio 1.535 score=1283.095 | mirror sparkle 67816.8/Mpx resid 0.3071 highlight_ratio 0.774 (tgt sp<16 resid<0.035)
[v9body] epoch 242/300 n2n_mse=0.024076 lr=0.000055 hist_ms=5074 batch_ms=8846 (4029.1s)
[v9body] MONITOR epoch 242: val sparkle 51215.3/Mpx resid 0.3214 highlight_ratio 1.538 score=1280.382 | mirror sparkle 67925.3/Mpx resid 0.3074 highlight_ratio 0.776 (tgt sp<16 resid<0.035)
[v9body] epoch 243/300 n2n_mse=0.024288 lr=0.000055 hist_ms=5065 batch_ms=8893 (4045.6s)
[v9body] MONITOR epoch 243: val sparkle 51106.8/Mpx resid 0.3218 highlight_ratio 1.542 score=1277.669 | mirror sparkle 66948.8/Mpx resid 0.3077 highlight_ratio 0.778 (tgt sp<16 resid<0.035)
[v9body] epoch 244/300 n2n_mse=0.024160 lr=0.000055 hist_ms=4987 batch_ms=8752 (4061.8s)
[v9body] MONITOR epoch 244: val sparkle 50889.8/Mpx resid 0.3220 highlight_ratio 1.544 score=1272.244 | mirror sparkle 66189.2/Mpx resid 0.3081 highlight_ratio 0.780 (tgt sp<16 resid<0.035)
[v9body] epoch 245/300 n2n_mse=0.023825 lr=0.000055 hist_ms=4960 batch_ms=8679 (4077.9s)
[v9body] MONITOR epoch 245: val sparkle 50672.7/Mpx resid 0.3224 highlight_ratio 1.547 score=1266.819 | mirror sparkle 66080.7/Mpx resid 0.3084 highlight_ratio 0.782 (tgt sp<16 resid<0.035)
[v9body] epoch 246/300 n2n_mse=0.023664 lr=0.000055 hist_ms=4997 batch_ms=8924 (4094.3s)
[v9body] MONITOR epoch 246: val sparkle 50672.7/Mpx resid 0.3227 highlight_ratio 1.550 score=1266.819 | mirror sparkle 65863.7/Mpx resid 0.3087 highlight_ratio 0.784 (tgt sp<16 resid<0.035)
[v9body] epoch 247/300 n2n_mse=0.023670 lr=0.000055 hist_ms=4917 batch_ms=8657 (4110.4s)
[v9body] MONITOR epoch 247: val sparkle 50781.2/Mpx resid 0.3230 highlight_ratio 1.553 score=1269.531 | mirror sparkle 65104.2/Mpx resid 0.3091 highlight_ratio 0.786 (tgt sp<16 resid<0.035)
[v9body] epoch 248/300 n2n_mse=0.023687 lr=0.000055 hist_ms=4970 batch_ms=8680 (4126.5s)
[v9body] MONITOR epoch 248: val sparkle 50889.8/Mpx resid 0.3233 highlight_ratio 1.555 score=1272.244 | mirror sparkle 64995.7/Mpx resid 0.3094 highlight_ratio 0.788 (tgt sp<16 resid<0.035)
[v9body] epoch 249/300 n2n_mse=0.024097 lr=0.000055 hist_ms=4985 batch_ms=8758 (4142.8s)
[v9body] MONITOR epoch 249: val sparkle 51323.8/Mpx resid 0.3236 highlight_ratio 1.557 score=1283.095 | mirror sparkle 64453.1/Mpx resid 0.3097 highlight_ratio 0.790 (tgt sp<16 resid<0.035)
[v9body] epoch 250/300 n2n_mse=0.023903 lr=0.000055 hist_ms=5059 batch_ms=9009 (4159.4s)
[v9body] MONITOR epoch 250: val sparkle 51432.3/Mpx resid 0.3238 highlight_ratio 1.560 score=1285.807 | mirror sparkle 64127.6/Mpx resid 0.3101 highlight_ratio 0.792 (tgt sp<16 resid<0.035)
[v9body] epoch 251/300 n2n_mse=0.023923 lr=0.000054 hist_ms=5082 batch_ms=8840 (4175.8s)
[v9body] MONITOR epoch 251: val sparkle 51323.8/Mpx resid 0.3241 highlight_ratio 1.562 score=1283.095 | mirror sparkle 63476.6/Mpx resid 0.3104 highlight_ratio 0.794 (tgt sp<16 resid<0.035)
[v9body] epoch 252/300 n2n_mse=0.023578 lr=0.000054 hist_ms=4940 batch_ms=8659 (4191.9s)
[v9body] MONITOR epoch 252: val sparkle 51432.3/Mpx resid 0.3244 highlight_ratio 1.564 score=1285.807 | mirror sparkle 63042.5/Mpx resid 0.3107 highlight_ratio 0.796 (tgt sp<16 resid<0.035)
[v9body] epoch 253/300 n2n_mse=0.023521 lr=0.000054 hist_ms=4911 batch_ms=8632 (4207.9s)
[v9body] MONITOR epoch 253: val sparkle 51757.8/Mpx resid 0.3246 highlight_ratio 1.566 score=1293.945 | mirror sparkle 62500.0/Mpx resid 0.3110 highlight_ratio 0.798 (tgt sp<16 resid<0.035)
[v9body] epoch 254/300 n2n_mse=0.023536 lr=0.000054 hist_ms=4918 batch_ms=8712 (4224.0s)
[v9body] MONITOR epoch 254: val sparkle 51649.3/Mpx resid 0.3249 highlight_ratio 1.569 score=1291.233 | mirror sparkle 62283.0/Mpx resid 0.3113 highlight_ratio 0.799 (tgt sp<16 resid<0.035)
[v9body] epoch 255/300 n2n_mse=0.023428 lr=0.000054 hist_ms=4976 batch_ms=8697 (4240.2s)
[v9body] MONITOR epoch 255: val sparkle 51649.3/Mpx resid 0.3252 highlight_ratio 1.571 score=1291.233 | mirror sparkle 62174.5/Mpx resid 0.3116 highlight_ratio 0.801 (tgt sp<16 resid<0.035)
[v9body] epoch 256/300 n2n_mse=0.023414 lr=0.000054 hist_ms=4943 batch_ms=8649 (4256.3s)
[v9body] MONITOR epoch 256: val sparkle 51432.3/Mpx resid 0.3254 highlight_ratio 1.573 score=1285.807 | mirror sparkle 61849.0/Mpx resid 0.3119 highlight_ratio 0.803 (tgt sp<16 resid<0.035)
[v9body] epoch 257/300 n2n_mse=0.023478 lr=0.000054 hist_ms=4932 batch_ms=8647 (4272.3s)
[v9body] MONITOR epoch 257: val sparkle 51215.3/Mpx resid 0.3257 highlight_ratio 1.576 score=1280.382 | mirror sparkle 61631.9/Mpx resid 0.3122 highlight_ratio 0.805 (tgt sp<16 resid<0.035)
[v9body] epoch 258/300 n2n_mse=0.023445 lr=0.000054 hist_ms=4952 batch_ms=8812 (4288.5s)
[v9body] MONITOR epoch 258: val sparkle 51323.8/Mpx resid 0.3260 highlight_ratio 1.578 score=1283.095 | mirror sparkle 61740.5/Mpx resid 0.3125 highlight_ratio 0.806 (tgt sp<16 resid<0.035)
[v9body] epoch 259/300 n2n_mse=0.023323 lr=0.000054 hist_ms=5012 batch_ms=8840 (4304.9s)
[v9body] MONITOR epoch 259: val sparkle 51106.8/Mpx resid 0.3262 highlight_ratio 1.580 score=1277.669 | mirror sparkle 61523.4/Mpx resid 0.3128 highlight_ratio 0.808 (tgt sp<16 resid<0.035)
[v9body] epoch 260/300 n2n_mse=0.023416 lr=0.000054 hist_ms=5024 batch_ms=8847 (4321.3s)
[v9body] MONITOR epoch 260: val sparkle 51215.3/Mpx resid 0.3265 highlight_ratio 1.582 score=1280.382 | mirror sparkle 60872.4/Mpx resid 0.3131 highlight_ratio 0.810 (tgt sp<16 resid<0.035)
[v9body] epoch 261/300 n2n_mse=0.023578 lr=0.000053 hist_ms=4930 batch_ms=8974 (4337.7s)
[v9body] MONITOR epoch 261: val sparkle 51215.3/Mpx resid 0.3267 highlight_ratio 1.584 score=1280.382 | mirror sparkle 60872.4/Mpx resid 0.3134 highlight_ratio 0.811 (tgt sp<16 resid<0.035)
[v9body] epoch 262/300 n2n_mse=0.024219 lr=0.000053 hist_ms=4966 batch_ms=8887 (4354.1s)
[v9body] MONITOR epoch 262: val sparkle 51106.8/Mpx resid 0.3270 highlight_ratio 1.587 score=1277.669 | mirror sparkle 60546.9/Mpx resid 0.3137 highlight_ratio 0.813 (tgt sp<16 resid<0.035)
[v9body] epoch 263/300 n2n_mse=0.024027 lr=0.000053 hist_ms=5179 batch_ms=8893 (4370.7s)
[v9body] MONITOR epoch 263: val sparkle 51106.8/Mpx resid 0.3273 highlight_ratio 1.589 score=1277.669 | mirror sparkle 60329.9/Mpx resid 0.3140 highlight_ratio 0.815 (tgt sp<16 resid<0.035)
[v9body] epoch 264/300 n2n_mse=0.023795 lr=0.000053 hist_ms=5060 batch_ms=8896 (4387.2s)
[v9body] MONITOR epoch 264: val sparkle 51215.3/Mpx resid 0.3275 highlight_ratio 1.591 score=1280.382 | mirror sparkle 60112.8/Mpx resid 0.3143 highlight_ratio 0.816 (tgt sp<16 resid<0.035)
[v9body] epoch 265/300 n2n_mse=0.023644 lr=0.000053 hist_ms=5048 batch_ms=8765 (4403.6s)
[v9body] MONITOR epoch 265: val sparkle 51323.8/Mpx resid 0.3277 highlight_ratio 1.592 score=1283.095 | mirror sparkle 59244.8/Mpx resid 0.3145 highlight_ratio 0.818 (tgt sp<16 resid<0.035)
[v9body] epoch 266/300 n2n_mse=0.023349 lr=0.000053 hist_ms=5159 batch_ms=9042 (4420.3s)
[v9body] MONITOR epoch 266: val sparkle 51432.3/Mpx resid 0.3279 highlight_ratio 1.594 score=1285.807 | mirror sparkle 58810.8/Mpx resid 0.3148 highlight_ratio 0.819 (tgt sp<16 resid<0.035)
[v9body] epoch 267/300 n2n_mse=0.023439 lr=0.000053 hist_ms=5059 batch_ms=8909 (4436.8s)
[v9body] MONITOR epoch 267: val sparkle 51649.3/Mpx resid 0.3282 highlight_ratio 1.597 score=1291.233 | mirror sparkle 58485.2/Mpx resid 0.3151 highlight_ratio 0.821 (tgt sp<16 resid<0.035)
[v9body] epoch 268/300 n2n_mse=0.023585 lr=0.000053 hist_ms=5056 batch_ms=8781 (4453.2s)
[v9body] MONITOR epoch 268: val sparkle 51215.3/Mpx resid 0.3285 highlight_ratio 1.599 score=1280.382 | mirror sparkle 57508.7/Mpx resid 0.3154 highlight_ratio 0.822 (tgt sp<16 resid<0.035)
[v9body] epoch 269/300 n2n_mse=0.023486 lr=0.000053 hist_ms=5128 batch_ms=8831 (4469.6s)
[v9body] MONITOR epoch 269: val sparkle 51432.3/Mpx resid 0.3286 highlight_ratio 1.600 score=1285.807 | mirror sparkle 56857.6/Mpx resid 0.3156 highlight_ratio 0.824 (tgt sp<16 resid<0.035)
[v9body] epoch 270/300 n2n_mse=0.023342 lr=0.000053 hist_ms=5066 batch_ms=9351 (4486.6s)
[v9body] MONITOR epoch 270: val sparkle 51215.3/Mpx resid 0.3288 highlight_ratio 1.601 score=1280.382 | mirror sparkle 56857.6/Mpx resid 0.3159 highlight_ratio 0.825 (tgt sp<16 resid<0.035)
[v9body] epoch 271/300 n2n_mse=0.023810 lr=0.000053 hist_ms=5126 batch_ms=9224 (4503.5s)
[v9body] MONITOR epoch 271: val sparkle 51323.8/Mpx resid 0.3289 highlight_ratio 1.603 score=1283.095 | mirror sparkle 56532.1/Mpx resid 0.3162 highlight_ratio 0.827 (tgt sp<16 resid<0.035)
[v9body] epoch 272/300 n2n_mse=0.024184 lr=0.000052 hist_ms=5127 batch_ms=8858 (4520.0s)
[v9body] MONITOR epoch 272: val sparkle 51215.3/Mpx resid 0.3291 highlight_ratio 1.604 score=1280.382 | mirror sparkle 56206.6/Mpx resid 0.3164 highlight_ratio 0.828 (tgt sp<16 resid<0.035)
