    Finished `release` profile [optimized] target(s) in 0.56s
     Running `/Users/pascaldisse/projects/magic-crystal-v9body/target/release/examples/rdirect_train_v9d`
[v9d] GAIA_V7_SKY_HISTORY reject=true — mandate expects true (set GAIA_V7_SKY_HISTORY=reject)
[v9d] res 128x72 K=3 steps, GAIA_V9_K=8 noise2noise draws (variance/8, teacher validator-only)
[v9d] POOL MUCH WIDER: orbit±180deg (full-orbit) jitter±0.9 around 4 anchors (front/wide/high/close) x 2 draws/epoch each = 8 pool draws/epoch + mirror unconditional (fixed) — fresh draws every epoch, see module doc CURE (a)
[v9d] rendered mirror(train) + 2 VALIDATOR (orbit_-20, mirror — FIXED, held-out) pose sequences (128x72, teacher 64 VALIDATOR ONLY, pan_step=0.004, mirror_spp=4) in 1.9s
[v9d] UnetConfig widths=[24, 40, 64] n_scales=3 params≈163083
[v9d] MONITOR epoch -1 (fresh He-init): val sparkle 0.0/Mpx resid 0.1179 highlight_ratio 0.025 score=3.368 | mirror sparkle 0.0/Mpx resid 0.1194 highlight_ratio 0.020 (tgt sp<16 resid<0.035) *BEST->saved rising_streak=0/20 | raw(non-EMA) sparkle 0.0/Mpx resid 0.1179 score=3.368
[v9d] epoch 0/300 n2n_mse=0.112120 lr=0.000100 pool_yaws=[-68.1, 56.5, 11.3, 80.3, -30.8, -160.7, 129.4, -109.8] pool_ms=4459 hist_ms=11582 batch_ms=18785 (34.8s)
[v9d] MONITOR epoch 0: val sparkle 0.0/Mpx resid 0.1177 highlight_ratio 0.027 score=3.363 | mirror sparkle 0.0/Mpx resid 0.1191 highlight_ratio 0.022 (tgt sp<16 resid<0.035) *BEST->saved rising_streak=0/20 | raw(non-EMA) sparkle 9331.6/Mpx resid 0.1124 score=233.290
[v9d] epoch 1/300 n2n_mse=0.061771 lr=0.000100 pool_yaws=[-15.0, 165.8, -164.2, -152.7, 55.2, -90.2, 20.3, 40.2] pool_ms=4509 hist_ms=11721 batch_ms=19298 (74.2s)
[v9d] MONITOR epoch 1: val sparkle 0.0/Mpx resid 0.1173 highlight_ratio 0.030 score=3.351 | mirror sparkle 0.0/Mpx resid 0.1185 highlight_ratio 0.025 (tgt sp<16 resid<0.035) *BEST->saved rising_streak=0/20 | raw(non-EMA) sparkle 9006.1/Mpx resid 0.0913 score=225.152
[v9d] epoch 2/300 n2n_mse=0.047475 lr=0.000099 pool_yaws=[-170.4, 145.7, -126.5, 20.8, -97.1, -139.3, 29.8, -38.9] pool_ms=4647 hist_ms=11657 batch_ms=19003 (113.4s)
[v9d] MONITOR epoch 2: val sparkle 0.0/Mpx resid 0.1168 highlight_ratio 0.034 score=3.338 | mirror sparkle 0.0/Mpx resid 0.1178 highlight_ratio 0.029 (tgt sp<16 resid<0.035) *BEST->saved rising_streak=0/20 | raw(non-EMA) sparkle 9114.6/Mpx resid 0.0820 score=227.865
[v9d] epoch 3/300 n2n_mse=0.042021 lr=0.000099 pool_yaws=[175.2, -43.5, 79.9, 62.8, 1.4, -151.6, -149.3, -83.7] pool_ms=4581 hist_ms=11629 batch_ms=18668 (152.2s)
[v9d] MONITOR epoch 3: val sparkle 0.0/Mpx resid 0.1163 highlight_ratio 0.038 score=3.322 | mirror sparkle 0.0/Mpx resid 0.1171 highlight_ratio 0.034 (tgt sp<16 resid<0.035) *BEST->saved rising_streak=0/20 | raw(non-EMA) sparkle 10850.7/Mpx resid 0.0854 score=271.267
[v9d] epoch 4/300 n2n_mse=0.037453 lr=0.000099 pool_yaws=[-152.1, -170.8, -106.3, -158.1, 72.3, -63.2, -18.8, -160.9] pool_ms=3738 hist_ms=11421 batch_ms=19489 (190.7s)
[v9d] MONITOR epoch 4: val sparkle 0.0/Mpx resid 0.1157 highlight_ratio 0.042 score=3.305 | mirror sparkle 0.0/Mpx resid 0.1164 highlight_ratio 0.039 (tgt sp<16 resid<0.035) *BEST->saved rising_streak=0/20 | raw(non-EMA) sparkle 9223.1/Mpx resid 0.1075 score=230.577
[v9d] epoch 5/300 n2n_mse=0.041836 lr=0.000098 pool_yaws=[67.9, -73.1, 57.6, -103.0, -134.9, -93.4, 71.4, 69.0] pool_ms=3614 hist_ms=11584 batch_ms=19949 (229.8s)
[v9d] MONITOR epoch 5: val sparkle 0.0/Mpx resid 0.1150 highlight_ratio 0.047 score=3.286 | mirror sparkle 0.0/Mpx resid 0.1155 highlight_ratio 0.044 (tgt sp<16 resid<0.035) *BEST->saved rising_streak=0/20 | raw(non-EMA) sparkle 9114.6/Mpx resid 0.1168 score=227.865
[v9d] epoch 6/300 n2n_mse=0.028820 lr=0.000098 pool_yaws=[-52.7, -94.5, 138.2, -37.2, 137.4, 156.4, -141.7, 143.2] pool_ms=3615 hist_ms=11406 batch_ms=18718 (267.3s)
[v9d] MONITOR epoch 6: val sparkle 0.0/Mpx resid 0.1143 highlight_ratio 0.052 score=3.264 | mirror sparkle 0.0/Mpx resid 0.1147 highlight_ratio 0.050 (tgt sp<16 resid<0.035) *BEST->saved rising_streak=0/20 | raw(non-EMA) sparkle 10199.7/Mpx resid 0.1276 score=254.991
[v9d] epoch 7/300 n2n_mse=0.024856 lr=0.000098 pool_yaws=[-122.9, -145.8, 87.9, 74.5, -113.5, -107.1, -162.9, 32.6] pool_ms=3439 hist_ms=11479 batch_ms=19317 (305.3s)
[v9d] MONITOR epoch 7: val sparkle 0.0/Mpx resid 0.1134 highlight_ratio 0.057 score=3.241 | mirror sparkle 0.0/Mpx resid 0.1137 highlight_ratio 0.056 (tgt sp<16 resid<0.035) *BEST->saved rising_streak=0/20 | raw(non-EMA) sparkle 12478.3/Mpx resid 0.1230 score=311.957
[v9d] epoch 8/300 n2n_mse=0.052247 lr=0.000097 pool_yaws=[14.5, -55.1, 143.3, -68.8, 24.8, -18.4, 110.3, 1.8] pool_ms=3374 hist_ms=11354 batch_ms=18961 (342.9s)
[v9d] MONITOR epoch 8: val sparkle 0.0/Mpx resid 0.1126 highlight_ratio 0.062 score=3.216 | mirror sparkle 0.0/Mpx resid 0.1127 highlight_ratio 0.063 (tgt sp<16 resid<0.035) *BEST->saved rising_streak=0/20 | raw(non-EMA) sparkle 12152.8/Mpx resid 0.1200 score=303.819
[v9d] epoch 9/300 n2n_mse=0.035958 lr=0.000097 pool_yaws=[-134.2, 113.0, -17.0, 25.2, -114.3, -180.0, 149.5, -68.9] pool_ms=3514 hist_ms=11297 batch_ms=19011 (380.5s)
[v9d] MONITOR epoch 9: val sparkle 0.0/Mpx resid 0.1117 highlight_ratio 0.068 score=3.190 | mirror sparkle 0.0/Mpx resid 0.1117 highlight_ratio 0.070 (tgt sp<16 resid<0.035) *BEST->saved rising_streak=0/20 | raw(non-EMA) sparkle 13671.9/Mpx resid 0.1355 score=341.797
[v9d] epoch 10/300 n2n_mse=0.035337 lr=0.000097 pool_yaws=[-64.8, 62.0, 165.4, 120.6, 75.7, 106.6, -120.1, -36.9] pool_ms=3445 hist_ms=11307 batch_ms=19541 (418.5s)
[v9d] MONITOR epoch 10: val sparkle 0.0/Mpx resid 0.1107 highlight_ratio 0.075 score=3.163 | mirror sparkle 0.0/Mpx resid 0.1106 highlight_ratio 0.077 (tgt sp<16 resid<0.035) *BEST->saved rising_streak=0/20 | raw(non-EMA) sparkle 15082.5/Mpx resid 0.1503 score=377.062
[v9d] epoch 11/300 n2n_mse=0.042165 lr=0.000096 pool_yaws=[114.7, -78.6, 60.1, 117.4, 90.0, -17.5, -44.2, -59.1] pool_ms=3334 hist_ms=11530 batch_ms=19127 (456.3s)
[v9d] MONITOR epoch 11: val sparkle 0.0/Mpx resid 0.1097 highlight_ratio 0.083 score=3.134 | mirror sparkle 0.0/Mpx resid 0.1095 highlight_ratio 0.087 (tgt sp<16 resid<0.035) *BEST->saved rising_streak=0/20 | raw(non-EMA) sparkle 13129.3/Mpx resid 0.1324 score=328.234
[v9d] epoch 12/300 n2n_mse=0.032295 lr=0.000096 pool_yaws=[125.8, -126.1, 36.5, -147.7, 167.9, -59.6, 24.6, 113.0] pool_ms=3508 hist_ms=11358 batch_ms=19681 (494.6s)
[v9d] MONITOR epoch 12: val sparkle 0.0/Mpx resid 0.1086 highlight_ratio 0.094 score=3.103 | mirror sparkle 0.0/Mpx resid 0.1083 highlight_ratio 0.098 (tgt sp<16 resid<0.035) *BEST->saved rising_streak=0/20 | raw(non-EMA) sparkle 14431.4/Mpx resid 0.1421 score=360.786
[v9d] epoch 13/300 n2n_mse=0.030663 lr=0.000096 pool_yaws=[95.1, -42.0, -150.7, -171.8, -55.9, -148.1, -7.8, 110.3] pool_ms=3554 hist_ms=11340 batch_ms=19766 (533.1s)
[v9d] MONITOR epoch 13: val sparkle 0.0/Mpx resid 0.1075 highlight_ratio 0.106 score=3.070 | mirror sparkle 0.0/Mpx resid 0.1071 highlight_ratio 0.111 (tgt sp<16 resid<0.035) *BEST->saved rising_streak=0/20 | raw(non-EMA) sparkle 14539.9/Mpx resid 0.1557 score=363.498
[v9d] epoch 14/300 n2n_mse=0.026053 lr=0.000096 pool_yaws=[-84.0, 174.5, -119.7, 130.3, -55.5, 100.5, -59.7, -153.8] pool_ms=3717 hist_ms=11713 batch_ms=19623 (572.2s)
[v9d] MONITOR epoch 14: val sparkle 0.0/Mpx resid 0.1062 highlight_ratio 0.119 score=3.036 | mirror sparkle 0.0/Mpx resid 0.1058 highlight_ratio 0.125 (tgt sp<16 resid<0.035) *BEST->saved rising_streak=0/20 | raw(non-EMA) sparkle 14648.4/Mpx resid 0.1617 score=366.211
[v9d] epoch 15/300 n2n_mse=0.026933 lr=0.000095 pool_yaws=[-138.4, 112.3, -52.6, -143.4, -149.6, -121.4, 88.6, -17.9] pool_ms=3493 hist_ms=11289 batch_ms=19675 (610.4s)
[v9d] MONITOR epoch 15: val sparkle 0.0/Mpx resid 0.1050 highlight_ratio 0.133 score=3.000 | mirror sparkle 0.0/Mpx resid 0.1046 highlight_ratio 0.140 (tgt sp<16 resid<0.035) *BEST->saved rising_streak=0/20 | raw(non-EMA) sparkle 13129.3/Mpx resid 0.1713 score=328.234
[v9d] epoch 16/300 n2n_mse=0.029992 lr=0.000095 pool_yaws=[145.2, -14.7, 102.6, -0.9, 139.7, 106.4, 127.2, -7.0] pool_ms=3463 hist_ms=11324 batch_ms=19300 (648.3s)
[v9d] MONITOR epoch 16: val sparkle 0.0/Mpx resid 0.1037 highlight_ratio 0.148 score=2.963 | mirror sparkle 0.0/Mpx resid 0.1032 highlight_ratio 0.156 (tgt sp<16 resid<0.035) *BEST->saved rising_streak=0/20 | raw(non-EMA) sparkle 12152.8/Mpx resid 0.1429 score=303.819
[v9d] epoch 17/300 n2n_mse=0.047865 lr=0.000095 pool_yaws=[19.0, 34.0, 20.4, 90.7, -37.8, -50.3, -54.3, 175.8] pool_ms=3078 hist_ms=11149 batch_ms=19234 (685.5s)
[v9d] MONITOR epoch 17: val sparkle 0.0/Mpx resid 0.1024 highlight_ratio 0.164 score=2.925 | mirror sparkle 0.0/Mpx resid 0.1019 highlight_ratio 0.173 (tgt sp<16 resid<0.035) *BEST->saved rising_streak=0/20 | raw(non-EMA) sparkle 13020.8/Mpx resid 0.1504 score=325.521
[v9d] epoch 18/300 n2n_mse=0.030096 lr=0.000094 pool_yaws=[161.8, -3.2, 117.2, 60.1, 132.7, 94.1, 21.4, -175.8] pool_ms=3804 hist_ms=11188 batch_ms=19636 (723.8s)
[v9d] MONITOR epoch 18: val sparkle 0.0/Mpx resid 0.1010 highlight_ratio 0.180 score=2.886 | mirror sparkle 0.0/Mpx resid 0.1005 highlight_ratio 0.191 (tgt sp<16 resid<0.035) *BEST->saved rising_streak=0/20 | raw(non-EMA) sparkle 12478.3/Mpx resid 0.1820 score=311.957
[v9d] epoch 19/300 n2n_mse=0.045248 lr=0.000094 pool_yaws=[82.0, 30.7, -129.7, -6.9, 76.1, -59.2, -32.2, -89.7] pool_ms=3296 hist_ms=11199 batch_ms=19753 (761.8s)
[v9d] MONITOR epoch 19: val sparkle 0.0/Mpx resid 0.0996 highlight_ratio 0.196 score=2.847 | mirror sparkle 0.0/Mpx resid 0.0991 highlight_ratio 0.209 (tgt sp<16 resid<0.035) *BEST->saved rising_streak=0/20 | raw(non-EMA) sparkle 12261.3/Mpx resid 0.1665 score=306.532
[v9d] epoch 20/300 n2n_mse=0.024453 lr=0.000094 pool_yaws=[122.7, 148.1, 139.6, 114.3, 34.2, 134.6, 44.1, 163.8] pool_ms=3580 hist_ms=11353 batch_ms=19383 (800.0s)
[v9d] MONITOR epoch 20: val sparkle 0.0/Mpx resid 0.0983 highlight_ratio 0.213 score=2.807 | mirror sparkle 0.0/Mpx resid 0.0977 highlight_ratio 0.227 (tgt sp<16 resid<0.035) *BEST->saved rising_streak=0/20 | raw(non-EMA) sparkle 12152.8/Mpx resid 0.1776 score=303.819
[v9d] epoch 21/300 n2n_mse=0.027723 lr=0.000093 pool_yaws=[-35.8, 54.0, 97.3, 120.4, -86.6, 120.2, 68.4, -118.8] pool_ms=3329 hist_ms=11332 batch_ms=20968 (839.4s)
[v9d] MONITOR epoch 21: val sparkle 0.0/Mpx resid 0.0969 highlight_ratio 0.230 score=2.767 | mirror sparkle 0.0/Mpx resid 0.0963 highlight_ratio 0.246 (tgt sp<16 resid<0.035) *BEST->saved rising_streak=0/20 | raw(non-EMA) sparkle 10742.2/Mpx resid 0.1618 score=268.555
[v9d] epoch 22/300 n2n_mse=0.038920 lr=0.000093 pool_yaws=[-178.1, 57.2, -62.4, 0.4, 45.3, 91.3, 154.0, 128.3] pool_ms=3435 hist_ms=11348 batch_ms=19589 (877.5s)
[v9d] MONITOR epoch 22: val sparkle 0.0/Mpx resid 0.0955 highlight_ratio 0.247 score=2.728 | mirror sparkle 0.0/Mpx resid 0.0949 highlight_ratio 0.265 (tgt sp<16 resid<0.035) *BEST->saved rising_streak=0/20 | raw(non-EMA) sparkle 10959.2/Mpx resid 0.1709 score=273.980
[v9d] epoch 23/300 n2n_mse=0.039861 lr=0.000093 pool_yaws=[117.7, -36.6, 48.5, -162.3, -144.3, 75.4, -38.2, 0.6] pool_ms=3330 hist_ms=11464 batch_ms=19817 (915.9s)
[v9d] MONITOR epoch 23: val sparkle 0.0/Mpx resid 0.0941 highlight_ratio 0.265 score=2.688 | mirror sparkle 0.0/Mpx resid 0.0935 highlight_ratio 0.284 (tgt sp<16 resid<0.035) *BEST->saved rising_streak=0/20 | raw(non-EMA) sparkle 11067.7/Mpx resid 0.1878 score=276.693
[v9d] epoch 24/300 n2n_mse=0.020670 lr=0.000093 pool_yaws=[88.3, 111.2, 144.8, 93.1, -116.7, 82.3, 131.0, -121.1] pool_ms=3467 hist_ms=11387 batch_ms=19798 (954.4s)
[v9d] MONITOR epoch 24: val sparkle 108.5/Mpx resid 0.0927 highlight_ratio 0.284 score=2.713 | mirror sparkle 0.0/Mpx resid 0.0921 highlight_ratio 0.303 (tgt sp<16 resid<0.035) rising_streak=0/20 | raw(non-EMA) sparkle 11501.7/Mpx resid 0.1756 score=287.543
[v9d] epoch 25/300 n2n_mse=0.027203 lr=0.000092 pool_yaws=[-145.9, -104.0, 90.8, -115.3, -54.4, 28.3, -153.2, 144.2] pool_ms=3867 hist_ms=11659 batch_ms=19887 (993.7s)
[v9d] MONITOR epoch 25: val sparkle 108.5/Mpx resid 0.0913 highlight_ratio 0.303 score=2.713 | mirror sparkle 0.0/Mpx resid 0.0907 highlight_ratio 0.323 (tgt sp<16 resid<0.035) rising_streak=0/20 | raw(non-EMA) sparkle 12695.3/Mpx resid 0.1588 score=317.383
[v9d] epoch 26/300 n2n_mse=0.028986 lr=0.000092 pool_yaws=[160.7, 82.5, 150.3, 43.4, 146.5, -171.7, -48.5, 14.9] pool_ms=3431 hist_ms=11575 batch_ms=20232 (1032.8s)
[v9d] MONITOR epoch 26: val sparkle 325.5/Mpx resid 0.0899 highlight_ratio 0.323 score=8.138 | mirror sparkle 0.0/Mpx resid 0.0893 highlight_ratio 0.343 (tgt sp<16 resid<0.035) rising_streak=1/20 | raw(non-EMA) sparkle 12586.8/Mpx resid 0.1807 score=314.670
[v9d] epoch 27/300 n2n_mse=0.037735 lr=0.000092 pool_yaws=[106.7, -26.3, 62.3, -106.7, 4.9, -133.4, 86.9, 12.7] pool_ms=3582 hist_ms=11659 batch_ms=19898 (1071.8s)
[v9d] MONITOR epoch 27: val sparkle 434.0/Mpx resid 0.0886 highlight_ratio 0.344 score=10.851 | mirror sparkle 0.0/Mpx resid 0.0879 highlight_ratio 0.364 (tgt sp<16 resid<0.035) rising_streak=2/20 | raw(non-EMA) sparkle 12261.3/Mpx resid 0.1906 score=306.532
[v9d] epoch 28/300 n2n_mse=0.032557 lr=0.000091 pool_yaws=[-31.6, -99.8, 54.1, 79.1, -69.8, -166.4, -57.0, 172.6] pool_ms=3727 hist_ms=11466 batch_ms=19762 (1110.6s)
[v9d] MONITOR epoch 28: val sparkle 651.0/Mpx resid 0.0872 highlight_ratio 0.365 score=16.276 | mirror sparkle 0.0/Mpx resid 0.0865 highlight_ratio 0.385 (tgt sp<16 resid<0.035) rising_streak=3/20 | raw(non-EMA) sparkle 12044.3/Mpx resid 0.1964 score=301.107
[v9d] epoch 29/300 n2n_mse=0.038509 lr=0.000091 pool_yaws=[178.0, -59.3, 80.6, -61.5, -121.4, 4.2, 8.2, 46.8] pool_ms=3539 hist_ms=11851 batch_ms=19856 (1149.7s)
[v9d] MONITOR epoch 29: val sparkle 651.0/Mpx resid 0.0859 highlight_ratio 0.386 score=16.276 | mirror sparkle 0.0/Mpx resid 0.0851 highlight_ratio 0.405 (tgt sp<16 resid<0.035) rising_streak=4/20 | raw(non-EMA) sparkle 13346.4/Mpx resid 0.1829 score=333.659
[v9d] epoch 30/300 n2n_mse=0.032214 lr=0.000091 pool_yaws=[129.7, 15.5, -35.9, 115.7, 138.4, -14.0, -80.6, -166.2] pool_ms=3512 hist_ms=11740 batch_ms=19802 (1188.6s)
[v9d] MONITOR epoch 30: val sparkle 651.0/Mpx resid 0.0845 highlight_ratio 0.408 score=16.276 | mirror sparkle 0.0/Mpx resid 0.0837 highlight_ratio 0.426 (tgt sp<16 resid<0.035) rising_streak=5/20 | raw(non-EMA) sparkle 11827.3/Mpx resid 0.1794 score=295.681
[v9d] epoch 31/300 n2n_mse=0.029506 lr=0.000091 pool_yaws=[-157.1, -55.6, -68.3, 62.1, -80.9, 96.9, -79.3, -164.0] pool_ms=3365 hist_ms=11413 batch_ms=19709 (1226.9s)
[v9d] MONITOR epoch 31: val sparkle 651.0/Mpx resid 0.0832 highlight_ratio 0.430 score=16.276 | mirror sparkle 0.0/Mpx resid 0.0824 highlight_ratio 0.447 (tgt sp<16 resid<0.035) rising_streak=6/20 | raw(non-EMA) sparkle 17361.1/Mpx resid 0.2049 score=434.028
[v9d] epoch 32/300 n2n_mse=0.031691 lr=0.000090 pool_yaws=[78.7, 118.6, 119.6, -156.2, 73.0, -149.1, -9.5, -20.5] pool_ms=3329 hist_ms=11355 batch_ms=20096 (1265.6s)
[v9d] MONITOR epoch 32: val sparkle 651.0/Mpx resid 0.0819 highlight_ratio 0.453 score=16.276 | mirror sparkle 0.0/Mpx resid 0.0810 highlight_ratio 0.469 (tgt sp<16 resid<0.035) rising_streak=7/20 | raw(non-EMA) sparkle 13997.4/Mpx resid 0.2057 score=349.935
[v9d] epoch 33/300 n2n_mse=0.033783 lr=0.000090 pool_yaws=[-51.2, 163.0, 10.6, -57.0, -135.8, -26.7, -179.5, 116.0] pool_ms=3565 hist_ms=11334 batch_ms=19663 (1304.0s)
[v9d] MONITOR epoch 33: val sparkle 651.0/Mpx resid 0.0806 highlight_ratio 0.477 score=16.276 | mirror sparkle 0.0/Mpx resid 0.0797 highlight_ratio 0.490 (tgt sp<16 resid<0.035) rising_streak=8/20 | raw(non-EMA) sparkle 12044.3/Mpx resid 0.2232 score=301.107
[v9d] epoch 34/300 n2n_mse=0.019626 lr=0.000090 pool_yaws=[-59.0, 17.1, -146.2, -160.9, 120.1, -172.6, 81.3, 155.2] pool_ms=3620 hist_ms=11312 batch_ms=19567 (1342.3s)
[v9d] MONITOR epoch 34: val sparkle 651.0/Mpx resid 0.0793 highlight_ratio 0.501 score=16.276 | mirror sparkle 108.5/Mpx resid 0.0784 highlight_ratio 0.512 (tgt sp<16 resid<0.035) rising_streak=9/20 | raw(non-EMA) sparkle 11284.7/Mpx resid 0.1960 score=282.118
[v9d] epoch 35/300 n2n_mse=0.016099 lr=0.000090 pool_yaws=[67.2, -160.0, 176.2, 119.9, -95.2, -138.6, -140.7, -107.4] pool_ms=3486 hist_ms=11301 batch_ms=19784 (1380.6s)
[v9d] MONITOR epoch 35: val sparkle 651.0/Mpx resid 0.0781 highlight_ratio 0.525 score=16.276 | mirror sparkle 108.5/Mpx resid 0.0771 highlight_ratio 0.535 (tgt sp<16 resid<0.035) rising_streak=10/20 | raw(non-EMA) sparkle 10308.2/Mpx resid 0.2022 score=257.704
[v9d] epoch 36/300 n2n_mse=0.022297 lr=0.000089 pool_yaws=[-73.1, 111.5, 176.0, -57.6, -166.8, -106.4, -35.0, 159.6] pool_ms=3437 hist_ms=11403 batch_ms=19862 (1419.1s)
[v9d] MONITOR epoch 36: val sparkle 759.5/Mpx resid 0.0769 highlight_ratio 0.549 score=18.989 | mirror sparkle 217.0/Mpx resid 0.0759 highlight_ratio 0.558 (tgt sp<16 resid<0.035) rising_streak=11/20 | raw(non-EMA) sparkle 12478.3/Mpx resid 0.1763 score=311.957
[v9d] epoch 37/300 n2n_mse=0.035429 lr=0.000089 pool_yaws=[-41.0, -5.3, 42.5, -141.9, -143.4, -72.6, -120.6, 22.1] pool_ms=3559 hist_ms=11349 batch_ms=20167 (1458.0s)
[v9d] MONITOR epoch 37: val sparkle 868.1/Mpx resid 0.0757 highlight_ratio 0.573 score=21.701 | mirror sparkle 434.0/Mpx resid 0.0746 highlight_ratio 0.582 (tgt sp<16 resid<0.035) rising_streak=12/20 | raw(non-EMA) sparkle 16601.6/Mpx resid 0.2548 score=415.039
[v9d] epoch 38/300 n2n_mse=0.022315 lr=0.000089 pool_yaws=[-129.6, 76.3, 77.8, 79.6, 157.6, 166.7, 58.8, 170.0] pool_ms=3453 hist_ms=11268 batch_ms=20065 (1496.5s)
[v9d] MONITOR epoch 38: val sparkle 976.6/Mpx resid 0.0746 highlight_ratio 0.598 score=24.414 | mirror sparkle 434.0/Mpx resid 0.0734 highlight_ratio 0.607 (tgt sp<16 resid<0.035) rising_streak=13/20 | raw(non-EMA) sparkle 11935.8/Mpx resid 0.1951 score=298.394
[v9d] epoch 39/300 n2n_mse=0.046882 lr=0.000088 pool_yaws=[31.2, 7.5, -3.0, 53.8, 49.4, -18.9, -167.9, 163.2] pool_ms=3439 hist_ms=11402 batch_ms=19993 (1535.1s)
[v9d] MONITOR epoch 39: val sparkle 1302.1/Mpx resid 0.0735 highlight_ratio 0.623 score=32.552 | mirror sparkle 651.0/Mpx resid 0.0722 highlight_ratio 0.632 (tgt sp<16 resid<0.035) rising_streak=14/20 | raw(non-EMA) sparkle 11176.2/Mpx resid 0.2329 score=279.405
[v9d] epoch 40/300 n2n_mse=0.031204 lr=0.000088 pool_yaws=[-73.2, -81.6, 114.0, 85.9, 86.2, 0.6, -178.6, -127.3] pool_ms=3373 hist_ms=11255 batch_ms=19495 (1573.0s)
[v9d] MONITOR epoch 40: val sparkle 1302.1/Mpx resid 0.0725 highlight_ratio 0.647 score=32.552 | mirror sparkle 868.1/Mpx resid 0.0711 highlight_ratio 0.656 (tgt sp<16 resid<0.035) rising_streak=15/20 | raw(non-EMA) sparkle 12261.3/Mpx resid 0.1459 score=306.532
[v9d] epoch 41/300 n2n_mse=0.039014 lr=0.000088 pool_yaws=[-47.4, -24.2, 81.1, -34.3, -123.4, 13.6, 22.7, 135.8] pool_ms=3312 hist_ms=11178 batch_ms=19333 (1610.5s)
[v9d] MONITOR epoch 41: val sparkle 1410.6/Mpx resid 0.0715 highlight_ratio 0.672 score=35.265 | mirror sparkle 976.6/Mpx resid 0.0700 highlight_ratio 0.681 (tgt sp<16 resid<0.035) rising_streak=16/20 | raw(non-EMA) sparkle 13888.9/Mpx resid 0.1362 score=347.222
[v9d] epoch 42/300 n2n_mse=0.024756 lr=0.000088 pool_yaws=[-50.4, -89.3, -49.1, -134.6, -132.0, -147.0, -92.4, 57.2] pool_ms=3347 hist_ms=11365 batch_ms=19741 (1648.7s)
[v9d] MONITOR epoch 42: val sparkle 1627.6/Mpx resid 0.0705 highlight_ratio 0.696 score=40.690 | mirror sparkle 1410.6/Mpx resid 0.0689 highlight_ratio 0.705 (tgt sp<16 resid<0.035) rising_streak=17/20 | raw(non-EMA) sparkle 11935.8/Mpx resid 0.1793 score=298.394
[v9d] epoch 43/300 n2n_mse=0.034725 lr=0.000087 pool_yaws=[-30.1, 157.0, 92.6, 16.1, 62.1, -69.3, 83.4, -100.4] pool_ms=3256 hist_ms=11395 batch_ms=19967 (1687.1s)
[v9d] MONITOR epoch 43: val sparkle 1844.6/Mpx resid 0.0696 highlight_ratio 0.720 score=46.115 | mirror sparkle 1519.1/Mpx resid 0.0678 highlight_ratio 0.730 (tgt sp<16 resid<0.035) rising_streak=18/20 | raw(non-EMA) sparkle 13129.3/Mpx resid 0.1570 score=328.234
[v9d] epoch 44/300 n2n_mse=0.028258 lr=0.000087 pool_yaws=[17.5, -52.5, -131.9, 172.7, -99.4, -45.9, 55.2, 139.4] pool_ms=3347 hist_ms=11345 batch_ms=19872 (1725.4s)
[v9d] MONITOR epoch 44: val sparkle 1953.1/Mpx resid 0.0687 highlight_ratio 0.747 score=48.828 | mirror sparkle 1953.1/Mpx resid 0.0667 highlight_ratio 0.757 (tgt sp<16 resid<0.035) rising_streak=19/20 | raw(non-EMA) sparkle 12152.8/Mpx resid 0.2080 score=303.819
[v9d] epoch 45/300 n2n_mse=0.026429 lr=0.000087 pool_yaws=[152.5, 87.3, 12.8, 109.5, 105.6, -49.8, -128.0, -107.6] pool_ms=3503 hist_ms=11333 batch_ms=19311 (1763.4s)
[v9d] MONITOR epoch 45: val sparkle 2278.6/Mpx resid 0.0679 highlight_ratio 0.772 score=56.966 | mirror sparkle 2278.6/Mpx resid 0.0658 highlight_ratio 0.784 (tgt sp<16 resid<0.035) rising_streak=20/20 | raw(non-EMA) sparkle 13997.4/Mpx resid 0.1558 score=349.935
[v9d] CURE 2 ABORT-ON-DETONATION: score exceeded best*1.05 for 20 consecutive monitor epochs (>= 20) at epoch 45 — stopping, keeping best (score=2.688)
[v9d] training done in 1767.1s (best score=2.688)
[v9d] wrote /Users/pascaldisse/projects/magic-crystal-v9body/packages/scrying-glass/data/rdirect-weights-v9d.bin sha256=6eb16264b3a7fd906bd01e9c832a7d0ee9addea2275b333a20fd58a7299b6c9c
[v9d] wrote provenance. tag=v9d weights=/Users/pascaldisse/projects/magic-crystal-v9body/packages/scrying-glass/data/rdirect-weights-v9d.bin
