[v9e] GAIA_V7_SKY_HISTORY reject=true — mandate expects true (set GAIA_V7_SKY_HISTORY=reject)
[v9e] res 128x72 K=3 steps, GAIA_V9_K=8 noise2noise draws (variance/8, teacher validator-only)
[v9e] POSE DIVERSITY POOL (v9c parity): orbit±30deg jitter±0.6 around 2 anchors (front-pivot family x2 draws/epoch, wide-anchor family x1 draw/epoch) + mirror unconditional (fixed) — fresh draws every epoch, PLUS CURE 3 target winsorize_k=10, see module doc
[v9e] rendered mirror(train) + 2 VALIDATOR (orbit_-20, mirror — FIXED, held-out) pose sequences (128x72, teacher 64 VALIDATOR ONLY, pan_step=0.004, mirror_spp=4) in 1.4s
[v9e] UnetConfig widths=[24, 40, 64] n_scales=3 params≈163083
[v9e] MONITOR epoch -1 (fresh He-init): val sparkle 0.0/Mpx resid 0.1179 highlight_ratio 0.025 score=3.368 | mirror sparkle 0.0/Mpx resid 0.1194 highlight_ratio 0.020 (tgt sp<16 resid<0.035) *BEST->saved rising_streak=0/20
[v9e] epoch 0/300 n2n_mse=0.142976 lr=0.000100 pool_yaws=[-11.4,9.4,1.9] pool_ms=1269 hist_ms=5002 batch_ms=8158 (14.4s)
[v9e] MONITOR epoch 0: val sparkle 0.0/Mpx resid 0.1178 highlight_ratio 0.026 score=3.367 | mirror sparkle 0.0/Mpx resid 0.1193 highlight_ratio 0.020 (tgt sp<16 resid<0.035) *BEST->saved rising_streak=0/20
[v9e] epoch 1/300 n2n_mse=0.091057 lr=0.000100 pool_yaws=[26.6,15.3,11.3] pool_ms=1270 hist_ms=4977 batch_ms=8050 (31.2s)
[v9e] MONITOR epoch 1: val sparkle 0.0/Mpx resid 0.1177 highlight_ratio 0.026 score=3.364 | mirror sparkle 0.0/Mpx resid 0.1191 highlight_ratio 0.021 (tgt sp<16 resid<0.035) *BEST->saved rising_streak=0/20
[v9e] epoch 2/300 n2n_mse=0.064287 lr=0.000099 pool_yaws=[-15.3,-29.4,-9.5] pool_ms=1440 hist_ms=5347 batch_ms=7994 (48.5s)
[v9e] MONITOR epoch 2: val sparkle 0.0/Mpx resid 0.1176 highlight_ratio 0.028 score=3.359 | mirror sparkle 0.0/Mpx resid 0.1189 highlight_ratio 0.023 (tgt sp<16 resid<0.035) *BEST->saved rising_streak=0/20
[v9e] epoch 3/300 n2n_mse=0.065083 lr=0.000099 pool_yaws=[25.5,-14.4,9.6] pool_ms=1431 hist_ms=4986 batch_ms=8125 (65.5s)
[v9e] MONITOR epoch 3: val sparkle 0.0/Mpx resid 0.1174 highlight_ratio 0.029 score=3.354 | mirror sparkle 0.0/Mpx resid 0.1186 highlight_ratio 0.024 (tgt sp<16 resid<0.035) *BEST->saved rising_streak=0/20
[v9e] epoch 4/300 n2n_mse=0.057250 lr=0.000099 pool_yaws=[-23.2,-5.2,30.0] pool_ms=1219 hist_ms=4989 batch_ms=8352 (82.6s)
[v9e] MONITOR epoch 4: val sparkle 0.0/Mpx resid 0.1172 highlight_ratio 0.031 score=3.348 | mirror sparkle 0.0/Mpx resid 0.1183 highlight_ratio 0.026 (tgt sp<16 resid<0.035) *BEST->saved rising_streak=0/20
[v9e] epoch 5/300 n2n_mse=0.050544 lr=0.000098 pool_yaws=[-1.9,-30.0,5.6] pool_ms=2911 hist_ms=5766 batch_ms=8467 (102.5s)
[v9e] MONITOR epoch 5: val sparkle 0.0/Mpx resid 0.1170 highlight_ratio 0.033 score=3.342 | mirror sparkle 0.0/Mpx resid 0.1180 highlight_ratio 0.028 (tgt sp<16 resid<0.035) *BEST->saved rising_streak=0/20
[v9e] epoch 6/300 n2n_mse=0.059216 lr=0.000098 pool_yaws=[-3.4,-16.4,26.5] pool_ms=1240 hist_ms=5042 batch_ms=8374 (119.7s)
[v9e] MONITOR epoch 6: val sparkle 0.0/Mpx resid 0.1168 highlight_ratio 0.034 score=3.336 | mirror sparkle 0.0/Mpx resid 0.1177 highlight_ratio 0.030 (tgt sp<16 resid<0.035) *BEST->saved rising_streak=0/20
[v9e] epoch 7/300 n2n_mse=0.051739 lr=0.000098 pool_yaws=[15.1,-26.0,-26.1] pool_ms=1350 hist_ms=5024 batch_ms=8182 (136.8s)
[v9e] MONITOR epoch 7: val sparkle 0.0/Mpx resid 0.1165 highlight_ratio 0.036 score=3.329 | mirror sparkle 0.0/Mpx resid 0.1174 highlight_ratio 0.032 (tgt sp<16 resid<0.035) *BEST->saved rising_streak=0/20
[v9e] epoch 8/300 n2n_mse=0.048879 lr=0.000097 pool_yaws=[-4.7,-27.3,-28.4] pool_ms=1264 hist_ms=4992 batch_ms=8016 (153.5s)
[v9e] MONITOR epoch 8: val sparkle 0.0/Mpx resid 0.1163 highlight_ratio 0.038 score=3.322 | mirror sparkle 0.0/Mpx resid 0.1171 highlight_ratio 0.034 (tgt sp<16 resid<0.035) *BEST->saved rising_streak=0/20
[v9e] epoch 9/300 n2n_mse=0.053851 lr=0.000097 pool_yaws=[-16.6,16.3,-12.3] pool_ms=1410 hist_ms=5050 batch_ms=8495 (171.0s)
[v9e] MONITOR epoch 9: val sparkle 0.0/Mpx resid 0.1160 highlight_ratio 0.040 score=3.314 | mirror sparkle 0.0/Mpx resid 0.1167 highlight_ratio 0.036 (tgt sp<16 resid<0.035) *BEST->saved rising_streak=0/20
[v9e] epoch 10/300 n2n_mse=0.052195 lr=0.000097 pool_yaws=[-7.2,-2.3,-6.6] pool_ms=1443 hist_ms=5020 batch_ms=8347 (188.3s)
[v9e] MONITOR epoch 10: val sparkle 0.0/Mpx resid 0.1157 highlight_ratio 0.042 score=3.306 | mirror sparkle 0.0/Mpx resid 0.1164 highlight_ratio 0.039 (tgt sp<16 resid<0.035) *BEST->saved rising_streak=0/20
[v9e] epoch 11/300 n2n_mse=0.054071 lr=0.000096 pool_yaws=[-8.2,6.3,-23.2] pool_ms=1443 hist_ms=5026 batch_ms=8310 (205.6s)
[v9e] MONITOR epoch 11: val sparkle 0.0/Mpx resid 0.1154 highlight_ratio 0.044 score=3.297 | mirror sparkle 0.0/Mpx resid 0.1160 highlight_ratio 0.041 (tgt sp<16 resid<0.035) *BEST->saved rising_streak=0/20
[v9e] epoch 12/300 n2n_mse=0.049230 lr=0.000096 pool_yaws=[16.1,-29.0,19.2] pool_ms=1229 hist_ms=4944 batch_ms=8009 (222.3s)
[v9e] MONITOR epoch 12: val sparkle 0.0/Mpx resid 0.1151 highlight_ratio 0.046 score=3.288 | mirror sparkle 0.0/Mpx resid 0.1156 highlight_ratio 0.044 (tgt sp<16 resid<0.035) *BEST->saved rising_streak=0/20
[v9e] epoch 13/300 n2n_mse=0.045799 lr=0.000096 pool_yaws=[10.3,10.0,0.8] pool_ms=1190 hist_ms=4919 batch_ms=8258 (239.1s)
[v9e] MONITOR epoch 13: val sparkle 0.0/Mpx resid 0.1147 highlight_ratio 0.049 score=3.278 | mirror sparkle 0.0/Mpx resid 0.1152 highlight_ratio 0.046 (tgt sp<16 resid<0.035) *BEST->saved rising_streak=0/20
[v9e] epoch 14/300 n2n_mse=0.051879 lr=0.000096 pool_yaws=[-12.1,17.2,15.3] pool_ms=1207 hist_ms=4936 batch_ms=8237 (256.0s)
[v9e] MONITOR epoch 14: val sparkle 0.0/Mpx resid 0.1144 highlight_ratio 0.051 score=3.268 | mirror sparkle 0.0/Mpx resid 0.1148 highlight_ratio 0.049 (tgt sp<16 resid<0.035) *BEST->saved rising_streak=0/20
[v9e] epoch 15/300 n2n_mse=0.049089 lr=0.000095 pool_yaws=[-13.5,19.3,-9.5] pool_ms=1185 hist_ms=4959 batch_ms=8879 (273.5s)
[v9e] MONITOR epoch 15: val sparkle 0.0/Mpx resid 0.1140 highlight_ratio 0.053 score=3.257 | mirror sparkle 0.0/Mpx resid 0.1143 highlight_ratio 0.052 (tgt sp<16 resid<0.035) *BEST->saved rising_streak=0/20
[v9e] epoch 16/300 n2n_mse=0.049521 lr=0.000095 pool_yaws=[26.1,-23.6,23.9] pool_ms=1246 hist_ms=4998 batch_ms=8558 (290.8s)
[v9e] MONITOR epoch 16: val sparkle 0.0/Mpx resid 0.1136 highlight_ratio 0.056 score=3.246 | mirror sparkle 0.0/Mpx resid 0.1139 highlight_ratio 0.055 (tgt sp<16 resid<0.035) *BEST->saved rising_streak=0/20
[v9e] epoch 17/300 n2n_mse=0.049204 lr=0.000095 pool_yaws=[23.1,-6.2,-7.8] pool_ms=1268 hist_ms=5025 batch_ms=9133 (308.7s)
[v9e] MONITOR epoch 17: val sparkle 0.0/Mpx resid 0.1132 highlight_ratio 0.058 score=3.235 | mirror sparkle 0.0/Mpx resid 0.1134 highlight_ratio 0.057 (tgt sp<16 resid<0.035) *BEST->saved rising_streak=0/20
[v9e] epoch 18/300 n2n_mse=0.046389 lr=0.000094 pool_yaws=[14.6,12.4,-18.9] pool_ms=1629 hist_ms=6204 batch_ms=8696 (328.6s)
[v9e] MONITOR epoch 18: val sparkle 0.0/Mpx resid 0.1128 highlight_ratio 0.061 score=3.224 | mirror sparkle 0.0/Mpx resid 0.1130 highlight_ratio 0.060 (tgt sp<16 resid<0.035) *BEST->saved rising_streak=0/20
[v9e] epoch 19/300 n2n_mse=0.047196 lr=0.000094 pool_yaws=[24.0,-14.9,10.1] pool_ms=2210 hist_ms=6136 batch_ms=10242 (349.9s)
[v9e] MONITOR epoch 19: val sparkle 0.0/Mpx resid 0.1124 highlight_ratio 0.063 score=3.212 | mirror sparkle 0.0/Mpx resid 0.1125 highlight_ratio 0.063 (tgt sp<16 resid<0.035) *BEST->saved rising_streak=0/20
[v9e] epoch 20/300 n2n_mse=0.046551 lr=0.000094 pool_yaws=[-17.7,2.4,-9.2] pool_ms=1414 hist_ms=5078 batch_ms=8668 (367.6s)
[v9e] MONITOR epoch 20: val sparkle 0.0/Mpx resid 0.1120 highlight_ratio 0.066 score=3.200 | mirror sparkle 0.0/Mpx resid 0.1120 highlight_ratio 0.067 (tgt sp<16 resid<0.035) *BEST->saved rising_streak=0/20
[v9e] epoch 21/300 n2n_mse=0.043326 lr=0.000093 pool_yaws=[-26.7,-21.8,12.4] pool_ms=1510 hist_ms=6036 batch_ms=11430 (389.1s)
[v9e] MONITOR epoch 21: val sparkle 0.0/Mpx resid 0.1116 highlight_ratio 0.069 score=3.187 | mirror sparkle 0.0/Mpx resid 0.1115 highlight_ratio 0.070 (tgt sp<16 resid<0.035) *BEST->saved rising_streak=0/20
[v9e] epoch 22/300 n2n_mse=0.047664 lr=0.000093 pool_yaws=[10.8,29.3,-16.4] pool_ms=1727 hist_ms=5169 batch_ms=9141 (407.7s)
[v9e] MONITOR epoch 22: val sparkle 0.0/Mpx resid 0.1111 highlight_ratio 0.072 score=3.175 | mirror sparkle 0.0/Mpx resid 0.1110 highlight_ratio 0.073 (tgt sp<16 resid<0.035) *BEST->saved rising_streak=0/20
[v9e] epoch 23/300 n2n_mse=0.042798 lr=0.000093 pool_yaws=[16.8,8.5,4.2] pool_ms=1676 hist_ms=5093 batch_ms=8682 (426.7s)
[v9e] MONITOR epoch 23: val sparkle 0.0/Mpx resid 0.1107 highlight_ratio 0.075 score=3.162 | mirror sparkle 0.0/Mpx resid 0.1105 highlight_ratio 0.076 (tgt sp<16 resid<0.035) *BEST->saved rising_streak=0/20
[v9e] epoch 24/300 n2n_mse=0.049083 lr=0.000093 pool_yaws=[-14.0,-9.2,14.2] pool_ms=1355 hist_ms=5074 batch_ms=8833 (444.5s)
[v9e] MONITOR epoch 24: val sparkle 0.0/Mpx resid 0.1102 highlight_ratio 0.079 score=3.148 | mirror sparkle 0.0/Mpx resid 0.1100 highlight_ratio 0.080 (tgt sp<16 resid<0.035) *BEST->saved rising_streak=0/20
[v9e] epoch 25/300 n2n_mse=0.048428 lr=0.000092 pool_yaws=[-5.4,24.6,0.7] pool_ms=1276 hist_ms=5057 batch_ms=8684 (462.1s)
[v9e] MONITOR epoch 25: val sparkle 0.0/Mpx resid 0.1097 highlight_ratio 0.083 score=3.134 | mirror sparkle 0.0/Mpx resid 0.1094 highlight_ratio 0.084 (tgt sp<16 resid<0.035) *BEST->saved rising_streak=0/20
[v9e] epoch 26/300 n2n_mse=0.046947 lr=0.000092 pool_yaws=[-8.8,17.3,26.4] pool_ms=1271 hist_ms=5050 batch_ms=9033 (480.0s)
[v9e] MONITOR epoch 26: val sparkle 0.0/Mpx resid 0.1092 highlight_ratio 0.088 score=3.120 | mirror sparkle 0.0/Mpx resid 0.1089 highlight_ratio 0.089 (tgt sp<16 resid<0.035) *BEST->saved rising_streak=0/20
[v9e] epoch 27/300 n2n_mse=0.042799 lr=0.000092 pool_yaws=[-19.1,10.4,-18.0] pool_ms=1204 hist_ms=6224 batch_ms=8954 (498.9s)
[v9e] MONITOR epoch 27: val sparkle 0.0/Mpx resid 0.1087 highlight_ratio 0.093 score=3.105 | mirror sparkle 0.0/Mpx resid 0.1083 highlight_ratio 0.094 (tgt sp<16 resid<0.035) *BEST->saved rising_streak=0/20
[v9e] epoch 28/300 n2n_mse=0.044475 lr=0.000091 pool_yaws=[-6.9,0.8,27.7] pool_ms=1295 hist_ms=5143 batch_ms=8857 (516.7s)
[v9e] MONITOR epoch 28: val sparkle 0.0/Mpx resid 0.1081 highlight_ratio 0.098 score=3.089 | mirror sparkle 0.0/Mpx resid 0.1077 highlight_ratio 0.099 (tgt sp<16 resid<0.035) *BEST->saved rising_streak=0/20
[v9e] epoch 29/300 n2n_mse=0.048844 lr=0.000091 pool_yaws=[25.2,-13.6,22.1] pool_ms=1265 hist_ms=5040 batch_ms=8679 (534.2s)
[v9e] MONITOR epoch 29: val sparkle 0.0/Mpx resid 0.1076 highlight_ratio 0.104 score=3.074 | mirror sparkle 0.0/Mpx resid 0.1072 highlight_ratio 0.105 (tgt sp<16 resid<0.035) *BEST->saved rising_streak=0/20
[v9e] epoch 30/300 n2n_mse=0.046696 lr=0.000091 pool_yaws=[27.9,-2.4,1.2] pool_ms=1301 hist_ms=5018 batch_ms=8698 (551.8s)
[v9e] MONITOR epoch 30: val sparkle 0.0/Mpx resid 0.1070 highlight_ratio 0.110 score=3.058 | mirror sparkle 0.0/Mpx resid 0.1066 highlight_ratio 0.111 (tgt sp<16 resid<0.035) *BEST->saved rising_streak=0/20
[v9e] epoch 31/300 n2n_mse=0.046412 lr=0.000091 pool_yaws=[-23.9,-12.8,24.5] pool_ms=1191 hist_ms=4979 batch_ms=8603 (569.1s)
[v9e] MONITOR epoch 31: val sparkle 0.0/Mpx resid 0.1065 highlight_ratio 0.116 score=3.042 | mirror sparkle 0.0/Mpx resid 0.1060 highlight_ratio 0.117 (tgt sp<16 resid<0.035) *BEST->saved rising_streak=0/20
[v9e] epoch 32/300 n2n_mse=0.046835 lr=0.000090 pool_yaws=[3.9,22.3,10.0] pool_ms=1217 hist_ms=4982 batch_ms=8521 (586.3s)
[v9e] MONITOR epoch 32: val sparkle 0.0/Mpx resid 0.1059 highlight_ratio 0.122 score=3.025 | mirror sparkle 0.0/Mpx resid 0.1054 highlight_ratio 0.124 (tgt sp<16 resid<0.035) *BEST->saved rising_streak=0/20
[v9e] epoch 33/300 n2n_mse=0.046553 lr=0.000090 pool_yaws=[-14.4,-13.5,-25.2] pool_ms=1375 hist_ms=4983 batch_ms=8544 (603.7s)
[v9e] MONITOR epoch 33: val sparkle 0.0/Mpx resid 0.1053 highlight_ratio 0.129 score=3.008 | mirror sparkle 0.0/Mpx resid 0.1047 highlight_ratio 0.130 (tgt sp<16 resid<0.035) *BEST->saved rising_streak=0/20
[v9e] epoch 34/300 n2n_mse=0.042908 lr=0.000090 pool_yaws=[18.4,-7.6,-8.6] pool_ms=1176 hist_ms=4970 batch_ms=8490 (620.9s)
[v9e] MONITOR epoch 34: val sparkle 0.0/Mpx resid 0.1046 highlight_ratio 0.136 score=2.990 | mirror sparkle 0.0/Mpx resid 0.1041 highlight_ratio 0.137 (tgt sp<16 resid<0.035) *BEST->saved rising_streak=0/20
[v9e] epoch 35/300 n2n_mse=0.037932 lr=0.000090 pool_yaws=[-25.3,9.4,17.9] pool_ms=1214 hist_ms=4941 batch_ms=8491 (638.0s)
[v9e] MONITOR epoch 35: val sparkle 0.0/Mpx resid 0.1040 highlight_ratio 0.143 score=2.972 | mirror sparkle 0.0/Mpx resid 0.1035 highlight_ratio 0.144 (tgt sp<16 resid<0.035) *BEST->saved rising_streak=0/20
[v9e] epoch 36/300 n2n_mse=0.043383 lr=0.000089 pool_yaws=[-9.3,16.8,-10.0] pool_ms=1187 hist_ms=4940 batch_ms=8671 (655.3s)
[v9e] MONITOR epoch 36: val sparkle 0.0/Mpx resid 0.1034 highlight_ratio 0.151 score=2.954 | mirror sparkle 0.0/Mpx resid 0.1028 highlight_ratio 0.151 (tgt sp<16 resid<0.035) *BEST->saved rising_streak=0/20
[v9e] epoch 37/300 n2n_mse=0.042707 lr=0.000089 pool_yaws=[14.3,-23.3,16.0] pool_ms=1191 hist_ms=4939 batch_ms=8481 (672.4s)
[v9e] MONITOR epoch 37: val sparkle 0.0/Mpx resid 0.1027 highlight_ratio 0.159 score=2.935 | mirror sparkle 0.0/Mpx resid 0.1022 highlight_ratio 0.159 (tgt sp<16 resid<0.035) *BEST->saved rising_streak=0/20
[v9e] epoch 38/300 n2n_mse=0.047610 lr=0.000089 pool_yaws=[18.7,-8.8,-23.9] pool_ms=1185 hist_ms=5065 batch_ms=9075 (690.2s)
[v9e] MONITOR epoch 38: val sparkle 0.0/Mpx resid 0.1021 highlight_ratio 0.166 score=2.916 | mirror sparkle 0.0/Mpx resid 0.1015 highlight_ratio 0.167 (tgt sp<16 resid<0.035) *BEST->saved rising_streak=0/20
[v9e] epoch 39/300 n2n_mse=0.039187 lr=0.000088 pool_yaws=[18.8,-27.8,9.0] pool_ms=1244 hist_ms=5025 batch_ms=8577 (707.6s)
[v9e] MONITOR epoch 39: val sparkle 0.0/Mpx resid 0.1014 highlight_ratio 0.174 score=2.897 | mirror sparkle 0.0/Mpx resid 0.1008 highlight_ratio 0.176 (tgt sp<16 resid<0.035) *BEST->saved rising_streak=0/20
[v9e] epoch 40/300 n2n_mse=0.044040 lr=0.000088 pool_yaws=[25.8,7.8,24.2] pool_ms=1209 hist_ms=5027 batch_ms=8563 (724.9s)
[v9e] MONITOR epoch 40: val sparkle 0.0/Mpx resid 0.1007 highlight_ratio 0.183 score=2.877 | mirror sparkle 0.0/Mpx resid 0.1001 highlight_ratio 0.184 (tgt sp<16 resid<0.035) *BEST->saved rising_streak=0/20
[v9e] epoch 41/300 n2n_mse=0.042220 lr=0.000088 pool_yaws=[22.0,-16.3,16.2] pool_ms=1233 hist_ms=5096 batch_ms=9227 (743.0s)
[v9e] MONITOR epoch 41: val sparkle 0.0/Mpx resid 0.1000 highlight_ratio 0.191 score=2.858 | mirror sparkle 0.0/Mpx resid 0.0994 highlight_ratio 0.193 (tgt sp<16 resid<0.035) *BEST->saved rising_streak=0/20
[v9e] epoch 42/300 n2n_mse=0.049408 lr=0.000088 pool_yaws=[26.7,0.6,-2.7] pool_ms=1194 hist_ms=5080 batch_ms=8915 (760.7s)
[v9e] MONITOR epoch 42: val sparkle 0.0/Mpx resid 0.0993 highlight_ratio 0.199 score=2.838 | mirror sparkle 0.0/Mpx resid 0.0987 highlight_ratio 0.202 (tgt sp<16 resid<0.035) *BEST->saved rising_streak=0/20
[v9e] epoch 43/300 n2n_mse=0.041843 lr=0.000087 pool_yaws=[-11.9,16.9,12.2] pool_ms=1224 hist_ms=5046 batch_ms=8642 (778.1s)
[v9e] MONITOR epoch 43: val sparkle 0.0/Mpx resid 0.0986 highlight_ratio 0.207 score=2.818 | mirror sparkle 0.0/Mpx resid 0.0980 highlight_ratio 0.210 (tgt sp<16 resid<0.035) *BEST->saved rising_streak=0/20
[v9e] epoch 44/300 n2n_mse=0.046433 lr=0.000087 pool_yaws=[-12.1,29.7,-18.3] pool_ms=1229 hist_ms=5050 batch_ms=8654 (795.6s)
[v9e] MONITOR epoch 44: val sparkle 0.0/Mpx resid 0.0980 highlight_ratio 0.216 score=2.799 | mirror sparkle 0.0/Mpx resid 0.0973 highlight_ratio 0.219 (tgt sp<16 resid<0.035) *BEST->saved rising_streak=0/20
[v9e] epoch 45/300 n2n_mse=0.048242 lr=0.000087 pool_yaws=[24.1,22.8,-26.5] pool_ms=1203 hist_ms=5057 batch_ms=9189 (813.6s)
[v9e] MONITOR epoch 45: val sparkle 0.0/Mpx resid 0.0973 highlight_ratio 0.225 score=2.779 | mirror sparkle 0.0/Mpx resid 0.0966 highlight_ratio 0.228 (tgt sp<16 resid<0.035) *BEST->saved rising_streak=0/20
[v9e] epoch 46/300 n2n_mse=0.042909 lr=0.000087 pool_yaws=[-7.9,-23.3,-26.9] pool_ms=1223 hist_ms=5056 batch_ms=8678 (831.1s)
[v9e] MONITOR epoch 46: val sparkle 0.0/Mpx resid 0.0966 highlight_ratio 0.233 score=2.759 | mirror sparkle 0.0/Mpx resid 0.0959 highlight_ratio 0.237 (tgt sp<16 resid<0.035) *BEST->saved rising_streak=0/20
[v9e] epoch 47/300 n2n_mse=0.045324 lr=0.000086 pool_yaws=[17.8,-17.1,20.5] pool_ms=1184 hist_ms=5034 batch_ms=8860 (848.7s)
[v9e] MONITOR epoch 47: val sparkle 0.0/Mpx resid 0.0959 highlight_ratio 0.242 score=2.739 | mirror sparkle 0.0/Mpx resid 0.0952 highlight_ratio 0.246 (tgt sp<16 resid<0.035) *BEST->saved rising_streak=0/20
[v9e] epoch 48/300 n2n_mse=0.042951 lr=0.000086 pool_yaws=[21.7,-5.3,-28.0] pool_ms=1363 hist_ms=5113 batch_ms=9013 (866.7s)
[v9e] MONITOR epoch 48: val sparkle 0.0/Mpx resid 0.0952 highlight_ratio 0.251 score=2.720 | mirror sparkle 0.0/Mpx resid 0.0945 highlight_ratio 0.255 (tgt sp<16 resid<0.035) *BEST->saved rising_streak=0/20
[v9e] epoch 49/300 n2n_mse=0.045168 lr=0.000086 pool_yaws=[20.8,-1.9,16.2] pool_ms=1278 hist_ms=5090 batch_ms=8731 (884.4s)
[v9e] MONITOR epoch 49: val sparkle 0.0/Mpx resid 0.0945 highlight_ratio 0.261 score=2.700 | mirror sparkle 0.0/Mpx resid 0.0938 highlight_ratio 0.264 (tgt sp<16 resid<0.035) *BEST->saved rising_streak=0/20
[v9e] epoch 50/300 n2n_mse=0.046411 lr=0.000086 pool_yaws=[14.6,27.3,18.0] pool_ms=1270 hist_ms=5082 batch_ms=8655 (901.9s)
[v9e] MONITOR epoch 50: val sparkle 0.0/Mpx resid 0.0938 highlight_ratio 0.270 score=2.680 | mirror sparkle 0.0/Mpx resid 0.0931 highlight_ratio 0.274 (tgt sp<16 resid<0.035) *BEST->saved rising_streak=0/20
[v9e] epoch 51/300 n2n_mse=0.039341 lr=0.000085 pool_yaws=[8.4,-15.4,-28.8] pool_ms=1245 hist_ms=5064 batch_ms=8665 (919.4s)
[v9e] MONITOR epoch 51: val sparkle 108.5/Mpx resid 0.0931 highlight_ratio 0.280 score=2.713 | mirror sparkle 0.0/Mpx resid 0.0924 highlight_ratio 0.283 (tgt sp<16 resid<0.035) rising_streak=0/20
[v9e] epoch 52/300 n2n_mse=0.043237 lr=0.000085 pool_yaws=[13.9,1.6,-2.9] pool_ms=1181 hist_ms=5058 batch_ms=8664 (936.9s)
[v9e] MONITOR epoch 52: val sparkle 108.5/Mpx resid 0.0924 highlight_ratio 0.289 score=2.713 | mirror sparkle 0.0/Mpx resid 0.0917 highlight_ratio 0.292 (tgt sp<16 resid<0.035) rising_streak=0/20
[v9e] epoch 53/300 n2n_mse=0.042240 lr=0.000085 pool_yaws=[14.3,0.6,19.9] pool_ms=1255 hist_ms=5100 batch_ms=8707 (954.5s)
[v9e] MONITOR epoch 53: val sparkle 217.0/Mpx resid 0.0917 highlight_ratio 0.299 score=5.425 | mirror sparkle 0.0/Mpx resid 0.0910 highlight_ratio 0.301 (tgt sp<16 resid<0.035) rising_streak=1/20
[v9e] epoch 54/300 n2n_mse=0.037775 lr=0.000085 pool_yaws=[11.4,-19.8,4.3] pool_ms=1205 hist_ms=5049 batch_ms=8603 (971.9s)
[v9e] MONITOR epoch 54: val sparkle 217.0/Mpx resid 0.0910 highlight_ratio 0.309 score=5.425 | mirror sparkle 0.0/Mpx resid 0.0903 highlight_ratio 0.311 (tgt sp<16 resid<0.035) rising_streak=2/20
[v9e] epoch 55/300 n2n_mse=0.040182 lr=0.000085 pool_yaws=[17.7,10.6,-25.5] pool_ms=1174 hist_ms=5050 batch_ms=8687 (989.3s)
[v9e] MONITOR epoch 55: val sparkle 217.0/Mpx resid 0.0903 highlight_ratio 0.319 score=5.425 | mirror sparkle 0.0/Mpx resid 0.0896 highlight_ratio 0.320 (tgt sp<16 resid<0.035) rising_streak=3/20
[v9e] epoch 56/300 n2n_mse=0.039955 lr=0.000084 pool_yaws=[0.1,7.6,15.2] pool_ms=1321 hist_ms=5159 batch_ms=8907 (1007.3s)
[v9e] MONITOR epoch 56: val sparkle 217.0/Mpx resid 0.0897 highlight_ratio 0.329 score=5.425 | mirror sparkle 0.0/Mpx resid 0.0889 highlight_ratio 0.330 (tgt sp<16 resid<0.035) rising_streak=4/20
[v9e] epoch 57/300 n2n_mse=0.043735 lr=0.000084 pool_yaws=[-1.7,-17.3,-27.1] pool_ms=1203 hist_ms=5069 batch_ms=8987 (1025.1s)
[v9e] MONITOR epoch 57: val sparkle 434.0/Mpx resid 0.0890 highlight_ratio 0.339 score=10.851 | mirror sparkle 0.0/Mpx resid 0.0882 highlight_ratio 0.339 (tgt sp<16 resid<0.035) rising_streak=5/20
[v9e] epoch 58/300 n2n_mse=0.041154 lr=0.000084 pool_yaws=[19.6,-6.1,8.1] pool_ms=1297 hist_ms=5229 batch_ms=8844 (1043.0s)
[v9e] MONITOR epoch 58: val sparkle 542.5/Mpx resid 0.0883 highlight_ratio 0.350 score=13.563 | mirror sparkle 0.0/Mpx resid 0.0875 highlight_ratio 0.349 (tgt sp<16 resid<0.035) rising_streak=6/20
[v9e] epoch 59/300 n2n_mse=0.036083 lr=0.000084 pool_yaws=[10.8,-19.9,-24.9] pool_ms=1398 hist_ms=5221 batch_ms=8982 (1061.3s)
[v9e] MONITOR epoch 59: val sparkle 542.5/Mpx resid 0.0876 highlight_ratio 0.361 score=13.563 | mirror sparkle 0.0/Mpx resid 0.0868 highlight_ratio 0.358 (tgt sp<16 resid<0.035) rising_streak=7/20
[v9e] epoch 60/300 n2n_mse=0.042609 lr=0.000083 pool_yaws=[-14.7,-24.5,-9.3] pool_ms=1363 hist_ms=5257 batch_ms=8948 (1079.4s)
[v9e] MONITOR epoch 60: val sparkle 651.0/Mpx resid 0.0869 highlight_ratio 0.372 score=16.276 | mirror sparkle 0.0/Mpx resid 0.0861 highlight_ratio 0.368 (tgt sp<16 resid<0.035) rising_streak=8/20
[v9e] epoch 61/300 n2n_mse=0.040893 lr=0.000083 pool_yaws=[-25.5,20.6,7.4] pool_ms=1347 hist_ms=5235 batch_ms=9041 (1097.7s)
[v9e] MONITOR epoch 61: val sparkle 651.0/Mpx resid 0.0862 highlight_ratio 0.383 score=16.276 | mirror sparkle 0.0/Mpx resid 0.0854 highlight_ratio 0.378 (tgt sp<16 resid<0.035) rising_streak=9/20
[v9e] epoch 62/300 n2n_mse=0.041737 lr=0.000083 pool_yaws=[11.7,1.5,-19.6] pool_ms=1378 hist_ms=5216 batch_ms=8944 (1115.8s)
[v9e] MONITOR epoch 62: val sparkle 651.0/Mpx resid 0.0856 highlight_ratio 0.394 score=16.276 | mirror sparkle 0.0/Mpx resid 0.0847 highlight_ratio 0.388 (tgt sp<16 resid<0.035) rising_streak=10/20
[v9e] epoch 63/300 n2n_mse=0.041688 lr=0.000083 pool_yaws=[-23.0,22.1,-4.0] pool_ms=1290 hist_ms=5207 batch_ms=9144 (1134.1s)
[v9e] MONITOR epoch 63: val sparkle 651.0/Mpx resid 0.0849 highlight_ratio 0.406 score=16.276 | mirror sparkle 0.0/Mpx resid 0.0840 highlight_ratio 0.398 (tgt sp<16 resid<0.035) rising_streak=11/20
[v9e] epoch 64/300 n2n_mse=0.038669 lr=0.000082 pool_yaws=[1.1,20.4,7.7] pool_ms=1285 hist_ms=5207 batch_ms=8807 (1152.0s)
[v9e] MONITOR epoch 64: val sparkle 651.0/Mpx resid 0.0842 highlight_ratio 0.417 score=16.276 | mirror sparkle 0.0/Mpx resid 0.0833 highlight_ratio 0.408 (tgt sp<16 resid<0.035) rising_streak=12/20
[v9e] epoch 65/300 n2n_mse=0.046485 lr=0.000082 pool_yaws=[-12.3,25.6,-14.9] pool_ms=1289 hist_ms=5210 batch_ms=8876 (1169.9s)
[v9e] MONITOR epoch 65: val sparkle 651.0/Mpx resid 0.0835 highlight_ratio 0.428 score=16.276 | mirror sparkle 0.0/Mpx resid 0.0826 highlight_ratio 0.418 (tgt sp<16 resid<0.035) rising_streak=13/20
[v9e] epoch 66/300 n2n_mse=0.045096 lr=0.000082 pool_yaws=[23.8,29.7,-6.6] pool_ms=1301 hist_ms=5172 batch_ms=8811 (1187.8s)
[v9e] MONITOR epoch 66: val sparkle 651.0/Mpx resid 0.0828 highlight_ratio 0.440 score=16.276 | mirror sparkle 0.0/Mpx resid 0.0819 highlight_ratio 0.428 (tgt sp<16 resid<0.035) rising_streak=14/20
[v9e] epoch 67/300 n2n_mse=0.042502 lr=0.000082 pool_yaws=[19.2,26.5,0.8] pool_ms=1302 hist_ms=5197 batch_ms=8846 (1205.7s)
[v9e] MONITOR epoch 67: val sparkle 651.0/Mpx resid 0.0822 highlight_ratio 0.452 score=16.276 | mirror sparkle 0.0/Mpx resid 0.0812 highlight_ratio 0.439 (tgt sp<16 resid<0.035) rising_streak=15/20
[v9e] epoch 68/300 n2n_mse=0.040151 lr=0.000082 pool_yaws=[24.7,16.6,0.5] pool_ms=1311 hist_ms=5173 batch_ms=8859 (1223.7s)
[v9e] MONITOR epoch 68: val sparkle 651.0/Mpx resid 0.0815 highlight_ratio 0.463 score=16.276 | mirror sparkle 0.0/Mpx resid 0.0806 highlight_ratio 0.449 (tgt sp<16 resid<0.035) rising_streak=16/20
[v9e] epoch 69/300 n2n_mse=0.044857 lr=0.000081 pool_yaws=[-17.0,25.3,-25.4] pool_ms=1313 hist_ms=5184 batch_ms=9027 (1241.8s)
[v9e] MONITOR epoch 69: val sparkle 651.0/Mpx resid 0.0809 highlight_ratio 0.475 score=16.276 | mirror sparkle 0.0/Mpx resid 0.0799 highlight_ratio 0.459 (tgt sp<16 resid<0.035) rising_streak=17/20
[v9e] epoch 70/300 n2n_mse=0.035891 lr=0.000081 pool_yaws=[-22.5,-27.0,-21.0] pool_ms=1332 hist_ms=5175 batch_ms=8788 (1259.6s)
[v9e] MONITOR epoch 70: val sparkle 759.5/Mpx resid 0.0802 highlight_ratio 0.487 score=18.989 | mirror sparkle 0.0/Mpx resid 0.0792 highlight_ratio 0.471 (tgt sp<16 resid<0.035) rising_streak=18/20
[v9e] epoch 71/300 n2n_mse=0.038430 lr=0.000081 pool_yaws=[12.8,13.3,12.0] pool_ms=1320 hist_ms=5190 batch_ms=8845 (1277.6s)
[v9e] MONITOR epoch 71: val sparkle 759.5/Mpx resid 0.0796 highlight_ratio 0.500 score=18.989 | mirror sparkle 0.0/Mpx resid 0.0785 highlight_ratio 0.482 (tgt sp<16 resid<0.035) rising_streak=19/20
[v9e] epoch 72/300 n2n_mse=0.040967 lr=0.000081 pool_yaws=[-21.3,17.7,29.1] pool_ms=1273 hist_ms=5186 batch_ms=8860 (1295.5s)
[v9e] MONITOR epoch 72: val sparkle 759.5/Mpx resid 0.0790 highlight_ratio 0.512 score=18.989 | mirror sparkle 0.0/Mpx resid 0.0778 highlight_ratio 0.494 (tgt sp<16 resid<0.035) rising_streak=20/20
[v9e] CURE 2 ABORT-ON-DETONATION: score exceeded best*1.05 for 20 consecutive monitor epochs (>= 20) at epoch 72 — stopping, keeping best (score=2.680)
[v9e] training done in 1298.1s (best score=2.680)
[v9e] wrote /Users/pascaldisse/projects/magic-crystal-v9body/packages/scrying-glass/data/rdirect-weights-v9e.bin sha256=a2fe6d71d8e3bfb9bf9b5a100d5fe521bfdf664963506554f4be962f37ed561d
[v9e] wrote provenance. tag=v9e weights=/Users/pascaldisse/projects/magic-crystal-v9body/packages/scrying-glass/data/rdirect-weights-v9e.bin
