[v9f] GAIA_V7_SKY_HISTORY reject=true — mandate expects true (set GAIA_V7_SKY_HISTORY=reject)
[v9f] res 128x72 K=3 steps, GAIA_V9_K=8 noise2noise draws (variance/8, teacher validator-only)
[v9f] WATCHDOG two-signal: score_streak=20 LOG-ONLY, resid_streak=20 ABORT, bar-res probe every 25 epochs at 640x480 (K=3 ref=64) ABORT on sparkle>=16
[v9f] POSE DIVERSITY POOL (v9c/v9e parity): orbit±30deg jitter±0.6 around 2 anchors (front-pivot family x2 draws/epoch, wide-anchor family x1 draw/epoch) + mirror unconditional (fixed) — fresh draws every epoch, CURE 3 winsorize_k=0 (OFF if 0)
[v9f] rendered mirror(train) + 2 VALIDATOR (orbit_-20, mirror — FIXED, held-out) pose sequences (128x72, teacher 64 VALIDATOR ONLY, pan_step=0.004, mirror_spp=4) in 1.6s
[v9f] UnetConfig widths=[24, 40, 64] n_scales=3 params≈163083
[v9f] MONITOR epoch -1 (fresh He-init): val sparkle 0.0/Mpx resid 0.1179 highlight_ratio 0.025 score=3.368 | mirror sparkle 0.0/Mpx resid 0.1194 highlight_ratio 0.020 (tgt sp<16 resid<0.035) *BEST->saved score_streak=0/20(LOG-ONLY) resid_streak=0/20(ABORT)
[v9f] epoch 0/300 n2n_mse=0.143366 lr=0.000100 pool_yaws=[-11.4,9.4,1.9] pool_ms=1406 hist_ms=5089 batch_ms=8308 (14.8s)
[v9f] MONITOR epoch 0: val sparkle 0.0/Mpx resid 0.1178 highlight_ratio 0.026 score=3.367 | mirror sparkle 0.0/Mpx resid 0.1193 highlight_ratio 0.020 (tgt sp<16 resid<0.035) *BEST->saved score_streak=0/20(LOG-ONLY) resid_streak=0/20(ABORT)
[v9f] epoch 1/300 n2n_mse=0.091247 lr=0.000100 pool_yaws=[26.6,15.3,11.3] pool_ms=1394 hist_ms=5039 batch_ms=8814 (32.6s)
[v9f] MONITOR epoch 1: val sparkle 0.0/Mpx resid 0.1177 highlight_ratio 0.026 score=3.364 | mirror sparkle 0.0/Mpx resid 0.1191 highlight_ratio 0.021 (tgt sp<16 resid<0.035) *BEST->saved score_streak=0/20(LOG-ONLY) resid_streak=0/20(ABORT)
[v9f] epoch 2/300 n2n_mse=0.064535 lr=0.000099 pool_yaws=[-15.3,-29.4,-9.5] pool_ms=1371 hist_ms=5038 batch_ms=7956 (49.5s)
[v9f] MONITOR epoch 2: val sparkle 0.0/Mpx resid 0.1176 highlight_ratio 0.028 score=3.359 | mirror sparkle 0.0/Mpx resid 0.1189 highlight_ratio 0.023 (tgt sp<16 resid<0.035) *BEST->saved score_streak=0/20(LOG-ONLY) resid_streak=0/20(ABORT)
[v9f] epoch 3/300 n2n_mse=0.065264 lr=0.000099 pool_yaws=[25.5,-14.4,9.6] pool_ms=1410 hist_ms=5036 batch_ms=8259 (66.7s)
[v9f] MONITOR epoch 3: val sparkle 0.0/Mpx resid 0.1174 highlight_ratio 0.029 score=3.354 | mirror sparkle 0.0/Mpx resid 0.1186 highlight_ratio 0.024 (tgt sp<16 resid<0.035) *BEST->saved score_streak=0/20(LOG-ONLY) resid_streak=0/20(ABORT)
[v9f] epoch 4/300 n2n_mse=0.057526 lr=0.000099 pool_yaws=[-23.2,-5.2,30.0] pool_ms=1649 hist_ms=5066 batch_ms=8281 (84.3s)
[v9f] MONITOR epoch 4: val sparkle 0.0/Mpx resid 0.1172 highlight_ratio 0.031 score=3.348 | mirror sparkle 0.0/Mpx resid 0.1183 highlight_ratio 0.026 (tgt sp<16 resid<0.035) *BEST->saved score_streak=0/20(LOG-ONLY) resid_streak=0/20(ABORT)
[v9f] epoch 5/300 n2n_mse=0.050747 lr=0.000098 pool_yaws=[-1.9,-30.0,5.6] pool_ms=1420 hist_ms=5045 batch_ms=7968 (101.3s)
[v9f] MONITOR epoch 5: val sparkle 0.0/Mpx resid 0.1170 highlight_ratio 0.033 score=3.342 | mirror sparkle 0.0/Mpx resid 0.1180 highlight_ratio 0.028 (tgt sp<16 resid<0.035) *BEST->saved score_streak=0/20(LOG-ONLY) resid_streak=0/20(ABORT)
[v9f] epoch 6/300 n2n_mse=0.059401 lr=0.000098 pool_yaws=[-3.4,-16.4,26.5] pool_ms=1421 hist_ms=5037 batch_ms=8279 (118.5s)
[v9f] MONITOR epoch 6: val sparkle 0.0/Mpx resid 0.1168 highlight_ratio 0.034 score=3.336 | mirror sparkle 0.0/Mpx resid 0.1177 highlight_ratio 0.030 (tgt sp<16 resid<0.035) *BEST->saved score_streak=0/20(LOG-ONLY) resid_streak=0/20(ABORT)
[v9f] epoch 7/300 n2n_mse=0.051936 lr=0.000098 pool_yaws=[15.1,-26.0,-26.1] pool_ms=1445 hist_ms=5037 batch_ms=8159 (135.7s)
[v9f] MONITOR epoch 7: val sparkle 0.0/Mpx resid 0.1165 highlight_ratio 0.036 score=3.329 | mirror sparkle 0.0/Mpx resid 0.1174 highlight_ratio 0.032 (tgt sp<16 resid<0.035) *BEST->saved score_streak=0/20(LOG-ONLY) resid_streak=0/20(ABORT)
[v9f] epoch 8/300 n2n_mse=0.049218 lr=0.000097 pool_yaws=[-4.7,-27.3,-28.4] pool_ms=1376 hist_ms=5035 batch_ms=8063 (152.7s)
[v9f] MONITOR epoch 8: val sparkle 0.0/Mpx resid 0.1163 highlight_ratio 0.038 score=3.322 | mirror sparkle 0.0/Mpx resid 0.1171 highlight_ratio 0.034 (tgt sp<16 resid<0.035) *BEST->saved score_streak=0/20(LOG-ONLY) resid_streak=0/20(ABORT)
[v9f] epoch 9/300 n2n_mse=0.054066 lr=0.000097 pool_yaws=[-16.6,16.3,-12.3] pool_ms=1396 hist_ms=5035 batch_ms=8356 (170.0s)
[v9f] MONITOR epoch 9: val sparkle 0.0/Mpx resid 0.1160 highlight_ratio 0.040 score=3.314 | mirror sparkle 0.0/Mpx resid 0.1167 highlight_ratio 0.036 (tgt sp<16 resid<0.035) *BEST->saved score_streak=0/20(LOG-ONLY) resid_streak=0/20(ABORT)
[v9f] epoch 10/300 n2n_mse=0.052386 lr=0.000097 pool_yaws=[-7.2,-2.3,-6.6] pool_ms=1329 hist_ms=5034 batch_ms=8335 (187.2s)
[v9f] MONITOR epoch 10: val sparkle 0.0/Mpx resid 0.1157 highlight_ratio 0.042 score=3.306 | mirror sparkle 0.0/Mpx resid 0.1164 highlight_ratio 0.039 (tgt sp<16 resid<0.035) *BEST->saved score_streak=0/20(LOG-ONLY) resid_streak=0/20(ABORT)
[v9f] epoch 11/300 n2n_mse=0.054349 lr=0.000096 pool_yaws=[-8.2,6.3,-23.2] pool_ms=1399 hist_ms=5034 batch_ms=8359 (204.5s)
[v9f] MONITOR epoch 11: val sparkle 0.0/Mpx resid 0.1154 highlight_ratio 0.044 score=3.297 | mirror sparkle 0.0/Mpx resid 0.1160 highlight_ratio 0.041 (tgt sp<16 resid<0.035) *BEST->saved score_streak=0/20(LOG-ONLY) resid_streak=0/20(ABORT)
[v9f] epoch 12/300 n2n_mse=0.049428 lr=0.000096 pool_yaws=[16.1,-29.0,19.2] pool_ms=1383 hist_ms=5032 batch_ms=8142 (221.6s)
[v9f] MONITOR epoch 12: val sparkle 0.0/Mpx resid 0.1151 highlight_ratio 0.046 score=3.288 | mirror sparkle 0.0/Mpx resid 0.1156 highlight_ratio 0.044 (tgt sp<16 resid<0.035) *BEST->saved score_streak=0/20(LOG-ONLY) resid_streak=0/20(ABORT)
[v9f] epoch 13/300 n2n_mse=0.046119 lr=0.000096 pool_yaws=[10.3,10.0,0.8] pool_ms=1360 hist_ms=5034 batch_ms=8518 (239.0s)
[v9f] MONITOR epoch 13: val sparkle 0.0/Mpx resid 0.1147 highlight_ratio 0.049 score=3.278 | mirror sparkle 0.0/Mpx resid 0.1152 highlight_ratio 0.046 (tgt sp<16 resid<0.035) *BEST->saved score_streak=0/20(LOG-ONLY) resid_streak=0/20(ABORT)
[v9f] epoch 14/300 n2n_mse=0.052047 lr=0.000096 pool_yaws=[-12.1,17.2,15.3] pool_ms=1451 hist_ms=5045 batch_ms=8315 (256.4s)
[v9f] MONITOR epoch 14: val sparkle 0.0/Mpx resid 0.1144 highlight_ratio 0.051 score=3.268 | mirror sparkle 0.0/Mpx resid 0.1148 highlight_ratio 0.049 (tgt sp<16 resid<0.035) *BEST->saved score_streak=0/20(LOG-ONLY) resid_streak=0/20(ABORT)
[v9f] epoch 15/300 n2n_mse=0.049350 lr=0.000095 pool_yaws=[-13.5,19.3,-9.5] pool_ms=1386 hist_ms=5035 batch_ms=8388 (273.7s)
[v9f] MONITOR epoch 15: val sparkle 0.0/Mpx resid 0.1140 highlight_ratio 0.053 score=3.257 | mirror sparkle 0.0/Mpx resid 0.1143 highlight_ratio 0.052 (tgt sp<16 resid<0.035) *BEST->saved score_streak=0/20(LOG-ONLY) resid_streak=0/20(ABORT)
[v9f] epoch 16/300 n2n_mse=0.049654 lr=0.000095 pool_yaws=[26.1,-23.6,23.9] pool_ms=1363 hist_ms=5030 batch_ms=8407 (291.0s)
[v9f] MONITOR epoch 16: val sparkle 0.0/Mpx resid 0.1136 highlight_ratio 0.056 score=3.246 | mirror sparkle 0.0/Mpx resid 0.1139 highlight_ratio 0.055 (tgt sp<16 resid<0.035) *BEST->saved score_streak=0/20(LOG-ONLY) resid_streak=0/20(ABORT)
[v9f] epoch 17/300 n2n_mse=0.049494 lr=0.000095 pool_yaws=[23.1,-6.2,-7.8] pool_ms=1407 hist_ms=5033 batch_ms=8516 (308.5s)
[v9f] MONITOR epoch 17: val sparkle 0.0/Mpx resid 0.1132 highlight_ratio 0.058 score=3.235 | mirror sparkle 0.0/Mpx resid 0.1134 highlight_ratio 0.058 (tgt sp<16 resid<0.035) *BEST->saved score_streak=0/20(LOG-ONLY) resid_streak=0/20(ABORT)
[v9f] epoch 18/300 n2n_mse=0.046793 lr=0.000094 pool_yaws=[14.6,12.4,-18.9] pool_ms=1426 hist_ms=5041 batch_ms=8500 (326.0s)
[v9f] MONITOR epoch 18: val sparkle 0.0/Mpx resid 0.1128 highlight_ratio 0.061 score=3.224 | mirror sparkle 0.0/Mpx resid 0.1129 highlight_ratio 0.060 (tgt sp<16 resid<0.035) *BEST->saved score_streak=0/20(LOG-ONLY) resid_streak=0/20(ABORT)
[v9f] epoch 19/300 n2n_mse=0.047393 lr=0.000094 pool_yaws=[24.0,-14.9,10.1] pool_ms=1339 hist_ms=5035 batch_ms=8582 (343.5s)
[v9f] MONITOR epoch 19: val sparkle 0.0/Mpx resid 0.1124 highlight_ratio 0.064 score=3.212 | mirror sparkle 0.0/Mpx resid 0.1125 highlight_ratio 0.063 (tgt sp<16 resid<0.035) *BEST->saved score_streak=0/20(LOG-ONLY) resid_streak=0/20(ABORT)
[v9f] epoch 20/300 n2n_mse=0.046758 lr=0.000094 pool_yaws=[-17.7,2.4,-9.2] pool_ms=1380 hist_ms=5033 batch_ms=8608 (361.0s)
[v9f] MONITOR epoch 20: val sparkle 0.0/Mpx resid 0.1120 highlight_ratio 0.066 score=3.200 | mirror sparkle 0.0/Mpx resid 0.1120 highlight_ratio 0.067 (tgt sp<16 resid<0.035) *BEST->saved score_streak=0/20(LOG-ONLY) resid_streak=0/20(ABORT)
[v9f] epoch 21/300 n2n_mse=0.043586 lr=0.000093 pool_yaws=[-26.7,-21.8,12.4] pool_ms=1388 hist_ms=5038 batch_ms=8589 (378.6s)
[v9f] MONITOR epoch 21: val sparkle 0.0/Mpx resid 0.1116 highlight_ratio 0.069 score=3.187 | mirror sparkle 0.0/Mpx resid 0.1115 highlight_ratio 0.070 (tgt sp<16 resid<0.035) *BEST->saved score_streak=0/20(LOG-ONLY) resid_streak=0/20(ABORT)
[v9f] epoch 22/300 n2n_mse=0.047934 lr=0.000093 pool_yaws=[10.8,29.3,-16.4] pool_ms=1422 hist_ms=5034 batch_ms=8650 (396.2s)
[v9f] MONITOR epoch 22: val sparkle 0.0/Mpx resid 0.1111 highlight_ratio 0.072 score=3.174 | mirror sparkle 0.0/Mpx resid 0.1110 highlight_ratio 0.073 (tgt sp<16 resid<0.035) *BEST->saved score_streak=0/20(LOG-ONLY) resid_streak=0/20(ABORT)
[v9f] epoch 23/300 n2n_mse=0.043139 lr=0.000093 pool_yaws=[16.8,8.5,4.2] pool_ms=1450 hist_ms=5060 batch_ms=8587 (413.8s)
[v9f] MONITOR epoch 23: val sparkle 0.0/Mpx resid 0.1107 highlight_ratio 0.075 score=3.161 | mirror sparkle 0.0/Mpx resid 0.1105 highlight_ratio 0.076 (tgt sp<16 resid<0.035) *BEST->saved score_streak=0/20(LOG-ONLY) resid_streak=0/20(ABORT)
[v9f] epoch 24/300 n2n_mse=0.049297 lr=0.000093 pool_yaws=[-14.0,-9.2,14.2] pool_ms=1458 hist_ms=5031 batch_ms=8646 (431.5s)
[v9f] MONITOR epoch 24: val sparkle 0.0/Mpx resid 0.1102 highlight_ratio 0.079 score=3.148 | mirror sparkle 0.0/Mpx resid 0.1099 highlight_ratio 0.080 (tgt sp<16 resid<0.035) *BEST->saved score_streak=0/20(LOG-ONLY) resid_streak=0/20(ABORT)
[v9f] PROBE epoch 24: bar-res(640x480) sparkle 0.0/Mpx resid 0.1211 highlight_ratio 0.055 (tgt sp<16 resid<0.035) took 45.2s
[v9f] epoch 25/300 n2n_mse=0.048652 lr=0.000092 pool_yaws=[-5.4,24.6,0.7] pool_ms=1530 hist_ms=5064 batch_ms=8817 (494.6s)
[v9f] MONITOR epoch 25: val sparkle 0.0/Mpx resid 0.1097 highlight_ratio 0.083 score=3.134 | mirror sparkle 0.0/Mpx resid 0.1094 highlight_ratio 0.084 (tgt sp<16 resid<0.035) *BEST->saved score_streak=0/20(LOG-ONLY) resid_streak=0/20(ABORT)
[v9f] epoch 26/300 n2n_mse=0.047065 lr=0.000092 pool_yaws=[-8.8,17.3,26.4] pool_ms=1487 hist_ms=5066 batch_ms=8738 (512.4s)
[v9f] MONITOR epoch 26: val sparkle 0.0/Mpx resid 0.1092 highlight_ratio 0.088 score=3.119 | mirror sparkle 0.0/Mpx resid 0.1089 highlight_ratio 0.089 (tgt sp<16 resid<0.035) *BEST->saved score_streak=0/20(LOG-ONLY) resid_streak=0/20(ABORT)
[v9f] epoch 27/300 n2n_mse=0.043233 lr=0.000092 pool_yaws=[-19.1,10.4,-18.0] pool_ms=1486 hist_ms=5070 batch_ms=8907 (530.4s)
[v9f] MONITOR epoch 27: val sparkle 0.0/Mpx resid 0.1087 highlight_ratio 0.093 score=3.104 | mirror sparkle 0.0/Mpx resid 0.1083 highlight_ratio 0.094 (tgt sp<16 resid<0.035) *BEST->saved score_streak=0/20(LOG-ONLY) resid_streak=0/20(ABORT)
[v9f] epoch 28/300 n2n_mse=0.044629 lr=0.000091 pool_yaws=[-6.9,0.8,27.7] pool_ms=1471 hist_ms=5044 batch_ms=9631 (549.1s)
[v9f] MONITOR epoch 28: val sparkle 0.0/Mpx resid 0.1081 highlight_ratio 0.098 score=3.089 | mirror sparkle 0.0/Mpx resid 0.1077 highlight_ratio 0.099 (tgt sp<16 resid<0.035) *BEST->saved score_streak=0/20(LOG-ONLY) resid_streak=0/20(ABORT)
[v9f] epoch 29/300 n2n_mse=0.048994 lr=0.000091 pool_yaws=[25.2,-13.6,22.1] pool_ms=1474 hist_ms=5044 batch_ms=8675 (566.8s)
[v9f] MONITOR epoch 29: val sparkle 0.0/Mpx resid 0.1076 highlight_ratio 0.104 score=3.074 | mirror sparkle 0.0/Mpx resid 0.1071 highlight_ratio 0.105 (tgt sp<16 resid<0.035) *BEST->saved score_streak=0/20(LOG-ONLY) resid_streak=0/20(ABORT)
[v9f] epoch 30/300 n2n_mse=0.046949 lr=0.000091 pool_yaws=[27.9,-2.4,1.2] pool_ms=1476 hist_ms=5054 batch_ms=8643 (584.5s)
[v9f] MONITOR epoch 30: val sparkle 0.0/Mpx resid 0.1070 highlight_ratio 0.110 score=3.058 | mirror sparkle 0.0/Mpx resid 0.1066 highlight_ratio 0.111 (tgt sp<16 resid<0.035) *BEST->saved score_streak=0/20(LOG-ONLY) resid_streak=0/20(ABORT)
[v9f] epoch 31/300 n2n_mse=0.046741 lr=0.000091 pool_yaws=[-23.9,-12.8,24.5] pool_ms=1181 hist_ms=4988 batch_ms=8737 (601.9s)
[v9f] MONITOR epoch 31: val sparkle 0.0/Mpx resid 0.1064 highlight_ratio 0.116 score=3.041 | mirror sparkle 0.0/Mpx resid 0.1060 highlight_ratio 0.117 (tgt sp<16 resid<0.035) *BEST->saved score_streak=0/20(LOG-ONLY) resid_streak=0/20(ABORT)
[v9f] epoch 32/300 n2n_mse=0.046946 lr=0.000090 pool_yaws=[3.9,22.3,10.0] pool_ms=1517 hist_ms=5054 batch_ms=8481 (619.5s)
[v9f] MONITOR epoch 32: val sparkle 0.0/Mpx resid 0.1059 highlight_ratio 0.123 score=3.024 | mirror sparkle 0.0/Mpx resid 0.1054 highlight_ratio 0.124 (tgt sp<16 resid<0.035) *BEST->saved score_streak=0/20(LOG-ONLY) resid_streak=0/20(ABORT)
[v9f] epoch 33/300 n2n_mse=0.046850 lr=0.000090 pool_yaws=[-14.4,-13.5,-25.2] pool_ms=1193 hist_ms=4943 batch_ms=8476 (636.6s)
[v9f] MONITOR epoch 33: val sparkle 0.0/Mpx resid 0.1052 highlight_ratio 0.129 score=3.007 | mirror sparkle 0.0/Mpx resid 0.1047 highlight_ratio 0.130 (tgt sp<16 resid<0.035) *BEST->saved score_streak=0/20(LOG-ONLY) resid_streak=0/20(ABORT)
[v9f] epoch 34/300 n2n_mse=0.043109 lr=0.000090 pool_yaws=[18.4,-7.6,-8.6] pool_ms=1179 hist_ms=4948 batch_ms=8621 (653.8s)
[v9f] MONITOR epoch 34: val sparkle 0.0/Mpx resid 0.1046 highlight_ratio 0.136 score=2.989 | mirror sparkle 0.0/Mpx resid 0.1041 highlight_ratio 0.137 (tgt sp<16 resid<0.035) *BEST->saved score_streak=0/20(LOG-ONLY) resid_streak=0/20(ABORT)
[v9f] epoch 35/300 n2n_mse=0.038131 lr=0.000090 pool_yaws=[-25.3,9.4,17.9] pool_ms=1537 hist_ms=5039 batch_ms=8562 (671.5s)
[v9f] MONITOR epoch 35: val sparkle 0.0/Mpx resid 0.1040 highlight_ratio 0.144 score=2.971 | mirror sparkle 0.0/Mpx resid 0.1035 highlight_ratio 0.144 (tgt sp<16 resid<0.035) *BEST->saved score_streak=0/20(LOG-ONLY) resid_streak=0/20(ABORT)
[v9f] epoch 36/300 n2n_mse=0.043640 lr=0.000089 pool_yaws=[-9.3,16.8,-10.0] pool_ms=1494 hist_ms=5075 batch_ms=8592 (689.2s)
[v9f] MONITOR epoch 36: val sparkle 0.0/Mpx resid 0.1034 highlight_ratio 0.151 score=2.953 | mirror sparkle 0.0/Mpx resid 0.1028 highlight_ratio 0.152 (tgt sp<16 resid<0.035) *BEST->saved score_streak=0/20(LOG-ONLY) resid_streak=0/20(ABORT)
[v9f] epoch 37/300 n2n_mse=0.042983 lr=0.000089 pool_yaws=[14.3,-23.3,16.0] pool_ms=1484 hist_ms=5044 batch_ms=8608 (706.8s)
[v9f] MONITOR epoch 37: val sparkle 0.0/Mpx resid 0.1027 highlight_ratio 0.159 score=2.934 | mirror sparkle 0.0/Mpx resid 0.1021 highlight_ratio 0.160 (tgt sp<16 resid<0.035) *BEST->saved score_streak=0/20(LOG-ONLY) resid_streak=0/20(ABORT)
[v9f] epoch 38/300 n2n_mse=0.047928 lr=0.000089 pool_yaws=[18.7,-8.8,-23.9] pool_ms=1518 hist_ms=5047 batch_ms=9987 (725.9s)
[v9f] MONITOR epoch 38: val sparkle 0.0/Mpx resid 0.1020 highlight_ratio 0.167 score=2.915 | mirror sparkle 0.0/Mpx resid 0.1015 highlight_ratio 0.168 (tgt sp<16 resid<0.035) *BEST->saved score_streak=0/20(LOG-ONLY) resid_streak=0/20(ABORT)
[v9f] epoch 39/300 n2n_mse=0.039446 lr=0.000088 pool_yaws=[18.8,-27.8,9.0] pool_ms=1526 hist_ms=5048 batch_ms=8478 (743.5s)
[v9f] MONITOR epoch 39: val sparkle 0.0/Mpx resid 0.1013 highlight_ratio 0.175 score=2.896 | mirror sparkle 0.0/Mpx resid 0.1008 highlight_ratio 0.176 (tgt sp<16 resid<0.035) *BEST->saved score_streak=0/20(LOG-ONLY) resid_streak=0/20(ABORT)
[v9f] epoch 40/300 n2n_mse=0.044274 lr=0.000088 pool_yaws=[25.8,7.8,24.2] pool_ms=1479 hist_ms=5051 batch_ms=8622 (761.2s)
[v9f] MONITOR epoch 40: val sparkle 0.0/Mpx resid 0.1007 highlight_ratio 0.183 score=2.876 | mirror sparkle 0.0/Mpx resid 0.1001 highlight_ratio 0.185 (tgt sp<16 resid<0.035) *BEST->saved score_streak=0/20(LOG-ONLY) resid_streak=0/20(ABORT)
[v9f] epoch 41/300 n2n_mse=0.042593 lr=0.000088 pool_yaws=[22.0,-16.3,16.2] pool_ms=1482 hist_ms=5044 batch_ms=8922 (779.1s)
[v9f] MONITOR epoch 41: val sparkle 0.0/Mpx resid 0.1000 highlight_ratio 0.191 score=2.857 | mirror sparkle 0.0/Mpx resid 0.0994 highlight_ratio 0.193 (tgt sp<16 resid<0.035) *BEST->saved score_streak=0/20(LOG-ONLY) resid_streak=0/20(ABORT)
[v9f] epoch 42/300 n2n_mse=0.049549 lr=0.000088 pool_yaws=[26.7,0.6,-2.7] pool_ms=1525 hist_ms=5056 batch_ms=9319 (797.6s)
[v9f] MONITOR epoch 42: val sparkle 0.0/Mpx resid 0.0993 highlight_ratio 0.200 score=2.837 | mirror sparkle 0.0/Mpx resid 0.0987 highlight_ratio 0.202 (tgt sp<16 resid<0.035) *BEST->saved score_streak=0/20(LOG-ONLY) resid_streak=0/20(ABORT)
[v9f] epoch 43/300 n2n_mse=0.042183 lr=0.000087 pool_yaws=[-11.9,16.9,12.2] pool_ms=1542 hist_ms=5131 batch_ms=8974 (815.8s)
[v9f] MONITOR epoch 43: val sparkle 0.0/Mpx resid 0.0986 highlight_ratio 0.208 score=2.817 | mirror sparkle 0.0/Mpx resid 0.0980 highlight_ratio 0.211 (tgt sp<16 resid<0.035) *BEST->saved score_streak=0/20(LOG-ONLY) resid_streak=0/20(ABORT)
[v9f] epoch 44/300 n2n_mse=0.046746 lr=0.000087 pool_yaws=[-12.1,29.7,-18.3] pool_ms=1499 hist_ms=5233 batch_ms=8966 (834.0s)
[v9f] MONITOR epoch 44: val sparkle 0.0/Mpx resid 0.0979 highlight_ratio 0.217 score=2.797 | mirror sparkle 0.0/Mpx resid 0.0973 highlight_ratio 0.220 (tgt sp<16 resid<0.035) *BEST->saved score_streak=0/20(LOG-ONLY) resid_streak=0/20(ABORT)
[v9f] epoch 45/300 n2n_mse=0.048387 lr=0.000087 pool_yaws=[24.1,22.8,-26.5] pool_ms=1489 hist_ms=5145 batch_ms=8813 (852.0s)
[v9f] MONITOR epoch 45: val sparkle 0.0/Mpx resid 0.0972 highlight_ratio 0.226 score=2.778 | mirror sparkle 0.0/Mpx resid 0.0966 highlight_ratio 0.229 (tgt sp<16 resid<0.035) *BEST->saved score_streak=0/20(LOG-ONLY) resid_streak=0/20(ABORT)
[v9f] epoch 46/300 n2n_mse=0.043344 lr=0.000087 pool_yaws=[-7.9,-23.3,-26.9] pool_ms=1493 hist_ms=5161 batch_ms=8829 (870.1s)
[v9f] MONITOR epoch 46: val sparkle 0.0/Mpx resid 0.0965 highlight_ratio 0.234 score=2.758 | mirror sparkle 0.0/Mpx resid 0.0959 highlight_ratio 0.238 (tgt sp<16 resid<0.035) *BEST->saved score_streak=0/20(LOG-ONLY) resid_streak=0/20(ABORT)
[v9f] epoch 47/300 n2n_mse=0.045465 lr=0.000086 pool_yaws=[17.8,-17.1,20.5] pool_ms=1509 hist_ms=5130 batch_ms=8801 (888.1s)
[v9f] MONITOR epoch 47: val sparkle 0.0/Mpx resid 0.0958 highlight_ratio 0.243 score=2.738 | mirror sparkle 0.0/Mpx resid 0.0952 highlight_ratio 0.247 (tgt sp<16 resid<0.035) *BEST->saved score_streak=0/20(LOG-ONLY) resid_streak=0/20(ABORT)
[v9f] epoch 48/300 n2n_mse=0.043214 lr=0.000086 pool_yaws=[21.7,-5.3,-28.0] pool_ms=1494 hist_ms=5118 batch_ms=8808 (906.1s)
[v9f] MONITOR epoch 48: val sparkle 0.0/Mpx resid 0.0951 highlight_ratio 0.253 score=2.718 | mirror sparkle 0.0/Mpx resid 0.0945 highlight_ratio 0.256 (tgt sp<16 resid<0.035) *BEST->saved score_streak=0/20(LOG-ONLY) resid_streak=0/20(ABORT)
[v9f] epoch 49/300 n2n_mse=0.045418 lr=0.000086 pool_yaws=[20.8,-1.9,16.2] pool_ms=1509 hist_ms=5159 batch_ms=10602 (926.0s)
[v9f] MONITOR epoch 49: val sparkle 0.0/Mpx resid 0.0944 highlight_ratio 0.262 score=2.698 | mirror sparkle 0.0/Mpx resid 0.0938 highlight_ratio 0.266 (tgt sp<16 resid<0.035) *BEST->saved score_streak=0/20(LOG-ONLY) resid_streak=0/20(ABORT)
[v9f] PROBE epoch 49: bar-res(640x480) sparkle 0.0/Mpx resid 0.1052 highlight_ratio 0.192 (tgt sp<16 resid<0.035) took 44.3s
[v9f] epoch 50/300 n2n_mse=0.046750 lr=0.000086 pool_yaws=[14.6,27.3,18.0] pool_ms=1496 hist_ms=5148 batch_ms=8853 (988.4s)
[v9f] MONITOR epoch 50: val sparkle 0.0/Mpx resid 0.0937 highlight_ratio 0.272 score=2.678 | mirror sparkle 0.0/Mpx resid 0.0930 highlight_ratio 0.275 (tgt sp<16 resid<0.035) *BEST->saved score_streak=0/20(LOG-ONLY) resid_streak=0/20(ABORT)
[v9f] epoch 51/300 n2n_mse=0.039764 lr=0.000085 pool_yaws=[8.4,-15.4,-28.8] pool_ms=1506 hist_ms=5185 batch_ms=9270 (1006.9s)
[v9f] MONITOR epoch 51: val sparkle 108.5/Mpx resid 0.0930 highlight_ratio 0.281 score=2.713 | mirror sparkle 0.0/Mpx resid 0.0923 highlight_ratio 0.284 (tgt sp<16 resid<0.035) score_streak=0/20(LOG-ONLY) resid_streak=0/20(ABORT)
[v9f] epoch 52/300 n2n_mse=0.043580 lr=0.000085 pool_yaws=[13.9,1.6,-2.9] pool_ms=1491 hist_ms=5171 batch_ms=8762 (1024.9s)
[v9f] MONITOR epoch 52: val sparkle 108.5/Mpx resid 0.0923 highlight_ratio 0.291 score=2.713 | mirror sparkle 0.0/Mpx resid 0.0916 highlight_ratio 0.294 (tgt sp<16 resid<0.035) score_streak=0/20(LOG-ONLY) resid_streak=0/20(ABORT)
[v9f] epoch 53/300 n2n_mse=0.042378 lr=0.000085 pool_yaws=[14.3,0.6,19.9] pool_ms=1461 hist_ms=5059 batch_ms=9164 (1043.2s)
[v9f] MONITOR epoch 53: val sparkle 217.0/Mpx resid 0.0917 highlight_ratio 0.301 score=5.425 | mirror sparkle 0.0/Mpx resid 0.0909 highlight_ratio 0.303 (tgt sp<16 resid<0.035) score_streak=1/20(LOG-ONLY) resid_streak=0/20(ABORT)
[v9f] epoch 54/300 n2n_mse=0.038081 lr=0.000085 pool_yaws=[11.4,-19.8,4.3] pool_ms=1515 hist_ms=5093 batch_ms=8701 (1061.0s)
[v9f] MONITOR epoch 54: val sparkle 217.0/Mpx resid 0.0910 highlight_ratio 0.311 score=5.425 | mirror sparkle 0.0/Mpx resid 0.0902 highlight_ratio 0.312 (tgt sp<16 resid<0.035) score_streak=2/20(LOG-ONLY) resid_streak=0/20(ABORT)
[v9f] epoch 55/300 n2n_mse=0.040403 lr=0.000085 pool_yaws=[17.7,10.6,-25.5] pool_ms=1547 hist_ms=5128 batch_ms=8870 (1079.1s)
[v9f] MONITOR epoch 55: val sparkle 217.0/Mpx resid 0.0903 highlight_ratio 0.321 score=5.425 | mirror sparkle 0.0/Mpx resid 0.0895 highlight_ratio 0.322 (tgt sp<16 resid<0.035) score_streak=3/20(LOG-ONLY) resid_streak=0/20(ABORT)
[v9f] epoch 56/300 n2n_mse=0.040079 lr=0.000084 pool_yaws=[0.1,7.6,15.2] pool_ms=1517 hist_ms=5083 batch_ms=8756 (1097.0s)
[v9f] MONITOR epoch 56: val sparkle 217.0/Mpx resid 0.0896 highlight_ratio 0.331 score=5.425 | mirror sparkle 0.0/Mpx resid 0.0888 highlight_ratio 0.331 (tgt sp<16 resid<0.035) score_streak=4/20(LOG-ONLY) resid_streak=0/20(ABORT)
[v9f] epoch 57/300 n2n_mse=0.043981 lr=0.000084 pool_yaws=[-1.7,-17.3,-27.1] pool_ms=1532 hist_ms=5062 batch_ms=8662 (1114.8s)
[v9f] MONITOR epoch 57: val sparkle 434.0/Mpx resid 0.0889 highlight_ratio 0.342 score=10.851 | mirror sparkle 0.0/Mpx resid 0.0881 highlight_ratio 0.341 (tgt sp<16 resid<0.035) score_streak=5/20(LOG-ONLY) resid_streak=0/20(ABORT)
[v9f] epoch 58/300 n2n_mse=0.041392 lr=0.000084 pool_yaws=[19.6,-6.1,8.1] pool_ms=1449 hist_ms=5109 batch_ms=8636 (1132.6s)
[v9f] MONITOR epoch 58: val sparkle 542.5/Mpx resid 0.0882 highlight_ratio 0.352 score=13.563 | mirror sparkle 0.0/Mpx resid 0.0875 highlight_ratio 0.350 (tgt sp<16 resid<0.035) score_streak=6/20(LOG-ONLY) resid_streak=0/20(ABORT)
[v9f] epoch 59/300 n2n_mse=0.036401 lr=0.000084 pool_yaws=[10.8,-19.9,-24.9] pool_ms=1574 hist_ms=5047 batch_ms=8794 (1150.5s)
[v9f] MONITOR epoch 59: val sparkle 542.5/Mpx resid 0.0876 highlight_ratio 0.363 score=13.563 | mirror sparkle 0.0/Mpx resid 0.0868 highlight_ratio 0.360 (tgt sp<16 resid<0.035) score_streak=7/20(LOG-ONLY) resid_streak=0/20(ABORT)
[v9f] epoch 60/300 n2n_mse=0.042944 lr=0.000083 pool_yaws=[-14.7,-24.5,-9.3] pool_ms=1460 hist_ms=5062 batch_ms=9679 (1169.2s)
[v9f] MONITOR epoch 60: val sparkle 651.0/Mpx resid 0.0869 highlight_ratio 0.374 score=16.276 | mirror sparkle 0.0/Mpx resid 0.0861 highlight_ratio 0.370 (tgt sp<16 resid<0.035) score_streak=8/20(LOG-ONLY) resid_streak=0/20(ABORT)
[v9f] epoch 61/300 n2n_mse=0.041101 lr=0.000083 pool_yaws=[-25.5,20.6,7.4] pool_ms=1567 hist_ms=5028 batch_ms=9085 (1187.5s)
[v9f] MONITOR epoch 61: val sparkle 651.0/Mpx resid 0.0862 highlight_ratio 0.386 score=16.276 | mirror sparkle 0.0/Mpx resid 0.0854 highlight_ratio 0.380 (tgt sp<16 resid<0.035) score_streak=9/20(LOG-ONLY) resid_streak=0/20(ABORT)
[v9f] epoch 62/300 n2n_mse=0.042048 lr=0.000083 pool_yaws=[11.7,1.5,-19.6] pool_ms=1393 hist_ms=5036 batch_ms=8662 (1205.1s)
[v9f] MONITOR epoch 62: val sparkle 651.0/Mpx resid 0.0855 highlight_ratio 0.397 score=16.276 | mirror sparkle 0.0/Mpx resid 0.0847 highlight_ratio 0.390 (tgt sp<16 resid<0.035) score_streak=10/20(LOG-ONLY) resid_streak=0/20(ABORT)
[v9f] epoch 63/300 n2n_mse=0.042037 lr=0.000083 pool_yaws=[-23.0,22.1,-4.0] pool_ms=1551 hist_ms=5043 batch_ms=9109 (1223.3s)
[v9f] MONITOR epoch 63: val sparkle 651.0/Mpx resid 0.0848 highlight_ratio 0.408 score=16.276 | mirror sparkle 0.0/Mpx resid 0.0840 highlight_ratio 0.400 (tgt sp<16 resid<0.035) score_streak=11/20(LOG-ONLY) resid_streak=0/20(ABORT)
[v9f] epoch 64/300 n2n_mse=0.038852 lr=0.000082 pool_yaws=[1.1,20.4,7.7] pool_ms=1524 hist_ms=5088 batch_ms=8698 (1241.2s)
[v9f] MONITOR epoch 64: val sparkle 651.0/Mpx resid 0.0842 highlight_ratio 0.420 score=16.276 | mirror sparkle 0.0/Mpx resid 0.0833 highlight_ratio 0.410 (tgt sp<16 resid<0.035) score_streak=12/20(LOG-ONLY) resid_streak=0/20(ABORT)
[v9f] epoch 65/300 n2n_mse=0.046632 lr=0.000082 pool_yaws=[-12.3,25.6,-14.9] pool_ms=1411 hist_ms=5095 batch_ms=8692 (1258.9s)
[v9f] MONITOR epoch 65: val sparkle 651.0/Mpx resid 0.0835 highlight_ratio 0.431 score=16.276 | mirror sparkle 0.0/Mpx resid 0.0826 highlight_ratio 0.420 (tgt sp<16 resid<0.035) score_streak=13/20(LOG-ONLY) resid_streak=0/20(ABORT)
[v9f] epoch 66/300 n2n_mse=0.045222 lr=0.000082 pool_yaws=[23.8,29.7,-6.6] pool_ms=1526 hist_ms=5105 batch_ms=8645 (1276.8s)
[v9f] MONITOR epoch 66: val sparkle 651.0/Mpx resid 0.0828 highlight_ratio 0.443 score=16.276 | mirror sparkle 0.0/Mpx resid 0.0819 highlight_ratio 0.430 (tgt sp<16 resid<0.035) score_streak=14/20(LOG-ONLY) resid_streak=0/20(ABORT)
[v9f] epoch 67/300 n2n_mse=0.042601 lr=0.000082 pool_yaws=[19.2,26.5,0.8] pool_ms=1508 hist_ms=5127 batch_ms=8980 (1294.9s)
[v9f] MONITOR epoch 67: val sparkle 651.0/Mpx resid 0.0822 highlight_ratio 0.455 score=16.276 | mirror sparkle 0.0/Mpx resid 0.0812 highlight_ratio 0.441 (tgt sp<16 resid<0.035) score_streak=15/20(LOG-ONLY) resid_streak=0/20(ABORT)
[v9f] epoch 68/300 n2n_mse=0.040154 lr=0.000082 pool_yaws=[24.7,16.6,0.5] pool_ms=1434 hist_ms=5069 batch_ms=9695 (1313.6s)
[v9f] MONITOR epoch 68: val sparkle 651.0/Mpx resid 0.0815 highlight_ratio 0.467 score=16.276 | mirror sparkle 0.0/Mpx resid 0.0805 highlight_ratio 0.451 (tgt sp<16 resid<0.035) score_streak=16/20(LOG-ONLY) resid_streak=0/20(ABORT)
[v9f] epoch 69/300 n2n_mse=0.044930 lr=0.000081 pool_yaws=[-17.0,25.3,-25.4] pool_ms=1451 hist_ms=5092 batch_ms=8733 (1331.5s)
[v9f] MONITOR epoch 69: val sparkle 651.0/Mpx resid 0.0809 highlight_ratio 0.479 score=16.276 | mirror sparkle 0.0/Mpx resid 0.0799 highlight_ratio 0.462 (tgt sp<16 resid<0.035) score_streak=17/20(LOG-ONLY) resid_streak=0/20(ABORT)
[v9f] epoch 70/300 n2n_mse=0.036187 lr=0.000081 pool_yaws=[-22.5,-27.0,-21.0] pool_ms=1485 hist_ms=5097 batch_ms=8591 (1349.2s)
[v9f] MONITOR epoch 70: val sparkle 759.5/Mpx resid 0.0802 highlight_ratio 0.491 score=18.989 | mirror sparkle 0.0/Mpx resid 0.0792 highlight_ratio 0.473 (tgt sp<16 resid<0.035) score_streak=18/20(LOG-ONLY) resid_streak=0/20(ABORT)
[v9f] epoch 71/300 n2n_mse=0.038697 lr=0.000081 pool_yaws=[12.8,13.3,12.0] pool_ms=1450 hist_ms=5088 batch_ms=8735 (1367.0s)
[v9f] MONITOR epoch 71: val sparkle 759.5/Mpx resid 0.0796 highlight_ratio 0.503 score=18.989 | mirror sparkle 0.0/Mpx resid 0.0785 highlight_ratio 0.485 (tgt sp<16 resid<0.035) score_streak=19/20(LOG-ONLY) resid_streak=0/20(ABORT)
[v9f] epoch 72/300 n2n_mse=0.041067 lr=0.000081 pool_yaws=[-21.3,17.7,29.1] pool_ms=1396 hist_ms=5073 batch_ms=8719 (1384.7s)
[v9f] MONITOR epoch 72: val sparkle 759.5/Mpx resid 0.0790 highlight_ratio 0.516 score=18.989 | mirror sparkle 0.0/Mpx resid 0.0778 highlight_ratio 0.497 (tgt sp<16 resid<0.035) score_streak=20/20(LOG-ONLY) resid_streak=0/20(ABORT)
[v9f] epoch 73/300 n2n_mse=0.036419 lr=0.000080 pool_yaws=[-1.5,26.5,-4.2] pool_ms=1430 hist_ms=5050 batch_ms=8589 (1402.3s)
[v9f] MONITOR epoch 73: val sparkle 759.5/Mpx resid 0.0784 highlight_ratio 0.528 score=18.989 | mirror sparkle 0.0/Mpx resid 0.0772 highlight_ratio 0.508 (tgt sp<16 resid<0.035) score_streak=21/20(LOG-ONLY) resid_streak=0/20(ABORT)
[v9f] epoch 74/300 n2n_mse=0.040994 lr=0.000080 pool_yaws=[0.7,1.4,7.8] pool_ms=1421 hist_ms=5058 batch_ms=8645 (1420.0s)
[v9f] MONITOR epoch 74: val sparkle 759.5/Mpx resid 0.0778 highlight_ratio 0.540 score=18.989 | mirror sparkle 0.0/Mpx resid 0.0765 highlight_ratio 0.520 (tgt sp<16 resid<0.035) score_streak=22/20(LOG-ONLY) resid_streak=0/20(ABORT)
[v9f] PROBE epoch 74: bar-res(640x480) sparkle 13.0/Mpx resid 0.0872 highlight_ratio 0.373 (tgt sp<16 resid<0.035) took 43.5s
[v9f] epoch 75/300 n2n_mse=0.033885 lr=0.000080 pool_yaws=[-23.6,-15.7,-5.7] pool_ms=1423 hist_ms=5100 batch_ms=9029 (1481.5s)
[v9f] MONITOR epoch 75: val sparkle 759.5/Mpx resid 0.0772 highlight_ratio 0.553 score=18.989 | mirror sparkle 0.0/Mpx resid 0.0759 highlight_ratio 0.532 (tgt sp<16 resid<0.035) score_streak=23/20(LOG-ONLY) resid_streak=0/20(ABORT)
[v9f] epoch 76/300 n2n_mse=0.042653 lr=0.000080 pool_yaws=[-6.0,19.3,23.1] pool_ms=1520 hist_ms=5125 batch_ms=8797 (1499.5s)
[v9f] MONITOR epoch 76: val sparkle 759.5/Mpx resid 0.0766 highlight_ratio 0.566 score=18.989 | mirror sparkle 0.0/Mpx resid 0.0752 highlight_ratio 0.544 (tgt sp<16 resid<0.035) score_streak=24/20(LOG-ONLY) resid_streak=0/20(ABORT)
[v9f] epoch 77/300 n2n_mse=0.036134 lr=0.000080 pool_yaws=[-0.2,0.8,0.2] pool_ms=1515 hist_ms=5140 batch_ms=8629 (1517.4s)
[v9f] MONITOR epoch 77: val sparkle 759.5/Mpx resid 0.0760 highlight_ratio 0.578 score=18.989 | mirror sparkle 108.5/Mpx resid 0.0746 highlight_ratio 0.557 (tgt sp<16 resid<0.035) score_streak=25/20(LOG-ONLY) resid_streak=0/20(ABORT)
[v9f] epoch 78/300 n2n_mse=0.040590 lr=0.000079 pool_yaws=[-13.5,-26.2,-9.3] pool_ms=1476 hist_ms=5056 batch_ms=8751 (1535.2s)
[v9f] MONITOR epoch 78: val sparkle 868.1/Mpx resid 0.0754 highlight_ratio 0.591 score=21.701 | mirror sparkle 108.5/Mpx resid 0.0739 highlight_ratio 0.569 (tgt sp<16 resid<0.035) score_streak=26/20(LOG-ONLY) resid_streak=0/20(ABORT)
[v9f] epoch 79/300 n2n_mse=0.038004 lr=0.000079 pool_yaws=[11.6,-19.5,-28.6] pool_ms=1551 hist_ms=5145 batch_ms=9085 (1553.6s)
[v9f] MONITOR epoch 79: val sparkle 976.6/Mpx resid 0.0749 highlight_ratio 0.604 score=24.414 | mirror sparkle 108.5/Mpx resid 0.0733 highlight_ratio 0.581 (tgt sp<16 resid<0.035) score_streak=27/20(LOG-ONLY) resid_streak=0/20(ABORT)
[v9f] epoch 80/300 n2n_mse=0.034917 lr=0.000079 pool_yaws=[-24.2,-7.8,12.8] pool_ms=1631 hist_ms=5152 batch_ms=9054 (1572.0s)
[v9f] MONITOR epoch 80: val sparkle 1085.1/Mpx resid 0.0743 highlight_ratio 0.616 score=27.127 | mirror sparkle 108.5/Mpx resid 0.0727 highlight_ratio 0.594 (tgt sp<16 resid<0.035) score_streak=28/20(LOG-ONLY) resid_streak=0/20(ABORT)
[v9f] epoch 81/300 n2n_mse=0.039519 lr=0.000079 pool_yaws=[-2.3,-4.2,24.1] pool_ms=1605 hist_ms=5244 batch_ms=9012 (1590.4s)
[v9f] MONITOR epoch 81: val sparkle 1085.1/Mpx resid 0.0738 highlight_ratio 0.629 score=27.127 | mirror sparkle 217.0/Mpx resid 0.0721 highlight_ratio 0.606 (tgt sp<16 resid<0.035) score_streak=29/20(LOG-ONLY) resid_streak=0/20(ABORT)
[v9f] epoch 82/300 n2n_mse=0.035679 lr=0.000079 pool_yaws=[-20.9,10.6,29.7] pool_ms=1281 hist_ms=5054 batch_ms=8675 (1608.0s)
[v9f] MONITOR epoch 82: val sparkle 1085.1/Mpx resid 0.0733 highlight_ratio 0.641 score=27.127 | mirror sparkle 325.5/Mpx resid 0.0715 highlight_ratio 0.618 (tgt sp<16 resid<0.035) score_streak=30/20(LOG-ONLY) resid_streak=0/20(ABORT)
[v9f] epoch 83/300 n2n_mse=0.041306 lr=0.000078 pool_yaws=[21.6,-16.2,-18.5] pool_ms=1627 hist_ms=5199 batch_ms=9195 (1626.6s)
[v9f] MONITOR epoch 83: val sparkle 1085.1/Mpx resid 0.0728 highlight_ratio 0.653 score=27.127 | mirror sparkle 542.5/Mpx resid 0.0709 highlight_ratio 0.630 (tgt sp<16 resid<0.035) score_streak=31/20(LOG-ONLY) resid_streak=0/20(ABORT)
[v9f] epoch 84/300 n2n_mse=0.040382 lr=0.000078 pool_yaws=[-14.2,-17.3,25.7] pool_ms=1600 hist_ms=5100 batch_ms=9422 (1645.3s)
[v9f] MONITOR epoch 84: val sparkle 1302.1/Mpx resid 0.0723 highlight_ratio 0.666 score=32.552 | mirror sparkle 868.1/Mpx resid 0.0703 highlight_ratio 0.643 (tgt sp<16 resid<0.035) score_streak=32/20(LOG-ONLY) resid_streak=0/20(ABORT)
[v9f] epoch 85/300 n2n_mse=0.041948 lr=0.000078 pool_yaws=[-10.3,9.2,-6.7] pool_ms=1509 hist_ms=5170 batch_ms=9125 (1663.6s)
[v9f] MONITOR epoch 85: val sparkle 1627.6/Mpx resid 0.0719 highlight_ratio 0.678 score=40.690 | mirror sparkle 1085.1/Mpx resid 0.0698 highlight_ratio 0.655 (tgt sp<16 resid<0.035) score_streak=33/20(LOG-ONLY) resid_streak=0/20(ABORT)
[v9f] epoch 86/300 n2n_mse=0.039203 lr=0.000078 pool_yaws=[10.4,-11.3,14.5] pool_ms=1623 hist_ms=5183 batch_ms=8923 (1681.9s)
[v9f] MONITOR epoch 86: val sparkle 1627.6/Mpx resid 0.0714 highlight_ratio 0.690 score=40.690 | mirror sparkle 1193.6/Mpx resid 0.0692 highlight_ratio 0.667 (tgt sp<16 resid<0.035) score_streak=34/20(LOG-ONLY) resid_streak=0/20(ABORT)
[v9f] epoch 87/300 n2n_mse=0.039766 lr=0.000078 pool_yaws=[-13.5,15.1,-22.7] pool_ms=1793 hist_ms=5135 batch_ms=8820 (1700.3s)
[v9f] MONITOR epoch 87: val sparkle 1627.6/Mpx resid 0.0710 highlight_ratio 0.702 score=40.690 | mirror sparkle 1302.1/Mpx resid 0.0687 highlight_ratio 0.679 (tgt sp<16 resid<0.035) score_streak=35/20(LOG-ONLY) resid_streak=0/20(ABORT)
[v9f] epoch 88/300 n2n_mse=0.045123 lr=0.000077 pool_yaws=[8.5,29.0,-7.8] pool_ms=1592 hist_ms=5116 batch_ms=8658 (1718.2s)
[v9f] MONITOR epoch 88: val sparkle 1736.1/Mpx resid 0.0706 highlight_ratio 0.714 score=43.403 | mirror sparkle 1302.1/Mpx resid 0.0682 highlight_ratio 0.691 (tgt sp<16 resid<0.035) score_streak=36/20(LOG-ONLY) resid_streak=0/20(ABORT)
[v9f] epoch 89/300 n2n_mse=0.041439 lr=0.000077 pool_yaws=[-17.5,28.4,19.3] pool_ms=1505 hist_ms=5116 batch_ms=8788 (1736.2s)
[v9f] MONITOR epoch 89: val sparkle 1953.1/Mpx resid 0.0702 highlight_ratio 0.727 score=48.828 | mirror sparkle 1410.6/Mpx resid 0.0677 highlight_ratio 0.703 (tgt sp<16 resid<0.035) score_streak=37/20(LOG-ONLY) resid_streak=0/20(ABORT)
[v9f] epoch 90/300 n2n_mse=0.044712 lr=0.000077 pool_yaws=[-12.3,25.5,-18.5] pool_ms=1513 hist_ms=5218 batch_ms=8961 (1754.5s)
[v9f] MONITOR epoch 90: val sparkle 2170.1/Mpx resid 0.0698 highlight_ratio 0.739 score=54.253 | mirror sparkle 1519.1/Mpx resid 0.0672 highlight_ratio 0.715 (tgt sp<16 resid<0.035) score_streak=38/20(LOG-ONLY) resid_streak=0/20(ABORT)
[v9f] epoch 91/300 n2n_mse=0.043258 lr=0.000077 pool_yaws=[11.0,2.6,-16.1] pool_ms=1433 hist_ms=5051 batch_ms=8622 (1772.1s)
[v9f] MONITOR epoch 91: val sparkle 2387.2/Mpx resid 0.0695 highlight_ratio 0.751 score=59.679 | mirror sparkle 1627.6/Mpx resid 0.0667 highlight_ratio 0.727 (tgt sp<16 resid<0.035) score_streak=39/20(LOG-ONLY) resid_streak=0/20(ABORT)
[v9f] epoch 92/300 n2n_mse=0.043278 lr=0.000077 pool_yaws=[26.6,-18.3,14.4] pool_ms=1429 hist_ms=5115 batch_ms=8746 (1789.9s)
[v9f] MONITOR epoch 92: val sparkle 2387.2/Mpx resid 0.0691 highlight_ratio 0.763 score=59.679 | mirror sparkle 2061.6/Mpx resid 0.0662 highlight_ratio 0.739 (tgt sp<16 resid<0.035) score_streak=40/20(LOG-ONLY) resid_streak=0/20(ABORT)
[v9f] epoch 93/300 n2n_mse=0.041195 lr=0.000076 pool_yaws=[-12.4,14.8,27.7] pool_ms=1473 hist_ms=5134 batch_ms=8761 (1807.9s)
[v9f] MONITOR epoch 93: val sparkle 2495.7/Mpx resid 0.0688 highlight_ratio 0.775 score=62.391 | mirror sparkle 2170.1/Mpx resid 0.0658 highlight_ratio 0.752 (tgt sp<16 resid<0.035) score_streak=41/20(LOG-ONLY) resid_streak=0/20(ABORT)
[v9f] epoch 94/300 n2n_mse=0.035086 lr=0.000076 pool_yaws=[-23.9,-12.1,-20.1] pool_ms=1521 hist_ms=5129 batch_ms=8725 (1825.8s)
[v9f] MONITOR epoch 94: val sparkle 2712.7/Mpx resid 0.0685 highlight_ratio 0.787 score=67.817 | mirror sparkle 2387.2/Mpx resid 0.0653 highlight_ratio 0.764 (tgt sp<16 resid<0.035) score_streak=42/20(LOG-ONLY) resid_streak=0/20(ABORT)
[v9f] epoch 95/300 n2n_mse=0.042347 lr=0.000076 pool_yaws=[-17.9,4.7,28.1] pool_ms=1439 hist_ms=5069 batch_ms=8708 (1843.6s)
[v9f] MONITOR epoch 95: val sparkle 2604.2/Mpx resid 0.0682 highlight_ratio 0.799 score=65.104 | mirror sparkle 2604.2/Mpx resid 0.0649 highlight_ratio 0.776 (tgt sp<16 resid<0.035) score_streak=43/20(LOG-ONLY) resid_streak=0/20(ABORT)
[v9f] epoch 96/300 n2n_mse=0.035460 lr=0.000076 pool_yaws=[12.7,13.0,13.3] pool_ms=1506 hist_ms=5126 batch_ms=8590 (1861.3s)
[v9f] MONITOR epoch 96: val sparkle 2604.2/Mpx resid 0.0680 highlight_ratio 0.810 score=65.104 | mirror sparkle 2712.7/Mpx resid 0.0645 highlight_ratio 0.788 (tgt sp<16 resid<0.035) score_streak=44/20(LOG-ONLY) resid_streak=0/20(ABORT)
[v9f] epoch 97/300 n2n_mse=0.035470 lr=0.000076 pool_yaws=[-26.1,10.9,-24.9] pool_ms=1588 hist_ms=5118 batch_ms=8618 (1879.2s)
[v9f] MONITOR epoch 97: val sparkle 2604.2/Mpx resid 0.0677 highlight_ratio 0.822 score=65.104 | mirror sparkle 2929.7/Mpx resid 0.0641 highlight_ratio 0.799 (tgt sp<16 resid<0.035) score_streak=45/20(LOG-ONLY) resid_streak=0/20(ABORT)
[v9f] epoch 98/300 n2n_mse=0.034962 lr=0.000075 pool_yaws=[-28.9,-28.0,5.2] pool_ms=1440 hist_ms=5069 batch_ms=8481 (1896.7s)
[v9f] MONITOR epoch 98: val sparkle 2821.2/Mpx resid 0.0675 highlight_ratio 0.834 score=70.530 | mirror sparkle 3255.2/Mpx resid 0.0637 highlight_ratio 0.812 (tgt sp<16 resid<0.035) score_streak=46/20(LOG-ONLY) resid_streak=0/20(ABORT)
[v9f] epoch 99/300 n2n_mse=0.040601 lr=0.000075 pool_yaws=[20.2,-8.4,-8.4] pool_ms=1523 hist_ms=5053 batch_ms=8689 (1914.5s)
[v9f] MONITOR epoch 99: val sparkle 2929.7/Mpx resid 0.0672 highlight_ratio 0.846 score=73.242 | mirror sparkle 3472.2/Mpx resid 0.0633 highlight_ratio 0.824 (tgt sp<16 resid<0.035) score_streak=47/20(LOG-ONLY) resid_streak=0/20(ABORT)
[v9f] PROBE epoch 99: bar-res(640x480) sparkle 22.8/Mpx resid 0.0701 highlight_ratio 0.578 (tgt sp<16 resid<0.035) took 44.2s
[v9f] WATCHDOG ABORT: bar-res probe sparkle failed the bar at epoch 99 — stopping, keeping best+last (best score=2.678)
[v9f] training done in 1961.3s (best score=2.678)
[v9f] wrote /Users/pascaldisse/projects/magic-crystal-v9body/packages/scrying-glass/data/rdirect-weights-v9f.bin sha256=b48050bf7ef7d7600464d021e7facc0cd3c152c98842abe0e5cf562caef0d5fb
[v9f] wrote /Users/pascaldisse/projects/magic-crystal-v9body/packages/scrying-glass/data/rdirect-weights-v9f-last.bin sha256=0ec41606ef8de464117e2a71d8f09d3457fb9eefd9c5a8c7367e7184d8c5c4d7
[v9f] wrote provenance. tag=v9f best=/Users/pascaldisse/projects/magic-crystal-v9body/packages/scrying-glass/data/rdirect-weights-v9f.bin last=/Users/pascaldisse/projects/magic-crystal-v9body/packages/scrying-glass/data/rdirect-weights-v9f-last.bin
