[v9g] GAIA_V7_SKY_HISTORY reject=true — mandate expects true (set GAIA_V7_SKY_HISTORY=reject)
[v9g] res 128x72 K=3 steps, GAIA_V9_K=8 noise2noise draws (variance/8, teacher validator-only)
[v9g] WATCHDOG two-signal: score_streak=20 LOG-ONLY, resid_streak=20 ABORT, bar-res probe every 25 epochs at 640x480 (K=3 ref=64) ABORT on sparkle>=16
[v9g] CURE 4: overshoot_w=1 — above-ceiling gradient is 2*overshoot_w*(raw-cap)/n (pulls toward the ceiling), no longer zero (see module doc mechanism-hunt verdict)
[v9g] POSE DIVERSITY POOL (v9c/v9e parity): orbit±30deg jitter±0.6 around 2 anchors (front-pivot family x2 draws/epoch, wide-anchor family x1 draw/epoch) + mirror unconditional (fixed) — fresh draws every epoch, CURE 3 winsorize_k=0 (OFF if 0)
[v9g] rendered mirror(train) + 2 VALIDATOR (orbit_-20, mirror — FIXED, held-out) pose sequences (128x72, teacher 64 VALIDATOR ONLY, pan_step=0.004, mirror_spp=4) in 1.8s
[v9g] UnetConfig widths=[24, 40, 64] n_scales=3 params≈163083
[v9g] MONITOR epoch -1 (fresh He-init): val sparkle 0.0/Mpx resid 0.1179 highlight_ratio 0.025 score=3.368 | mirror sparkle 0.0/Mpx resid 0.1194 highlight_ratio 0.020 (tgt sp<16 resid<0.035) *BEST->saved score_streak=0/20(LOG-ONLY) resid_streak=0/20(ABORT)
[v9g] epoch 0/300 n2n_mse=0.143371 lr=0.000100 pool_yaws=[-11.4,9.4,1.9] pool_ms=1570 hist_ms=5021 batch_ms=8534 (15.1s)
[v9g] MONITOR epoch 0: val sparkle 0.0/Mpx resid 0.1178 highlight_ratio 0.026 score=3.367 | mirror sparkle 0.0/Mpx resid 0.1193 highlight_ratio 0.020 (tgt sp<16 resid<0.035) *BEST->saved score_streak=0/20(LOG-ONLY) resid_streak=0/20(ABORT)
[v9g] epoch 1/300 n2n_mse=0.091479 lr=0.000100 pool_yaws=[26.6,15.3,11.3] pool_ms=1593 hist_ms=5032 batch_ms=8265 (32.5s)
[v9g] MONITOR epoch 1: val sparkle 0.0/Mpx resid 0.1177 highlight_ratio 0.026 score=3.364 | mirror sparkle 0.0/Mpx resid 0.1191 highlight_ratio 0.021 (tgt sp<16 resid<0.035) *BEST->saved score_streak=0/20(LOG-ONLY) resid_streak=0/20(ABORT)
[v9g] epoch 2/300 n2n_mse=0.060500 lr=0.000099 pool_yaws=[-15.3,-29.4,-9.5] pool_ms=1639 hist_ms=5048 batch_ms=8277 (50.0s)
[v9g] MONITOR epoch 2: val sparkle 0.0/Mpx resid 0.1176 highlight_ratio 0.028 score=3.359 | mirror sparkle 0.0/Mpx resid 0.1189 highlight_ratio 0.023 (tgt sp<16 resid<0.035) *BEST->saved score_streak=0/20(LOG-ONLY) resid_streak=0/20(ABORT)
[v9g] epoch 3/300 n2n_mse=0.066052 lr=0.000099 pool_yaws=[25.5,-14.4,9.6] pool_ms=1553 hist_ms=5031 batch_ms=8340 (67.5s)
[v9g] MONITOR epoch 3: val sparkle 0.0/Mpx resid 0.1174 highlight_ratio 0.029 score=3.354 | mirror sparkle 0.0/Mpx resid 0.1187 highlight_ratio 0.024 (tgt sp<16 resid<0.035) *BEST->saved score_streak=0/20(LOG-ONLY) resid_streak=0/20(ABORT)
[v9g] epoch 4/300 n2n_mse=0.055930 lr=0.000099 pool_yaws=[-23.2,-5.2,30.0] pool_ms=1581 hist_ms=5051 batch_ms=8276 (84.9s)
[v9g] MONITOR epoch 4: val sparkle 0.0/Mpx resid 0.1172 highlight_ratio 0.031 score=3.349 | mirror sparkle 0.0/Mpx resid 0.1184 highlight_ratio 0.026 (tgt sp<16 resid<0.035) *BEST->saved score_streak=0/20(LOG-ONLY) resid_streak=0/20(ABORT)
[v9g] epoch 5/300 n2n_mse=0.050132 lr=0.000098 pool_yaws=[-1.9,-30.0,5.6] pool_ms=1581 hist_ms=5043 batch_ms=8385 (102.4s)
[v9g] MONITOR epoch 5: val sparkle 0.0/Mpx resid 0.1170 highlight_ratio 0.032 score=3.343 | mirror sparkle 0.0/Mpx resid 0.1181 highlight_ratio 0.028 (tgt sp<16 resid<0.035) *BEST->saved score_streak=0/20(LOG-ONLY) resid_streak=0/20(ABORT)
[v9g] epoch 6/300 n2n_mse=0.059485 lr=0.000098 pool_yaws=[-3.4,-16.4,26.5] pool_ms=1549 hist_ms=5041 batch_ms=8925 (120.5s)
[v9g] MONITOR epoch 6: val sparkle 0.0/Mpx resid 0.1168 highlight_ratio 0.034 score=3.337 | mirror sparkle 0.0/Mpx resid 0.1178 highlight_ratio 0.030 (tgt sp<16 resid<0.035) *BEST->saved score_streak=0/20(LOG-ONLY) resid_streak=0/20(ABORT)
[v9g] epoch 7/300 n2n_mse=0.051450 lr=0.000098 pool_yaws=[15.1,-26.0,-26.1] pool_ms=1648 hist_ms=5030 batch_ms=8316 (138.0s)
[v9g] MONITOR epoch 7: val sparkle 0.0/Mpx resid 0.1166 highlight_ratio 0.036 score=3.330 | mirror sparkle 0.0/Mpx resid 0.1175 highlight_ratio 0.032 (tgt sp<16 resid<0.035) *BEST->saved score_streak=0/20(LOG-ONLY) resid_streak=0/20(ABORT)
[v9g] epoch 8/300 n2n_mse=0.049430 lr=0.000097 pool_yaws=[-4.7,-27.3,-28.4] pool_ms=1596 hist_ms=5024 batch_ms=8339 (155.5s)
[v9g] MONITOR epoch 8: val sparkle 0.0/Mpx resid 0.1163 highlight_ratio 0.037 score=3.323 | mirror sparkle 0.0/Mpx resid 0.1172 highlight_ratio 0.033 (tgt sp<16 resid<0.035) *BEST->saved score_streak=0/20(LOG-ONLY) resid_streak=0/20(ABORT)
[v9g] epoch 9/300 n2n_mse=0.054777 lr=0.000097 pool_yaws=[-16.6,16.3,-12.3] pool_ms=1598 hist_ms=5022 batch_ms=8995 (173.6s)
[v9g] MONITOR epoch 9: val sparkle 0.0/Mpx resid 0.1161 highlight_ratio 0.039 score=3.316 | mirror sparkle 0.0/Mpx resid 0.1168 highlight_ratio 0.035 (tgt sp<16 resid<0.035) *BEST->saved score_streak=0/20(LOG-ONLY) resid_streak=0/20(ABORT)
[v9g] epoch 10/300 n2n_mse=0.052253 lr=0.000097 pool_yaws=[-7.2,-2.3,-6.6] pool_ms=1553 hist_ms=5029 batch_ms=8551 (191.2s)
[v9g] MONITOR epoch 10: val sparkle 0.0/Mpx resid 0.1158 highlight_ratio 0.041 score=3.309 | mirror sparkle 0.0/Mpx resid 0.1165 highlight_ratio 0.037 (tgt sp<16 resid<0.035) *BEST->saved score_streak=0/20(LOG-ONLY) resid_streak=0/20(ABORT)
[v9g] epoch 11/300 n2n_mse=0.054991 lr=0.000096 pool_yaws=[-8.2,6.3,-23.2] pool_ms=1658 hist_ms=5118 batch_ms=9162 (209.7s)
[v9g] MONITOR epoch 11: val sparkle 0.0/Mpx resid 0.1155 highlight_ratio 0.042 score=3.301 | mirror sparkle 0.0/Mpx resid 0.1161 highlight_ratio 0.039 (tgt sp<16 resid<0.035) *BEST->saved score_streak=0/20(LOG-ONLY) resid_streak=0/20(ABORT)
[v9g] epoch 12/300 n2n_mse=0.050047 lr=0.000096 pool_yaws=[16.1,-29.0,19.2] pool_ms=1609 hist_ms=5066 batch_ms=8407 (227.3s)
[v9g] MONITOR epoch 12: val sparkle 0.0/Mpx resid 0.1152 highlight_ratio 0.044 score=3.293 | mirror sparkle 0.0/Mpx resid 0.1158 highlight_ratio 0.042 (tgt sp<16 resid<0.035) *BEST->saved score_streak=0/20(LOG-ONLY) resid_streak=0/20(ABORT)
[v9g] epoch 13/300 n2n_mse=0.045605 lr=0.000096 pool_yaws=[10.3,10.0,0.8] pool_ms=1586 hist_ms=5028 batch_ms=8484 (244.9s)
[v9g] MONITOR epoch 13: val sparkle 0.0/Mpx resid 0.1150 highlight_ratio 0.046 score=3.284 | mirror sparkle 0.0/Mpx resid 0.1154 highlight_ratio 0.044 (tgt sp<16 resid<0.035) *BEST->saved score_streak=0/20(LOG-ONLY) resid_streak=0/20(ABORT)
[v9g] epoch 14/300 n2n_mse=0.052581 lr=0.000096 pool_yaws=[-12.1,17.2,15.3] pool_ms=1576 hist_ms=5034 batch_ms=8476 (262.5s)
[v9g] MONITOR epoch 14: val sparkle 0.0/Mpx resid 0.1146 highlight_ratio 0.048 score=3.275 | mirror sparkle 0.0/Mpx resid 0.1150 highlight_ratio 0.046 (tgt sp<16 resid<0.035) *BEST->saved score_streak=0/20(LOG-ONLY) resid_streak=0/20(ABORT)
[v9g] epoch 15/300 n2n_mse=0.049488 lr=0.000095 pool_yaws=[-13.5,19.3,-9.5] pool_ms=1585 hist_ms=5020 batch_ms=8473 (280.1s)
[v9g] MONITOR epoch 15: val sparkle 0.0/Mpx resid 0.1143 highlight_ratio 0.050 score=3.266 | mirror sparkle 0.0/Mpx resid 0.1146 highlight_ratio 0.048 (tgt sp<16 resid<0.035) *BEST->saved score_streak=0/20(LOG-ONLY) resid_streak=0/20(ABORT)
[v9g] epoch 16/300 n2n_mse=0.049977 lr=0.000095 pool_yaws=[26.1,-23.6,23.9] pool_ms=1597 hist_ms=5022 batch_ms=8595 (297.8s)
[v9g] MONITOR epoch 16: val sparkle 0.0/Mpx resid 0.1140 highlight_ratio 0.052 score=3.257 | mirror sparkle 0.0/Mpx resid 0.1142 highlight_ratio 0.050 (tgt sp<16 resid<0.035) *BEST->saved score_streak=0/20(LOG-ONLY) resid_streak=0/20(ABORT)
[v9g] epoch 17/300 n2n_mse=0.049889 lr=0.000095 pool_yaws=[23.1,-6.2,-7.8] pool_ms=1592 hist_ms=5015 batch_ms=8892 (315.8s)
[v9g] MONITOR epoch 17: val sparkle 0.0/Mpx resid 0.1137 highlight_ratio 0.054 score=3.248 | mirror sparkle 0.0/Mpx resid 0.1138 highlight_ratio 0.053 (tgt sp<16 resid<0.035) *BEST->saved score_streak=0/20(LOG-ONLY) resid_streak=0/20(ABORT)
[v9g] epoch 18/300 n2n_mse=0.046991 lr=0.000094 pool_yaws=[14.6,12.4,-18.9] pool_ms=1609 hist_ms=5020 batch_ms=8767 (333.7s)
[v9g] MONITOR epoch 18: val sparkle 0.0/Mpx resid 0.1133 highlight_ratio 0.055 score=3.238 | mirror sparkle 0.0/Mpx resid 0.1134 highlight_ratio 0.055 (tgt sp<16 resid<0.035) *BEST->saved score_streak=0/20(LOG-ONLY) resid_streak=0/20(ABORT)
[v9g] epoch 19/300 n2n_mse=0.047643 lr=0.000094 pool_yaws=[24.0,-14.9,10.1] pool_ms=1624 hist_ms=5023 batch_ms=8670 (351.6s)
[v9g] MONITOR epoch 19: val sparkle 0.0/Mpx resid 0.1130 highlight_ratio 0.057 score=3.228 | mirror sparkle 0.0/Mpx resid 0.1129 highlight_ratio 0.057 (tgt sp<16 resid<0.035) *BEST->saved score_streak=0/20(LOG-ONLY) resid_streak=0/20(ABORT)
[v9g] epoch 20/300 n2n_mse=0.047191 lr=0.000094 pool_yaws=[-17.7,2.4,-9.2] pool_ms=1609 hist_ms=5023 batch_ms=8648 (369.4s)
[v9g] MONITOR epoch 20: val sparkle 0.0/Mpx resid 0.1126 highlight_ratio 0.059 score=3.217 | mirror sparkle 0.0/Mpx resid 0.1125 highlight_ratio 0.060 (tgt sp<16 resid<0.035) *BEST->saved score_streak=0/20(LOG-ONLY) resid_streak=0/20(ABORT)
[v9g] epoch 21/300 n2n_mse=0.043822 lr=0.000093 pool_yaws=[-26.7,-21.8,12.4] pool_ms=1611 hist_ms=5021 batch_ms=8728 (387.2s)
[v9g] MONITOR epoch 21: val sparkle 0.0/Mpx resid 0.1122 highlight_ratio 0.061 score=3.206 | mirror sparkle 0.0/Mpx resid 0.1121 highlight_ratio 0.062 (tgt sp<16 resid<0.035) *BEST->saved score_streak=0/20(LOG-ONLY) resid_streak=0/20(ABORT)
[v9g] epoch 22/300 n2n_mse=0.048226 lr=0.000093 pool_yaws=[10.8,29.3,-16.4] pool_ms=1594 hist_ms=5024 batch_ms=8793 (405.2s)
[v9g] MONITOR epoch 22: val sparkle 0.0/Mpx resid 0.1118 highlight_ratio 0.063 score=3.196 | mirror sparkle 0.0/Mpx resid 0.1116 highlight_ratio 0.065 (tgt sp<16 resid<0.035) *BEST->saved score_streak=0/20(LOG-ONLY) resid_streak=0/20(ABORT)
[v9g] epoch 23/300 n2n_mse=0.043694 lr=0.000093 pool_yaws=[16.8,8.5,4.2] pool_ms=1600 hist_ms=5007 batch_ms=8697 (423.0s)
[v9g] MONITOR epoch 23: val sparkle 0.0/Mpx resid 0.1115 highlight_ratio 0.065 score=3.185 | mirror sparkle 0.0/Mpx resid 0.1111 highlight_ratio 0.067 (tgt sp<16 resid<0.035) *BEST->saved score_streak=0/20(LOG-ONLY) resid_streak=0/20(ABORT)
[v9g] epoch 24/300 n2n_mse=0.049406 lr=0.000093 pool_yaws=[-14.0,-9.2,14.2] pool_ms=1654 hist_ms=5015 batch_ms=8842 (441.0s)
[v9g] MONITOR epoch 24: val sparkle 0.0/Mpx resid 0.1111 highlight_ratio 0.067 score=3.173 | mirror sparkle 0.0/Mpx resid 0.1107 highlight_ratio 0.070 (tgt sp<16 resid<0.035) *BEST->saved score_streak=0/20(LOG-ONLY) resid_streak=0/20(ABORT)
[v9g] PROBE epoch 24: bar-res(640x480) sparkle 0.0/Mpx resid 0.1218 highlight_ratio 0.050 (tgt sp<16 resid<0.035) took 43.2s
[v9g] epoch 25/300 n2n_mse=0.048859 lr=0.000092 pool_yaws=[-5.4,24.6,0.7] pool_ms=1573 hist_ms=5007 batch_ms=8630 (501.9s)
[v9g] MONITOR epoch 25: val sparkle 0.0/Mpx resid 0.1107 highlight_ratio 0.070 score=3.162 | mirror sparkle 0.0/Mpx resid 0.1102 highlight_ratio 0.072 (tgt sp<16 resid<0.035) *BEST->saved score_streak=0/20(LOG-ONLY) resid_streak=0/20(ABORT)
[v9g] epoch 26/300 n2n_mse=0.046880 lr=0.000092 pool_yaws=[-8.8,17.3,26.4] pool_ms=1617 hist_ms=5023 batch_ms=8682 (519.8s)
[v9g] MONITOR epoch 26: val sparkle 0.0/Mpx resid 0.1103 highlight_ratio 0.072 score=3.150 | mirror sparkle 0.0/Mpx resid 0.1097 highlight_ratio 0.075 (tgt sp<16 resid<0.035) *BEST->saved score_streak=0/20(LOG-ONLY) resid_streak=0/20(ABORT)
[v9g] epoch 27/300 n2n_mse=0.043634 lr=0.000092 pool_yaws=[-19.1,10.4,-18.0] pool_ms=1666 hist_ms=5013 batch_ms=8668 (537.6s)
[v9g] MONITOR epoch 27: val sparkle 0.0/Mpx resid 0.1098 highlight_ratio 0.075 score=3.138 | mirror sparkle 0.0/Mpx resid 0.1093 highlight_ratio 0.078 (tgt sp<16 resid<0.035) *BEST->saved score_streak=0/20(LOG-ONLY) resid_streak=0/20(ABORT)
[v9g] epoch 28/300 n2n_mse=0.045004 lr=0.000091 pool_yaws=[-6.9,0.8,27.7] pool_ms=1618 hist_ms=5010 batch_ms=8714 (555.5s)
[v9g] MONITOR epoch 28: val sparkle 0.0/Mpx resid 0.1094 highlight_ratio 0.077 score=3.126 | mirror sparkle 0.0/Mpx resid 0.1088 highlight_ratio 0.080 (tgt sp<16 resid<0.035) *BEST->saved score_streak=0/20(LOG-ONLY) resid_streak=0/20(ABORT)
[v9g] epoch 29/300 n2n_mse=0.049643 lr=0.000091 pool_yaws=[25.2,-13.6,22.1] pool_ms=1609 hist_ms=5008 batch_ms=8701 (573.3s)
[v9g] MONITOR epoch 29: val sparkle 0.0/Mpx resid 0.1090 highlight_ratio 0.080 score=3.113 | mirror sparkle 0.0/Mpx resid 0.1083 highlight_ratio 0.083 (tgt sp<16 resid<0.035) *BEST->saved score_streak=0/20(LOG-ONLY) resid_streak=0/20(ABORT)
[v9g] epoch 30/300 n2n_mse=0.047131 lr=0.000091 pool_yaws=[27.9,-2.4,1.2] pool_ms=1606 hist_ms=5013 batch_ms=8819 (591.2s)
[v9g] MONITOR epoch 30: val sparkle 0.0/Mpx resid 0.1085 highlight_ratio 0.083 score=3.100 | mirror sparkle 0.0/Mpx resid 0.1078 highlight_ratio 0.086 (tgt sp<16 resid<0.035) *BEST->saved score_streak=0/20(LOG-ONLY) resid_streak=0/20(ABORT)
[v9g] epoch 31/300 n2n_mse=0.046776 lr=0.000091 pool_yaws=[-23.9,-12.8,24.5] pool_ms=1613 hist_ms=5009 batch_ms=8656 (609.0s)
[v9g] MONITOR epoch 31: val sparkle 0.0/Mpx resid 0.1080 highlight_ratio 0.086 score=3.087 | mirror sparkle 0.0/Mpx resid 0.1073 highlight_ratio 0.090 (tgt sp<16 resid<0.035) *BEST->saved score_streak=0/20(LOG-ONLY) resid_streak=0/20(ABORT)
[v9g] epoch 32/300 n2n_mse=0.047029 lr=0.000090 pool_yaws=[3.9,22.3,10.0] pool_ms=1562 hist_ms=5012 batch_ms=8650 (626.8s)
[v9g] MONITOR epoch 32: val sparkle 0.0/Mpx resid 0.1076 highlight_ratio 0.090 score=3.074 | mirror sparkle 0.0/Mpx resid 0.1068 highlight_ratio 0.093 (tgt sp<16 resid<0.035) *BEST->saved score_streak=0/20(LOG-ONLY) resid_streak=0/20(ABORT)
[v9g] epoch 33/300 n2n_mse=0.046897 lr=0.000090 pool_yaws=[-14.4,-13.5,-25.2] pool_ms=1622 hist_ms=5015 batch_ms=8733 (644.6s)
[v9g] MONITOR epoch 33: val sparkle 0.0/Mpx resid 0.1071 highlight_ratio 0.093 score=3.060 | mirror sparkle 0.0/Mpx resid 0.1062 highlight_ratio 0.096 (tgt sp<16 resid<0.035) *BEST->saved score_streak=0/20(LOG-ONLY) resid_streak=0/20(ABORT)
[v9g] epoch 34/300 n2n_mse=0.043209 lr=0.000090 pool_yaws=[18.4,-7.6,-8.6] pool_ms=1276 hist_ms=4993 batch_ms=9053 (662.4s)
[v9g] MONITOR epoch 34: val sparkle 0.0/Mpx resid 0.1066 highlight_ratio 0.097 score=3.046 | mirror sparkle 0.0/Mpx resid 0.1057 highlight_ratio 0.100 (tgt sp<16 resid<0.035) *BEST->saved score_streak=0/20(LOG-ONLY) resid_streak=0/20(ABORT)
[v9g] epoch 35/300 n2n_mse=0.038202 lr=0.000090 pool_yaws=[-25.3,9.4,17.9] pool_ms=1594 hist_ms=5004 batch_ms=8691 (680.2s)
[v9g] MONITOR epoch 35: val sparkle 0.0/Mpx resid 0.1061 highlight_ratio 0.101 score=3.032 | mirror sparkle 0.0/Mpx resid 0.1052 highlight_ratio 0.104 (tgt sp<16 resid<0.035) *BEST->saved score_streak=0/20(LOG-ONLY) resid_streak=0/20(ABORT)
[v9g] epoch 36/300 n2n_mse=0.043797 lr=0.000089 pool_yaws=[-9.3,16.8,-10.0] pool_ms=1626 hist_ms=5006 batch_ms=8780 (698.2s)
[v9g] MONITOR epoch 36: val sparkle 0.0/Mpx resid 0.1056 highlight_ratio 0.105 score=3.018 | mirror sparkle 0.0/Mpx resid 0.1046 highlight_ratio 0.109 (tgt sp<16 resid<0.035) *BEST->saved score_streak=0/20(LOG-ONLY) resid_streak=0/20(ABORT)
[v9g] epoch 37/300 n2n_mse=0.043463 lr=0.000089 pool_yaws=[14.3,-23.3,16.0] pool_ms=1275 hist_ms=4972 batch_ms=8608 (715.5s)
[v9g] MONITOR epoch 37: val sparkle 0.0/Mpx resid 0.1051 highlight_ratio 0.109 score=3.003 | mirror sparkle 0.0/Mpx resid 0.1041 highlight_ratio 0.113 (tgt sp<16 resid<0.035) *BEST->saved score_streak=0/20(LOG-ONLY) resid_streak=0/20(ABORT)
[v9g] epoch 38/300 n2n_mse=0.048522 lr=0.000089 pool_yaws=[18.7,-8.8,-23.9] pool_ms=1272 hist_ms=4961 batch_ms=8584 (732.8s)
[v9g] MONITOR epoch 38: val sparkle 0.0/Mpx resid 0.1046 highlight_ratio 0.113 score=2.989 | mirror sparkle 0.0/Mpx resid 0.1036 highlight_ratio 0.117 (tgt sp<16 resid<0.035) *BEST->saved score_streak=0/20(LOG-ONLY) resid_streak=0/20(ABORT)
[v9g] epoch 39/300 n2n_mse=0.039232 lr=0.000088 pool_yaws=[18.8,-27.8,9.0] pool_ms=1634 hist_ms=5020 batch_ms=8795 (750.8s)
[v9g] MONITOR epoch 39: val sparkle 0.0/Mpx resid 0.1041 highlight_ratio 0.118 score=2.974 | mirror sparkle 0.0/Mpx resid 0.1030 highlight_ratio 0.122 (tgt sp<16 resid<0.035) *BEST->saved score_streak=0/20(LOG-ONLY) resid_streak=0/20(ABORT)
[v9g] epoch 40/300 n2n_mse=0.045016 lr=0.000088 pool_yaws=[25.8,7.8,24.2] pool_ms=1558 hist_ms=5014 batch_ms=8720 (768.6s)
[v9g] MONITOR epoch 40: val sparkle 0.0/Mpx resid 0.1036 highlight_ratio 0.122 score=2.959 | mirror sparkle 0.0/Mpx resid 0.1025 highlight_ratio 0.127 (tgt sp<16 resid<0.035) *BEST->saved score_streak=0/20(LOG-ONLY) resid_streak=0/20(ABORT)
[v9g] epoch 41/300 n2n_mse=0.042670 lr=0.000088 pool_yaws=[22.0,-16.3,16.2] pool_ms=1614 hist_ms=4995 batch_ms=8762 (786.5s)
[v9g] MONITOR epoch 41: val sparkle 0.0/Mpx resid 0.1030 highlight_ratio 0.126 score=2.943 | mirror sparkle 0.0/Mpx resid 0.1019 highlight_ratio 0.131 (tgt sp<16 resid<0.035) *BEST->saved score_streak=0/20(LOG-ONLY) resid_streak=0/20(ABORT)
[v9g] epoch 42/300 n2n_mse=0.049975 lr=0.000088 pool_yaws=[26.7,0.6,-2.7] pool_ms=1624 hist_ms=5006 batch_ms=8769 (804.4s)
[v9g] MONITOR epoch 42: val sparkle 0.0/Mpx resid 0.1025 highlight_ratio 0.131 score=2.928 | mirror sparkle 0.0/Mpx resid 0.1013 highlight_ratio 0.136 (tgt sp<16 resid<0.035) *BEST->saved score_streak=0/20(LOG-ONLY) resid_streak=0/20(ABORT)
[v9g] epoch 43/300 n2n_mse=0.042454 lr=0.000087 pool_yaws=[-11.9,16.9,12.2] pool_ms=1594 hist_ms=5008 batch_ms=8850 (822.3s)
[v9g] MONITOR epoch 43: val sparkle 0.0/Mpx resid 0.1019 highlight_ratio 0.135 score=2.912 | mirror sparkle 0.0/Mpx resid 0.1008 highlight_ratio 0.140 (tgt sp<16 resid<0.035) *BEST->saved score_streak=0/20(LOG-ONLY) resid_streak=0/20(ABORT)
[v9g] epoch 44/300 n2n_mse=0.047190 lr=0.000087 pool_yaws=[-12.1,29.7,-18.3] pool_ms=1582 hist_ms=5053 batch_ms=8828 (840.3s)
[v9g] MONITOR epoch 44: val sparkle 0.0/Mpx resid 0.1014 highlight_ratio 0.139 score=2.896 | mirror sparkle 0.0/Mpx resid 0.1002 highlight_ratio 0.145 (tgt sp<16 resid<0.035) *BEST->saved score_streak=0/20(LOG-ONLY) resid_streak=0/20(ABORT)
[v9g] epoch 45/300 n2n_mse=0.048895 lr=0.000087 pool_yaws=[24.1,22.8,-26.5] pool_ms=1560 hist_ms=5011 batch_ms=9495 (858.9s)
[v9g] MONITOR epoch 45: val sparkle 0.0/Mpx resid 0.1008 highlight_ratio 0.144 score=2.880 | mirror sparkle 0.0/Mpx resid 0.0996 highlight_ratio 0.150 (tgt sp<16 resid<0.035) *BEST->saved score_streak=0/20(LOG-ONLY) resid_streak=0/20(ABORT)
[v9g] epoch 46/300 n2n_mse=0.043220 lr=0.000087 pool_yaws=[-7.9,-23.3,-26.9] pool_ms=1618 hist_ms=5013 batch_ms=8733 (876.7s)
[v9g] MONITOR epoch 46: val sparkle 0.0/Mpx resid 0.1002 highlight_ratio 0.148 score=2.864 | mirror sparkle 0.0/Mpx resid 0.0990 highlight_ratio 0.154 (tgt sp<16 resid<0.035) *BEST->saved score_streak=0/20(LOG-ONLY) resid_streak=0/20(ABORT)
[v9g] epoch 47/300 n2n_mse=0.045490 lr=0.000086 pool_yaws=[17.8,-17.1,20.5] pool_ms=1608 hist_ms=5015 batch_ms=9114 (895.0s)
[v9g] MONITOR epoch 47: val sparkle 108.5/Mpx resid 0.0997 highlight_ratio 0.153 score=2.848 | mirror sparkle 0.0/Mpx resid 0.0984 highlight_ratio 0.159 (tgt sp<16 resid<0.035) *BEST->saved score_streak=0/20(LOG-ONLY) resid_streak=0/20(ABORT)
[v9g] epoch 48/300 n2n_mse=0.043509 lr=0.000086 pool_yaws=[21.7,-5.3,-28.0] pool_ms=1590 hist_ms=5015 batch_ms=8955 (913.1s)
[v9g] MONITOR epoch 48: val sparkle 108.5/Mpx resid 0.0991 highlight_ratio 0.157 score=2.831 | mirror sparkle 0.0/Mpx resid 0.0978 highlight_ratio 0.164 (tgt sp<16 resid<0.035) *BEST->saved score_streak=0/20(LOG-ONLY) resid_streak=0/20(ABORT)
[v9g] epoch 49/300 n2n_mse=0.045669 lr=0.000086 pool_yaws=[20.8,-1.9,16.2] pool_ms=1615 hist_ms=5011 batch_ms=8824 (931.0s)
[v9g] MONITOR epoch 49: val sparkle 108.5/Mpx resid 0.0985 highlight_ratio 0.162 score=2.815 | mirror sparkle 0.0/Mpx resid 0.0972 highlight_ratio 0.168 (tgt sp<16 resid<0.035) *BEST->saved score_streak=0/20(LOG-ONLY) resid_streak=0/20(ABORT)
[v9g] PROBE epoch 49: bar-res(640x480) sparkle 0.0/Mpx resid 0.1084 highlight_ratio 0.143 (tgt sp<16 resid<0.035) took 43.3s
[v9g] epoch 50/300 n2n_mse=0.047125 lr=0.000086 pool_yaws=[14.6,27.3,18.0] pool_ms=1609 hist_ms=5019 batch_ms=8812 (992.2s)
[v9g] MONITOR epoch 50: val sparkle 108.5/Mpx resid 0.0980 highlight_ratio 0.166 score=2.799 | mirror sparkle 0.0/Mpx resid 0.0966 highlight_ratio 0.173 (tgt sp<16 resid<0.035) *BEST->saved score_streak=0/20(LOG-ONLY) resid_streak=0/20(ABORT)
[v9g] epoch 51/300 n2n_mse=0.039733 lr=0.000085 pool_yaws=[8.4,-15.4,-28.8] pool_ms=1588 hist_ms=5023 batch_ms=8976 (1010.3s)
[v9g] MONITOR epoch 51: val sparkle 108.5/Mpx resid 0.0974 highlight_ratio 0.171 score=2.783 | mirror sparkle 0.0/Mpx resid 0.0960 highlight_ratio 0.178 (tgt sp<16 resid<0.035) *BEST->saved score_streak=0/20(LOG-ONLY) resid_streak=0/20(ABORT)
[v9g] epoch 52/300 n2n_mse=0.044087 lr=0.000085 pool_yaws=[13.9,1.6,-2.9] pool_ms=1596 hist_ms=5020 batch_ms=8829 (1028.3s)
[v9g] MONITOR epoch 52: val sparkle 108.5/Mpx resid 0.0968 highlight_ratio 0.175 score=2.767 | mirror sparkle 0.0/Mpx resid 0.0954 highlight_ratio 0.183 (tgt sp<16 resid<0.035) *BEST->saved score_streak=0/20(LOG-ONLY) resid_streak=0/20(ABORT)
[v9g] epoch 53/300 n2n_mse=0.042198 lr=0.000085 pool_yaws=[14.3,0.6,19.9] pool_ms=1619 hist_ms=5050 batch_ms=8819 (1046.3s)
[v9g] MONITOR epoch 53: val sparkle 108.5/Mpx resid 0.0963 highlight_ratio 0.180 score=2.750 | mirror sparkle 0.0/Mpx resid 0.0949 highlight_ratio 0.188 (tgt sp<16 resid<0.035) *BEST->saved score_streak=0/20(LOG-ONLY) resid_streak=0/20(ABORT)
[v9g] epoch 54/300 n2n_mse=0.037622 lr=0.000085 pool_yaws=[11.4,-19.8,4.3] pool_ms=1599 hist_ms=5058 batch_ms=8841 (1064.3s)
[v9g] MONITOR epoch 54: val sparkle 108.5/Mpx resid 0.0957 highlight_ratio 0.184 score=2.734 | mirror sparkle 0.0/Mpx resid 0.0943 highlight_ratio 0.193 (tgt sp<16 resid<0.035) *BEST->saved score_streak=0/20(LOG-ONLY) resid_streak=0/20(ABORT)
[v9g] epoch 55/300 n2n_mse=0.040147 lr=0.000085 pool_yaws=[17.7,10.6,-25.5] pool_ms=1518 hist_ms=5072 batch_ms=9111 (1082.5s)
[v9g] MONITOR epoch 55: val sparkle 108.5/Mpx resid 0.0951 highlight_ratio 0.189 score=2.718 | mirror sparkle 0.0/Mpx resid 0.0937 highlight_ratio 0.198 (tgt sp<16 resid<0.035) *BEST->saved score_streak=0/20(LOG-ONLY) resid_streak=0/20(ABORT)
[v9g] epoch 56/300 n2n_mse=0.040280 lr=0.000084 pool_yaws=[0.1,7.6,15.2] pool_ms=1633 hist_ms=5072 batch_ms=8950 (1100.7s)
[v9g] MONITOR epoch 56: val sparkle 108.5/Mpx resid 0.0946 highlight_ratio 0.193 score=2.713 | mirror sparkle 0.0/Mpx resid 0.0931 highlight_ratio 0.203 (tgt sp<16 resid<0.035) *BEST->saved score_streak=0/20(LOG-ONLY) resid_streak=0/20(ABORT)
[v9g] epoch 57/300 n2n_mse=0.043955 lr=0.000084 pool_yaws=[-1.7,-17.3,-27.1] pool_ms=1617 hist_ms=5071 batch_ms=9092 (1119.1s)
[v9g] MONITOR epoch 57: val sparkle 108.5/Mpx resid 0.0940 highlight_ratio 0.198 score=2.713 | mirror sparkle 0.0/Mpx resid 0.0925 highlight_ratio 0.208 (tgt sp<16 resid<0.035) score_streak=0/20(LOG-ONLY) resid_streak=0/20(ABORT)
[v9g] epoch 58/300 n2n_mse=0.041477 lr=0.000084 pool_yaws=[19.6,-6.1,8.1] pool_ms=1757 hist_ms=5099 batch_ms=8924 (1137.4s)
[v9g] MONITOR epoch 58: val sparkle 108.5/Mpx resid 0.0935 highlight_ratio 0.202 score=2.713 | mirror sparkle 0.0/Mpx resid 0.0919 highlight_ratio 0.213 (tgt sp<16 resid<0.035) score_streak=0/20(LOG-ONLY) resid_streak=0/20(ABORT)
[v9g] epoch 59/300 n2n_mse=0.036487 lr=0.000084 pool_yaws=[10.8,-19.9,-24.9] pool_ms=1846 hist_ms=5078 batch_ms=9046 (1155.9s)
[v9g] MONITOR epoch 59: val sparkle 108.5/Mpx resid 0.0929 highlight_ratio 0.207 score=2.713 | mirror sparkle 0.0/Mpx resid 0.0913 highlight_ratio 0.218 (tgt sp<16 resid<0.035) score_streak=0/20(LOG-ONLY) resid_streak=0/20(ABORT)
[v9g] epoch 60/300 n2n_mse=0.042876 lr=0.000083 pool_yaws=[-14.7,-24.5,-9.3] pool_ms=1594 hist_ms=5145 batch_ms=9086 (1174.3s)
[v9g] MONITOR epoch 60: val sparkle 108.5/Mpx resid 0.0923 highlight_ratio 0.211 score=2.713 | mirror sparkle 0.0/Mpx resid 0.0907 highlight_ratio 0.224 (tgt sp<16 resid<0.035) score_streak=0/20(LOG-ONLY) resid_streak=0/20(ABORT)
[v9g] epoch 61/300 n2n_mse=0.041064 lr=0.000083 pool_yaws=[-25.5,20.6,7.4] pool_ms=1418 hist_ms=5028 batch_ms=8751 (1192.0s)
[v9g] MONITOR epoch 61: val sparkle 108.5/Mpx resid 0.0918 highlight_ratio 0.216 score=2.713 | mirror sparkle 0.0/Mpx resid 0.0901 highlight_ratio 0.229 (tgt sp<16 resid<0.035) score_streak=0/20(LOG-ONLY) resid_streak=0/20(ABORT)
[v9g] epoch 62/300 n2n_mse=0.042087 lr=0.000083 pool_yaws=[11.7,1.5,-19.6] pool_ms=1275 hist_ms=4965 batch_ms=9073 (1209.8s)
[v9g] MONITOR epoch 62: val sparkle 325.5/Mpx resid 0.0912 highlight_ratio 0.220 score=8.138 | mirror sparkle 0.0/Mpx resid 0.0895 highlight_ratio 0.234 (tgt sp<16 resid<0.035) score_streak=1/20(LOG-ONLY) resid_streak=0/20(ABORT)
[v9g] epoch 63/300 n2n_mse=0.042034 lr=0.000083 pool_yaws=[-23.0,22.1,-4.0] pool_ms=1275 hist_ms=4959 batch_ms=8731 (1227.3s)
[v9g] MONITOR epoch 63: val sparkle 325.5/Mpx resid 0.0906 highlight_ratio 0.225 score=8.138 | mirror sparkle 0.0/Mpx resid 0.0889 highlight_ratio 0.240 (tgt sp<16 resid<0.035) score_streak=2/20(LOG-ONLY) resid_streak=0/20(ABORT)
[v9g] epoch 64/300 n2n_mse=0.039255 lr=0.000082 pool_yaws=[1.1,20.4,7.7] pool_ms=1299 hist_ms=4967 batch_ms=8728 (1244.8s)
[v9g] MONITOR epoch 64: val sparkle 434.0/Mpx resid 0.0900 highlight_ratio 0.230 score=10.851 | mirror sparkle 0.0/Mpx resid 0.0883 highlight_ratio 0.245 (tgt sp<16 resid<0.035) score_streak=3/20(LOG-ONLY) resid_streak=0/20(ABORT)
[v9g] epoch 65/300 n2n_mse=0.046863 lr=0.000082 pool_yaws=[-12.3,25.6,-14.9] pool_ms=1267 hist_ms=4965 batch_ms=9705 (1263.2s)
[v9g] MONITOR epoch 65: val sparkle 434.0/Mpx resid 0.0895 highlight_ratio 0.234 score=10.851 | mirror sparkle 0.0/Mpx resid 0.0877 highlight_ratio 0.250 (tgt sp<16 resid<0.035) score_streak=4/20(LOG-ONLY) resid_streak=0/20(ABORT)
[v9g] epoch 66/300 n2n_mse=0.045716 lr=0.000082 pool_yaws=[23.8,29.7,-6.6] pool_ms=1252 hist_ms=4969 batch_ms=8689 (1280.6s)
[v9g] MONITOR epoch 66: val sparkle 434.0/Mpx resid 0.0889 highlight_ratio 0.239 score=10.851 | mirror sparkle 0.0/Mpx resid 0.0871 highlight_ratio 0.255 (tgt sp<16 resid<0.035) score_streak=5/20(LOG-ONLY) resid_streak=0/20(ABORT)
[v9g] epoch 67/300 n2n_mse=0.042503 lr=0.000082 pool_yaws=[19.2,26.5,0.8] pool_ms=1252 hist_ms=4964 batch_ms=8619 (1297.9s)
[v9g] MONITOR epoch 67: val sparkle 434.0/Mpx resid 0.0884 highlight_ratio 0.243 score=10.851 | mirror sparkle 0.0/Mpx resid 0.0865 highlight_ratio 0.260 (tgt sp<16 resid<0.035) score_streak=6/20(LOG-ONLY) resid_streak=0/20(ABORT)
[v9g] epoch 68/300 n2n_mse=0.039615 lr=0.000082 pool_yaws=[24.7,16.6,0.5] pool_ms=1270 hist_ms=4965 batch_ms=8690 (1315.3s)
[v9g] MONITOR epoch 68: val sparkle 434.0/Mpx resid 0.0878 highlight_ratio 0.248 score=10.851 | mirror sparkle 0.0/Mpx resid 0.0859 highlight_ratio 0.265 (tgt sp<16 resid<0.035) score_streak=7/20(LOG-ONLY) resid_streak=0/20(ABORT)
[v9g] epoch 69/300 n2n_mse=0.045723 lr=0.000081 pool_yaws=[-17.0,25.3,-25.4] pool_ms=1255 hist_ms=5011 batch_ms=9011 (1333.1s)
[v9g] MONITOR epoch 69: val sparkle 434.0/Mpx resid 0.0872 highlight_ratio 0.253 score=10.851 | mirror sparkle 0.0/Mpx resid 0.0853 highlight_ratio 0.271 (tgt sp<16 resid<0.035) score_streak=8/20(LOG-ONLY) resid_streak=0/20(ABORT)
[v9g] epoch 70/300 n2n_mse=0.036467 lr=0.000081 pool_yaws=[-22.5,-27.0,-21.0] pool_ms=1309 hist_ms=4987 batch_ms=8835 (1350.7s)
[v9g] MONITOR epoch 70: val sparkle 542.5/Mpx resid 0.0866 highlight_ratio 0.258 score=13.563 | mirror sparkle 0.0/Mpx resid 0.0847 highlight_ratio 0.276 (tgt sp<16 resid<0.035) score_streak=9/20(LOG-ONLY) resid_streak=0/20(ABORT)
[v9g] epoch 71/300 n2n_mse=0.039163 lr=0.000081 pool_yaws=[12.8,13.3,12.0] pool_ms=1303 hist_ms=5058 batch_ms=8635 (1368.2s)
[v9g] MONITOR epoch 71: val sparkle 542.5/Mpx resid 0.0860 highlight_ratio 0.263 score=13.563 | mirror sparkle 0.0/Mpx resid 0.0841 highlight_ratio 0.282 (tgt sp<16 resid<0.035) score_streak=10/20(LOG-ONLY) resid_streak=0/20(ABORT)
[v9g] epoch 72/300 n2n_mse=0.040872 lr=0.000081 pool_yaws=[-21.3,17.7,29.1] pool_ms=1209 hist_ms=4972 batch_ms=8661 (1385.6s)
[v9g] MONITOR epoch 72: val sparkle 542.5/Mpx resid 0.0854 highlight_ratio 0.268 score=13.563 | mirror sparkle 0.0/Mpx resid 0.0835 highlight_ratio 0.287 (tgt sp<16 resid<0.035) score_streak=11/20(LOG-ONLY) resid_streak=0/20(ABORT)
[v9g] epoch 73/300 n2n_mse=0.036210 lr=0.000080 pool_yaws=[-1.5,26.5,-4.2] pool_ms=1225 hist_ms=4968 batch_ms=8700 (1402.9s)
[v9g] MONITOR epoch 73: val sparkle 542.5/Mpx resid 0.0849 highlight_ratio 0.272 score=13.563 | mirror sparkle 0.0/Mpx resid 0.0829 highlight_ratio 0.292 (tgt sp<16 resid<0.035) score_streak=12/20(LOG-ONLY) resid_streak=0/20(ABORT)
[v9g] epoch 74/300 n2n_mse=0.040903 lr=0.000080 pool_yaws=[0.7,1.4,7.8] pool_ms=1317 hist_ms=5023 batch_ms=8611 (1420.4s)
[v9g] MONITOR epoch 74: val sparkle 542.5/Mpx resid 0.0843 highlight_ratio 0.277 score=13.563 | mirror sparkle 0.0/Mpx resid 0.0822 highlight_ratio 0.298 (tgt sp<16 resid<0.035) score_streak=13/20(LOG-ONLY) resid_streak=0/20(ABORT)
[v9g] PROBE epoch 74: bar-res(640x480) sparkle 9.8/Mpx resid 0.0926 highlight_ratio 0.267 (tgt sp<16 resid<0.035) took 43.1s
[v9g] epoch 75/300 n2n_mse=0.033982 lr=0.000080 pool_yaws=[-23.6,-15.7,-5.7] pool_ms=1222 hist_ms=4943 batch_ms=8807 (1481.0s)
[v9g] MONITOR epoch 75: val sparkle 542.5/Mpx resid 0.0837 highlight_ratio 0.282 score=13.563 | mirror sparkle 0.0/Mpx resid 0.0816 highlight_ratio 0.303 (tgt sp<16 resid<0.035) score_streak=14/20(LOG-ONLY) resid_streak=0/20(ABORT)
[v9g] epoch 76/300 n2n_mse=0.043096 lr=0.000080 pool_yaws=[-6.0,19.3,23.1] pool_ms=1222 hist_ms=4947 batch_ms=8588 (1498.2s)
[v9g] MONITOR epoch 76: val sparkle 651.0/Mpx resid 0.0831 highlight_ratio 0.287 score=16.276 | mirror sparkle 0.0/Mpx resid 0.0810 highlight_ratio 0.309 (tgt sp<16 resid<0.035) score_streak=15/20(LOG-ONLY) resid_streak=0/20(ABORT)
[v9g] epoch 77/300 n2n_mse=0.036669 lr=0.000080 pool_yaws=[-0.2,0.8,0.2] pool_ms=1256 hist_ms=4959 batch_ms=8585 (1515.5s)
[v9g] MONITOR epoch 77: val sparkle 651.0/Mpx resid 0.0825 highlight_ratio 0.292 score=16.276 | mirror sparkle 0.0/Mpx resid 0.0804 highlight_ratio 0.314 (tgt sp<16 resid<0.035) score_streak=16/20(LOG-ONLY) resid_streak=0/20(ABORT)
[v9g] epoch 78/300 n2n_mse=0.040804 lr=0.000079 pool_yaws=[-13.5,-26.2,-9.3] pool_ms=1281 hist_ms=4995 batch_ms=9356 (1533.6s)
[v9g] MONITOR epoch 78: val sparkle 651.0/Mpx resid 0.0819 highlight_ratio 0.297 score=16.276 | mirror sparkle 0.0/Mpx resid 0.0798 highlight_ratio 0.319 (tgt sp<16 resid<0.035) score_streak=17/20(LOG-ONLY) resid_streak=0/20(ABORT)
[v9g] epoch 79/300 n2n_mse=0.038343 lr=0.000079 pool_yaws=[11.6,-19.5,-28.6] pool_ms=1254 hist_ms=4975 batch_ms=8689 (1551.0s)
[v9g] MONITOR epoch 79: val sparkle 651.0/Mpx resid 0.0813 highlight_ratio 0.302 score=16.276 | mirror sparkle 0.0/Mpx resid 0.0792 highlight_ratio 0.325 (tgt sp<16 resid<0.035) score_streak=18/20(LOG-ONLY) resid_streak=0/20(ABORT)
[v9g] epoch 80/300 n2n_mse=0.034686 lr=0.000079 pool_yaws=[-24.2,-7.8,12.8] pool_ms=1342 hist_ms=5039 batch_ms=8766 (1568.6s)
[v9g] MONITOR epoch 80: val sparkle 651.0/Mpx resid 0.0807 highlight_ratio 0.307 score=16.276 | mirror sparkle 0.0/Mpx resid 0.0786 highlight_ratio 0.330 (tgt sp<16 resid<0.035) score_streak=19/20(LOG-ONLY) resid_streak=0/20(ABORT)
[v9g] epoch 81/300 n2n_mse=0.039197 lr=0.000079 pool_yaws=[-2.3,-4.2,24.1] pool_ms=1297 hist_ms=5012 batch_ms=9122 (1586.6s)
[v9g] MONITOR epoch 81: val sparkle 651.0/Mpx resid 0.0801 highlight_ratio 0.312 score=16.276 | mirror sparkle 0.0/Mpx resid 0.0779 highlight_ratio 0.336 (tgt sp<16 resid<0.035) score_streak=20/20(LOG-ONLY) resid_streak=0/20(ABORT)
[v9g] epoch 82/300 n2n_mse=0.035320 lr=0.000079 pool_yaws=[-20.9,10.6,29.7] pool_ms=1248 hist_ms=5030 batch_ms=8704 (1604.1s)
[v9g] MONITOR epoch 82: val sparkle 651.0/Mpx resid 0.0795 highlight_ratio 0.318 score=16.276 | mirror sparkle 0.0/Mpx resid 0.0773 highlight_ratio 0.342 (tgt sp<16 resid<0.035) score_streak=21/20(LOG-ONLY) resid_streak=0/20(ABORT)
[v9g] epoch 83/300 n2n_mse=0.041155 lr=0.000078 pool_yaws=[21.6,-16.2,-18.5] pool_ms=1276 hist_ms=5060 batch_ms=8835 (1621.9s)
[v9g] MONITOR epoch 83: val sparkle 651.0/Mpx resid 0.0790 highlight_ratio 0.323 score=16.276 | mirror sparkle 0.0/Mpx resid 0.0767 highlight_ratio 0.347 (tgt sp<16 resid<0.035) score_streak=22/20(LOG-ONLY) resid_streak=0/20(ABORT)
[v9g] epoch 84/300 n2n_mse=0.040440 lr=0.000078 pool_yaws=[-14.2,-17.3,25.7] pool_ms=1346 hist_ms=4982 batch_ms=9032 (1639.7s)
[v9g] MONITOR epoch 84: val sparkle 651.0/Mpx resid 0.0784 highlight_ratio 0.328 score=16.276 | mirror sparkle 0.0/Mpx resid 0.0761 highlight_ratio 0.353 (tgt sp<16 resid<0.035) score_streak=23/20(LOG-ONLY) resid_streak=0/20(ABORT)
[v9g] epoch 85/300 n2n_mse=0.042208 lr=0.000078 pool_yaws=[-10.3,9.2,-6.7] pool_ms=1258 hist_ms=4995 batch_ms=8691 (1657.1s)
[v9g] MONITOR epoch 85: val sparkle 651.0/Mpx resid 0.0778 highlight_ratio 0.333 score=16.276 | mirror sparkle 0.0/Mpx resid 0.0755 highlight_ratio 0.358 (tgt sp<16 resid<0.035) score_streak=24/20(LOG-ONLY) resid_streak=0/20(ABORT)
[v9g] epoch 86/300 n2n_mse=0.039265 lr=0.000078 pool_yaws=[10.4,-11.3,14.5] pool_ms=1263 hist_ms=4995 batch_ms=8674 (1674.6s)
[v9g] MONITOR epoch 86: val sparkle 651.0/Mpx resid 0.0772 highlight_ratio 0.338 score=16.276 | mirror sparkle 0.0/Mpx resid 0.0749 highlight_ratio 0.364 (tgt sp<16 resid<0.035) score_streak=25/20(LOG-ONLY) resid_streak=0/20(ABORT)
[v9g] epoch 87/300 n2n_mse=0.039883 lr=0.000078 pool_yaws=[-13.5,15.1,-22.7] pool_ms=1264 hist_ms=5002 batch_ms=8683 (1692.0s)
[v9g] MONITOR epoch 87: val sparkle 651.0/Mpx resid 0.0766 highlight_ratio 0.344 score=16.276 | mirror sparkle 0.0/Mpx resid 0.0742 highlight_ratio 0.369 (tgt sp<16 resid<0.035) score_streak=26/20(LOG-ONLY) resid_streak=0/20(ABORT)
[v9g] epoch 88/300 n2n_mse=0.045417 lr=0.000077 pool_yaws=[8.5,29.0,-7.8] pool_ms=1245 hist_ms=5005 batch_ms=8731 (1709.5s)
[v9g] MONITOR epoch 88: val sparkle 651.0/Mpx resid 0.0760 highlight_ratio 0.349 score=16.276 | mirror sparkle 0.0/Mpx resid 0.0736 highlight_ratio 0.375 (tgt sp<16 resid<0.035) score_streak=27/20(LOG-ONLY) resid_streak=0/20(ABORT)
[v9g] epoch 89/300 n2n_mse=0.042169 lr=0.000077 pool_yaws=[-17.5,28.4,19.3] pool_ms=1248 hist_ms=4944 batch_ms=8747 (1726.9s)
[v9g] MONITOR epoch 89: val sparkle 651.0/Mpx resid 0.0754 highlight_ratio 0.355 score=16.276 | mirror sparkle 0.0/Mpx resid 0.0730 highlight_ratio 0.381 (tgt sp<16 resid<0.035) score_streak=28/20(LOG-ONLY) resid_streak=0/20(ABORT)
[v9g] epoch 90/300 n2n_mse=0.045055 lr=0.000077 pool_yaws=[-12.3,25.5,-18.5] pool_ms=1222 hist_ms=4944 batch_ms=8693 (1744.3s)
[v9g] MONITOR epoch 90: val sparkle 651.0/Mpx resid 0.0748 highlight_ratio 0.360 score=16.276 | mirror sparkle 0.0/Mpx resid 0.0724 highlight_ratio 0.386 (tgt sp<16 resid<0.035) score_streak=29/20(LOG-ONLY) resid_streak=0/20(ABORT)
[v9g] epoch 91/300 n2n_mse=0.043142 lr=0.000077 pool_yaws=[11.0,2.6,-16.1] pool_ms=1240 hist_ms=4941 batch_ms=8594 (1761.5s)
[v9g] MONITOR epoch 91: val sparkle 651.0/Mpx resid 0.0742 highlight_ratio 0.365 score=16.276 | mirror sparkle 0.0/Mpx resid 0.0718 highlight_ratio 0.392 (tgt sp<16 resid<0.035) score_streak=30/20(LOG-ONLY) resid_streak=0/20(ABORT)
[v9g] epoch 92/300 n2n_mse=0.043558 lr=0.000077 pool_yaws=[26.6,-18.3,14.4] pool_ms=1227 hist_ms=4940 batch_ms=8607 (1778.8s)
[v9g] MONITOR epoch 92: val sparkle 651.0/Mpx resid 0.0736 highlight_ratio 0.371 score=16.276 | mirror sparkle 0.0/Mpx resid 0.0712 highlight_ratio 0.397 (tgt sp<16 resid<0.035) score_streak=31/20(LOG-ONLY) resid_streak=0/20(ABORT)
[v9g] epoch 93/300 n2n_mse=0.041352 lr=0.000076 pool_yaws=[-12.4,14.8,27.7] pool_ms=1198 hist_ms=4947 batch_ms=8611 (1796.0s)
[v9g] MONITOR epoch 93: val sparkle 651.0/Mpx resid 0.0730 highlight_ratio 0.376 score=16.276 | mirror sparkle 0.0/Mpx resid 0.0705 highlight_ratio 0.403 (tgt sp<16 resid<0.035) score_streak=32/20(LOG-ONLY) resid_streak=0/20(ABORT)
[v9g] epoch 94/300 n2n_mse=0.035179 lr=0.000076 pool_yaws=[-23.9,-12.1,-20.1] pool_ms=1307 hist_ms=4949 batch_ms=8618 (1813.3s)
[v9g] MONITOR epoch 94: val sparkle 651.0/Mpx resid 0.0725 highlight_ratio 0.381 score=16.276 | mirror sparkle 0.0/Mpx resid 0.0699 highlight_ratio 0.409 (tgt sp<16 resid<0.035) score_streak=33/20(LOG-ONLY) resid_streak=0/20(ABORT)
[v9g] epoch 95/300 n2n_mse=0.042235 lr=0.000076 pool_yaws=[-17.9,4.7,28.1] pool_ms=1200 hist_ms=4944 batch_ms=8656 (1830.6s)
[v9g] MONITOR epoch 95: val sparkle 651.0/Mpx resid 0.0719 highlight_ratio 0.386 score=16.276 | mirror sparkle 0.0/Mpx resid 0.0693 highlight_ratio 0.414 (tgt sp<16 resid<0.035) score_streak=34/20(LOG-ONLY) resid_streak=0/20(ABORT)
[v9g] epoch 96/300 n2n_mse=0.035477 lr=0.000076 pool_yaws=[12.7,13.0,13.3] pool_ms=1227 hist_ms=4954 batch_ms=9101 (1848.4s)
[v9g] MONITOR epoch 96: val sparkle 651.0/Mpx resid 0.0713 highlight_ratio 0.391 score=16.276 | mirror sparkle 0.0/Mpx resid 0.0687 highlight_ratio 0.420 (tgt sp<16 resid<0.035) score_streak=35/20(LOG-ONLY) resid_streak=0/20(ABORT)
[v9g] epoch 97/300 n2n_mse=0.035368 lr=0.000076 pool_yaws=[-26.1,10.9,-24.9] pool_ms=1272 hist_ms=4942 batch_ms=8556 (1865.6s)
[v9g] MONITOR epoch 97: val sparkle 651.0/Mpx resid 0.0708 highlight_ratio 0.396 score=16.276 | mirror sparkle 0.0/Mpx resid 0.0681 highlight_ratio 0.425 (tgt sp<16 resid<0.035) score_streak=36/20(LOG-ONLY) resid_streak=0/20(ABORT)
[v9g] epoch 98/300 n2n_mse=0.034960 lr=0.000075 pool_yaws=[-28.9,-28.0,5.2] pool_ms=1249 hist_ms=4945 batch_ms=8944 (1883.2s)
[v9g] MONITOR epoch 98: val sparkle 651.0/Mpx resid 0.0702 highlight_ratio 0.402 score=16.276 | mirror sparkle 0.0/Mpx resid 0.0675 highlight_ratio 0.431 (tgt sp<16 resid<0.035) score_streak=37/20(LOG-ONLY) resid_streak=0/20(ABORT)
[v9g] epoch 99/300 n2n_mse=0.040987 lr=0.000075 pool_yaws=[20.2,-8.4,-8.4] pool_ms=1205 hist_ms=4950 batch_ms=8624 (1900.5s)
[v9g] MONITOR epoch 99: val sparkle 759.5/Mpx resid 0.0696 highlight_ratio 0.407 score=18.989 | mirror sparkle 0.0/Mpx resid 0.0669 highlight_ratio 0.436 (tgt sp<16 resid<0.035) score_streak=38/20(LOG-ONLY) resid_streak=0/20(ABORT)
[v9g] PROBE epoch 99: bar-res(640x480) sparkle 16.3/Mpx resid 0.0756 highlight_ratio 0.409 (tgt sp<16 resid<0.035) took 42.2s
[v9g] WATCHDOG ABORT: bar-res probe sparkle failed the bar at epoch 99 — stopping, keeping best+last (best score=2.713)
[v9g] training done in 1945.2s (best score=2.713)
[v9g] wrote /Users/pascaldisse/projects/magic-crystal-v9body/packages/scrying-glass/data/rdirect-weights-v9g.bin sha256=d2735114cc2e1a54c45b7aeb1e72bfe435d58af2fdac65c4457db14038eaca52
[v9g] wrote /Users/pascaldisse/projects/magic-crystal-v9body/packages/scrying-glass/data/rdirect-weights-v9g-last.bin sha256=d7b0d025655910e1ea8af42e929454d4ead5878354cb4cb4269ae1c870f695a5
[v9g] wrote provenance. tag=v9g best=/Users/pascaldisse/projects/magic-crystal-v9body/packages/scrying-glass/data/rdirect-weights-v9g.bin last=/Users/pascaldisse/projects/magic-crystal-v9body/packages/scrying-glass/data/rdirect-weights-v9g-last.bin
