    Finished `release` profile [optimized] target(s) in 0.55s
     Running `/Users/pascaldisse/projects/magic-crystal-v9body/target/release/examples/rdirect_train_v9h`
[v9h] GAIA_V7_SKY_HISTORY reject=false — mandate expects true (set GAIA_V7_SKY_HISTORY=reject)
[v9h] res 128x72 K=3 steps, GAIA_V9_K=8 noise2noise draws (variance/8, teacher validator-only)
[v9h] WATCHDOG two-signal: score_streak=20 LOG-ONLY, resid_streak=20 ABORT, bar-res probe every 25 epochs at 640x480 (K=3 ref=64) ABORT on sparkle>=16
[v9h] CURE 4: overshoot_w=4 — above-ceiling gradient is 2*overshoot_w*(raw-cap)/n (pulls toward the ceiling), no longer zero (see module doc mechanism-hunt verdict)
[v9h] POSE DIVERSITY POOL (v9c/v9e parity): orbit±30deg jitter±0.6 around 2 anchors (front-pivot family x2 draws/epoch, wide-anchor family x1 draw/epoch) + mirror unconditional (fixed) — fresh draws every epoch, CURE 3 winsorize_k=0 (OFF if 0)
[v9h] rendered mirror(train) + 2 VALIDATOR (orbit_-20, mirror — FIXED, held-out) pose sequences (128x72, teacher 64 VALIDATOR ONLY, pan_step=0.004, mirror_spp=4) in 1.8s
[v9h] UnetConfig widths=[24, 40, 64] n_scales=3 params≈163083
[v9h] MONITOR epoch -1 (fresh He-init): val sparkle 0.0/Mpx resid 0.1184 highlight_ratio 0.023 score=3.383 | mirror sparkle 0.0/Mpx resid 0.1197 highlight_ratio 0.018 (tgt sp<16 resid<0.035) *BEST->saved score_streak=0/20(LOG-ONLY) resid_streak=0/20(ABORT)
[v9h] epoch 0/300 n2n_mse=0.143086 lr=0.000100 pool_yaws=[-11.4,9.4,1.9] pool_ms=1569 hist_ms=5138 batch_ms=8703 (15.4s)
[v9h] MONITOR epoch 0: val sparkle 0.0/Mpx resid 0.1184 highlight_ratio 0.023 score=3.383 | mirror sparkle 0.0/Mpx resid 0.1197 highlight_ratio 0.018 (tgt sp<16 resid<0.035) *BEST->saved score_streak=0/20(LOG-ONLY) resid_streak=0/20(ABORT)
[v9h] epoch 1/300 n2n_mse=0.091625 lr=0.000100 pool_yaws=[26.6,15.3,11.3] pool_ms=1738 hist_ms=5110 batch_ms=8599 (33.4s)
[v9h] MONITOR epoch 1: val sparkle 0.0/Mpx resid 0.1183 highlight_ratio 0.024 score=3.380 | mirror sparkle 0.0/Mpx resid 0.1195 highlight_ratio 0.018 (tgt sp<16 resid<0.035) *BEST->saved score_streak=0/20(LOG-ONLY) resid_streak=0/20(ABORT)
[v9h] epoch 2/300 n2n_mse=0.062490 lr=0.000099 pool_yaws=[-15.3,-29.4,-9.5] pool_ms=1728 hist_ms=5081 batch_ms=8530 (51.3s)
[v9h] MONITOR epoch 2: val sparkle 0.0/Mpx resid 0.1182 highlight_ratio 0.024 score=3.377 | mirror sparkle 0.0/Mpx resid 0.1193 highlight_ratio 0.019 (tgt sp<16 resid<0.035) *BEST->saved score_streak=0/20(LOG-ONLY) resid_streak=0/20(ABORT)
[v9h] epoch 3/300 n2n_mse=0.069043 lr=0.000099 pool_yaws=[25.5,-14.4,9.6] pool_ms=1893 hist_ms=5124 batch_ms=8467 (69.3s)
[v9h] MONITOR epoch 3: val sparkle 0.0/Mpx resid 0.1181 highlight_ratio 0.025 score=3.373 | mirror sparkle 0.0/Mpx resid 0.1191 highlight_ratio 0.020 (tgt sp<16 resid<0.035) *BEST->saved score_streak=0/20(LOG-ONLY) resid_streak=0/20(ABORT)
[v9h] epoch 4/300 n2n_mse=0.056806 lr=0.000099 pool_yaws=[-23.2,-5.2,30.0] pool_ms=1742 hist_ms=5199 batch_ms=8645 (87.5s)
[v9h] MONITOR epoch 4: val sparkle 0.0/Mpx resid 0.1179 highlight_ratio 0.026 score=3.369 | mirror sparkle 0.0/Mpx resid 0.1188 highlight_ratio 0.021 (tgt sp<16 resid<0.035) *BEST->saved score_streak=0/20(LOG-ONLY) resid_streak=0/20(ABORT)
[v9h] epoch 5/300 n2n_mse=0.051516 lr=0.000098 pool_yaws=[-1.9,-30.0,5.6] pool_ms=1750 hist_ms=5138 batch_ms=8635 (105.6s)
[v9h] MONITOR epoch 5: val sparkle 0.0/Mpx resid 0.1177 highlight_ratio 0.027 score=3.364 | mirror sparkle 0.0/Mpx resid 0.1185 highlight_ratio 0.023 (tgt sp<16 resid<0.035) *BEST->saved score_streak=0/20(LOG-ONLY) resid_streak=0/20(ABORT)
[v9h] epoch 6/300 n2n_mse=0.060687 lr=0.000098 pool_yaws=[-3.4,-16.4,26.5] pool_ms=1702 hist_ms=5114 batch_ms=8591 (123.5s)
[v9h] MONITOR epoch 6: val sparkle 0.0/Mpx resid 0.1175 highlight_ratio 0.028 score=3.358 | mirror sparkle 0.0/Mpx resid 0.1183 highlight_ratio 0.024 (tgt sp<16 resid<0.035) *BEST->saved score_streak=0/20(LOG-ONLY) resid_streak=0/20(ABORT)
[v9h] epoch 7/300 n2n_mse=0.052041 lr=0.000098 pool_yaws=[15.1,-26.0,-26.1] pool_ms=1685 hist_ms=5070 batch_ms=9510 (142.3s)
[v9h] MONITOR epoch 7: val sparkle 0.0/Mpx resid 0.1173 highlight_ratio 0.029 score=3.352 | mirror sparkle 0.0/Mpx resid 0.1180 highlight_ratio 0.025 (tgt sp<16 resid<0.035) *BEST->saved score_streak=0/20(LOG-ONLY) resid_streak=0/20(ABORT)
[v9h] epoch 8/300 n2n_mse=0.050433 lr=0.000097 pool_yaws=[-4.7,-27.3,-28.4] pool_ms=1623 hist_ms=5074 batch_ms=8831 (160.4s)
[v9h] MONITOR epoch 8: val sparkle 0.0/Mpx resid 0.1171 highlight_ratio 0.031 score=3.346 | mirror sparkle 0.0/Mpx resid 0.1177 highlight_ratio 0.027 (tgt sp<16 resid<0.035) *BEST->saved score_streak=0/20(LOG-ONLY) resid_streak=0/20(ABORT)
[v9h] epoch 9/300 n2n_mse=0.055810 lr=0.000097 pool_yaws=[-16.6,16.3,-12.3] pool_ms=1713 hist_ms=5146 batch_ms=8769 (178.6s)
[v9h] MONITOR epoch 9: val sparkle 0.0/Mpx resid 0.1169 highlight_ratio 0.032 score=3.340 | mirror sparkle 0.0/Mpx resid 0.1174 highlight_ratio 0.028 (tgt sp<16 resid<0.035) *BEST->saved score_streak=0/20(LOG-ONLY) resid_streak=0/20(ABORT)
[v9h] epoch 10/300 n2n_mse=0.052967 lr=0.000097 pool_yaws=[-7.2,-2.3,-6.6] pool_ms=1689 hist_ms=5062 batch_ms=8724 (196.6s)
[v9h] MONITOR epoch 10: val sparkle 0.0/Mpx resid 0.1166 highlight_ratio 0.033 score=3.333 | mirror sparkle 0.0/Mpx resid 0.1170 highlight_ratio 0.030 (tgt sp<16 resid<0.035) *BEST->saved score_streak=0/20(LOG-ONLY) resid_streak=0/20(ABORT)
[v9h] epoch 11/300 n2n_mse=0.056366 lr=0.000096 pool_yaws=[-8.2,6.3,-23.2] pool_ms=1767 hist_ms=5060 batch_ms=8662 (214.7s)
[v9h] MONITOR epoch 11: val sparkle 0.0/Mpx resid 0.1164 highlight_ratio 0.035 score=3.325 | mirror sparkle 0.0/Mpx resid 0.1167 highlight_ratio 0.032 (tgt sp<16 resid<0.035) *BEST->saved score_streak=0/20(LOG-ONLY) resid_streak=0/20(ABORT)
[v9h] epoch 12/300 n2n_mse=0.051358 lr=0.000096 pool_yaws=[16.1,-29.0,19.2] pool_ms=1605 hist_ms=5057 batch_ms=8726 (232.6s)
[v9h] MONITOR epoch 12: val sparkle 0.0/Mpx resid 0.1161 highlight_ratio 0.036 score=3.318 | mirror sparkle 0.0/Mpx resid 0.1163 highlight_ratio 0.034 (tgt sp<16 resid<0.035) *BEST->saved score_streak=0/20(LOG-ONLY) resid_streak=0/20(ABORT)
[v9h] epoch 13/300 n2n_mse=0.045948 lr=0.000096 pool_yaws=[10.3,10.0,0.8] pool_ms=1722 hist_ms=5033 batch_ms=8753 (250.7s)
[v9h] MONITOR epoch 13: val sparkle 0.0/Mpx resid 0.1159 highlight_ratio 0.038 score=3.310 | mirror sparkle 0.0/Mpx resid 0.1160 highlight_ratio 0.036 (tgt sp<16 resid<0.035) *BEST->saved score_streak=0/20(LOG-ONLY) resid_streak=0/20(ABORT)
[v9h] epoch 14/300 n2n_mse=0.053787 lr=0.000096 pool_yaws=[-12.1,17.2,15.3] pool_ms=1682 hist_ms=5078 batch_ms=8901 (268.8s)
[v9h] MONITOR epoch 14: val sparkle 0.0/Mpx resid 0.1156 highlight_ratio 0.040 score=3.302 | mirror sparkle 0.0/Mpx resid 0.1156 highlight_ratio 0.038 (tgt sp<16 resid<0.035) *BEST->saved score_streak=0/20(LOG-ONLY) resid_streak=0/20(ABORT)
[v9h] epoch 15/300 n2n_mse=0.050074 lr=0.000095 pool_yaws=[-13.5,19.3,-9.5] pool_ms=1709 hist_ms=5116 batch_ms=8879 (287.1s)
[v9h] MONITOR epoch 15: val sparkle 0.0/Mpx resid 0.1153 highlight_ratio 0.042 score=3.294 | mirror sparkle 0.0/Mpx resid 0.1152 highlight_ratio 0.040 (tgt sp<16 resid<0.035) *BEST->saved score_streak=0/20(LOG-ONLY) resid_streak=0/20(ABORT)
[v9h] epoch 16/300 n2n_mse=0.050755 lr=0.000095 pool_yaws=[26.1,-23.6,23.9] pool_ms=1598 hist_ms=5102 batch_ms=8955 (305.3s)
[v9h] MONITOR epoch 16: val sparkle 0.0/Mpx resid 0.1150 highlight_ratio 0.044 score=3.285 | mirror sparkle 0.0/Mpx resid 0.1149 highlight_ratio 0.042 (tgt sp<16 resid<0.035) *BEST->saved score_streak=0/20(LOG-ONLY) resid_streak=0/20(ABORT)
[v9h] epoch 17/300 n2n_mse=0.050571 lr=0.000095 pool_yaws=[23.1,-6.2,-7.8] pool_ms=1647 hist_ms=5515 batch_ms=9034 (324.1s)
[v9h] MONITOR epoch 17: val sparkle 0.0/Mpx resid 0.1147 highlight_ratio 0.045 score=3.277 | mirror sparkle 0.0/Mpx resid 0.1145 highlight_ratio 0.044 (tgt sp<16 resid<0.035) *BEST->saved score_streak=0/20(LOG-ONLY) resid_streak=0/20(ABORT)
[v9h] epoch 18/300 n2n_mse=0.047630 lr=0.000094 pool_yaws=[14.6,12.4,-18.9] pool_ms=1616 hist_ms=5131 batch_ms=9153 (342.5s)
[v9h] MONITOR epoch 18: val sparkle 0.0/Mpx resid 0.1144 highlight_ratio 0.047 score=3.268 | mirror sparkle 0.0/Mpx resid 0.1141 highlight_ratio 0.047 (tgt sp<16 resid<0.035) *BEST->saved score_streak=0/20(LOG-ONLY) resid_streak=0/20(ABORT)
[v9h] epoch 19/300 n2n_mse=0.048314 lr=0.000094 pool_yaws=[24.0,-14.9,10.1] pool_ms=1736 hist_ms=5376 batch_ms=9441 (361.7s)
[v9h] MONITOR epoch 19: val sparkle 0.0/Mpx resid 0.1141 highlight_ratio 0.050 score=3.259 | mirror sparkle 0.0/Mpx resid 0.1137 highlight_ratio 0.049 (tgt sp<16 resid<0.035) *BEST->saved score_streak=0/20(LOG-ONLY) resid_streak=0/20(ABORT)
[v9h] epoch 20/300 n2n_mse=0.047878 lr=0.000094 pool_yaws=[-17.7,2.4,-9.2] pool_ms=1805 hist_ms=5328 batch_ms=9608 (381.0s)
[v9h] MONITOR epoch 20: val sparkle 0.0/Mpx resid 0.1137 highlight_ratio 0.052 score=3.249 | mirror sparkle 0.0/Mpx resid 0.1133 highlight_ratio 0.052 (tgt sp<16 resid<0.035) *BEST->saved score_streak=0/20(LOG-ONLY) resid_streak=0/20(ABORT)
[v9h] epoch 21/300 n2n_mse=0.044349 lr=0.000093 pool_yaws=[-26.7,-21.8,12.4] pool_ms=1757 hist_ms=5349 batch_ms=9302 (400.1s)
[v9h] MONITOR epoch 21: val sparkle 0.0/Mpx resid 0.1134 highlight_ratio 0.055 score=3.239 | mirror sparkle 0.0/Mpx resid 0.1129 highlight_ratio 0.055 (tgt sp<16 resid<0.035) *BEST->saved score_streak=0/20(LOG-ONLY) resid_streak=0/20(ABORT)
[v9h] epoch 22/300 n2n_mse=0.049267 lr=0.000093 pool_yaws=[10.8,29.3,-16.4] pool_ms=1756 hist_ms=5381 batch_ms=9925 (419.8s)
[v9h] MONITOR epoch 22: val sparkle 0.0/Mpx resid 0.1130 highlight_ratio 0.057 score=3.228 | mirror sparkle 0.0/Mpx resid 0.1124 highlight_ratio 0.058 (tgt sp<16 resid<0.035) *BEST->saved score_streak=0/20(LOG-ONLY) resid_streak=0/20(ABORT)
[v9h] epoch 23/300 n2n_mse=0.044192 lr=0.000093 pool_yaws=[16.8,8.5,4.2] pool_ms=1885 hist_ms=5531 batch_ms=9583 (439.4s)
[v9h] MONITOR epoch 23: val sparkle 0.0/Mpx resid 0.1126 highlight_ratio 0.060 score=3.216 | mirror sparkle 0.0/Mpx resid 0.1120 highlight_ratio 0.062 (tgt sp<16 resid<0.035) *BEST->saved score_streak=0/20(LOG-ONLY) resid_streak=0/20(ABORT)
[v9h] epoch 24/300 n2n_mse=0.050056 lr=0.000093 pool_yaws=[-14.0,-9.2,14.2] pool_ms=1815 hist_ms=5255 batch_ms=9439 (458.7s)
[v9h] MONITOR epoch 24: val sparkle 0.0/Mpx resid 0.1121 highlight_ratio 0.063 score=3.204 | mirror sparkle 0.0/Mpx resid 0.1115 highlight_ratio 0.065 (tgt sp<16 resid<0.035) *BEST->saved score_streak=0/20(LOG-ONLY) resid_streak=0/20(ABORT)
[v9h] PROBE epoch 24: bar-res(640x480) sparkle 0.0/Mpx resid 0.1232 highlight_ratio 0.041 (tgt sp<16 resid<0.035) took 45.4s
[v9h] epoch 25/300 n2n_mse=0.049605 lr=0.000092 pool_yaws=[-5.4,24.6,0.7] pool_ms=1687 hist_ms=5356 batch_ms=9317 (523.0s)
[v9h] MONITOR epoch 25: val sparkle 0.0/Mpx resid 0.1117 highlight_ratio 0.066 score=3.192 | mirror sparkle 0.0/Mpx resid 0.1110 highlight_ratio 0.069 (tgt sp<16 resid<0.035) *BEST->saved score_streak=0/20(LOG-ONLY) resid_streak=0/20(ABORT)
[v9h] epoch 26/300 n2n_mse=0.047624 lr=0.000092 pool_yaws=[-8.8,17.3,26.4] pool_ms=1641 hist_ms=5205 batch_ms=9461 (542.0s)
[v9h] MONITOR epoch 26: val sparkle 0.0/Mpx resid 0.1113 highlight_ratio 0.070 score=3.179 | mirror sparkle 0.0/Mpx resid 0.1105 highlight_ratio 0.073 (tgt sp<16 resid<0.035) *BEST->saved score_streak=0/20(LOG-ONLY) resid_streak=0/20(ABORT)
[v9h] epoch 27/300 n2n_mse=0.044036 lr=0.000092 pool_yaws=[-19.1,10.4,-18.0] pool_ms=1989 hist_ms=5304 batch_ms=9627 (561.5s)
[v9h] MONITOR epoch 27: val sparkle 0.0/Mpx resid 0.1108 highlight_ratio 0.073 score=3.165 | mirror sparkle 0.0/Mpx resid 0.1100 highlight_ratio 0.077 (tgt sp<16 resid<0.035) *BEST->saved score_streak=0/20(LOG-ONLY) resid_streak=0/20(ABORT)
[v9h] epoch 28/300 n2n_mse=0.045551 lr=0.000091 pool_yaws=[-6.9,0.8,27.7] pool_ms=1782 hist_ms=5390 batch_ms=9836 (581.2s)
[v9h] MONITOR epoch 28: val sparkle 0.0/Mpx resid 0.1103 highlight_ratio 0.077 score=3.151 | mirror sparkle 0.0/Mpx resid 0.1094 highlight_ratio 0.081 (tgt sp<16 resid<0.035) *BEST->saved score_streak=0/20(LOG-ONLY) resid_streak=0/20(ABORT)
[v9h] epoch 29/300 n2n_mse=0.050536 lr=0.000091 pool_yaws=[25.2,-13.6,22.1] pool_ms=1930 hist_ms=5354 batch_ms=9610 (600.8s)
[v9h] MONITOR epoch 29: val sparkle 0.0/Mpx resid 0.1098 highlight_ratio 0.081 score=3.138 | mirror sparkle 0.0/Mpx resid 0.1089 highlight_ratio 0.085 (tgt sp<16 resid<0.035) *BEST->saved score_streak=0/20(LOG-ONLY) resid_streak=0/20(ABORT)
[v9h] epoch 30/300 n2n_mse=0.047798 lr=0.000091 pool_yaws=[27.9,-2.4,1.2] pool_ms=2099 hist_ms=5557 batch_ms=9655 (620.8s)
[v9h] MONITOR epoch 30: val sparkle 0.0/Mpx resid 0.1093 highlight_ratio 0.084 score=3.124 | mirror sparkle 0.0/Mpx resid 0.1084 highlight_ratio 0.089 (tgt sp<16 resid<0.035) *BEST->saved score_streak=0/20(LOG-ONLY) resid_streak=0/20(ABORT)
[v9h] epoch 31/300 n2n_mse=0.047279 lr=0.000091 pool_yaws=[-23.9,-12.8,24.5] pool_ms=1766 hist_ms=5578 batch_ms=10012 (640.8s)
[v9h] MONITOR epoch 31: val sparkle 0.0/Mpx resid 0.1088 highlight_ratio 0.088 score=3.109 | mirror sparkle 0.0/Mpx resid 0.1078 highlight_ratio 0.094 (tgt sp<16 resid<0.035) *BEST->saved score_streak=0/20(LOG-ONLY) resid_streak=0/20(ABORT)
[v9h] epoch 32/300 n2n_mse=0.047480 lr=0.000090 pool_yaws=[3.9,22.3,10.0] pool_ms=2193 hist_ms=5499 batch_ms=9994 (661.4s)
[v9h] MONITOR epoch 32: val sparkle 0.0/Mpx resid 0.1083 highlight_ratio 0.092 score=3.095 | mirror sparkle 0.0/Mpx resid 0.1073 highlight_ratio 0.098 (tgt sp<16 resid<0.035) *BEST->saved score_streak=0/20(LOG-ONLY) resid_streak=0/20(ABORT)
[v9h] epoch 33/300 n2n_mse=0.047630 lr=0.000090 pool_yaws=[-14.4,-13.5,-25.2] pool_ms=2073 hist_ms=5309 batch_ms=9634 (681.1s)
[v9h] MONITOR epoch 33: val sparkle 0.0/Mpx resid 0.1078 highlight_ratio 0.097 score=3.080 | mirror sparkle 0.0/Mpx resid 0.1068 highlight_ratio 0.103 (tgt sp<16 resid<0.035) *BEST->saved score_streak=0/20(LOG-ONLY) resid_streak=0/20(ABORT)
[v9h] epoch 34/300 n2n_mse=0.044281 lr=0.000090 pool_yaws=[18.4,-7.6,-8.6] pool_ms=1722 hist_ms=5285 batch_ms=9500 (700.2s)
[v9h] MONITOR epoch 34: val sparkle 0.0/Mpx resid 0.1073 highlight_ratio 0.101 score=3.065 | mirror sparkle 0.0/Mpx resid 0.1062 highlight_ratio 0.107 (tgt sp<16 resid<0.035) *BEST->saved score_streak=0/20(LOG-ONLY) resid_streak=0/20(ABORT)
[v9h] epoch 35/300 n2n_mse=0.038732 lr=0.000090 pool_yaws=[-25.3,9.4,17.9] pool_ms=1773 hist_ms=5189 batch_ms=9443 (719.2s)
[v9h] MONITOR epoch 35: val sparkle 0.0/Mpx resid 0.1068 highlight_ratio 0.105 score=3.050 | mirror sparkle 0.0/Mpx resid 0.1056 highlight_ratio 0.112 (tgt sp<16 resid<0.035) *BEST->saved score_streak=0/20(LOG-ONLY) resid_streak=0/20(ABORT)
[v9h] epoch 36/300 n2n_mse=0.044508 lr=0.000089 pool_yaws=[-9.3,16.8,-10.0] pool_ms=1847 hist_ms=5279 batch_ms=9603 (738.6s)
[v9h] MONITOR epoch 36: val sparkle 0.0/Mpx resid 0.1062 highlight_ratio 0.109 score=3.035 | mirror sparkle 0.0/Mpx resid 0.1051 highlight_ratio 0.117 (tgt sp<16 resid<0.035) *BEST->saved score_streak=0/20(LOG-ONLY) resid_streak=0/20(ABORT)
[v9h] epoch 37/300 n2n_mse=0.043756 lr=0.000089 pool_yaws=[14.3,-23.3,16.0] pool_ms=2150 hist_ms=5433 batch_ms=9631 (758.5s)
[v9h] MONITOR epoch 37: val sparkle 0.0/Mpx resid 0.1057 highlight_ratio 0.113 score=3.019 | mirror sparkle 0.0/Mpx resid 0.1045 highlight_ratio 0.122 (tgt sp<16 resid<0.035) *BEST->saved score_streak=0/20(LOG-ONLY) resid_streak=0/20(ABORT)
[v9h] epoch 38/300 n2n_mse=0.048897 lr=0.000089 pool_yaws=[18.7,-8.8,-23.9] pool_ms=1916 hist_ms=5403 batch_ms=9674 (778.2s)
[v9h] MONITOR epoch 38: val sparkle 0.0/Mpx resid 0.1051 highlight_ratio 0.117 score=3.003 | mirror sparkle 0.0/Mpx resid 0.1039 highlight_ratio 0.127 (tgt sp<16 resid<0.035) *BEST->saved score_streak=0/20(LOG-ONLY) resid_streak=0/20(ABORT)
[v9h] epoch 39/300 n2n_mse=0.039354 lr=0.000088 pool_yaws=[18.8,-27.8,9.0] pool_ms=1962 hist_ms=5414 batch_ms=9720 (798.0s)
[v9h] MONITOR epoch 39: val sparkle 0.0/Mpx resid 0.1045 highlight_ratio 0.121 score=2.987 | mirror sparkle 0.0/Mpx resid 0.1033 highlight_ratio 0.132 (tgt sp<16 resid<0.035) *BEST->saved score_streak=0/20(LOG-ONLY) resid_streak=0/20(ABORT)
[v9h] epoch 40/300 n2n_mse=0.045863 lr=0.000088 pool_yaws=[25.8,7.8,24.2] pool_ms=1984 hist_ms=5348 batch_ms=9857 (817.9s)
[v9h] MONITOR epoch 40: val sparkle 0.0/Mpx resid 0.1040 highlight_ratio 0.126 score=2.970 | mirror sparkle 0.0/Mpx resid 0.1027 highlight_ratio 0.136 (tgt sp<16 resid<0.035) *BEST->saved score_streak=0/20(LOG-ONLY) resid_streak=0/20(ABORT)
[v9h] epoch 41/300 n2n_mse=0.043574 lr=0.000088 pool_yaws=[22.0,-16.3,16.2] pool_ms=2412 hist_ms=5941 batch_ms=9939 (838.9s)
[v9h] MONITOR epoch 41: val sparkle 0.0/Mpx resid 0.1034 highlight_ratio 0.130 score=2.954 | mirror sparkle 0.0/Mpx resid 0.1021 highlight_ratio 0.141 (tgt sp<16 resid<0.035) *BEST->saved score_streak=0/20(LOG-ONLY) resid_streak=0/20(ABORT)
[v9h] epoch 42/300 n2n_mse=0.050898 lr=0.000088 pool_yaws=[26.7,0.6,-2.7] pool_ms=2098 hist_ms=5410 batch_ms=10498 (859.6s)
[v9h] MONITOR epoch 42: val sparkle 0.0/Mpx resid 0.1028 highlight_ratio 0.134 score=2.938 | mirror sparkle 0.0/Mpx resid 0.1015 highlight_ratio 0.146 (tgt sp<16 resid<0.035) *BEST->saved score_streak=0/20(LOG-ONLY) resid_streak=0/20(ABORT)
[v9h] epoch 43/300 n2n_mse=0.043421 lr=0.000087 pool_yaws=[-11.9,16.9,12.2] pool_ms=2853 hist_ms=6612 batch_ms=11461 (884.1s)
[v9h] MONITOR epoch 43: val sparkle 0.0/Mpx resid 0.1023 highlight_ratio 0.138 score=2.922 | mirror sparkle 0.0/Mpx resid 0.1009 highlight_ratio 0.151 (tgt sp<16 resid<0.035) *BEST->saved score_streak=0/20(LOG-ONLY) resid_streak=0/20(ABORT)
[v9h] epoch 44/300 n2n_mse=0.048018 lr=0.000087 pool_yaws=[-12.1,29.7,-18.3] pool_ms=2196 hist_ms=6085 batch_ms=11186 (906.4s)
[v9h] MONITOR epoch 44: val sparkle 0.0/Mpx resid 0.1017 highlight_ratio 0.142 score=2.905 | mirror sparkle 0.0/Mpx resid 0.1003 highlight_ratio 0.156 (tgt sp<16 resid<0.035) *BEST->saved score_streak=0/20(LOG-ONLY) resid_streak=0/20(ABORT)
[v9h] epoch 45/300 n2n_mse=0.050205 lr=0.000087 pool_yaws=[24.1,22.8,-26.5] pool_ms=2365 hist_ms=5589 batch_ms=10242 (927.7s)
[v9h] MONITOR epoch 45: val sparkle 0.0/Mpx resid 0.1011 highlight_ratio 0.146 score=2.889 | mirror sparkle 0.0/Mpx resid 0.0997 highlight_ratio 0.160 (tgt sp<16 resid<0.035) *BEST->saved score_streak=0/20(LOG-ONLY) resid_streak=0/20(ABORT)
[v9h] epoch 46/300 n2n_mse=0.043698 lr=0.000087 pool_yaws=[-7.9,-23.3,-26.9] pool_ms=1964 hist_ms=5434 batch_ms=9860 (947.6s)
[v9h] MONITOR epoch 46: val sparkle 0.0/Mpx resid 0.1006 highlight_ratio 0.150 score=2.873 | mirror sparkle 0.0/Mpx resid 0.0991 highlight_ratio 0.165 (tgt sp<16 resid<0.035) *BEST->saved score_streak=0/20(LOG-ONLY) resid_streak=0/20(ABORT)
[v9h] epoch 47/300 n2n_mse=0.046386 lr=0.000086 pool_yaws=[17.8,-17.1,20.5] pool_ms=1751 hist_ms=5358 batch_ms=9682 (967.1s)
[v9h] MONITOR epoch 47: val sparkle 0.0/Mpx resid 0.1000 highlight_ratio 0.154 score=2.857 | mirror sparkle 0.0/Mpx resid 0.0985 highlight_ratio 0.170 (tgt sp<16 resid<0.035) *BEST->saved score_streak=0/20(LOG-ONLY) resid_streak=0/20(ABORT)
[v9h] epoch 48/300 n2n_mse=0.044370 lr=0.000086 pool_yaws=[21.7,-5.3,-28.0] pool_ms=1792 hist_ms=5409 batch_ms=9788 (986.8s)
[v9h] MONITOR epoch 48: val sparkle 0.0/Mpx resid 0.0994 highlight_ratio 0.158 score=2.841 | mirror sparkle 0.0/Mpx resid 0.0979 highlight_ratio 0.174 (tgt sp<16 resid<0.035) *BEST->saved score_streak=0/20(LOG-ONLY) resid_streak=0/20(ABORT)
[v9h] epoch 49/300 n2n_mse=0.046737 lr=0.000086 pool_yaws=[20.8,-1.9,16.2] pool_ms=1769 hist_ms=5823 batch_ms=10839 (1007.8s)
[v9h] MONITOR epoch 49: val sparkle 0.0/Mpx resid 0.0989 highlight_ratio 0.162 score=2.824 | mirror sparkle 0.0/Mpx resid 0.0973 highlight_ratio 0.179 (tgt sp<16 resid<0.035) *BEST->saved score_streak=0/20(LOG-ONLY) resid_streak=0/20(ABORT)
[v9h] PROBE epoch 49: bar-res(640x480) sparkle 0.0/Mpx resid 0.1090 highlight_ratio 0.156 (tgt sp<16 resid<0.035) took 48.6s
[v9h] epoch 50/300 n2n_mse=0.047520 lr=0.000086 pool_yaws=[14.6,27.3,18.0] pool_ms=2997 hist_ms=6754 batch_ms=11429 (1080.4s)
[v9h] MONITOR epoch 50: val sparkle 0.0/Mpx resid 0.0983 highlight_ratio 0.166 score=2.808 | mirror sparkle 0.0/Mpx resid 0.0967 highlight_ratio 0.184 (tgt sp<16 resid<0.035) *BEST->saved score_streak=0/20(LOG-ONLY) resid_streak=0/20(ABORT)
[v9h] epoch 51/300 n2n_mse=0.040694 lr=0.000085 pool_yaws=[8.4,-15.4,-28.8] pool_ms=3547 hist_ms=6073 batch_ms=12521 (1105.6s)
[v9h] MONITOR epoch 51: val sparkle 108.5/Mpx resid 0.0977 highlight_ratio 0.170 score=2.791 | mirror sparkle 0.0/Mpx resid 0.0961 highlight_ratio 0.188 (tgt sp<16 resid<0.035) *BEST->saved score_streak=0/20(LOG-ONLY) resid_streak=0/20(ABORT)
[v9h] epoch 52/300 n2n_mse=0.045281 lr=0.000085 pool_yaws=[13.9,1.6,-2.9] pool_ms=2687 hist_ms=6135 batch_ms=9770 (1127.5s)
[v9h] MONITOR epoch 52: val sparkle 108.5/Mpx resid 0.0971 highlight_ratio 0.174 score=2.775 | mirror sparkle 0.0/Mpx resid 0.0955 highlight_ratio 0.193 (tgt sp<16 resid<0.035) *BEST->saved score_streak=0/20(LOG-ONLY) resid_streak=0/20(ABORT)
[v9h] epoch 53/300 n2n_mse=0.043510 lr=0.000085 pool_yaws=[14.3,0.6,19.9] pool_ms=1809 hist_ms=5479 batch_ms=9859 (1147.4s)
[v9h] MONITOR epoch 53: val sparkle 108.5/Mpx resid 0.0965 highlight_ratio 0.178 score=2.758 | mirror sparkle 0.0/Mpx resid 0.0949 highlight_ratio 0.198 (tgt sp<16 resid<0.035) *BEST->saved score_streak=0/20(LOG-ONLY) resid_streak=0/20(ABORT)
[v9h] epoch 54/300 n2n_mse=0.038577 lr=0.000085 pool_yaws=[11.4,-19.8,4.3] pool_ms=2158 hist_ms=5998 batch_ms=11528 (1170.0s)
[v9h] MONITOR epoch 54: val sparkle 108.5/Mpx resid 0.0960 highlight_ratio 0.181 score=2.742 | mirror sparkle 0.0/Mpx resid 0.0943 highlight_ratio 0.202 (tgt sp<16 resid<0.035) *BEST->saved score_streak=0/20(LOG-ONLY) resid_streak=0/20(ABORT)
[v9h] epoch 55/300 n2n_mse=0.040716 lr=0.000085 pool_yaws=[17.7,10.6,-25.5] pool_ms=2272 hist_ms=5518 batch_ms=9949 (1191.2s)
[v9h] MONITOR epoch 55: val sparkle 108.5/Mpx resid 0.0954 highlight_ratio 0.185 score=2.725 | mirror sparkle 0.0/Mpx resid 0.0938 highlight_ratio 0.207 (tgt sp<16 resid<0.035) *BEST->saved score_streak=0/20(LOG-ONLY) resid_streak=0/20(ABORT)
[v9h] epoch 56/300 n2n_mse=0.041430 lr=0.000084 pool_yaws=[0.1,7.6,15.2] pool_ms=2789 hist_ms=5797 batch_ms=9841 (1212.6s)
[v9h] MONITOR epoch 56: val sparkle 108.5/Mpx resid 0.0948 highlight_ratio 0.189 score=2.713 | mirror sparkle 0.0/Mpx resid 0.0931 highlight_ratio 0.211 (tgt sp<16 resid<0.035) *BEST->saved score_streak=0/20(LOG-ONLY) resid_streak=0/20(ABORT)
[v9h] epoch 57/300 n2n_mse=0.044452 lr=0.000084 pool_yaws=[-1.7,-17.3,-27.1] pool_ms=1886 hist_ms=5360 batch_ms=9619 (1232.1s)
[v9h] MONITOR epoch 57: val sparkle 108.5/Mpx resid 0.0942 highlight_ratio 0.192 score=2.713 | mirror sparkle 0.0/Mpx resid 0.0925 highlight_ratio 0.216 (tgt sp<16 resid<0.035) score_streak=0/20(LOG-ONLY) resid_streak=0/20(ABORT)
[v9h] epoch 58/300 n2n_mse=0.042622 lr=0.000084 pool_yaws=[19.6,-6.1,8.1] pool_ms=1912 hist_ms=5495 batch_ms=9992 (1252.2s)
[v9h] MONITOR epoch 58: val sparkle 108.5/Mpx resid 0.0936 highlight_ratio 0.196 score=2.713 | mirror sparkle 0.0/Mpx resid 0.0919 highlight_ratio 0.220 (tgt sp<16 resid<0.035) score_streak=0/20(LOG-ONLY) resid_streak=0/20(ABORT)
[v9h] epoch 59/300 n2n_mse=0.037279 lr=0.000084 pool_yaws=[10.8,-19.9,-24.9] pool_ms=2670 hist_ms=5574 batch_ms=11205 (1274.5s)
[v9h] MONITOR epoch 59: val sparkle 108.5/Mpx resid 0.0930 highlight_ratio 0.200 score=2.713 | mirror sparkle 0.0/Mpx resid 0.0913 highlight_ratio 0.225 (tgt sp<16 resid<0.035) score_streak=0/20(LOG-ONLY) resid_streak=0/20(ABORT)
[v9h] epoch 60/300 n2n_mse=0.043766 lr=0.000083 pool_yaws=[-14.7,-24.5,-9.3] pool_ms=2069 hist_ms=5498 batch_ms=10058 (1294.8s)
[v9h] MONITOR epoch 60: val sparkle 108.5/Mpx resid 0.0925 highlight_ratio 0.203 score=2.713 | mirror sparkle 0.0/Mpx resid 0.0907 highlight_ratio 0.229 (tgt sp<16 resid<0.035) score_streak=0/20(LOG-ONLY) resid_streak=0/20(ABORT)
[v9h] epoch 61/300 n2n_mse=0.041623 lr=0.000083 pool_yaws=[-25.5,20.6,7.4] pool_ms=1928 hist_ms=5445 batch_ms=9668 (1314.6s)
[v9h] MONITOR epoch 61: val sparkle 108.5/Mpx resid 0.0919 highlight_ratio 0.207 score=2.713 | mirror sparkle 0.0/Mpx resid 0.0901 highlight_ratio 0.233 (tgt sp<16 resid<0.035) score_streak=0/20(LOG-ONLY) resid_streak=0/20(ABORT)
[v9h] epoch 62/300 n2n_mse=0.042973 lr=0.000083 pool_yaws=[11.7,1.5,-19.6] pool_ms=2081 hist_ms=5520 batch_ms=10026 (1335.0s)
[v9h] MONITOR epoch 62: val sparkle 108.5/Mpx resid 0.0913 highlight_ratio 0.211 score=2.713 | mirror sparkle 0.0/Mpx resid 0.0895 highlight_ratio 0.238 (tgt sp<16 resid<0.035) score_streak=0/20(LOG-ONLY) resid_streak=0/20(ABORT)
[v9h] epoch 63/300 n2n_mse=0.042732 lr=0.000083 pool_yaws=[-23.0,22.1,-4.0] pool_ms=1912 hist_ms=5409 batch_ms=9917 (1355.0s)
[v9h] MONITOR epoch 63: val sparkle 108.5/Mpx resid 0.0907 highlight_ratio 0.214 score=2.713 | mirror sparkle 0.0/Mpx resid 0.0889 highlight_ratio 0.242 (tgt sp<16 resid<0.035) score_streak=0/20(LOG-ONLY) resid_streak=0/20(ABORT)
[v9h] epoch 64/300 n2n_mse=0.040226 lr=0.000082 pool_yaws=[1.1,20.4,7.7] pool_ms=1804 hist_ms=5340 batch_ms=10036 (1374.9s)
[v9h] MONITOR epoch 64: val sparkle 108.5/Mpx resid 0.0902 highlight_ratio 0.218 score=2.713 | mirror sparkle 0.0/Mpx resid 0.0884 highlight_ratio 0.246 (tgt sp<16 resid<0.035) score_streak=0/20(LOG-ONLY) resid_streak=0/20(ABORT)
[v9h] epoch 65/300 n2n_mse=0.048183 lr=0.000082 pool_yaws=[-12.3,25.6,-14.9] pool_ms=1979 hist_ms=5466 batch_ms=9929 (1394.9s)
[v9h] MONITOR epoch 65: val sparkle 108.5/Mpx resid 0.0896 highlight_ratio 0.221 score=2.713 | mirror sparkle 0.0/Mpx resid 0.0878 highlight_ratio 0.250 (tgt sp<16 resid<0.035) score_streak=0/20(LOG-ONLY) resid_streak=0/20(ABORT)
[v9h] epoch 66/300 n2n_mse=0.047151 lr=0.000082 pool_yaws=[23.8,29.7,-6.6] pool_ms=1911 hist_ms=5268 batch_ms=9543 (1414.3s)
[v9h] MONITOR epoch 66: val sparkle 108.5/Mpx resid 0.0890 highlight_ratio 0.224 score=2.713 | mirror sparkle 0.0/Mpx resid 0.0872 highlight_ratio 0.254 (tgt sp<16 resid<0.035) score_streak=0/20(LOG-ONLY) resid_streak=0/20(ABORT)
[v9h] epoch 67/300 n2n_mse=0.043924 lr=0.000082 pool_yaws=[19.2,26.5,0.8] pool_ms=1787 hist_ms=5271 batch_ms=9521 (1433.5s)
[v9h] MONITOR epoch 67: val sparkle 108.5/Mpx resid 0.0885 highlight_ratio 0.228 score=2.713 | mirror sparkle 0.0/Mpx resid 0.0867 highlight_ratio 0.258 (tgt sp<16 resid<0.035) score_streak=0/20(LOG-ONLY) resid_streak=0/20(ABORT)
[v9h] epoch 68/300 n2n_mse=0.041257 lr=0.000082 pool_yaws=[24.7,16.6,0.5] pool_ms=1834 hist_ms=5260 batch_ms=9525 (1452.8s)
[v9h] MONITOR epoch 68: val sparkle 108.5/Mpx resid 0.0879 highlight_ratio 0.231 score=2.713 | mirror sparkle 0.0/Mpx resid 0.0861 highlight_ratio 0.262 (tgt sp<16 resid<0.035) score_streak=0/20(LOG-ONLY) resid_streak=0/20(ABORT)
[v9h] epoch 69/300 n2n_mse=0.046297 lr=0.000081 pool_yaws=[-17.0,25.3,-25.4] pool_ms=1862 hist_ms=5244 batch_ms=9906 (1472.4s)
[v9h] MONITOR epoch 69: val sparkle 108.5/Mpx resid 0.0874 highlight_ratio 0.235 score=2.713 | mirror sparkle 0.0/Mpx resid 0.0855 highlight_ratio 0.266 (tgt sp<16 resid<0.035) score_streak=0/20(LOG-ONLY) resid_streak=0/20(ABORT)
[v9h] epoch 70/300 n2n_mse=0.036928 lr=0.000081 pool_yaws=[-22.5,-27.0,-21.0] pool_ms=1815 hist_ms=5319 batch_ms=9350 (1491.6s)
[v9h] MONITOR epoch 70: val sparkle 108.5/Mpx resid 0.0868 highlight_ratio 0.238 score=2.713 | mirror sparkle 0.0/Mpx resid 0.0850 highlight_ratio 0.270 (tgt sp<16 resid<0.035) score_streak=0/20(LOG-ONLY) resid_streak=0/20(ABORT)
[v9h] epoch 71/300 n2n_mse=0.039745 lr=0.000081 pool_yaws=[12.8,13.3,12.0] pool_ms=1759 hist_ms=5243 batch_ms=9398 (1510.7s)
[v9h] MONITOR epoch 71: val sparkle 108.5/Mpx resid 0.0863 highlight_ratio 0.242 score=2.713 | mirror sparkle 0.0/Mpx resid 0.0844 highlight_ratio 0.274 (tgt sp<16 resid<0.035) score_streak=0/20(LOG-ONLY) resid_streak=0/20(ABORT)
[v9h] epoch 72/300 n2n_mse=0.041673 lr=0.000081 pool_yaws=[-21.3,17.7,29.1] pool_ms=1792 hist_ms=5280 batch_ms=9534 (1529.9s)
[v9h] MONITOR epoch 72: val sparkle 108.5/Mpx resid 0.0858 highlight_ratio 0.245 score=2.713 | mirror sparkle 0.0/Mpx resid 0.0838 highlight_ratio 0.279 (tgt sp<16 resid<0.035) score_streak=0/20(LOG-ONLY) resid_streak=0/20(ABORT)
[v9h] epoch 73/300 n2n_mse=0.036843 lr=0.000080 pool_yaws=[-1.5,26.5,-4.2] pool_ms=1932 hist_ms=5426 batch_ms=9579 (1549.5s)
[v9h] MONITOR epoch 73: val sparkle 108.5/Mpx resid 0.0852 highlight_ratio 0.249 score=2.713 | mirror sparkle 0.0/Mpx resid 0.0833 highlight_ratio 0.283 (tgt sp<16 resid<0.035) score_streak=0/20(LOG-ONLY) resid_streak=0/20(ABORT)
[v9h] epoch 74/300 n2n_mse=0.041187 lr=0.000080 pool_yaws=[0.7,1.4,7.8] pool_ms=2176 hist_ms=5340 batch_ms=9383 (1569.1s)
[v9h] MONITOR epoch 74: val sparkle 108.5/Mpx resid 0.0847 highlight_ratio 0.252 score=2.713 | mirror sparkle 0.0/Mpx resid 0.0827 highlight_ratio 0.287 (tgt sp<16 resid<0.035) score_streak=0/20(LOG-ONLY) resid_streak=0/20(ABORT)
[v9h] PROBE epoch 74: bar-res(640x480) sparkle 3.3/Mpx resid 0.0924 highlight_ratio 0.280 (tgt sp<16 resid<0.035) took 45.9s
[v9h] epoch 75/300 n2n_mse=0.034553 lr=0.000080 pool_yaws=[-23.6,-15.7,-5.7] pool_ms=2075 hist_ms=5244 batch_ms=9554 (1634.5s)
[v9h] MONITOR epoch 75: val sparkle 108.5/Mpx resid 0.0842 highlight_ratio 0.255 score=2.713 | mirror sparkle 0.0/Mpx resid 0.0822 highlight_ratio 0.291 (tgt sp<16 resid<0.035) score_streak=0/20(LOG-ONLY) resid_streak=0/20(ABORT)
[v9h] epoch 76/300 n2n_mse=0.044246 lr=0.000080 pool_yaws=[-6.0,19.3,23.1] pool_ms=1945 hist_ms=5320 batch_ms=9632 (1654.1s)
[v9h] MONITOR epoch 76: val sparkle 108.5/Mpx resid 0.0837 highlight_ratio 0.259 score=2.713 | mirror sparkle 0.0/Mpx resid 0.0816 highlight_ratio 0.294 (tgt sp<16 resid<0.035) score_streak=0/20(LOG-ONLY) resid_streak=0/20(ABORT)
[v9h] epoch 77/300 n2n_mse=0.037527 lr=0.000080 pool_yaws=[-0.2,0.8,0.2] pool_ms=2071 hist_ms=5391 batch_ms=9852 (1674.1s)
[v9h] MONITOR epoch 77: val sparkle 108.5/Mpx resid 0.0831 highlight_ratio 0.262 score=2.713 | mirror sparkle 0.0/Mpx resid 0.0811 highlight_ratio 0.298 (tgt sp<16 resid<0.035) score_streak=0/20(LOG-ONLY) resid_streak=0/20(ABORT)
[v9h] epoch 78/300 n2n_mse=0.041094 lr=0.000079 pool_yaws=[-13.5,-26.2,-9.3] pool_ms=2011 hist_ms=5286 batch_ms=9512 (1693.5s)
[v9h] MONITOR epoch 78: val sparkle 108.5/Mpx resid 0.0826 highlight_ratio 0.265 score=2.713 | mirror sparkle 0.0/Mpx resid 0.0806 highlight_ratio 0.302 (tgt sp<16 resid<0.035) score_streak=0/20(LOG-ONLY) resid_streak=0/20(ABORT)
[v9h] epoch 79/300 n2n_mse=0.038891 lr=0.000079 pool_yaws=[11.6,-19.5,-28.6] pool_ms=2052 hist_ms=5256 batch_ms=9547 (1713.0s)
[v9h] MONITOR epoch 79: val sparkle 108.5/Mpx resid 0.0821 highlight_ratio 0.269 score=2.713 | mirror sparkle 0.0/Mpx resid 0.0800 highlight_ratio 0.306 (tgt sp<16 resid<0.035) score_streak=0/20(LOG-ONLY) resid_streak=0/20(ABORT)
[v9h] epoch 80/300 n2n_mse=0.035279 lr=0.000079 pool_yaws=[-24.2,-7.8,12.8] pool_ms=2086 hist_ms=5273 batch_ms=9614 (1732.7s)
[v9h] MONITOR epoch 80: val sparkle 217.0/Mpx resid 0.0816 highlight_ratio 0.273 score=5.425 | mirror sparkle 0.0/Mpx resid 0.0795 highlight_ratio 0.310 (tgt sp<16 resid<0.035) score_streak=1/20(LOG-ONLY) resid_streak=0/20(ABORT)
[v9h] epoch 81/300 n2n_mse=0.039752 lr=0.000079 pool_yaws=[-2.3,-4.2,24.1] pool_ms=2057 hist_ms=5418 batch_ms=9830 (1752.6s)
[v9h] MONITOR epoch 81: val sparkle 217.0/Mpx resid 0.0811 highlight_ratio 0.276 score=5.425 | mirror sparkle 0.0/Mpx resid 0.0789 highlight_ratio 0.314 (tgt sp<16 resid<0.035) score_streak=2/20(LOG-ONLY) resid_streak=0/20(ABORT)
[v9h] epoch 82/300 n2n_mse=0.036199 lr=0.000079 pool_yaws=[-20.9,10.6,29.7] pool_ms=2152 hist_ms=5364 batch_ms=9730 (1772.6s)
[v9h] MONITOR epoch 82: val sparkle 325.5/Mpx resid 0.0806 highlight_ratio 0.280 score=8.138 | mirror sparkle 0.0/Mpx resid 0.0784 highlight_ratio 0.319 (tgt sp<16 resid<0.035) score_streak=3/20(LOG-ONLY) resid_streak=0/20(ABORT)
[v9h] epoch 83/300 n2n_mse=0.042090 lr=0.000078 pool_yaws=[21.6,-16.2,-18.5] pool_ms=2271 hist_ms=5475 batch_ms=9849 (1792.9s)
[v9h] MONITOR epoch 83: val sparkle 325.5/Mpx resid 0.0801 highlight_ratio 0.283 score=8.138 | mirror sparkle 0.0/Mpx resid 0.0779 highlight_ratio 0.323 (tgt sp<16 resid<0.035) score_streak=4/20(LOG-ONLY) resid_streak=0/20(ABORT)
[v9h] epoch 84/300 n2n_mse=0.041008 lr=0.000078 pool_yaws=[-14.2,-17.3,25.7] pool_ms=1878 hist_ms=5218 batch_ms=9447 (1812.1s)
[v9h] MONITOR epoch 84: val sparkle 325.5/Mpx resid 0.0796 highlight_ratio 0.287 score=8.138 | mirror sparkle 0.0/Mpx resid 0.0774 highlight_ratio 0.327 (tgt sp<16 resid<0.035) score_streak=5/20(LOG-ONLY) resid_streak=0/20(ABORT)
[v9h] epoch 85/300 n2n_mse=0.043221 lr=0.000078 pool_yaws=[-10.3,9.2,-6.7] pool_ms=1862 hist_ms=5254 batch_ms=9516 (1831.3s)
[v9h] MONITOR epoch 85: val sparkle 325.5/Mpx resid 0.0791 highlight_ratio 0.291 score=8.138 | mirror sparkle 0.0/Mpx resid 0.0768 highlight_ratio 0.331 (tgt sp<16 resid<0.035) score_streak=6/20(LOG-ONLY) resid_streak=0/20(ABORT)
[v9h] epoch 86/300 n2n_mse=0.040403 lr=0.000078 pool_yaws=[10.4,-11.3,14.5] pool_ms=1878 hist_ms=5176 batch_ms=9281 (1850.3s)
[v9h] MONITOR epoch 86: val sparkle 325.5/Mpx resid 0.0786 highlight_ratio 0.294 score=8.138 | mirror sparkle 0.0/Mpx resid 0.0763 highlight_ratio 0.335 (tgt sp<16 resid<0.035) score_streak=7/20(LOG-ONLY) resid_streak=0/20(ABORT)
[v9h] epoch 87/300 n2n_mse=0.040815 lr=0.000078 pool_yaws=[-13.5,15.1,-22.7] pool_ms=1897 hist_ms=5254 batch_ms=9289 (1869.3s)
[v9h] MONITOR epoch 87: val sparkle 325.5/Mpx resid 0.0781 highlight_ratio 0.298 score=8.138 | mirror sparkle 0.0/Mpx resid 0.0758 highlight_ratio 0.339 (tgt sp<16 resid<0.035) score_streak=8/20(LOG-ONLY) resid_streak=0/20(ABORT)
[v9h] epoch 88/300 n2n_mse=0.046997 lr=0.000077 pool_yaws=[8.5,29.0,-7.8] pool_ms=1804 hist_ms=5245 batch_ms=9390 (1888.3s)
[v9h] MONITOR epoch 88: val sparkle 325.5/Mpx resid 0.0776 highlight_ratio 0.301 score=8.138 | mirror sparkle 0.0/Mpx resid 0.0753 highlight_ratio 0.344 (tgt sp<16 resid<0.035) score_streak=9/20(LOG-ONLY) resid_streak=0/20(ABORT)
[v9h] epoch 89/300 n2n_mse=0.043043 lr=0.000077 pool_yaws=[-17.5,28.4,19.3] pool_ms=1809 hist_ms=5279 batch_ms=9293 (1907.3s)
[v9h] MONITOR epoch 89: val sparkle 325.5/Mpx resid 0.0771 highlight_ratio 0.305 score=8.138 | mirror sparkle 0.0/Mpx resid 0.0748 highlight_ratio 0.348 (tgt sp<16 resid<0.035) score_streak=10/20(LOG-ONLY) resid_streak=0/20(ABORT)
[v9h] epoch 90/300 n2n_mse=0.046322 lr=0.000077 pool_yaws=[-12.3,25.5,-18.5] pool_ms=1859 hist_ms=5186 batch_ms=9445 (1926.5s)
[v9h] MONITOR epoch 90: val sparkle 325.5/Mpx resid 0.0766 highlight_ratio 0.309 score=8.138 | mirror sparkle 0.0/Mpx resid 0.0743 highlight_ratio 0.352 (tgt sp<16 resid<0.035) score_streak=11/20(LOG-ONLY) resid_streak=0/20(ABORT)
[v9h] epoch 91/300 n2n_mse=0.044111 lr=0.000077 pool_yaws=[11.0,2.6,-16.1] pool_ms=1866 hist_ms=5271 batch_ms=9336 (1945.5s)
[v9h] MONITOR epoch 91: val sparkle 325.5/Mpx resid 0.0761 highlight_ratio 0.313 score=8.138 | mirror sparkle 0.0/Mpx resid 0.0737 highlight_ratio 0.357 (tgt sp<16 resid<0.035) score_streak=12/20(LOG-ONLY) resid_streak=0/20(ABORT)
[v9h] epoch 92/300 n2n_mse=0.044825 lr=0.000077 pool_yaws=[26.6,-18.3,14.4] pool_ms=1768 hist_ms=5260 batch_ms=9287 (1964.5s)
[v9h] MONITOR epoch 92: val sparkle 325.5/Mpx resid 0.0757 highlight_ratio 0.317 score=8.138 | mirror sparkle 0.0/Mpx resid 0.0732 highlight_ratio 0.361 (tgt sp<16 resid<0.035) score_streak=13/20(LOG-ONLY) resid_streak=0/20(ABORT)
[v9h] epoch 93/300 n2n_mse=0.042548 lr=0.000076 pool_yaws=[-12.4,14.8,27.7] pool_ms=1863 hist_ms=5221 batch_ms=10574 (1984.7s)
[v9h] MONITOR epoch 93: val sparkle 434.0/Mpx resid 0.0752 highlight_ratio 0.320 score=10.851 | mirror sparkle 0.0/Mpx resid 0.0727 highlight_ratio 0.365 (tgt sp<16 resid<0.035) score_streak=14/20(LOG-ONLY) resid_streak=0/20(ABORT)
[v9h] epoch 94/300 n2n_mse=0.035786 lr=0.000076 pool_yaws=[-23.9,-12.1,-20.1] pool_ms=2050 hist_ms=5187 batch_ms=9305 (2003.9s)
[v9h] MONITOR epoch 94: val sparkle 434.0/Mpx resid 0.0747 highlight_ratio 0.324 score=10.851 | mirror sparkle 0.0/Mpx resid 0.0722 highlight_ratio 0.369 (tgt sp<16 resid<0.035) score_streak=15/20(LOG-ONLY) resid_streak=0/20(ABORT)
[v9h] epoch 95/300 n2n_mse=0.042873 lr=0.000076 pool_yaws=[-17.9,4.7,28.1] pool_ms=1785 hist_ms=5202 batch_ms=9413 (2022.9s)
[v9h] MONITOR epoch 95: val sparkle 434.0/Mpx resid 0.0743 highlight_ratio 0.327 score=10.851 | mirror sparkle 0.0/Mpx resid 0.0718 highlight_ratio 0.373 (tgt sp<16 resid<0.035) score_streak=16/20(LOG-ONLY) resid_streak=0/20(ABORT)
[v9h] epoch 96/300 n2n_mse=0.036735 lr=0.000076 pool_yaws=[12.7,13.0,13.3] pool_ms=1859 hist_ms=5263 batch_ms=9475 (2042.1s)
[v9h] MONITOR epoch 96: val sparkle 434.0/Mpx resid 0.0738 highlight_ratio 0.331 score=10.851 | mirror sparkle 0.0/Mpx resid 0.0713 highlight_ratio 0.377 (tgt sp<16 resid<0.035) score_streak=17/20(LOG-ONLY) resid_streak=0/20(ABORT)
[v9h] epoch 97/300 n2n_mse=0.035945 lr=0.000076 pool_yaws=[-26.1,10.9,-24.9] pool_ms=1772 hist_ms=5194 batch_ms=9255 (2060.9s)
[v9h] MONITOR epoch 97: val sparkle 434.0/Mpx resid 0.0734 highlight_ratio 0.334 score=10.851 | mirror sparkle 0.0/Mpx resid 0.0708 highlight_ratio 0.381 (tgt sp<16 resid<0.035) score_streak=18/20(LOG-ONLY) resid_streak=0/20(ABORT)
[v9h] epoch 98/300 n2n_mse=0.035277 lr=0.000075 pool_yaws=[-28.9,-28.0,5.2] pool_ms=1914 hist_ms=5260 batch_ms=9233 (2079.9s)
[v9h] MONITOR epoch 98: val sparkle 434.0/Mpx resid 0.0729 highlight_ratio 0.338 score=10.851 | mirror sparkle 0.0/Mpx resid 0.0703 highlight_ratio 0.385 (tgt sp<16 resid<0.035) score_streak=19/20(LOG-ONLY) resid_streak=0/20(ABORT)
[v9h] epoch 99/300 n2n_mse=0.041415 lr=0.000075 pool_yaws=[20.2,-8.4,-8.4] pool_ms=1840 hist_ms=5250 batch_ms=9448 (2099.1s)
[v9h] MONITOR epoch 99: val sparkle 434.0/Mpx resid 0.0725 highlight_ratio 0.342 score=10.851 | mirror sparkle 0.0/Mpx resid 0.0698 highlight_ratio 0.389 (tgt sp<16 resid<0.035) score_streak=20/20(LOG-ONLY) resid_streak=0/20(ABORT)
[v9h] PROBE epoch 99: bar-res(640x480) sparkle 13.0/Mpx resid 0.0785 highlight_ratio 0.396 (tgt sp<16 resid<0.035) took 44.4s
[v9h] epoch 100/300 n2n_mse=0.043844 lr=0.000075 pool_yaws=[2.3,-18.2,24.4] pool_ms=1621 hist_ms=5082 batch_ms=9072 (2161.8s)
[v9h] MONITOR epoch 100: val sparkle 434.0/Mpx resid 0.0720 highlight_ratio 0.346 score=10.851 | mirror sparkle 0.0/Mpx resid 0.0693 highlight_ratio 0.394 (tgt sp<16 resid<0.035) score_streak=21/20(LOG-ONLY) resid_streak=0/20(ABORT)
[v9h] epoch 101/300 n2n_mse=0.043230 lr=0.000075 pool_yaws=[-13.1,-16.9,0.1] pool_ms=1708 hist_ms=5130 batch_ms=9129 (2180.3s)
[v9h] MONITOR epoch 101: val sparkle 434.0/Mpx resid 0.0716 highlight_ratio 0.350 score=10.851 | mirror sparkle 0.0/Mpx resid 0.0689 highlight_ratio 0.398 (tgt sp<16 resid<0.035) score_streak=22/20(LOG-ONLY) resid_streak=0/20(ABORT)
[v9h] epoch 102/300 n2n_mse=0.036312 lr=0.000075 pool_yaws=[4.2,-27.7,-11.7] pool_ms=1695 hist_ms=5153 batch_ms=9079 (2198.8s)
[v9h] MONITOR epoch 102: val sparkle 434.0/Mpx resid 0.0711 highlight_ratio 0.353 score=10.851 | mirror sparkle 0.0/Mpx resid 0.0684 highlight_ratio 0.402 (tgt sp<16 resid<0.035) score_streak=23/20(LOG-ONLY) resid_streak=0/20(ABORT)
[v9h] epoch 103/300 n2n_mse=0.039051 lr=0.000074 pool_yaws=[17.3,-21.2,-27.2] pool_ms=1664 hist_ms=5096 batch_ms=9099 (2217.2s)
[v9h] MONITOR epoch 103: val sparkle 434.0/Mpx resid 0.0707 highlight_ratio 0.357 score=10.851 | mirror sparkle 0.0/Mpx resid 0.0679 highlight_ratio 0.406 (tgt sp<16 resid<0.035) score_streak=24/20(LOG-ONLY) resid_streak=0/20(ABORT)
[v9h] epoch 104/300 n2n_mse=0.044782 lr=0.000074 pool_yaws=[25.8,22.1,-19.6] pool_ms=1582 hist_ms=5056 batch_ms=9100 (2235.5s)
[v9h] MONITOR epoch 104: val sparkle 434.0/Mpx resid 0.0702 highlight_ratio 0.361 score=10.851 | mirror sparkle 0.0/Mpx resid 0.0674 highlight_ratio 0.410 (tgt sp<16 resid<0.035) score_streak=25/20(LOG-ONLY) resid_streak=0/20(ABORT)
[v9h] epoch 105/300 n2n_mse=0.043181 lr=0.000074 pool_yaws=[29.9,18.9,4.2] pool_ms=1547 hist_ms=5112 batch_ms=9045 (2253.7s)
[v9h] MONITOR epoch 105: val sparkle 434.0/Mpx resid 0.0698 highlight_ratio 0.365 score=10.851 | mirror sparkle 0.0/Mpx resid 0.0669 highlight_ratio 0.414 (tgt sp<16 resid<0.035) score_streak=26/20(LOG-ONLY) resid_streak=0/20(ABORT)
[v9h] epoch 106/300 n2n_mse=0.037753 lr=0.000074 pool_yaws=[-17.2,-4.3,29.6] pool_ms=1513 hist_ms=5069 batch_ms=9166 (2272.1s)
[v9h] MONITOR epoch 106: val sparkle 434.0/Mpx resid 0.0693 highlight_ratio 0.368 score=10.851 | mirror sparkle 0.0/Mpx resid 0.0665 highlight_ratio 0.418 (tgt sp<16 resid<0.035) score_streak=27/20(LOG-ONLY) resid_streak=0/20(ABORT)
[v9h] epoch 107/300 n2n_mse=0.037886 lr=0.000074 pool_yaws=[-27.2,-11.1,19.1] pool_ms=1615 hist_ms=5116 batch_ms=9167 (2290.5s)
[v9h] MONITOR epoch 107: val sparkle 434.0/Mpx resid 0.0689 highlight_ratio 0.372 score=10.851 | mirror sparkle 0.0/Mpx resid 0.0660 highlight_ratio 0.422 (tgt sp<16 resid<0.035) score_streak=28/20(LOG-ONLY) resid_streak=0/20(ABORT)
[v9h] epoch 108/300 n2n_mse=0.035917 lr=0.000074 pool_yaws=[-23.7,-5.4,7.0] pool_ms=1727 hist_ms=5097 batch_ms=9126 (2309.0s)
[v9h] MONITOR epoch 108: val sparkle 434.0/Mpx resid 0.0685 highlight_ratio 0.376 score=10.851 | mirror sparkle 0.0/Mpx resid 0.0655 highlight_ratio 0.426 (tgt sp<16 resid<0.035) score_streak=29/20(LOG-ONLY) resid_streak=0/20(ABORT)
[v9h] epoch 109/300 n2n_mse=0.039720 lr=0.000073 pool_yaws=[-27.3,8.1,2.6] pool_ms=1655 hist_ms=5170 batch_ms=9134 (2327.5s)
[v9h] MONITOR epoch 109: val sparkle 434.0/Mpx resid 0.0681 highlight_ratio 0.379 score=10.851 | mirror sparkle 0.0/Mpx resid 0.0650 highlight_ratio 0.430 (tgt sp<16 resid<0.035) score_streak=30/20(LOG-ONLY) resid_streak=0/20(ABORT)
[v9h] epoch 110/300 n2n_mse=0.039725 lr=0.000073 pool_yaws=[-28.5,-5.2,-27.9] pool_ms=1624 hist_ms=5061 batch_ms=9001 (2345.7s)
[v9h] MONITOR epoch 110: val sparkle 434.0/Mpx resid 0.0676 highlight_ratio 0.383 score=10.851 | mirror sparkle 0.0/Mpx resid 0.0646 highlight_ratio 0.434 (tgt sp<16 resid<0.035) score_streak=31/20(LOG-ONLY) resid_streak=0/20(ABORT)
[v9h] epoch 111/300 n2n_mse=0.047130 lr=0.000073 pool_yaws=[-12.5,-13.5,-1.6] pool_ms=1628 hist_ms=5104 batch_ms=9391 (2364.4s)
[v9h] MONITOR epoch 111: val sparkle 434.0/Mpx resid 0.0672 highlight_ratio 0.386 score=10.851 | mirror sparkle 0.0/Mpx resid 0.0641 highlight_ratio 0.438 (tgt sp<16 resid<0.035) score_streak=32/20(LOG-ONLY) resid_streak=0/20(ABORT)
[v9h] epoch 112/300 n2n_mse=0.043921 lr=0.000073 pool_yaws=[9.2,23.2,25.2] pool_ms=1688 hist_ms=5100 batch_ms=9157 (2382.9s)
[v9h] MONITOR epoch 112: val sparkle 434.0/Mpx resid 0.0668 highlight_ratio 0.390 score=10.851 | mirror sparkle 0.0/Mpx resid 0.0636 highlight_ratio 0.442 (tgt sp<16 resid<0.035) score_streak=33/20(LOG-ONLY) resid_streak=0/20(ABORT)
[v9h] epoch 113/300 n2n_mse=0.043382 lr=0.000073 pool_yaws=[15.4,28.6,-15.4] pool_ms=1627 hist_ms=5100 batch_ms=9117 (2401.3s)
[v9h] MONITOR epoch 113: val sparkle 434.0/Mpx resid 0.0664 highlight_ratio 0.394 score=10.851 | mirror sparkle 0.0/Mpx resid 0.0632 highlight_ratio 0.446 (tgt sp<16 resid<0.035) score_streak=34/20(LOG-ONLY) resid_streak=0/20(ABORT)
[v9h] epoch 114/300 n2n_mse=0.041489 lr=0.000072 pool_yaws=[18.3,17.6,-8.3] pool_ms=1520 hist_ms=5096 batch_ms=9021 (2419.5s)
[v9h] MONITOR epoch 114: val sparkle 434.0/Mpx resid 0.0659 highlight_ratio 0.397 score=10.851 | mirror sparkle 0.0/Mpx resid 0.0627 highlight_ratio 0.450 (tgt sp<16 resid<0.035) score_streak=35/20(LOG-ONLY) resid_streak=0/20(ABORT)
[v9h] epoch 115/300 n2n_mse=0.036903 lr=0.000072 pool_yaws=[20.7,-24.3,16.7] pool_ms=1557 hist_ms=5070 batch_ms=9070 (2437.7s)
[v9h] MONITOR epoch 115: val sparkle 434.0/Mpx resid 0.0655 highlight_ratio 0.401 score=10.851 | mirror sparkle 0.0/Mpx resid 0.0622 highlight_ratio 0.454 (tgt sp<16 resid<0.035) score_streak=36/20(LOG-ONLY) resid_streak=0/20(ABORT)
[v9h] epoch 116/300 n2n_mse=0.041943 lr=0.000072 pool_yaws=[-17.5,9.7,-11.5] pool_ms=1517 hist_ms=5040 batch_ms=9161 (2456.0s)
[v9h] MONITOR epoch 116: val sparkle 434.0/Mpx resid 0.0651 highlight_ratio 0.405 score=10.851 | mirror sparkle 0.0/Mpx resid 0.0618 highlight_ratio 0.458 (tgt sp<16 resid<0.035) score_streak=37/20(LOG-ONLY) resid_streak=0/20(ABORT)
[v9h] epoch 117/300 n2n_mse=0.040472 lr=0.000072 pool_yaws=[-16.7,14.5,-28.1] pool_ms=1638 hist_ms=5159 batch_ms=9176 (2474.5s)
[v9h] MONITOR epoch 117: val sparkle 434.0/Mpx resid 0.0646 highlight_ratio 0.408 score=10.851 | mirror sparkle 0.0/Mpx resid 0.0613 highlight_ratio 0.462 (tgt sp<16 resid<0.035) score_streak=38/20(LOG-ONLY) resid_streak=0/20(ABORT)
[v9h] epoch 118/300 n2n_mse=0.040950 lr=0.000072 pool_yaws=[-5.4,-8.6,-0.7] pool_ms=1720 hist_ms=5095 batch_ms=9281 (2493.2s)
[v9h] MONITOR epoch 118: val sparkle 434.0/Mpx resid 0.0642 highlight_ratio 0.412 score=10.851 | mirror sparkle 0.0/Mpx resid 0.0608 highlight_ratio 0.466 (tgt sp<16 resid<0.035) score_streak=39/20(LOG-ONLY) resid_streak=0/20(ABORT)
[v9h] epoch 119/300 n2n_mse=0.036261 lr=0.000072 pool_yaws=[-3.3,-27.5,4.3] pool_ms=1647 hist_ms=5117 batch_ms=9356 (2511.8s)
[v9h] MONITOR epoch 119: val sparkle 434.0/Mpx resid 0.0638 highlight_ratio 0.415 score=10.851 | mirror sparkle 0.0/Mpx resid 0.0604 highlight_ratio 0.470 (tgt sp<16 resid<0.035) score_streak=40/20(LOG-ONLY) resid_streak=0/20(ABORT)
[v9h] epoch 120/300 n2n_mse=0.039342 lr=0.000071 pool_yaws=[13.9,-1.6,-21.2] pool_ms=1626 hist_ms=5114 batch_ms=9324 (2530.5s)
[v9h] MONITOR epoch 120: val sparkle 434.0/Mpx resid 0.0634 highlight_ratio 0.419 score=10.851 | mirror sparkle 0.0/Mpx resid 0.0599 highlight_ratio 0.474 (tgt sp<16 resid<0.035) score_streak=41/20(LOG-ONLY) resid_streak=0/20(ABORT)
[v9h] epoch 121/300 n2n_mse=0.040956 lr=0.000071 pool_yaws=[-15.9,5.0,-23.8] pool_ms=1573 hist_ms=5111 batch_ms=9253 (2549.0s)
[v9h] MONITOR epoch 121: val sparkle 434.0/Mpx resid 0.0630 highlight_ratio 0.422 score=10.851 | mirror sparkle 0.0/Mpx resid 0.0594 highlight_ratio 0.477 (tgt sp<16 resid<0.035) score_streak=42/20(LOG-ONLY) resid_streak=0/20(ABORT)
[v9h] epoch 122/300 n2n_mse=0.039643 lr=0.000071 pool_yaws=[-10.8,-24.3,-28.1] pool_ms=1795 hist_ms=5119 batch_ms=9271 (2567.7s)
[v9h] MONITOR epoch 122: val sparkle 434.0/Mpx resid 0.0626 highlight_ratio 0.426 score=10.851 | mirror sparkle 0.0/Mpx resid 0.0590 highlight_ratio 0.481 (tgt sp<16 resid<0.035) score_streak=43/20(LOG-ONLY) resid_streak=0/20(ABORT)
[v9h] epoch 123/300 n2n_mse=0.041086 lr=0.000071 pool_yaws=[17.6,-8.5,9.3] pool_ms=1631 hist_ms=5122 batch_ms=9193 (2586.2s)
[v9h] MONITOR epoch 123: val sparkle 434.0/Mpx resid 0.0622 highlight_ratio 0.430 score=10.851 | mirror sparkle 0.0/Mpx resid 0.0585 highlight_ratio 0.485 (tgt sp<16 resid<0.035) score_streak=44/20(LOG-ONLY) resid_streak=0/20(ABORT)
[v9h] epoch 124/300 n2n_mse=0.039682 lr=0.000071 pool_yaws=[-5.7,23.9,10.4] pool_ms=1622 hist_ms=5155 batch_ms=9175 (2604.7s)
[v9h] MONITOR epoch 124: val sparkle 434.0/Mpx resid 0.0618 highlight_ratio 0.433 score=10.851 | mirror sparkle 0.0/Mpx resid 0.0581 highlight_ratio 0.489 (tgt sp<16 resid<0.035) score_streak=45/20(LOG-ONLY) resid_streak=0/20(ABORT)
[v9h] PROBE epoch 124: bar-res(640x480) sparkle 29.3/Mpx resid 0.0658 highlight_ratio 0.502 (tgt sp<16 resid<0.035) took 44.3s
[v9h] WATCHDOG ABORT: bar-res probe sparkle failed the bar at epoch 124 — stopping, keeping best+last (best score=2.713)
[v9h] training done in 2651.6s (best score=2.713)
[v9h] wrote /Users/pascaldisse/projects/magic-crystal-v9body/packages/scrying-glass/data/rdirect-weights-v9h.bin sha256=b4a0e0d8789c45244d73962e9a039a4a133e03df78496da101fb04f90badd2ce
[v9h] wrote /Users/pascaldisse/projects/magic-crystal-v9body/packages/scrying-glass/data/rdirect-weights-v9h-last.bin sha256=61d4af0a2695006981a782eb87a49bf22af9ed887528ee65fc1a383644fe049b
[v9h] wrote provenance. tag=v9h best=/Users/pascaldisse/projects/magic-crystal-v9body/packages/scrying-glass/data/rdirect-weights-v9h.bin last=/Users/pascaldisse/projects/magic-crystal-v9body/packages/scrying-glass/data/rdirect-weights-v9h-last.bin
