[v9i] GAIA_V7_SKY_HISTORY reject=true — mandate expects true (set GAIA_V7_SKY_HISTORY=reject)
[v9i] res 128x72 K=3 steps, GAIA_V9_K=8 noise2noise draws (variance/8, teacher validator-only)
[v9i] WATCHDOG two-signal: score_streak=20 LOG-ONLY, resid_streak=20 ABORT, bar-res probe every 25 epochs at 640x480 (K=3 ref=64) ABORT on sparkle>=16
[v9i] CURE 4: overshoot_w=1 — above-ceiling gradient is 2*overshoot_w*(raw-cap)/n (pulls toward the ceiling), no longer zero (see module doc mechanism-hunt verdict)
[v9i] CURE 5: nohit_albedo_sq=0.00000001 — albedo~0/no-hit pixels bypass the clamp/ceiling entirely, ordinary 2*(raw-target)/n always active (autopsy grad-probe-fix section)
[v9i] POSE DIVERSITY POOL (v9c/v9e parity): orbit±30deg jitter±0.6 around 2 anchors (front-pivot family x2 draws/epoch, wide-anchor family x1 draw/epoch) + mirror unconditional (fixed) — fresh draws every epoch, CURE 3 winsorize_k=0 (OFF if 0)
[v9i] rendered mirror(train) + 2 VALIDATOR (orbit_-20, mirror — FIXED, held-out) pose sequences (128x72, teacher 64 VALIDATOR ONLY, pan_step=0.004, mirror_spp=4) in 1.7s
[v9i] UnetConfig widths=[24, 40, 64] n_scales=3 params≈163083
[v9i] MONITOR epoch -1 (fresh He-init): val sparkle 0.0/Mpx resid 0.1179 highlight_ratio 0.025 score=3.368 | mirror sparkle 0.0/Mpx resid 0.1194 highlight_ratio 0.020 (tgt sp<16 resid<0.035) *BEST->saved score_streak=0/20(LOG-ONLY) resid_streak=0/20(ABORT)
[v9i] epoch 0/300 n2n_mse=0.143371 lr=0.000100 pool_yaws=[-11.4,9.4,1.9] pool_ms=1564 hist_ms=5191 batch_ms=8430 (15.2s)
[v9i] MONITOR epoch 0: val sparkle 0.0/Mpx resid 0.1178 highlight_ratio 0.026 score=3.367 | mirror sparkle 0.0/Mpx resid 0.1193 highlight_ratio 0.020 (tgt sp<16 resid<0.035) *BEST->saved score_streak=0/20(LOG-ONLY) resid_streak=0/20(ABORT)
[v9i] epoch 1/300 n2n_mse=0.091486 lr=0.000100 pool_yaws=[26.6,15.3,11.3] pool_ms=1509 hist_ms=5150 batch_ms=8453 (32.9s)
[v9i] MONITOR epoch 1: val sparkle 0.0/Mpx resid 0.1177 highlight_ratio 0.026 score=3.364 | mirror sparkle 0.0/Mpx resid 0.1191 highlight_ratio 0.021 (tgt sp<16 resid<0.035) *BEST->saved score_streak=0/20(LOG-ONLY) resid_streak=0/20(ABORT)
[v9i] epoch 2/300 n2n_mse=0.060518 lr=0.000099 pool_yaws=[-15.3,-29.4,-9.5] pool_ms=1529 hist_ms=5185 batch_ms=8502 (50.7s)
[v9i] MONITOR epoch 2: val sparkle 0.0/Mpx resid 0.1176 highlight_ratio 0.028 score=3.359 | mirror sparkle 0.0/Mpx resid 0.1189 highlight_ratio 0.023 (tgt sp<16 resid<0.035) *BEST->saved score_streak=0/20(LOG-ONLY) resid_streak=0/20(ABORT)
[v9i] epoch 3/300 n2n_mse=0.066228 lr=0.000099 pool_yaws=[25.5,-14.4,9.6] pool_ms=1432 hist_ms=5185 batch_ms=8694 (68.6s)
[v9i] MONITOR epoch 3: val sparkle 0.0/Mpx resid 0.1174 highlight_ratio 0.029 score=3.354 | mirror sparkle 0.0/Mpx resid 0.1187 highlight_ratio 0.024 (tgt sp<16 resid<0.035) *BEST->saved score_streak=0/20(LOG-ONLY) resid_streak=0/20(ABORT)
[v9i] epoch 4/300 n2n_mse=0.056028 lr=0.000099 pool_yaws=[-23.2,-5.2,30.0] pool_ms=1508 hist_ms=5185 batch_ms=8596 (86.5s)
[v9i] MONITOR epoch 4: val sparkle 0.0/Mpx resid 0.1172 highlight_ratio 0.031 score=3.349 | mirror sparkle 0.0/Mpx resid 0.1184 highlight_ratio 0.026 (tgt sp<16 resid<0.035) *BEST->saved score_streak=0/20(LOG-ONLY) resid_streak=0/20(ABORT)
[v9i] epoch 5/300 n2n_mse=0.050224 lr=0.000098 pool_yaws=[-1.9,-30.0,5.6] pool_ms=1523 hist_ms=5224 batch_ms=8609 (104.4s)
[v9i] MONITOR epoch 5: val sparkle 0.0/Mpx resid 0.1170 highlight_ratio 0.032 score=3.343 | mirror sparkle 0.0/Mpx resid 0.1181 highlight_ratio 0.028 (tgt sp<16 resid<0.035) *BEST->saved score_streak=0/20(LOG-ONLY) resid_streak=0/20(ABORT)
[v9i] epoch 6/300 n2n_mse=0.059595 lr=0.000098 pool_yaws=[-3.4,-16.4,26.5] pool_ms=1454 hist_ms=5214 batch_ms=8571 (122.3s)
[v9i] MONITOR epoch 6: val sparkle 0.0/Mpx resid 0.1168 highlight_ratio 0.034 score=3.337 | mirror sparkle 0.0/Mpx resid 0.1178 highlight_ratio 0.030 (tgt sp<16 resid<0.035) *BEST->saved score_streak=0/20(LOG-ONLY) resid_streak=0/20(ABORT)
[v9i] epoch 7/300 n2n_mse=0.051565 lr=0.000098 pool_yaws=[15.1,-26.0,-26.1] pool_ms=1538 hist_ms=5188 batch_ms=8549 (140.2s)
[v9i] MONITOR epoch 7: val sparkle 0.0/Mpx resid 0.1166 highlight_ratio 0.036 score=3.330 | mirror sparkle 0.0/Mpx resid 0.1175 highlight_ratio 0.031 (tgt sp<16 resid<0.035) *BEST->saved score_streak=0/20(LOG-ONLY) resid_streak=0/20(ABORT)
[v9i] epoch 8/300 n2n_mse=0.049595 lr=0.000097 pool_yaws=[-4.7,-27.3,-28.4] pool_ms=1423 hist_ms=5161 batch_ms=8626 (158.0s)
[v9i] MONITOR epoch 8: val sparkle 0.0/Mpx resid 0.1163 highlight_ratio 0.037 score=3.324 | mirror sparkle 0.0/Mpx resid 0.1172 highlight_ratio 0.033 (tgt sp<16 resid<0.035) *BEST->saved score_streak=0/20(LOG-ONLY) resid_streak=0/20(ABORT)
[v9i] epoch 9/300 n2n_mse=0.054944 lr=0.000097 pool_yaws=[-16.6,16.3,-12.3] pool_ms=1527 hist_ms=5192 batch_ms=8730 (176.1s)
[v9i] MONITOR epoch 9: val sparkle 0.0/Mpx resid 0.1161 highlight_ratio 0.039 score=3.317 | mirror sparkle 0.0/Mpx resid 0.1168 highlight_ratio 0.035 (tgt sp<16 resid<0.035) *BEST->saved score_streak=0/20(LOG-ONLY) resid_streak=0/20(ABORT)
[v9i] epoch 10/300 n2n_mse=0.052318 lr=0.000097 pool_yaws=[-7.2,-2.3,-6.6] pool_ms=1573 hist_ms=5309 batch_ms=8721 (194.3s)
[v9i] MONITOR epoch 10: val sparkle 0.0/Mpx resid 0.1158 highlight_ratio 0.040 score=3.309 | mirror sparkle 0.0/Mpx resid 0.1165 highlight_ratio 0.037 (tgt sp<16 resid<0.035) *BEST->saved score_streak=0/20(LOG-ONLY) resid_streak=0/20(ABORT)
[v9i] epoch 11/300 n2n_mse=0.055226 lr=0.000096 pool_yaws=[-8.2,6.3,-23.2] pool_ms=1569 hist_ms=5206 batch_ms=8777 (212.5s)
[v9i] MONITOR epoch 11: val sparkle 0.0/Mpx resid 0.1156 highlight_ratio 0.042 score=3.302 | mirror sparkle 0.0/Mpx resid 0.1161 highlight_ratio 0.039 (tgt sp<16 resid<0.035) *BEST->saved score_streak=0/20(LOG-ONLY) resid_streak=0/20(ABORT)
[v9i] epoch 12/300 n2n_mse=0.050163 lr=0.000096 pool_yaws=[16.1,-29.0,19.2] pool_ms=1517 hist_ms=5197 batch_ms=8642 (230.5s)
[v9i] MONITOR epoch 12: val sparkle 0.0/Mpx resid 0.1153 highlight_ratio 0.044 score=3.294 | mirror sparkle 0.0/Mpx resid 0.1158 highlight_ratio 0.041 (tgt sp<16 resid<0.035) *BEST->saved score_streak=0/20(LOG-ONLY) resid_streak=0/20(ABORT)
[v9i] epoch 13/300 n2n_mse=0.045650 lr=0.000096 pool_yaws=[10.3,10.0,0.8] pool_ms=1481 hist_ms=5217 batch_ms=8744 (248.5s)
[v9i] MONITOR epoch 13: val sparkle 0.0/Mpx resid 0.1150 highlight_ratio 0.046 score=3.285 | mirror sparkle 0.0/Mpx resid 0.1154 highlight_ratio 0.043 (tgt sp<16 resid<0.035) *BEST->saved score_streak=0/20(LOG-ONLY) resid_streak=0/20(ABORT)
[v9i] epoch 14/300 n2n_mse=0.052708 lr=0.000096 pool_yaws=[-12.1,17.2,15.3] pool_ms=1488 hist_ms=5204 batch_ms=8818 (266.6s)
[v9i] MONITOR epoch 14: val sparkle 0.0/Mpx resid 0.1147 highlight_ratio 0.048 score=3.276 | mirror sparkle 0.0/Mpx resid 0.1150 highlight_ratio 0.045 (tgt sp<16 resid<0.035) *BEST->saved score_streak=0/20(LOG-ONLY) resid_streak=0/20(ABORT)
[v9i] epoch 15/300 n2n_mse=0.049574 lr=0.000095 pool_yaws=[-13.5,19.3,-9.5] pool_ms=1722 hist_ms=5374 batch_ms=8793 (285.2s)
[v9i] MONITOR epoch 15: val sparkle 0.0/Mpx resid 0.1144 highlight_ratio 0.049 score=3.268 | mirror sparkle 0.0/Mpx resid 0.1146 highlight_ratio 0.048 (tgt sp<16 resid<0.035) *BEST->saved score_streak=0/20(LOG-ONLY) resid_streak=0/20(ABORT)
[v9i] epoch 16/300 n2n_mse=0.050030 lr=0.000095 pool_yaws=[26.1,-23.6,23.9] pool_ms=1540 hist_ms=5204 batch_ms=8808 (303.3s)
[v9i] MONITOR epoch 16: val sparkle 0.0/Mpx resid 0.1140 highlight_ratio 0.051 score=3.258 | mirror sparkle 0.0/Mpx resid 0.1142 highlight_ratio 0.050 (tgt sp<16 resid<0.035) *BEST->saved score_streak=0/20(LOG-ONLY) resid_streak=0/20(ABORT)
[v9i] epoch 17/300 n2n_mse=0.049963 lr=0.000095 pool_yaws=[23.1,-6.2,-7.8] pool_ms=1524 hist_ms=5196 batch_ms=8846 (321.5s)
[v9i] MONITOR epoch 17: val sparkle 0.0/Mpx resid 0.1137 highlight_ratio 0.053 score=3.249 | mirror sparkle 0.0/Mpx resid 0.1138 highlight_ratio 0.052 (tgt sp<16 resid<0.035) *BEST->saved score_streak=0/20(LOG-ONLY) resid_streak=0/20(ABORT)
[v9i] epoch 18/300 n2n_mse=0.047098 lr=0.000094 pool_yaws=[14.6,12.4,-18.9] pool_ms=1586 hist_ms=5195 batch_ms=9026 (339.9s)
[v9i] MONITOR epoch 18: val sparkle 0.0/Mpx resid 0.1134 highlight_ratio 0.055 score=3.240 | mirror sparkle 0.0/Mpx resid 0.1134 highlight_ratio 0.054 (tgt sp<16 resid<0.035) *BEST->saved score_streak=0/20(LOG-ONLY) resid_streak=0/20(ABORT)
[v9i] epoch 19/300 n2n_mse=0.047736 lr=0.000094 pool_yaws=[24.0,-14.9,10.1] pool_ms=1626 hist_ms=5266 batch_ms=9350 (358.8s)
[v9i] MONITOR epoch 19: val sparkle 0.0/Mpx resid 0.1130 highlight_ratio 0.057 score=3.230 | mirror sparkle 0.0/Mpx resid 0.1130 highlight_ratio 0.057 (tgt sp<16 resid<0.035) *BEST->saved score_streak=0/20(LOG-ONLY) resid_streak=0/20(ABORT)
[v9i] epoch 20/300 n2n_mse=0.047253 lr=0.000094 pool_yaws=[-17.7,2.4,-9.2] pool_ms=1517 hist_ms=5287 batch_ms=9637 (377.9s)
[v9i] MONITOR epoch 20: val sparkle 0.0/Mpx resid 0.1127 highlight_ratio 0.059 score=3.219 | mirror sparkle 0.0/Mpx resid 0.1126 highlight_ratio 0.059 (tgt sp<16 resid<0.035) *BEST->saved score_streak=0/20(LOG-ONLY) resid_streak=0/20(ABORT)
[v9i] epoch 21/300 n2n_mse=0.043857 lr=0.000093 pool_yaws=[-26.7,-21.8,12.4] pool_ms=1748 hist_ms=5212 batch_ms=8960 (396.6s)
[v9i] MONITOR epoch 21: val sparkle 0.0/Mpx resid 0.1123 highlight_ratio 0.060 score=3.209 | mirror sparkle 0.0/Mpx resid 0.1121 highlight_ratio 0.061 (tgt sp<16 resid<0.035) *BEST->saved score_streak=0/20(LOG-ONLY) resid_streak=0/20(ABORT)
[v9i] epoch 22/300 n2n_mse=0.048423 lr=0.000093 pool_yaws=[10.8,29.3,-16.4] pool_ms=1509 hist_ms=5149 batch_ms=9054 (414.9s)
[v9i] MONITOR epoch 22: val sparkle 0.0/Mpx resid 0.1119 highlight_ratio 0.062 score=3.198 | mirror sparkle 0.0/Mpx resid 0.1117 highlight_ratio 0.064 (tgt sp<16 resid<0.035) *BEST->saved score_streak=0/20(LOG-ONLY) resid_streak=0/20(ABORT)
[v9i] epoch 23/300 n2n_mse=0.043605 lr=0.000093 pool_yaws=[16.8,8.5,4.2] pool_ms=1608 hist_ms=5149 batch_ms=8962 (433.2s)
[v9i] MONITOR epoch 23: val sparkle 0.0/Mpx resid 0.1116 highlight_ratio 0.064 score=3.188 | mirror sparkle 0.0/Mpx resid 0.1112 highlight_ratio 0.066 (tgt sp<16 resid<0.035) *BEST->saved score_streak=0/20(LOG-ONLY) resid_streak=0/20(ABORT)
[v9i] epoch 24/300 n2n_mse=0.049361 lr=0.000093 pool_yaws=[-14.0,-9.2,14.2] pool_ms=1569 hist_ms=5316 batch_ms=9060 (451.7s)
[v9i] MONITOR epoch 24: val sparkle 0.0/Mpx resid 0.1112 highlight_ratio 0.066 score=3.177 | mirror sparkle 0.0/Mpx resid 0.1108 highlight_ratio 0.069 (tgt sp<16 resid<0.035) *BEST->saved score_streak=0/20(LOG-ONLY) resid_streak=0/20(ABORT)
[v9i] PROBE epoch 24: bar-res(640x480) sparkle 0.0/Mpx resid 0.1219 highlight_ratio 0.049 (tgt sp<16 resid<0.035) took 45.0s
[v9i] epoch 25/300 n2n_mse=0.048868 lr=0.000092 pool_yaws=[-5.4,24.6,0.7] pool_ms=1651 hist_ms=5242 batch_ms=12182 (518.7s)
[v9i] MONITOR epoch 25: val sparkle 0.0/Mpx resid 0.1108 highlight_ratio 0.069 score=3.166 | mirror sparkle 0.0/Mpx resid 0.1103 highlight_ratio 0.071 (tgt sp<16 resid<0.035) *BEST->saved score_streak=0/20(LOG-ONLY) resid_streak=0/20(ABORT)
[v9i] epoch 26/300 n2n_mse=0.046877 lr=0.000092 pool_yaws=[-8.8,17.3,26.4] pool_ms=1636 hist_ms=6161 batch_ms=10800 (540.2s)
[v9i] MONITOR epoch 26: val sparkle 0.0/Mpx resid 0.1104 highlight_ratio 0.071 score=3.154 | mirror sparkle 0.0/Mpx resid 0.1099 highlight_ratio 0.074 (tgt sp<16 resid<0.035) *BEST->saved score_streak=0/20(LOG-ONLY) resid_streak=0/20(ABORT)
[v9i] epoch 27/300 n2n_mse=0.043247 lr=0.000092 pool_yaws=[-19.1,10.4,-18.0] pool_ms=1613 hist_ms=5225 batch_ms=9251 (558.9s)
[v9i] MONITOR epoch 27: val sparkle 0.0/Mpx resid 0.1100 highlight_ratio 0.073 score=3.142 | mirror sparkle 0.0/Mpx resid 0.1094 highlight_ratio 0.076 (tgt sp<16 resid<0.035) *BEST->saved score_streak=0/20(LOG-ONLY) resid_streak=0/20(ABORT)
[v9i] epoch 28/300 n2n_mse=0.044714 lr=0.000091 pool_yaws=[-6.9,0.8,27.7] pool_ms=1706 hist_ms=5221 batch_ms=9630 (578.1s)
[v9i] MONITOR epoch 28: val sparkle 0.0/Mpx resid 0.1096 highlight_ratio 0.076 score=3.130 | mirror sparkle 0.0/Mpx resid 0.1089 highlight_ratio 0.079 (tgt sp<16 resid<0.035) *BEST->saved score_streak=0/20(LOG-ONLY) resid_streak=0/20(ABORT)
[v9i] epoch 29/300 n2n_mse=0.049125 lr=0.000091 pool_yaws=[25.2,-13.6,22.1] pool_ms=1662 hist_ms=5239 batch_ms=9009 (596.6s)
[v9i] MONITOR epoch 29: val sparkle 0.0/Mpx resid 0.1091 highlight_ratio 0.078 score=3.118 | mirror sparkle 0.0/Mpx resid 0.1084 highlight_ratio 0.082 (tgt sp<16 resid<0.035) *BEST->saved score_streak=0/20(LOG-ONLY) resid_streak=0/20(ABORT)
[v9i] epoch 30/300 n2n_mse=0.047012 lr=0.000091 pool_yaws=[27.9,-2.4,1.2] pool_ms=1612 hist_ms=5214 batch_ms=9088 (615.2s)
[v9i] MONITOR epoch 30: val sparkle 0.0/Mpx resid 0.1087 highlight_ratio 0.081 score=3.106 | mirror sparkle 0.0/Mpx resid 0.1079 highlight_ratio 0.084 (tgt sp<16 resid<0.035) *BEST->saved score_streak=0/20(LOG-ONLY) resid_streak=0/20(ABORT)
[v9i] epoch 31/300 n2n_mse=0.046661 lr=0.000091 pool_yaws=[-23.9,-12.8,24.5] pool_ms=1614 hist_ms=5252 batch_ms=9143 (633.8s)
[v9i] MONITOR epoch 31: val sparkle 0.0/Mpx resid 0.1083 highlight_ratio 0.084 score=3.093 | mirror sparkle 0.0/Mpx resid 0.1075 highlight_ratio 0.087 (tgt sp<16 resid<0.035) *BEST->saved score_streak=0/20(LOG-ONLY) resid_streak=0/20(ABORT)
[v9i] epoch 32/300 n2n_mse=0.047165 lr=0.000090 pool_yaws=[3.9,22.3,10.0] pool_ms=1672 hist_ms=5329 batch_ms=9593 (653.0s)
[v9i] MONITOR epoch 32: val sparkle 0.0/Mpx resid 0.1078 highlight_ratio 0.087 score=3.080 | mirror sparkle 0.0/Mpx resid 0.1070 highlight_ratio 0.090 (tgt sp<16 resid<0.035) *BEST->saved score_streak=0/20(LOG-ONLY) resid_streak=0/20(ABORT)
[v9i] epoch 33/300 n2n_mse=0.046928 lr=0.000090 pool_yaws=[-14.4,-13.5,-25.2] pool_ms=1716 hist_ms=5333 batch_ms=9406 (672.2s)
[v9i] MONITOR epoch 33: val sparkle 0.0/Mpx resid 0.1073 highlight_ratio 0.090 score=3.067 | mirror sparkle 0.0/Mpx resid 0.1064 highlight_ratio 0.093 (tgt sp<16 resid<0.035) *BEST->saved score_streak=0/20(LOG-ONLY) resid_streak=0/20(ABORT)
[v9i] epoch 34/300 n2n_mse=0.043233 lr=0.000090 pool_yaws=[18.4,-7.6,-8.6] pool_ms=1863 hist_ms=5401 batch_ms=9180 (691.3s)
[v9i] MONITOR epoch 34: val sparkle 0.0/Mpx resid 0.1069 highlight_ratio 0.094 score=3.054 | mirror sparkle 0.0/Mpx resid 0.1059 highlight_ratio 0.097 (tgt sp<16 resid<0.035) *BEST->saved score_streak=0/20(LOG-ONLY) resid_streak=0/20(ABORT)
[v9i] epoch 35/300 n2n_mse=0.038173 lr=0.000090 pool_yaws=[-25.3,9.4,17.9] pool_ms=1792 hist_ms=5569 batch_ms=9998 (711.4s)
[v9i] MONITOR epoch 35: val sparkle 0.0/Mpx resid 0.1064 highlight_ratio 0.097 score=3.040 | mirror sparkle 0.0/Mpx resid 0.1054 highlight_ratio 0.100 (tgt sp<16 resid<0.035) *BEST->saved score_streak=0/20(LOG-ONLY) resid_streak=0/20(ABORT)
[v9i] epoch 36/300 n2n_mse=0.043749 lr=0.000089 pool_yaws=[-9.3,16.8,-10.0] pool_ms=2565 hist_ms=6435 batch_ms=11006 (734.2s)
[v9i] MONITOR epoch 36: val sparkle 0.0/Mpx resid 0.1059 highlight_ratio 0.101 score=3.027 | mirror sparkle 0.0/Mpx resid 0.1049 highlight_ratio 0.104 (tgt sp<16 resid<0.035) *BEST->saved score_streak=0/20(LOG-ONLY) resid_streak=0/20(ABORT)
[v9i] epoch 37/300 n2n_mse=0.043150 lr=0.000089 pool_yaws=[14.3,-23.3,16.0] pool_ms=2163 hist_ms=5852 batch_ms=9788 (755.4s)
[v9i] MONITOR epoch 37: val sparkle 0.0/Mpx resid 0.1054 highlight_ratio 0.105 score=3.013 | mirror sparkle 0.0/Mpx resid 0.1044 highlight_ratio 0.108 (tgt sp<16 resid<0.035) *BEST->saved score_streak=0/20(LOG-ONLY) resid_streak=0/20(ABORT)
[v9i] epoch 38/300 n2n_mse=0.048596 lr=0.000089 pool_yaws=[18.7,-8.8,-23.9] pool_ms=1713 hist_ms=5484 batch_ms=9937 (775.3s)
[v9i] MONITOR epoch 38: val sparkle 0.0/Mpx resid 0.1049 highlight_ratio 0.109 score=2.998 | mirror sparkle 0.0/Mpx resid 0.1039 highlight_ratio 0.112 (tgt sp<16 resid<0.035) *BEST->saved score_streak=0/20(LOG-ONLY) resid_streak=0/20(ABORT)
[v9i] epoch 39/300 n2n_mse=0.039016 lr=0.000088 pool_yaws=[18.8,-27.8,9.0] pool_ms=1897 hist_ms=5759 batch_ms=10000 (795.9s)
[v9i] MONITOR epoch 39: val sparkle 0.0/Mpx resid 0.1044 highlight_ratio 0.113 score=2.984 | mirror sparkle 0.0/Mpx resid 0.1033 highlight_ratio 0.117 (tgt sp<16 resid<0.035) *BEST->saved score_streak=0/20(LOG-ONLY) resid_streak=0/20(ABORT)
[v9i] epoch 40/300 n2n_mse=0.044930 lr=0.000088 pool_yaws=[25.8,7.8,24.2] pool_ms=2137 hist_ms=5493 batch_ms=10688 (817.1s)
[v9i] MONITOR epoch 40: val sparkle 0.0/Mpx resid 0.1039 highlight_ratio 0.117 score=2.969 | mirror sparkle 0.0/Mpx resid 0.1028 highlight_ratio 0.121 (tgt sp<16 resid<0.035) *BEST->saved score_streak=0/20(LOG-ONLY) resid_streak=0/20(ABORT)
[v9i] epoch 41/300 n2n_mse=0.042704 lr=0.000088 pool_yaws=[22.0,-16.3,16.2] pool_ms=2233 hist_ms=5556 batch_ms=9659 (837.5s)
[v9i] MONITOR epoch 41: val sparkle 0.0/Mpx resid 0.1034 highlight_ratio 0.121 score=2.954 | mirror sparkle 0.0/Mpx resid 0.1022 highlight_ratio 0.125 (tgt sp<16 resid<0.035) *BEST->saved score_streak=0/20(LOG-ONLY) resid_streak=0/20(ABORT)
[v9i] epoch 42/300 n2n_mse=0.049723 lr=0.000088 pool_yaws=[26.7,0.6,-2.7] pool_ms=1629 hist_ms=5453 batch_ms=9261 (856.5s)
[v9i] MONITOR epoch 42: val sparkle 0.0/Mpx resid 0.1029 highlight_ratio 0.124 score=2.939 | mirror sparkle 0.0/Mpx resid 0.1017 highlight_ratio 0.129 (tgt sp<16 resid<0.035) *BEST->saved score_streak=0/20(LOG-ONLY) resid_streak=0/20(ABORT)
[v9i] epoch 43/300 n2n_mse=0.042428 lr=0.000087 pool_yaws=[-11.9,16.9,12.2] pool_ms=1977 hist_ms=5281 batch_ms=9786 (876.2s)
[v9i] MONITOR epoch 43: val sparkle 0.0/Mpx resid 0.1023 highlight_ratio 0.128 score=2.924 | mirror sparkle 0.0/Mpx resid 0.1011 highlight_ratio 0.134 (tgt sp<16 resid<0.035) *BEST->saved score_streak=0/20(LOG-ONLY) resid_streak=0/20(ABORT)
[v9i] epoch 44/300 n2n_mse=0.047066 lr=0.000087 pool_yaws=[-12.1,29.7,-18.3] pool_ms=1838 hist_ms=5390 batch_ms=9341 (895.7s)
[v9i] MONITOR epoch 44: val sparkle 0.0/Mpx resid 0.1018 highlight_ratio 0.132 score=2.909 | mirror sparkle 0.0/Mpx resid 0.1005 highlight_ratio 0.138 (tgt sp<16 resid<0.035) *BEST->saved score_streak=0/20(LOG-ONLY) resid_streak=0/20(ABORT)
[v9i] epoch 45/300 n2n_mse=0.048752 lr=0.000087 pool_yaws=[24.1,22.8,-26.5] pool_ms=1740 hist_ms=5355 batch_ms=9394 (914.9s)
[v9i] MONITOR epoch 45: val sparkle 0.0/Mpx resid 0.1013 highlight_ratio 0.136 score=2.893 | mirror sparkle 0.0/Mpx resid 0.1000 highlight_ratio 0.142 (tgt sp<16 resid<0.035) *BEST->saved score_streak=0/20(LOG-ONLY) resid_streak=0/20(ABORT)
[v9i] epoch 46/300 n2n_mse=0.043068 lr=0.000087 pool_yaws=[-7.9,-23.3,-26.9] pool_ms=1735 hist_ms=5453 batch_ms=9599 (934.4s)
[v9i] MONITOR epoch 46: val sparkle 0.0/Mpx resid 0.1007 highlight_ratio 0.141 score=2.877 | mirror sparkle 0.0/Mpx resid 0.0994 highlight_ratio 0.147 (tgt sp<16 resid<0.035) *BEST->saved score_streak=0/20(LOG-ONLY) resid_streak=0/20(ABORT)
[v9i] epoch 47/300 n2n_mse=0.045563 lr=0.000086 pool_yaws=[17.8,-17.1,20.5] pool_ms=1690 hist_ms=5758 batch_ms=10313 (955.2s)
[v9i] MONITOR epoch 47: val sparkle 108.5/Mpx resid 0.1001 highlight_ratio 0.145 score=2.861 | mirror sparkle 0.0/Mpx resid 0.0988 highlight_ratio 0.151 (tgt sp<16 resid<0.035) *BEST->saved score_streak=0/20(LOG-ONLY) resid_streak=0/20(ABORT)
[v9i] epoch 48/300 n2n_mse=0.043465 lr=0.000086 pool_yaws=[21.7,-5.3,-28.0] pool_ms=1991 hist_ms=5760 batch_ms=9195 (974.9s)
[v9i] MONITOR epoch 48: val sparkle 108.5/Mpx resid 0.0996 highlight_ratio 0.149 score=2.845 | mirror sparkle 0.0/Mpx resid 0.0982 highlight_ratio 0.155 (tgt sp<16 resid<0.035) *BEST->saved score_streak=0/20(LOG-ONLY) resid_streak=0/20(ABORT)
[v9i] epoch 49/300 n2n_mse=0.046143 lr=0.000086 pool_yaws=[20.8,-1.9,16.2] pool_ms=1637 hist_ms=5265 batch_ms=9535 (993.9s)
[v9i] MONITOR epoch 49: val sparkle 108.5/Mpx resid 0.0990 highlight_ratio 0.153 score=2.829 | mirror sparkle 0.0/Mpx resid 0.0976 highlight_ratio 0.160 (tgt sp<16 resid<0.035) *BEST->saved score_streak=0/20(LOG-ONLY) resid_streak=0/20(ABORT)
[v9i] PROBE epoch 49: bar-res(640x480) sparkle 0.0/Mpx resid 0.1088 highlight_ratio 0.138 (tgt sp<16 resid<0.035) took 46.0s
[v9i] epoch 50/300 n2n_mse=0.047090 lr=0.000086 pool_yaws=[14.6,27.3,18.0] pool_ms=1788 hist_ms=5184 batch_ms=9051 (1058.5s)
[v9i] MONITOR epoch 50: val sparkle 108.5/Mpx resid 0.0985 highlight_ratio 0.157 score=2.813 | mirror sparkle 0.0/Mpx resid 0.0970 highlight_ratio 0.164 (tgt sp<16 resid<0.035) *BEST->saved score_streak=0/20(LOG-ONLY) resid_streak=0/20(ABORT)
[v9i] epoch 51/300 n2n_mse=0.039861 lr=0.000085 pool_yaws=[8.4,-15.4,-28.8] pool_ms=1690 hist_ms=5179 batch_ms=9206 (1077.2s)
[v9i] MONITOR epoch 51: val sparkle 108.5/Mpx resid 0.0979 highlight_ratio 0.161 score=2.797 | mirror sparkle 0.0/Mpx resid 0.0965 highlight_ratio 0.168 (tgt sp<16 resid<0.035) *BEST->saved score_streak=0/20(LOG-ONLY) resid_streak=0/20(ABORT)
[v9i] epoch 52/300 n2n_mse=0.044109 lr=0.000085 pool_yaws=[13.9,1.6,-2.9] pool_ms=1701 hist_ms=5159 batch_ms=9171 (1095.8s)
[v9i] MONITOR epoch 52: val sparkle 108.5/Mpx resid 0.0973 highlight_ratio 0.165 score=2.781 | mirror sparkle 0.0/Mpx resid 0.0959 highlight_ratio 0.173 (tgt sp<16 resid<0.035) *BEST->saved score_streak=0/20(LOG-ONLY) resid_streak=0/20(ABORT)
[v9i] epoch 53/300 n2n_mse=0.042289 lr=0.000085 pool_yaws=[14.3,0.6,19.9] pool_ms=1756 hist_ms=5151 batch_ms=9046 (1114.3s)
[v9i] MONITOR epoch 53: val sparkle 108.5/Mpx resid 0.0968 highlight_ratio 0.169 score=2.765 | mirror sparkle 0.0/Mpx resid 0.0953 highlight_ratio 0.177 (tgt sp<16 resid<0.035) *BEST->saved score_streak=0/20(LOG-ONLY) resid_streak=0/20(ABORT)
[v9i] epoch 54/300 n2n_mse=0.037724 lr=0.000085 pool_yaws=[11.4,-19.8,4.3] pool_ms=1816 hist_ms=5142 batch_ms=9319 (1133.1s)
[v9i] MONITOR epoch 54: val sparkle 108.5/Mpx resid 0.0962 highlight_ratio 0.173 score=2.749 | mirror sparkle 0.0/Mpx resid 0.0947 highlight_ratio 0.182 (tgt sp<16 resid<0.035) *BEST->saved score_streak=0/20(LOG-ONLY) resid_streak=0/20(ABORT)
[v9i] epoch 55/300 n2n_mse=0.040051 lr=0.000085 pool_yaws=[17.7,10.6,-25.5] pool_ms=1796 hist_ms=5215 batch_ms=9162 (1151.9s)
[v9i] MONITOR epoch 55: val sparkle 108.5/Mpx resid 0.0957 highlight_ratio 0.177 score=2.734 | mirror sparkle 0.0/Mpx resid 0.0941 highlight_ratio 0.186 (tgt sp<16 resid<0.035) *BEST->saved score_streak=0/20(LOG-ONLY) resid_streak=0/20(ABORT)
[v9i] epoch 56/300 n2n_mse=0.040184 lr=0.000084 pool_yaws=[0.1,7.6,15.2] pool_ms=1928 hist_ms=5208 batch_ms=9103 (1170.8s)
[v9i] MONITOR epoch 56: val sparkle 108.5/Mpx resid 0.0951 highlight_ratio 0.181 score=2.718 | mirror sparkle 0.0/Mpx resid 0.0936 highlight_ratio 0.191 (tgt sp<16 resid<0.035) *BEST->saved score_streak=0/20(LOG-ONLY) resid_streak=0/20(ABORT)
[v9i] epoch 57/300 n2n_mse=0.043805 lr=0.000084 pool_yaws=[-1.7,-17.3,-27.1] pool_ms=1836 hist_ms=5178 batch_ms=8994 (1189.4s)
[v9i] MONITOR epoch 57: val sparkle 108.5/Mpx resid 0.0946 highlight_ratio 0.186 score=2.713 | mirror sparkle 0.0/Mpx resid 0.0930 highlight_ratio 0.196 (tgt sp<16 resid<0.035) *BEST->saved score_streak=0/20(LOG-ONLY) resid_streak=0/20(ABORT)
[v9i] epoch 58/300 n2n_mse=0.041596 lr=0.000084 pool_yaws=[19.6,-6.1,8.1] pool_ms=1745 hist_ms=5190 batch_ms=9517 (1208.4s)
[v9i] MONITOR epoch 58: val sparkle 108.5/Mpx resid 0.0940 highlight_ratio 0.190 score=2.713 | mirror sparkle 0.0/Mpx resid 0.0924 highlight_ratio 0.200 (tgt sp<16 resid<0.035) score_streak=0/20(LOG-ONLY) resid_streak=0/20(ABORT)
[v9i] epoch 59/300 n2n_mse=0.036618 lr=0.000084 pool_yaws=[10.8,-19.9,-24.9] pool_ms=1792 hist_ms=5252 batch_ms=9216 (1227.3s)
[v9i] MONITOR epoch 59: val sparkle 108.5/Mpx resid 0.0935 highlight_ratio 0.194 score=2.713 | mirror sparkle 0.0/Mpx resid 0.0918 highlight_ratio 0.205 (tgt sp<16 resid<0.035) score_streak=0/20(LOG-ONLY) resid_streak=0/20(ABORT)
[v9i] epoch 60/300 n2n_mse=0.042864 lr=0.000083 pool_yaws=[-14.7,-24.5,-9.3] pool_ms=1810 hist_ms=5236 batch_ms=9117 (1246.1s)
[v9i] MONITOR epoch 60: val sparkle 108.5/Mpx resid 0.0929 highlight_ratio 0.198 score=2.713 | mirror sparkle 0.0/Mpx resid 0.0912 highlight_ratio 0.210 (tgt sp<16 resid<0.035) score_streak=0/20(LOG-ONLY) resid_streak=0/20(ABORT)
[v9i] epoch 61/300 n2n_mse=0.041042 lr=0.000083 pool_yaws=[-25.5,20.6,7.4] pool_ms=1761 hist_ms=5145 batch_ms=8933 (1264.5s)
[v9i] MONITOR epoch 61: val sparkle 108.5/Mpx resid 0.0923 highlight_ratio 0.202 score=2.713 | mirror sparkle 0.0/Mpx resid 0.0906 highlight_ratio 0.215 (tgt sp<16 resid<0.035) score_streak=0/20(LOG-ONLY) resid_streak=0/20(ABORT)
[v9i] epoch 62/300 n2n_mse=0.042120 lr=0.000083 pool_yaws=[11.7,1.5,-19.6] pool_ms=1743 hist_ms=5176 batch_ms=8985 (1283.0s)
[v9i] MONITOR epoch 62: val sparkle 108.5/Mpx resid 0.0918 highlight_ratio 0.207 score=2.713 | mirror sparkle 0.0/Mpx resid 0.0900 highlight_ratio 0.220 (tgt sp<16 resid<0.035) score_streak=0/20(LOG-ONLY) resid_streak=0/20(ABORT)
[v9i] epoch 63/300 n2n_mse=0.042166 lr=0.000083 pool_yaws=[-23.0,22.1,-4.0] pool_ms=1573 hist_ms=5143 batch_ms=8991 (1301.2s)
[v9i] MONITOR epoch 63: val sparkle 108.5/Mpx resid 0.0912 highlight_ratio 0.211 score=2.713 | mirror sparkle 0.0/Mpx resid 0.0894 highlight_ratio 0.225 (tgt sp<16 resid<0.035) score_streak=0/20(LOG-ONLY) resid_streak=0/20(ABORT)
[v9i] epoch 64/300 n2n_mse=0.039235 lr=0.000082 pool_yaws=[1.1,20.4,7.7] pool_ms=1533 hist_ms=5156 batch_ms=8968 (1319.5s)
[v9i] MONITOR epoch 64: val sparkle 108.5/Mpx resid 0.0907 highlight_ratio 0.215 score=2.713 | mirror sparkle 0.0/Mpx resid 0.0888 highlight_ratio 0.230 (tgt sp<16 resid<0.035) score_streak=0/20(LOG-ONLY) resid_streak=0/20(ABORT)
[v9i] epoch 65/300 n2n_mse=0.046744 lr=0.000082 pool_yaws=[-12.3,25.6,-14.9] pool_ms=2111 hist_ms=5223 batch_ms=9047 (1338.4s)
[v9i] MONITOR epoch 65: val sparkle 108.5/Mpx resid 0.0901 highlight_ratio 0.219 score=2.713 | mirror sparkle 0.0/Mpx resid 0.0883 highlight_ratio 0.234 (tgt sp<16 resid<0.035) score_streak=0/20(LOG-ONLY) resid_streak=0/20(ABORT)
[v9i] epoch 66/300 n2n_mse=0.045770 lr=0.000082 pool_yaws=[23.8,29.7,-6.6] pool_ms=1902 hist_ms=5568 batch_ms=9138 (1357.7s)
[v9i] MONITOR epoch 66: val sparkle 108.5/Mpx resid 0.0896 highlight_ratio 0.223 score=2.713 | mirror sparkle 0.0/Mpx resid 0.0877 highlight_ratio 0.239 (tgt sp<16 resid<0.035) score_streak=0/20(LOG-ONLY) resid_streak=0/20(ABORT)
[v9i] epoch 67/300 n2n_mse=0.042520 lr=0.000082 pool_yaws=[19.2,26.5,0.8] pool_ms=1896 hist_ms=5416 batch_ms=9391 (1377.0s)
[v9i] MONITOR epoch 67: val sparkle 217.0/Mpx resid 0.0890 highlight_ratio 0.227 score=5.425 | mirror sparkle 0.0/Mpx resid 0.0871 highlight_ratio 0.244 (tgt sp<16 resid<0.035) score_streak=1/20(LOG-ONLY) resid_streak=0/20(ABORT)
[v9i] epoch 68/300 n2n_mse=0.039716 lr=0.000082 pool_yaws=[24.7,16.6,0.5] pool_ms=1717 hist_ms=5251 batch_ms=9151 (1395.9s)
[v9i] MONITOR epoch 68: val sparkle 325.5/Mpx resid 0.0885 highlight_ratio 0.231 score=8.138 | mirror sparkle 0.0/Mpx resid 0.0865 highlight_ratio 0.249 (tgt sp<16 resid<0.035) score_streak=2/20(LOG-ONLY) resid_streak=0/20(ABORT)
[v9i] epoch 69/300 n2n_mse=0.045603 lr=0.000081 pool_yaws=[-17.0,25.3,-25.4] pool_ms=1679 hist_ms=5244 batch_ms=9054 (1414.5s)
[v9i] MONITOR epoch 69: val sparkle 325.5/Mpx resid 0.0879 highlight_ratio 0.236 score=8.138 | mirror sparkle 0.0/Mpx resid 0.0859 highlight_ratio 0.254 (tgt sp<16 resid<0.035) score_streak=3/20(LOG-ONLY) resid_streak=0/20(ABORT)
[v9i] epoch 70/300 n2n_mse=0.036379 lr=0.000081 pool_yaws=[-22.5,-27.0,-21.0] pool_ms=1462 hist_ms=5176 batch_ms=8948 (1432.7s)
[v9i] MONITOR epoch 70: val sparkle 325.5/Mpx resid 0.0873 highlight_ratio 0.240 score=8.138 | mirror sparkle 0.0/Mpx resid 0.0853 highlight_ratio 0.259 (tgt sp<16 resid<0.035) score_streak=4/20(LOG-ONLY) resid_streak=0/20(ABORT)
[v9i] epoch 71/300 n2n_mse=0.039065 lr=0.000081 pool_yaws=[12.8,13.3,12.0] pool_ms=1566 hist_ms=5212 batch_ms=9080 (1451.2s)
[v9i] MONITOR epoch 71: val sparkle 434.0/Mpx resid 0.0868 highlight_ratio 0.245 score=10.851 | mirror sparkle 0.0/Mpx resid 0.0847 highlight_ratio 0.265 (tgt sp<16 resid<0.035) score_streak=5/20(LOG-ONLY) resid_streak=0/20(ABORT)
[v9i] epoch 72/300 n2n_mse=0.041089 lr=0.000081 pool_yaws=[-21.3,17.7,29.1] pool_ms=1688 hist_ms=5233 batch_ms=9354 (1470.0s)
[v9i] MONITOR epoch 72: val sparkle 434.0/Mpx resid 0.0862 highlight_ratio 0.249 score=10.851 | mirror sparkle 0.0/Mpx resid 0.0841 highlight_ratio 0.270 (tgt sp<16 resid<0.035) score_streak=6/20(LOG-ONLY) resid_streak=0/20(ABORT)
[v9i] epoch 73/300 n2n_mse=0.036389 lr=0.000080 pool_yaws=[-1.5,26.5,-4.2] pool_ms=1615 hist_ms=5180 batch_ms=9057 (1488.5s)
[v9i] MONITOR epoch 73: val sparkle 434.0/Mpx resid 0.0856 highlight_ratio 0.254 score=10.851 | mirror sparkle 0.0/Mpx resid 0.0836 highlight_ratio 0.275 (tgt sp<16 resid<0.035) score_streak=7/20(LOG-ONLY) resid_streak=0/20(ABORT)
[v9i] epoch 74/300 n2n_mse=0.040922 lr=0.000080 pool_yaws=[0.7,1.4,7.8] pool_ms=1584 hist_ms=5197 batch_ms=9063 (1507.0s)
[v9i] MONITOR epoch 74: val sparkle 434.0/Mpx resid 0.0850 highlight_ratio 0.258 score=10.851 | mirror sparkle 0.0/Mpx resid 0.0829 highlight_ratio 0.280 (tgt sp<16 resid<0.035) score_streak=8/20(LOG-ONLY) resid_streak=0/20(ABORT)
[v9i] PROBE epoch 74: bar-res(640x480) sparkle 9.8/Mpx resid 0.0932 highlight_ratio 0.257 (tgt sp<16 resid<0.035) took 46.6s
[v9i] epoch 75/300 n2n_mse=0.034056 lr=0.000080 pool_yaws=[-23.6,-15.7,-5.7] pool_ms=2791 hist_ms=5567 batch_ms=9970 (1574.5s)
[v9i] MONITOR epoch 75: val sparkle 434.0/Mpx resid 0.0845 highlight_ratio 0.263 score=10.851 | mirror sparkle 0.0/Mpx resid 0.0824 highlight_ratio 0.285 (tgt sp<16 resid<0.035) score_streak=9/20(LOG-ONLY) resid_streak=0/20(ABORT)
[v9i] epoch 76/300 n2n_mse=0.042903 lr=0.000080 pool_yaws=[-6.0,19.3,23.1] pool_ms=1995 hist_ms=5450 batch_ms=9613 (1594.3s)
[v9i] MONITOR epoch 76: val sparkle 434.0/Mpx resid 0.0839 highlight_ratio 0.267 score=10.851 | mirror sparkle 0.0/Mpx resid 0.0818 highlight_ratio 0.290 (tgt sp<16 resid<0.035) score_streak=10/20(LOG-ONLY) resid_streak=0/20(ABORT)
[v9i] epoch 77/300 n2n_mse=0.036650 lr=0.000080 pool_yaws=[-0.2,0.8,0.2] pool_ms=1710 hist_ms=5226 batch_ms=8992 (1612.9s)
[v9i] MONITOR epoch 77: val sparkle 434.0/Mpx resid 0.0833 highlight_ratio 0.271 score=10.851 | mirror sparkle 0.0/Mpx resid 0.0812 highlight_ratio 0.295 (tgt sp<16 resid<0.035) score_streak=11/20(LOG-ONLY) resid_streak=0/20(ABORT)
[v9i] epoch 78/300 n2n_mse=0.040602 lr=0.000079 pool_yaws=[-13.5,-26.2,-9.3] pool_ms=1622 hist_ms=5228 batch_ms=9675 (1632.1s)
[v9i] MONITOR epoch 78: val sparkle 434.0/Mpx resid 0.0828 highlight_ratio 0.276 score=10.851 | mirror sparkle 0.0/Mpx resid 0.0806 highlight_ratio 0.301 (tgt sp<16 resid<0.035) score_streak=12/20(LOG-ONLY) resid_streak=0/20(ABORT)
[v9i] epoch 79/300 n2n_mse=0.038170 lr=0.000079 pool_yaws=[11.6,-19.5,-28.6] pool_ms=1732 hist_ms=5349 batch_ms=9525 (1651.4s)
[v9i] MONITOR epoch 79: val sparkle 434.0/Mpx resid 0.0822 highlight_ratio 0.281 score=10.851 | mirror sparkle 0.0/Mpx resid 0.0800 highlight_ratio 0.306 (tgt sp<16 resid<0.035) score_streak=13/20(LOG-ONLY) resid_streak=0/20(ABORT)
[v9i] epoch 80/300 n2n_mse=0.034799 lr=0.000079 pool_yaws=[-24.2,-7.8,12.8] pool_ms=1732 hist_ms=5305 batch_ms=9183 (1670.2s)
[v9i] MONITOR epoch 80: val sparkle 542.5/Mpx resid 0.0816 highlight_ratio 0.285 score=13.563 | mirror sparkle 0.0/Mpx resid 0.0794 highlight_ratio 0.311 (tgt sp<16 resid<0.035) score_streak=14/20(LOG-ONLY) resid_streak=0/20(ABORT)
[v9i] epoch 81/300 n2n_mse=0.039211 lr=0.000079 pool_yaws=[-2.3,-4.2,24.1] pool_ms=1645 hist_ms=5343 batch_ms=9200 (1689.0s)
[v9i] MONITOR epoch 81: val sparkle 651.0/Mpx resid 0.0811 highlight_ratio 0.290 score=16.276 | mirror sparkle 0.0/Mpx resid 0.0788 highlight_ratio 0.317 (tgt sp<16 resid<0.035) score_streak=15/20(LOG-ONLY) resid_streak=0/20(ABORT)
[v9i] epoch 82/300 n2n_mse=0.035595 lr=0.000079 pool_yaws=[-20.9,10.6,29.7] pool_ms=1645 hist_ms=5331 batch_ms=9442 (1708.1s)
[v9i] MONITOR epoch 82: val sparkle 651.0/Mpx resid 0.0805 highlight_ratio 0.295 score=16.276 | mirror sparkle 0.0/Mpx resid 0.0782 highlight_ratio 0.322 (tgt sp<16 resid<0.035) score_streak=16/20(LOG-ONLY) resid_streak=0/20(ABORT)
[v9i] epoch 83/300 n2n_mse=0.041237 lr=0.000078 pool_yaws=[21.6,-16.2,-18.5] pool_ms=1927 hist_ms=5549 batch_ms=9577 (1727.9s)
[v9i] MONITOR epoch 83: val sparkle 651.0/Mpx resid 0.0799 highlight_ratio 0.300 score=16.276 | mirror sparkle 0.0/Mpx resid 0.0776 highlight_ratio 0.327 (tgt sp<16 resid<0.035) score_streak=17/20(LOG-ONLY) resid_streak=0/20(ABORT)
[v9i] epoch 84/300 n2n_mse=0.040551 lr=0.000078 pool_yaws=[-14.2,-17.3,25.7] pool_ms=1764 hist_ms=5402 batch_ms=9382 (1747.1s)
[v9i] MONITOR epoch 84: val sparkle 651.0/Mpx resid 0.0793 highlight_ratio 0.304 score=16.276 | mirror sparkle 0.0/Mpx resid 0.0770 highlight_ratio 0.333 (tgt sp<16 resid<0.035) score_streak=18/20(LOG-ONLY) resid_streak=0/20(ABORT)
[v9i] epoch 85/300 n2n_mse=0.042397 lr=0.000078 pool_yaws=[-10.3,9.2,-6.7] pool_ms=1660 hist_ms=5157 batch_ms=9270 (1765.8s)
[v9i] MONITOR epoch 85: val sparkle 651.0/Mpx resid 0.0788 highlight_ratio 0.309 score=16.276 | mirror sparkle 0.0/Mpx resid 0.0764 highlight_ratio 0.338 (tgt sp<16 resid<0.035) score_streak=19/20(LOG-ONLY) resid_streak=0/20(ABORT)
[v9i] epoch 86/300 n2n_mse=0.039363 lr=0.000078 pool_yaws=[10.4,-11.3,14.5] pool_ms=1680 hist_ms=5250 batch_ms=9119 (1784.5s)
[v9i] MONITOR epoch 86: val sparkle 651.0/Mpx resid 0.0782 highlight_ratio 0.314 score=16.276 | mirror sparkle 0.0/Mpx resid 0.0758 highlight_ratio 0.343 (tgt sp<16 resid<0.035) score_streak=20/20(LOG-ONLY) resid_streak=0/20(ABORT)
[v9i] epoch 87/300 n2n_mse=0.039906 lr=0.000078 pool_yaws=[-13.5,15.1,-22.7] pool_ms=1727 hist_ms=5236 batch_ms=9438 (1803.5s)
[v9i] MONITOR epoch 87: val sparkle 651.0/Mpx resid 0.0776 highlight_ratio 0.319 score=16.276 | mirror sparkle 0.0/Mpx resid 0.0752 highlight_ratio 0.348 (tgt sp<16 resid<0.035) score_streak=21/20(LOG-ONLY) resid_streak=0/20(ABORT)
[v9i] epoch 88/300 n2n_mse=0.045676 lr=0.000077 pool_yaws=[8.5,29.0,-7.8] pool_ms=1610 hist_ms=5145 batch_ms=8925 (1821.8s)
[v9i] MONITOR epoch 88: val sparkle 651.0/Mpx resid 0.0770 highlight_ratio 0.324 score=16.276 | mirror sparkle 0.0/Mpx resid 0.0746 highlight_ratio 0.353 (tgt sp<16 resid<0.035) score_streak=22/20(LOG-ONLY) resid_streak=0/20(ABORT)
[v9i] epoch 89/300 n2n_mse=0.042067 lr=0.000077 pool_yaws=[-17.5,28.4,19.3] pool_ms=1518 hist_ms=5122 batch_ms=8825 (1839.8s)
[v9i] MONITOR epoch 89: val sparkle 651.0/Mpx resid 0.0765 highlight_ratio 0.329 score=16.276 | mirror sparkle 0.0/Mpx resid 0.0740 highlight_ratio 0.359 (tgt sp<16 resid<0.035) score_streak=23/20(LOG-ONLY) resid_streak=0/20(ABORT)
[v9i] epoch 90/300 n2n_mse=0.045065 lr=0.000077 pool_yaws=[-12.3,25.5,-18.5] pool_ms=1795 hist_ms=5201 batch_ms=8871 (1858.3s)
[v9i] MONITOR epoch 90: val sparkle 651.0/Mpx resid 0.0759 highlight_ratio 0.334 score=16.276 | mirror sparkle 0.0/Mpx resid 0.0734 highlight_ratio 0.364 (tgt sp<16 resid<0.035) score_streak=24/20(LOG-ONLY) resid_streak=0/20(ABORT)
[v9i] epoch 91/300 n2n_mse=0.043294 lr=0.000077 pool_yaws=[11.0,2.6,-16.1] pool_ms=1560 hist_ms=5159 batch_ms=8913 (1876.5s)
[v9i] MONITOR epoch 91: val sparkle 651.0/Mpx resid 0.0753 highlight_ratio 0.339 score=16.276 | mirror sparkle 0.0/Mpx resid 0.0728 highlight_ratio 0.369 (tgt sp<16 resid<0.035) score_streak=25/20(LOG-ONLY) resid_streak=0/20(ABORT)
[v9i] epoch 92/300 n2n_mse=0.043716 lr=0.000077 pool_yaws=[26.6,-18.3,14.4] pool_ms=1720 hist_ms=5215 batch_ms=9109 (1895.1s)
[v9i] MONITOR epoch 92: val sparkle 651.0/Mpx resid 0.0747 highlight_ratio 0.344 score=16.276 | mirror sparkle 0.0/Mpx resid 0.0722 highlight_ratio 0.375 (tgt sp<16 resid<0.035) score_streak=26/20(LOG-ONLY) resid_streak=0/20(ABORT)
[v9i] epoch 93/300 n2n_mse=0.041507 lr=0.000076 pool_yaws=[-12.4,14.8,27.7] pool_ms=1628 hist_ms=5263 batch_ms=9117 (1913.8s)
[v9i] MONITOR epoch 93: val sparkle 651.0/Mpx resid 0.0741 highlight_ratio 0.349 score=16.276 | mirror sparkle 0.0/Mpx resid 0.0716 highlight_ratio 0.380 (tgt sp<16 resid<0.035) score_streak=27/20(LOG-ONLY) resid_streak=0/20(ABORT)
[v9i] epoch 94/300 n2n_mse=0.035238 lr=0.000076 pool_yaws=[-23.9,-12.1,-20.1] pool_ms=1777 hist_ms=5522 batch_ms=9233 (1933.1s)
[v9i] MONITOR epoch 94: val sparkle 651.0/Mpx resid 0.0736 highlight_ratio 0.354 score=16.276 | mirror sparkle 0.0/Mpx resid 0.0710 highlight_ratio 0.386 (tgt sp<16 resid<0.035) score_streak=28/20(LOG-ONLY) resid_streak=0/20(ABORT)
[v9i] epoch 95/300 n2n_mse=0.042285 lr=0.000076 pool_yaws=[-17.9,4.7,28.1] pool_ms=1569 hist_ms=5164 batch_ms=9083 (1951.5s)
[v9i] MONITOR epoch 95: val sparkle 651.0/Mpx resid 0.0730 highlight_ratio 0.358 score=16.276 | mirror sparkle 0.0/Mpx resid 0.0704 highlight_ratio 0.391 (tgt sp<16 resid<0.035) score_streak=29/20(LOG-ONLY) resid_streak=0/20(ABORT)
[v9i] epoch 96/300 n2n_mse=0.035695 lr=0.000076 pool_yaws=[12.7,13.0,13.3] pool_ms=1667 hist_ms=5210 batch_ms=9130 (1970.1s)
[v9i] MONITOR epoch 96: val sparkle 651.0/Mpx resid 0.0724 highlight_ratio 0.363 score=16.276 | mirror sparkle 0.0/Mpx resid 0.0698 highlight_ratio 0.396 (tgt sp<16 resid<0.035) score_streak=30/20(LOG-ONLY) resid_streak=0/20(ABORT)
[v9i] epoch 97/300 n2n_mse=0.035402 lr=0.000076 pool_yaws=[-26.1,10.9,-24.9] pool_ms=1702 hist_ms=5131 batch_ms=9278 (1988.8s)
[v9i] MONITOR epoch 97: val sparkle 651.0/Mpx resid 0.0719 highlight_ratio 0.368 score=16.276 | mirror sparkle 0.0/Mpx resid 0.0692 highlight_ratio 0.401 (tgt sp<16 resid<0.035) score_streak=31/20(LOG-ONLY) resid_streak=0/20(ABORT)
[v9i] epoch 98/300 n2n_mse=0.034929 lr=0.000075 pool_yaws=[-28.9,-28.0,5.2] pool_ms=1608 hist_ms=5124 batch_ms=8895 (2007.0s)
[v9i] MONITOR epoch 98: val sparkle 651.0/Mpx resid 0.0713 highlight_ratio 0.373 score=16.276 | mirror sparkle 0.0/Mpx resid 0.0686 highlight_ratio 0.407 (tgt sp<16 resid<0.035) score_streak=32/20(LOG-ONLY) resid_streak=0/20(ABORT)
[v9i] epoch 99/300 n2n_mse=0.040600 lr=0.000075 pool_yaws=[20.2,-8.4,-8.4] pool_ms=1604 hist_ms=5103 batch_ms=9027 (2025.3s)
[v9i] MONITOR epoch 99: val sparkle 651.0/Mpx resid 0.0707 highlight_ratio 0.378 score=16.276 | mirror sparkle 0.0/Mpx resid 0.0680 highlight_ratio 0.412 (tgt sp<16 resid<0.035) score_streak=33/20(LOG-ONLY) resid_streak=0/20(ABORT)
[v9i] PROBE epoch 99: bar-res(640x480) sparkle 16.3/Mpx resid 0.0766 highlight_ratio 0.394 (tgt sp<16 resid<0.035) took 44.6s
[v9i] WATCHDOG ABORT: bar-res probe sparkle failed the bar at epoch 99 — stopping, keeping best+last (best score=2.713)
[v9i] training done in 2072.4s (best score=2.713)
[v9i] wrote /Users/pascaldisse/projects/magic-crystal-v9body/packages/scrying-glass/data/rdirect-weights-v9i.bin sha256=3cec6297472c2f6c8162bea10dcdea9e495bda9aad65a70414600d78c6d63886
[v9i] wrote /Users/pascaldisse/projects/magic-crystal-v9body/packages/scrying-glass/data/rdirect-weights-v9i-last.bin sha256=e3ea57cb6fe24a859539d7cf535568df17ea9acd6ad4a9201c8adf2e461b821a
[v9i] wrote provenance. tag=v9i best=/Users/pascaldisse/projects/magic-crystal-v9body/packages/scrying-glass/data/rdirect-weights-v9i.bin last=/Users/pascaldisse/projects/magic-crystal-v9body/packages/scrying-glass/data/rdirect-weights-v9i-last.bin
