    Finished `release` profile [optimized] target(s) in 0.61s
     Running `/Users/pascaldisse/projects/magic-crystal-v9body/target/release/examples/rdirect_train_v9j`
[v9j] GAIA_V7_SKY_HISTORY reject=true — mandate expects true (set GAIA_V7_SKY_HISTORY=reject)
[v9j] res 128x72 K=3 steps, GAIA_V9_K=8 noise2noise draws (variance/8, teacher validator-only)
[v9j] WATCHDOG two-signal: score_streak=20 LOG-ONLY, resid_streak=20 ABORT, bar-res probe every 25 epochs at 640x480 (K=3 ref=64) ABORT on sparkle>=16
[v9j] CURE 4: overshoot_w=1 — above-ceiling gradient is 2*overshoot_w*(raw-cap)/n (pulls toward the ceiling), no longer zero (see module doc mechanism-hunt verdict)
[v9j] CURE 5: nohit_albedo_sq=0.00000001 — albedo~0/no-hit pixels bypass the clamp/ceiling entirely, ordinary 2*(raw-target)/n always active (autopsy grad-probe-fix section)
[v9j] POSE DIVERSITY POOL (v9c/v9e parity): orbit±30deg jitter±0.6 around 2 anchors (front-pivot family x2 draws/epoch, wide-anchor family x1 draw/epoch) + mirror unconditional (fixed) — fresh draws every epoch, CURE 3 winsorize_k=0 (OFF if 0)
[v9j] rendered mirror(train) + 2 VALIDATOR (orbit_-20, mirror — FIXED, held-out) pose sequences (128x72, teacher 64 VALIDATOR ONLY, pan_step=0.004, mirror_spp=4) in 1.6s
[v9j] UnetConfig widths=[24, 40, 64] n_scales=3 params≈163083
[v9j] MONITOR epoch -1 (fresh He-init): val sparkle 0.0/Mpx resid 0.1179 highlight_ratio 0.025 score=3.368 | mirror sparkle 0.0/Mpx resid 0.1194 highlight_ratio 0.020 (tgt sp<16 resid<0.035) *BEST->saved score_streak=0/20(LOG-ONLY) resid_streak=0/20(ABORT)
[v9j] FIRST BATCH mask check (epoch 0, pi=1 s=1): nohit_px(albedo)=3827/9216 nohit_effective(differs-from-CURE4)=0 | cross-check vs depth-hit-flag: false_hit_dark(albedo-mask says nohit, depth says REAL HIT)=25 false_miss_albedo(depth says miss, albedo-mask missed it — should be 0)=0
[v9j] epoch 0/300 n2n_mse=0.143371 lr=0.000100 pool_yaws=[-11.4,9.4,1.9] pool_ms=1532 hist_ms=5156 batch_ms=8358 nohit_px=35669/110592(32.25%) nohit_effective=66 (15.0s)
[v9j] MONITOR epoch 0: val sparkle 0.0/Mpx resid 0.1178 highlight_ratio 0.026 score=3.367 | mirror sparkle 0.0/Mpx resid 0.1193 highlight_ratio 0.020 (tgt sp<16 resid<0.035) *BEST->saved score_streak=0/20(LOG-ONLY) resid_streak=0/20(ABORT)
[v9j] FIRST BATCH mask check (epoch 1, pi=3 s=0): nohit_px(albedo)=3138/9216 nohit_effective(differs-from-CURE4)=40 | cross-check vs depth-hit-flag: false_hit_dark(albedo-mask says nohit, depth says REAL HIT)=3 false_miss_albedo(depth says miss, albedo-mask missed it — should be 0)=0
[v9j] epoch 1/300 n2n_mse=0.091486 lr=0.000100 pool_yaws=[26.6,15.3,11.3] pool_ms=1461 hist_ms=5129 batch_ms=8310 nohit_px=36404/110592(32.92%) nohit_effective=2544 (32.5s)
[v9j] MONITOR epoch 1: val sparkle 0.0/Mpx resid 0.1177 highlight_ratio 0.026 score=3.364 | mirror sparkle 0.0/Mpx resid 0.1191 highlight_ratio 0.021 (tgt sp<16 resid<0.035) *BEST->saved score_streak=0/20(LOG-ONLY) resid_streak=0/20(ABORT)
[v9j] FIRST BATCH mask check (epoch 2, pi=0 s=2): nohit_px(albedo)=3646/9216 nohit_effective(differs-from-CURE4)=952 | cross-check vs depth-hit-flag: false_hit_dark(albedo-mask says nohit, depth says REAL HIT)=14 false_miss_albedo(depth says miss, albedo-mask missed it — should be 0)=0
[v9j] epoch 2/300 n2n_mse=0.060514 lr=0.000099 pool_yaws=[-15.3,-29.4,-9.5] pool_ms=1426 hist_ms=5052 batch_ms=8518 nohit_px=29960/110592(27.09%) nohit_effective=9126 (50.0s)
[v9j] MONITOR epoch 2: val sparkle 0.0/Mpx resid 0.1176 highlight_ratio 0.028 score=3.359 | mirror sparkle 0.0/Mpx resid 0.1189 highlight_ratio 0.023 (tgt sp<16 resid<0.035) *BEST->saved score_streak=0/20(LOG-ONLY) resid_streak=0/20(ABORT)
[v9j] FIRST BATCH mask check (epoch 3, pi=2 s=0): nohit_px(albedo)=1710/9216 nohit_effective(differs-from-CURE4)=415 | cross-check vs depth-hit-flag: false_hit_dark(albedo-mask says nohit, depth says REAL HIT)=46 false_miss_albedo(depth says miss, albedo-mask missed it — should be 0)=0
[v9j] epoch 3/300 n2n_mse=0.066236 lr=0.000099 pool_yaws=[25.5,-14.4,9.6] pool_ms=1388 hist_ms=5048 batch_ms=8198 nohit_px=36416/110592(32.93%) nohit_effective=6904 (67.1s)
[v9j] MONITOR epoch 3: val sparkle 0.0/Mpx resid 0.1174 highlight_ratio 0.029 score=3.354 | mirror sparkle 0.0/Mpx resid 0.1187 highlight_ratio 0.024 (tgt sp<16 resid<0.035) *BEST->saved score_streak=0/20(LOG-ONLY) resid_streak=0/20(ABORT)
[v9j] FIRST BATCH mask check (epoch 4, pi=0 s=0): nohit_px(albedo)=2881/9216 nohit_effective(differs-from-CURE4)=777 | cross-check vs depth-hit-flag: false_hit_dark(albedo-mask says nohit, depth says REAL HIT)=11 false_miss_albedo(depth says miss, albedo-mask missed it — should be 0)=0
[v9j] epoch 4/300 n2n_mse=0.056025 lr=0.000099 pool_yaws=[-23.2,-5.2,30.0] pool_ms=1389 hist_ms=5046 batch_ms=8296 nohit_px=32729/110592(29.59%) nohit_effective=11549 (84.4s)
[v9j] MONITOR epoch 4: val sparkle 0.0/Mpx resid 0.1172 highlight_ratio 0.031 score=3.349 | mirror sparkle 0.0/Mpx resid 0.1184 highlight_ratio 0.026 (tgt sp<16 resid<0.035) *BEST->saved score_streak=0/20(LOG-ONLY) resid_streak=0/20(ABORT)
[v9j] FIRST BATCH mask check (epoch 5, pi=0 s=2): nohit_px(albedo)=3484/9216 nohit_effective(differs-from-CURE4)=1064 | cross-check vs depth-hit-flag: false_hit_dark(albedo-mask says nohit, depth says REAL HIT)=44 false_miss_albedo(depth says miss, albedo-mask missed it — should be 0)=0
[v9j] epoch 5/300 n2n_mse=0.050229 lr=0.000098 pool_yaws=[-1.9,-30.0,5.6] pool_ms=1397 hist_ms=5052 batch_ms=8292 nohit_px=30296/110592(27.39%) nohit_effective=8468 (101.7s)
[v9j] MONITOR epoch 5: val sparkle 0.0/Mpx resid 0.1170 highlight_ratio 0.032 score=3.343 | mirror sparkle 0.0/Mpx resid 0.1181 highlight_ratio 0.028 (tgt sp<16 resid<0.035) *BEST->saved score_streak=0/20(LOG-ONLY) resid_streak=0/20(ABORT)
[v9j] FIRST BATCH mask check (epoch 6, pi=1 s=0): nohit_px(albedo)=3579/9216 nohit_effective(differs-from-CURE4)=881 | cross-check vs depth-hit-flag: false_hit_dark(albedo-mask says nohit, depth says REAL HIT)=18 false_miss_albedo(depth says miss, albedo-mask missed it — should be 0)=0
[v9j] epoch 6/300 n2n_mse=0.059597 lr=0.000098 pool_yaws=[-3.4,-16.4,26.5] pool_ms=1403 hist_ms=5050 batch_ms=8342 nohit_px=35333/110592(31.95%) nohit_effective=9441 (119.0s)
[v9j] MONITOR epoch 6: val sparkle 0.0/Mpx resid 0.1168 highlight_ratio 0.034 score=3.337 | mirror sparkle 0.0/Mpx resid 0.1178 highlight_ratio 0.030 (tgt sp<16 resid<0.035) *BEST->saved score_streak=0/20(LOG-ONLY) resid_streak=0/20(ABORT)
[v9j] FIRST BATCH mask check (epoch 7, pi=2 s=2): nohit_px(albedo)=1205/9216 nohit_effective(differs-from-CURE4)=507 | cross-check vs depth-hit-flag: false_hit_dark(albedo-mask says nohit, depth says REAL HIT)=34 false_miss_albedo(depth says miss, albedo-mask missed it — should be 0)=0
[v9j] epoch 7/300 n2n_mse=0.051555 lr=0.000098 pool_yaws=[15.1,-26.0,-26.1] pool_ms=1447 hist_ms=5043 batch_ms=8333 nohit_px=31194/110592(28.21%) nohit_effective=7593 (136.3s)
[v9j] MONITOR epoch 7: val sparkle 0.0/Mpx resid 0.1166 highlight_ratio 0.036 score=3.330 | mirror sparkle 0.0/Mpx resid 0.1175 highlight_ratio 0.031 (tgt sp<16 resid<0.035) *BEST->saved score_streak=0/20(LOG-ONLY) resid_streak=0/20(ABORT)
[v9j] FIRST BATCH mask check (epoch 8, pi=1 s=2): nohit_px(albedo)=1930/9216 nohit_effective(differs-from-CURE4)=330 | cross-check vs depth-hit-flag: false_hit_dark(albedo-mask says nohit, depth says REAL HIT)=8 false_miss_albedo(depth says miss, albedo-mask missed it — should be 0)=0
[v9j] epoch 8/300 n2n_mse=0.049589 lr=0.000097 pool_yaws=[-4.7,-27.3,-28.4] pool_ms=1424 hist_ms=5049 batch_ms=8347 nohit_px=29692/110592(26.85%) nohit_effective=6157 (153.7s)
[v9j] MONITOR epoch 8: val sparkle 0.0/Mpx resid 0.1163 highlight_ratio 0.037 score=3.324 | mirror sparkle 0.0/Mpx resid 0.1172 highlight_ratio 0.033 (tgt sp<16 resid<0.035) *BEST->saved score_streak=0/20(LOG-ONLY) resid_streak=0/20(ABORT)
[v9j] FIRST BATCH mask check (epoch 9, pi=2 s=2): nohit_px(albedo)=1134/9216 nohit_effective(differs-from-CURE4)=276 | cross-check vs depth-hit-flag: false_hit_dark(albedo-mask says nohit, depth says REAL HIT)=43 false_miss_albedo(depth says miss, albedo-mask missed it — should be 0)=0
[v9j] epoch 9/300 n2n_mse=0.054937 lr=0.000097 pool_yaws=[-16.6,16.3,-12.3] pool_ms=1434 hist_ms=5104 batch_ms=8507 nohit_px=33740/110592(30.51%) nohit_effective=7811 (171.3s)
[v9j] MONITOR epoch 9: val sparkle 0.0/Mpx resid 0.1161 highlight_ratio 0.039 score=3.317 | mirror sparkle 0.0/Mpx resid 0.1168 highlight_ratio 0.035 (tgt sp<16 resid<0.035) *BEST->saved score_streak=0/20(LOG-ONLY) resid_streak=0/20(ABORT)
[v9j] FIRST BATCH mask check (epoch 10, pi=2 s=1): nohit_px(albedo)=1400/9216 nohit_effective(differs-from-CURE4)=385 | cross-check vs depth-hit-flag: false_hit_dark(albedo-mask says nohit, depth says REAL HIT)=18 false_miss_albedo(depth says miss, albedo-mask missed it — should be 0)=0
[v9j] epoch 10/300 n2n_mse=0.052319 lr=0.000097 pool_yaws=[-7.2,-2.3,-6.6] pool_ms=1470 hist_ms=5069 batch_ms=8439 nohit_px=34755/110592(31.43%) nohit_effective=7925 (188.8s)
[v9j] MONITOR epoch 10: val sparkle 0.0/Mpx resid 0.1158 highlight_ratio 0.040 score=3.309 | mirror sparkle 0.0/Mpx resid 0.1165 highlight_ratio 0.037 (tgt sp<16 resid<0.035) *BEST->saved score_streak=0/20(LOG-ONLY) resid_streak=0/20(ABORT)
[v9j] FIRST BATCH mask check (epoch 11, pi=0 s=1): nohit_px(albedo)=3479/9216 nohit_effective(differs-from-CURE4)=720 | cross-check vs depth-hit-flag: false_hit_dark(albedo-mask says nohit, depth says REAL HIT)=14 false_miss_albedo(depth says miss, albedo-mask missed it — should be 0)=0
[v9j] epoch 11/300 n2n_mse=0.055225 lr=0.000096 pool_yaws=[-8.2,6.3,-23.2] pool_ms=1562 hist_ms=5079 batch_ms=8642 nohit_px=33579/110592(30.36%) nohit_effective=7536 (206.6s)
[v9j] MONITOR epoch 11: val sparkle 0.0/Mpx resid 0.1156 highlight_ratio 0.042 score=3.302 | mirror sparkle 0.0/Mpx resid 0.1162 highlight_ratio 0.039 (tgt sp<16 resid<0.035) *BEST->saved score_streak=0/20(LOG-ONLY) resid_streak=0/20(ABORT)
[v9j] FIRST BATCH mask check (epoch 12, pi=3 s=2): nohit_px(albedo)=3118/9216 nohit_effective(differs-from-CURE4)=907 | cross-check vs depth-hit-flag: false_hit_dark(albedo-mask says nohit, depth says REAL HIT)=3 false_miss_albedo(depth says miss, albedo-mask missed it — should be 0)=0
[v9j] epoch 12/300 n2n_mse=0.050159 lr=0.000096 pool_yaws=[16.1,-29.0,19.2] pool_ms=1540 hist_ms=5046 batch_ms=8486 nohit_px=30252/110592(27.35%) nohit_effective=6521 (224.2s)
[v9j] MONITOR epoch 12: val sparkle 0.0/Mpx resid 0.1153 highlight_ratio 0.044 score=3.294 | mirror sparkle 0.0/Mpx resid 0.1158 highlight_ratio 0.041 (tgt sp<16 resid<0.035) *BEST->saved score_streak=0/20(LOG-ONLY) resid_streak=0/20(ABORT)
[v9j] FIRST BATCH mask check (epoch 13, pi=3 s=1): nohit_px(albedo)=3160/9216 nohit_effective(differs-from-CURE4)=956 | cross-check vs depth-hit-flag: false_hit_dark(albedo-mask says nohit, depth says REAL HIT)=1 false_miss_albedo(depth says miss, albedo-mask missed it — should be 0)=0
[v9j] epoch 13/300 n2n_mse=0.045660 lr=0.000096 pool_yaws=[10.3,10.0,0.8] pool_ms=1426 hist_ms=5090 batch_ms=9020 nohit_px=34640/110592(31.32%) nohit_effective=6943 (242.3s)
[v9j] MONITOR epoch 13: val sparkle 0.0/Mpx resid 0.1150 highlight_ratio 0.046 score=3.285 | mirror sparkle 0.0/Mpx resid 0.1154 highlight_ratio 0.043 (tgt sp<16 resid<0.035) *BEST->saved score_streak=0/20(LOG-ONLY) resid_streak=0/20(ABORT)
[v9j] FIRST BATCH mask check (epoch 14, pi=0 s=2): nohit_px(albedo)=3411/9216 nohit_effective(differs-from-CURE4)=695 | cross-check vs depth-hit-flag: false_hit_dark(albedo-mask says nohit, depth says REAL HIT)=20 false_miss_albedo(depth says miss, albedo-mask missed it — should be 0)=0
[v9j] epoch 14/300 n2n_mse=0.052707 lr=0.000096 pool_yaws=[-12.1,17.2,15.3] pool_ms=1515 hist_ms=5090 batch_ms=8527 nohit_px=33269/110592(30.08%) nohit_effective=7256 (260.0s)
[v9j] MONITOR epoch 14: val sparkle 0.0/Mpx resid 0.1147 highlight_ratio 0.048 score=3.276 | mirror sparkle 0.0/Mpx resid 0.1150 highlight_ratio 0.045 (tgt sp<16 resid<0.035) *BEST->saved score_streak=0/20(LOG-ONLY) resid_streak=0/20(ABORT)
[v9j] FIRST BATCH mask check (epoch 15, pi=0 s=2): nohit_px(albedo)=3597/9216 nohit_effective(differs-from-CURE4)=848 | cross-check vs depth-hit-flag: false_hit_dark(albedo-mask says nohit, depth says REAL HIT)=21 false_miss_albedo(depth says miss, albedo-mask missed it — should be 0)=0
[v9j] epoch 15/300 n2n_mse=0.049571 lr=0.000095 pool_yaws=[-13.5,19.3,-9.5] pool_ms=1519 hist_ms=5078 batch_ms=8565 nohit_px=33931/110592(30.68%) nohit_effective=6842 (277.7s)
[v9j] MONITOR epoch 15: val sparkle 0.0/Mpx resid 0.1144 highlight_ratio 0.049 score=3.268 | mirror sparkle 0.0/Mpx resid 0.1146 highlight_ratio 0.048 (tgt sp<16 resid<0.035) *BEST->saved score_streak=0/20(LOG-ONLY) resid_streak=0/20(ABORT)
[v9j] FIRST BATCH mask check (epoch 16, pi=0 s=0): nohit_px(albedo)=3894/9216 nohit_effective(differs-from-CURE4)=519 | cross-check vs depth-hit-flag: false_hit_dark(albedo-mask says nohit, depth says REAL HIT)=21 false_miss_albedo(depth says miss, albedo-mask missed it — should be 0)=0
[v9j] epoch 16/300 n2n_mse=0.050041 lr=0.000095 pool_yaws=[26.1,-23.6,23.9] pool_ms=1506 hist_ms=5057 batch_ms=8557 nohit_px=34099/110592(30.83%) nohit_effective=6059 (295.3s)
[v9j] MONITOR epoch 16: val sparkle 0.0/Mpx resid 0.1140 highlight_ratio 0.051 score=3.258 | mirror sparkle 0.0/Mpx resid 0.1142 highlight_ratio 0.050 (tgt sp<16 resid<0.035) *BEST->saved score_streak=0/20(LOG-ONLY) resid_streak=0/20(ABORT)
[v9j] FIRST BATCH mask check (epoch 17, pi=2 s=0): nohit_px(albedo)=1164/9216 nohit_effective(differs-from-CURE4)=151 | cross-check vs depth-hit-flag: false_hit_dark(albedo-mask says nohit, depth says REAL HIT)=37 false_miss_albedo(depth says miss, albedo-mask missed it — should be 0)=0
[v9j] epoch 17/300 n2n_mse=0.049970 lr=0.000095 pool_yaws=[23.1,-6.2,-7.8] pool_ms=1475 hist_ms=5070 batch_ms=8656 nohit_px=34554/110592(31.24%) nohit_effective=5032 (313.1s)
[v9j] MONITOR epoch 17: val sparkle 0.0/Mpx resid 0.1137 highlight_ratio 0.053 score=3.249 | mirror sparkle 0.0/Mpx resid 0.1138 highlight_ratio 0.052 (tgt sp<16 resid<0.035) *BEST->saved score_streak=0/20(LOG-ONLY) resid_streak=0/20(ABORT)
[v9j] FIRST BATCH mask check (epoch 18, pi=1 s=0): nohit_px(albedo)=3128/9216 nohit_effective(differs-from-CURE4)=352 | cross-check vs depth-hit-flag: false_hit_dark(albedo-mask says nohit, depth says REAL HIT)=8 false_miss_albedo(depth says miss, albedo-mask missed it — should be 0)=0
[v9j] epoch 18/300 n2n_mse=0.047110 lr=0.000094 pool_yaws=[14.6,12.4,-18.9] pool_ms=1522 hist_ms=5063 batch_ms=8799 nohit_px=32190/110592(29.11%) nohit_effective=4900 (331.0s)
[v9j] MONITOR epoch 18: val sparkle 0.0/Mpx resid 0.1134 highlight_ratio 0.055 score=3.240 | mirror sparkle 0.0/Mpx resid 0.1134 highlight_ratio 0.054 (tgt sp<16 resid<0.035) *BEST->saved score_streak=0/20(LOG-ONLY) resid_streak=0/20(ABORT)
[v9j] FIRST BATCH mask check (epoch 19, pi=2 s=1): nohit_px(albedo)=1469/9216 nohit_effective(differs-from-CURE4)=193 | cross-check vs depth-hit-flag: false_hit_dark(albedo-mask says nohit, depth says REAL HIT)=38 false_miss_albedo(depth says miss, albedo-mask missed it — should be 0)=0
[v9j] epoch 19/300 n2n_mse=0.047738 lr=0.000094 pool_yaws=[24.0,-14.9,10.1] pool_ms=1519 hist_ms=5111 batch_ms=9243 nohit_px=36020/110592(32.57%) nohit_effective=5847 (349.4s)
[v9j] MONITOR epoch 19: val sparkle 0.0/Mpx resid 0.1130 highlight_ratio 0.057 score=3.230 | mirror sparkle 0.0/Mpx resid 0.1130 highlight_ratio 0.057 (tgt sp<16 resid<0.035) *BEST->saved score_streak=0/20(LOG-ONLY) resid_streak=0/20(ABORT)
[v9j] FIRST BATCH mask check (epoch 20, pi=3 s=2): nohit_px(albedo)=3118/9216 nohit_effective(differs-from-CURE4)=687 | cross-check vs depth-hit-flag: false_hit_dark(albedo-mask says nohit, depth says REAL HIT)=3 false_miss_albedo(depth says miss, albedo-mask missed it — should be 0)=0
[v9j] epoch 20/300 n2n_mse=0.047274 lr=0.000094 pool_yaws=[-17.7,2.4,-9.2] pool_ms=1447 hist_ms=5110 batch_ms=8744 nohit_px=31934/110592(28.88%) nohit_effective=5780 (367.3s)
[v9j] MONITOR epoch 20: val sparkle 0.0/Mpx resid 0.1127 highlight_ratio 0.059 score=3.220 | mirror sparkle 0.0/Mpx resid 0.1126 highlight_ratio 0.059 (tgt sp<16 resid<0.035) *BEST->saved score_streak=0/20(LOG-ONLY) resid_streak=0/20(ABORT)
[v9j] FIRST BATCH mask check (epoch 21, pi=3 s=2): nohit_px(albedo)=3118/9216 nohit_effective(differs-from-CURE4)=737 | cross-check vs depth-hit-flag: false_hit_dark(albedo-mask says nohit, depth says REAL HIT)=3 false_miss_albedo(depth says miss, albedo-mask missed it — should be 0)=0
[v9j] epoch 21/300 n2n_mse=0.043886 lr=0.000093 pool_yaws=[-26.7,-21.8,12.4] pool_ms=1488 hist_ms=5081 batch_ms=8730 nohit_px=31802/110592(28.76%) nohit_effective=6389 (385.1s)
[v9j] MONITOR epoch 21: val sparkle 0.0/Mpx resid 0.1123 highlight_ratio 0.060 score=3.209 | mirror sparkle 0.0/Mpx resid 0.1121 highlight_ratio 0.061 (tgt sp<16 resid<0.035) *BEST->saved score_streak=0/20(LOG-ONLY) resid_streak=0/20(ABORT)
[v9j] FIRST BATCH mask check (epoch 22, pi=1 s=1): nohit_px(albedo)=4324/9216 nohit_effective(differs-from-CURE4)=377 | cross-check vs depth-hit-flag: false_hit_dark(albedo-mask says nohit, depth says REAL HIT)=20 false_miss_albedo(depth says miss, albedo-mask missed it — should be 0)=0
[v9j] epoch 22/300 n2n_mse=0.048488 lr=0.000093 pool_yaws=[10.8,29.3,-16.4] pool_ms=1531 hist_ms=5046 batch_ms=8706 nohit_px=36971/110592(33.43%) nohit_effective=5005 (402.9s)
[v9j] MONITOR epoch 22: val sparkle 0.0/Mpx resid 0.1119 highlight_ratio 0.062 score=3.198 | mirror sparkle 0.0/Mpx resid 0.1117 highlight_ratio 0.064 (tgt sp<16 resid<0.035) *BEST->saved score_streak=0/20(LOG-ONLY) resid_streak=0/20(ABORT)
[v9j] FIRST BATCH mask check (epoch 23, pi=1 s=0): nohit_px(albedo)=3860/9216 nohit_effective(differs-from-CURE4)=399 | cross-check vs depth-hit-flag: false_hit_dark(albedo-mask says nohit, depth says REAL HIT)=29 false_miss_albedo(depth says miss, albedo-mask missed it — should be 0)=0
[v9j] epoch 23/300 n2n_mse=0.043632 lr=0.000093 pool_yaws=[16.8,8.5,4.2] pool_ms=1372 hist_ms=5188 batch_ms=8890 nohit_px=34044/110592(30.78%) nohit_effective=4514 (420.9s)
[v9j] MONITOR epoch 23: val sparkle 0.0/Mpx resid 0.1116 highlight_ratio 0.064 score=3.188 | mirror sparkle 0.0/Mpx resid 0.1112 highlight_ratio 0.066 (tgt sp<16 resid<0.035) *BEST->saved score_streak=0/20(LOG-ONLY) resid_streak=0/20(ABORT)
[v9j] FIRST BATCH mask check (epoch 24, pi=3 s=1): nohit_px(albedo)=3160/9216 nohit_effective(differs-from-CURE4)=642 | cross-check vs depth-hit-flag: false_hit_dark(albedo-mask says nohit, depth says REAL HIT)=1 false_miss_albedo(depth says miss, albedo-mask missed it — should be 0)=0
[v9j] epoch 24/300 n2n_mse=0.049421 lr=0.000093 pool_yaws=[-14.0,-9.2,14.2] pool_ms=1655 hist_ms=5088 batch_ms=9172 nohit_px=34973/110592(31.62%) nohit_effective=5678 (439.4s)
[v9j] MONITOR epoch 24: val sparkle 0.0/Mpx resid 0.1112 highlight_ratio 0.066 score=3.177 | mirror sparkle 0.0/Mpx resid 0.1108 highlight_ratio 0.069 (tgt sp<16 resid<0.035) *BEST->saved score_streak=0/20(LOG-ONLY) resid_streak=0/20(ABORT)
[v9j] PROBE epoch 24: bar-res(640x480) sparkle 0.0/Mpx resid 0.1219 highlight_ratio 0.049 (tgt sp<16 resid<0.035) took 45.7s
[v9j] FIRST BATCH mask check (epoch 25, pi=0 s=0): nohit_px(albedo)=3440/9216 nohit_effective(differs-from-CURE4)=403 | cross-check vs depth-hit-flag: false_hit_dark(albedo-mask says nohit, depth says REAL HIT)=14 false_miss_albedo(depth says miss, albedo-mask missed it — should be 0)=0
[v9j] epoch 25/300 n2n_mse=0.048913 lr=0.000092 pool_yaws=[-5.4,24.6,0.7] pool_ms=1695 hist_ms=5255 batch_ms=9660 nohit_px=35248/110592(31.87%) nohit_effective=4638 (504.3s)
[v9j] MONITOR epoch 25: val sparkle 0.0/Mpx resid 0.1108 highlight_ratio 0.069 score=3.165 | mirror sparkle 0.0/Mpx resid 0.1103 highlight_ratio 0.071 (tgt sp<16 resid<0.035) *BEST->saved score_streak=0/20(LOG-ONLY) resid_streak=0/20(ABORT)
[v9j] FIRST BATCH mask check (epoch 26, pi=0 s=1): nohit_px(albedo)=3424/9216 nohit_effective(differs-from-CURE4)=470 | cross-check vs depth-hit-flag: false_hit_dark(albedo-mask says nohit, depth says REAL HIT)=7 false_miss_albedo(depth says miss, albedo-mask missed it — should be 0)=0
[v9j] epoch 26/300 n2n_mse=0.046933 lr=0.000092 pool_yaws=[-8.8,17.3,26.4] pool_ms=1776 hist_ms=5318 batch_ms=8929 nohit_px=34626/110592(31.31%) nohit_effective=4268 (523.2s)
[v9j] MONITOR epoch 26: val sparkle 0.0/Mpx resid 0.1104 highlight_ratio 0.071 score=3.154 | mirror sparkle 0.0/Mpx resid 0.1099 highlight_ratio 0.074 (tgt sp<16 resid<0.035) *BEST->saved score_streak=0/20(LOG-ONLY) resid_streak=0/20(ABORT)
[v9j] FIRST BATCH mask check (epoch 27, pi=3 s=1): nohit_px(albedo)=3160/9216 nohit_effective(differs-from-CURE4)=594 | cross-check vs depth-hit-flag: false_hit_dark(albedo-mask says nohit, depth says REAL HIT)=1 false_miss_albedo(depth says miss, albedo-mask missed it — should be 0)=0
[v9j] epoch 27/300 n2n_mse=0.043469 lr=0.000092 pool_yaws=[-19.1,10.4,-18.0] pool_ms=1855 hist_ms=5179 batch_ms=9012 nohit_px=33785/110592(30.55%) nohit_effective=5419 (541.8s)
[v9j] MONITOR epoch 27: val sparkle 0.0/Mpx resid 0.1100 highlight_ratio 0.073 score=3.142 | mirror sparkle 0.0/Mpx resid 0.1094 highlight_ratio 0.076 (tgt sp<16 resid<0.035) *BEST->saved score_streak=0/20(LOG-ONLY) resid_streak=0/20(ABORT)
[v9j] FIRST BATCH mask check (epoch 28, pi=1 s=0): nohit_px(albedo)=3273/9216 nohit_effective(differs-from-CURE4)=330 | cross-check vs depth-hit-flag: false_hit_dark(albedo-mask says nohit, depth says REAL HIT)=22 false_miss_albedo(depth says miss, albedo-mask missed it — should be 0)=0
[v9j] epoch 28/300 n2n_mse=0.044898 lr=0.000091 pool_yaws=[-6.9,0.8,27.7] pool_ms=1564 hist_ms=5134 batch_ms=9436 nohit_px=34336/110592(31.05%) nohit_effective=4278 (560.5s)
[v9j] MONITOR epoch 28: val sparkle 0.0/Mpx resid 0.1096 highlight_ratio 0.076 score=3.130 | mirror sparkle 0.0/Mpx resid 0.1089 highlight_ratio 0.079 (tgt sp<16 resid<0.035) *BEST->saved score_streak=0/20(LOG-ONLY) resid_streak=0/20(ABORT)
[v9j] FIRST BATCH mask check (epoch 29, pi=2 s=2): nohit_px(albedo)=1626/9216 nohit_effective(differs-from-CURE4)=155 | cross-check vs depth-hit-flag: false_hit_dark(albedo-mask says nohit, depth says REAL HIT)=41 false_miss_albedo(depth says miss, albedo-mask missed it — should be 0)=0
[v9j] epoch 29/300 n2n_mse=0.049473 lr=0.000091 pool_yaws=[25.2,-13.6,22.1] pool_ms=1721 hist_ms=5109 batch_ms=9129 nohit_px=36591/110592(33.09%) nohit_effective=4278 (579.1s)
[v9j] MONITOR epoch 29: val sparkle 0.0/Mpx resid 0.1091 highlight_ratio 0.078 score=3.118 | mirror sparkle 0.0/Mpx resid 0.1084 highlight_ratio 0.082 (tgt sp<16 resid<0.035) *BEST->saved score_streak=0/20(LOG-ONLY) resid_streak=0/20(ABORT)
[v9j] FIRST BATCH mask check (epoch 30, pi=0 s=1): nohit_px(albedo)=4084/9216 nohit_effective(differs-from-CURE4)=231 | cross-check vs depth-hit-flag: false_hit_dark(albedo-mask says nohit, depth says REAL HIT)=27 false_miss_albedo(depth says miss, albedo-mask missed it — should be 0)=0
[v9j] epoch 30/300 n2n_mse=0.047076 lr=0.000091 pool_yaws=[27.9,-2.4,1.2] pool_ms=1381 hist_ms=5092 batch_ms=9034 nohit_px=36411/110592(32.92%) nohit_effective=3843 (597.1s)
[v9j] MONITOR epoch 30: val sparkle 0.0/Mpx resid 0.1087 highlight_ratio 0.081 score=3.106 | mirror sparkle 0.0/Mpx resid 0.1079 highlight_ratio 0.084 (tgt sp<16 resid<0.035) *BEST->saved score_streak=0/20(LOG-ONLY) resid_streak=0/20(ABORT)
[v9j] FIRST BATCH mask check (epoch 31, pi=2 s=2): nohit_px(albedo)=1621/9216 nohit_effective(differs-from-CURE4)=87 | cross-check vs depth-hit-flag: false_hit_dark(albedo-mask says nohit, depth says REAL HIT)=45 false_miss_albedo(depth says miss, albedo-mask missed it — should be 0)=0
[v9j] epoch 31/300 n2n_mse=0.046840 lr=0.000091 pool_yaws=[-23.9,-12.8,24.5] pool_ms=1755 hist_ms=5134 batch_ms=9034 nohit_px=34887/110592(31.55%) nohit_effective=4728 (615.6s)
[v9j] MONITOR epoch 31: val sparkle 0.0/Mpx resid 0.1082 highlight_ratio 0.084 score=3.093 | mirror sparkle 0.0/Mpx resid 0.1074 highlight_ratio 0.087 (tgt sp<16 resid<0.035) *BEST->saved score_streak=0/20(LOG-ONLY) resid_streak=0/20(ABORT)
[v9j] FIRST BATCH mask check (epoch 32, pi=0 s=0): nohit_px(albedo)=3150/9216 nohit_effective(differs-from-CURE4)=541 | cross-check vs depth-hit-flag: false_hit_dark(albedo-mask says nohit, depth says REAL HIT)=17 false_miss_albedo(depth says miss, albedo-mask missed it — should be 0)=0
[v9j] epoch 32/300 n2n_mse=0.047009 lr=0.000090 pool_yaws=[3.9,22.3,10.0] pool_ms=1647 hist_ms=5125 batch_ms=8831 nohit_px=33983/110592(30.73%) nohit_effective=4939 (633.8s)
[v9j] MONITOR epoch 32: val sparkle 0.0/Mpx resid 0.1078 highlight_ratio 0.087 score=3.080 | mirror sparkle 0.0/Mpx resid 0.1069 highlight_ratio 0.090 (tgt sp<16 resid<0.035) *BEST->saved score_streak=0/20(LOG-ONLY) resid_streak=0/20(ABORT)
[v9j] FIRST BATCH mask check (epoch 33, pi=3 s=0): nohit_px(albedo)=3138/9216 nohit_effective(differs-from-CURE4)=644 | cross-check vs depth-hit-flag: false_hit_dark(albedo-mask says nohit, depth says REAL HIT)=3 false_miss_albedo(depth says miss, albedo-mask missed it — should be 0)=0
[v9j] epoch 33/300 n2n_mse=0.046857 lr=0.000090 pool_yaws=[-14.4,-13.5,-25.2] pool_ms=1628 hist_ms=5124 batch_ms=9242 nohit_px=34168/110592(30.90%) nohit_effective=5986 (652.4s)
[v9j] MONITOR epoch 33: val sparkle 0.0/Mpx resid 0.1073 highlight_ratio 0.090 score=3.066 | mirror sparkle 0.0/Mpx resid 0.1064 highlight_ratio 0.093 (tgt sp<16 resid<0.035) *BEST->saved score_streak=0/20(LOG-ONLY) resid_streak=0/20(ABORT)
[v9j] FIRST BATCH mask check (epoch 34, pi=3 s=0): nohit_px(albedo)=3138/9216 nohit_effective(differs-from-CURE4)=560 | cross-check vs depth-hit-flag: false_hit_dark(albedo-mask says nohit, depth says REAL HIT)=3 false_miss_albedo(depth says miss, albedo-mask missed it — should be 0)=0
[v9j] epoch 34/300 n2n_mse=0.043282 lr=0.000090 pool_yaws=[18.4,-7.6,-8.6] pool_ms=1710 hist_ms=5103 batch_ms=9029 nohit_px=33305/110592(30.12%) nohit_effective=3526 (670.8s)
[v9j] MONITOR epoch 34: val sparkle 0.0/Mpx resid 0.1068 highlight_ratio 0.094 score=3.053 | mirror sparkle 0.0/Mpx resid 0.1059 highlight_ratio 0.097 (tgt sp<16 resid<0.035) *BEST->saved score_streak=0/20(LOG-ONLY) resid_streak=0/20(ABORT)
[v9j] FIRST BATCH mask check (epoch 35, pi=0 s=1): nohit_px(albedo)=2484/9216 nohit_effective(differs-from-CURE4)=233 | cross-check vs depth-hit-flag: false_hit_dark(albedo-mask says nohit, depth says REAL HIT)=10 false_miss_albedo(depth says miss, albedo-mask missed it — should be 0)=0
[v9j] epoch 35/300 n2n_mse=0.038190 lr=0.000090 pool_yaws=[-25.3,9.4,17.9] pool_ms=1694 hist_ms=5145 batch_ms=8961 nohit_px=32491/110592(29.38%) nohit_effective=3077 (689.2s)
[v9j] MONITOR epoch 35: val sparkle 0.0/Mpx resid 0.1064 highlight_ratio 0.097 score=3.039 | mirror sparkle 0.0/Mpx resid 0.1054 highlight_ratio 0.101 (tgt sp<16 resid<0.035) *BEST->saved score_streak=0/20(LOG-ONLY) resid_streak=0/20(ABORT)
[v9j] FIRST BATCH mask check (epoch 36, pi=2 s=2): nohit_px(albedo)=1245/9216 nohit_effective(differs-from-CURE4)=106 | cross-check vs depth-hit-flag: false_hit_dark(albedo-mask says nohit, depth says REAL HIT)=42 false_miss_albedo(depth says miss, albedo-mask missed it — should be 0)=0
[v9j] epoch 36/300 n2n_mse=0.043820 lr=0.000089 pool_yaws=[-9.3,16.8,-10.0] pool_ms=1607 hist_ms=5130 batch_ms=8882 nohit_px=32557/110592(29.44%) nohit_effective=3787 (707.4s)
[v9j] MONITOR epoch 36: val sparkle 0.0/Mpx resid 0.1059 highlight_ratio 0.101 score=3.025 | mirror sparkle 0.0/Mpx resid 0.1049 highlight_ratio 0.104 (tgt sp<16 resid<0.035) *BEST->saved score_streak=0/20(LOG-ONLY) resid_streak=0/20(ABORT)
[v9j] FIRST BATCH mask check (epoch 37, pi=2 s=1): nohit_px(albedo)=1522/9216 nohit_effective(differs-from-CURE4)=34 | cross-check vs depth-hit-flag: false_hit_dark(albedo-mask says nohit, depth says REAL HIT)=43 false_miss_albedo(depth says miss, albedo-mask missed it — should be 0)=0
[v9j] epoch 37/300 n2n_mse=0.043393 lr=0.000089 pool_yaws=[14.3,-23.3,16.0] pool_ms=1641 hist_ms=5163 batch_ms=9494 nohit_px=32810/110592(29.67%) nohit_effective=3959 (726.3s)
[v9j] MONITOR epoch 37: val sparkle 0.0/Mpx resid 0.1054 highlight_ratio 0.105 score=3.011 | mirror sparkle 0.0/Mpx resid 0.1043 highlight_ratio 0.108 (tgt sp<16 resid<0.035) *BEST->saved score_streak=0/20(LOG-ONLY) resid_streak=0/20(ABORT)
[v9j] FIRST BATCH mask check (epoch 38, pi=1 s=1): nohit_px(albedo)=3415/9216 nohit_effective(differs-from-CURE4)=339 | cross-check vs depth-hit-flag: false_hit_dark(albedo-mask says nohit, depth says REAL HIT)=8 false_miss_albedo(depth says miss, albedo-mask missed it — should be 0)=0
[v9j] epoch 38/300 n2n_mse=0.048543 lr=0.000089 pool_yaws=[18.7,-8.8,-23.9] pool_ms=1675 hist_ms=5222 batch_ms=9129 nohit_px=32957/110592(29.80%) nohit_effective=3924 (744.9s)
[v9j] MONITOR epoch 38: val sparkle 0.0/Mpx resid 0.1049 highlight_ratio 0.109 score=2.997 | mirror sparkle 0.0/Mpx resid 0.1038 highlight_ratio 0.113 (tgt sp<16 resid<0.035) *BEST->saved score_streak=0/20(LOG-ONLY) resid_streak=0/20(ABORT)
[v9j] FIRST BATCH mask check (epoch 39, pi=1 s=0): nohit_px(albedo)=2222/9216 nohit_effective(differs-from-CURE4)=242 | cross-check vs depth-hit-flag: false_hit_dark(albedo-mask says nohit, depth says REAL HIT)=13 false_miss_albedo(depth says miss, albedo-mask missed it — should be 0)=0
[v9j] epoch 39/300 n2n_mse=0.039163 lr=0.000088 pool_yaws=[18.8,-27.8,9.0] pool_ms=1707 hist_ms=5242 batch_ms=9114 nohit_px=30090/110592(27.21%) nohit_effective=3200 (763.6s)
[v9j] MONITOR epoch 39: val sparkle 0.0/Mpx resid 0.1044 highlight_ratio 0.113 score=2.982 | mirror sparkle 0.0/Mpx resid 0.1033 highlight_ratio 0.117 (tgt sp<16 resid<0.035) *BEST->saved score_streak=0/20(LOG-ONLY) resid_streak=0/20(ABORT)
[v9j] FIRST BATCH mask check (epoch 40, pi=2 s=0): nohit_px(albedo)=1508/9216 nohit_effective(differs-from-CURE4)=155 | cross-check vs depth-hit-flag: false_hit_dark(albedo-mask says nohit, depth says REAL HIT)=49 false_miss_albedo(depth says miss, albedo-mask missed it — should be 0)=0
[v9j] epoch 40/300 n2n_mse=0.045074 lr=0.000088 pool_yaws=[25.8,7.8,24.2] pool_ms=1747 hist_ms=5308 batch_ms=9135 nohit_px=37316/110592(33.74%) nohit_effective=3227 (782.4s)
[v9j] MONITOR epoch 40: val sparkle 0.0/Mpx resid 0.1039 highlight_ratio 0.117 score=2.968 | mirror sparkle 0.0/Mpx resid 0.1027 highlight_ratio 0.121 (tgt sp<16 resid<0.035) *BEST->saved score_streak=0/20(LOG-ONLY) resid_streak=0/20(ABORT)
[v9j] FIRST BATCH mask check (epoch 41, pi=2 s=0): nohit_px(albedo)=1630/9216 nohit_effective(differs-from-CURE4)=88 | cross-check vs depth-hit-flag: false_hit_dark(albedo-mask says nohit, depth says REAL HIT)=42 false_miss_albedo(depth says miss, albedo-mask missed it — should be 0)=0
[v9j] epoch 41/300 n2n_mse=0.042719 lr=0.000088 pool_yaws=[22.0,-16.3,16.2] pool_ms=1779 hist_ms=5356 batch_ms=8977 nohit_px=35884/110592(32.45%) nohit_effective=3129 (801.1s)
[v9j] MONITOR epoch 41: val sparkle 0.0/Mpx resid 0.1033 highlight_ratio 0.121 score=2.953 | mirror sparkle 0.0/Mpx resid 0.1022 highlight_ratio 0.126 (tgt sp<16 resid<0.035) *BEST->saved score_streak=0/20(LOG-ONLY) resid_streak=0/20(ABORT)
[v9j] FIRST BATCH mask check (epoch 42, pi=1 s=1): nohit_px(albedo)=3211/9216 nohit_effective(differs-from-CURE4)=206 | cross-check vs depth-hit-flag: false_hit_dark(albedo-mask says nohit, depth says REAL HIT)=6 false_miss_albedo(depth says miss, albedo-mask missed it — should be 0)=0
[v9j] epoch 42/300 n2n_mse=0.049765 lr=0.000088 pool_yaws=[26.7,0.6,-2.7] pool_ms=1380 hist_ms=5153 batch_ms=9018 nohit_px=34969/110592(31.62%) nohit_effective=3122 (819.3s)
[v9j] MONITOR epoch 42: val sparkle 0.0/Mpx resid 0.1028 highlight_ratio 0.125 score=2.937 | mirror sparkle 0.0/Mpx resid 0.1016 highlight_ratio 0.130 (tgt sp<16 resid<0.035) *BEST->saved score_streak=0/20(LOG-ONLY) resid_streak=0/20(ABORT)
[v9j] FIRST BATCH mask check (epoch 43, pi=3 s=1): nohit_px(albedo)=3160/9216 nohit_effective(differs-from-CURE4)=337 | cross-check vs depth-hit-flag: false_hit_dark(albedo-mask says nohit, depth says REAL HIT)=1 false_miss_albedo(depth says miss, albedo-mask missed it — should be 0)=0
[v9j] epoch 43/300 n2n_mse=0.042456 lr=0.000087 pool_yaws=[-11.9,16.9,12.2] pool_ms=2004 hist_ms=5657 batch_ms=9038 nohit_px=34028/110592(30.77%) nohit_effective=2817 (838.7s)
[v9j] MONITOR epoch 43: val sparkle 0.0/Mpx resid 0.1023 highlight_ratio 0.129 score=2.922 | mirror sparkle 0.0/Mpx resid 0.1010 highlight_ratio 0.134 (tgt sp<16 resid<0.035) *BEST->saved score_streak=0/20(LOG-ONLY) resid_streak=0/20(ABORT)
[v9j] FIRST BATCH mask check (epoch 44, pi=1 s=2): nohit_px(albedo)=4159/9216 nohit_effective(differs-from-CURE4)=165 | cross-check vs depth-hit-flag: false_hit_dark(albedo-mask says nohit, depth says REAL HIT)=36 false_miss_albedo(depth says miss, albedo-mask missed it — should be 0)=0
[v9j] epoch 44/300 n2n_mse=0.047197 lr=0.000087 pool_yaws=[-12.1,29.7,-18.3] pool_ms=1740 hist_ms=5186 batch_ms=9045 nohit_px=36376/110592(32.89%) nohit_effective=3669 (857.2s)
[v9j] MONITOR epoch 44: val sparkle 0.0/Mpx resid 0.1017 highlight_ratio 0.133 score=2.906 | mirror sparkle 0.0/Mpx resid 0.1005 highlight_ratio 0.138 (tgt sp<16 resid<0.035) *BEST->saved score_streak=0/20(LOG-ONLY) resid_streak=0/20(ABORT)
[v9j] FIRST BATCH mask check (epoch 45, pi=1 s=1): nohit_px(albedo)=3726/9216 nohit_effective(differs-from-CURE4)=210 | cross-check vs depth-hit-flag: false_hit_dark(albedo-mask says nohit, depth says REAL HIT)=13 false_miss_albedo(depth says miss, albedo-mask missed it — should be 0)=0
[v9j] epoch 45/300 n2n_mse=0.048788 lr=0.000087 pool_yaws=[24.1,22.8,-26.5] pool_ms=1615 hist_ms=5104 batch_ms=8961 nohit_px=36027/110592(32.58%) nohit_effective=2807 (875.5s)
[v9j] MONITOR epoch 45: val sparkle 0.0/Mpx resid 0.1012 highlight_ratio 0.137 score=2.891 | mirror sparkle 0.0/Mpx resid 0.0999 highlight_ratio 0.143 (tgt sp<16 resid<0.035) *BEST->saved score_streak=0/20(LOG-ONLY) resid_streak=0/20(ABORT)
[v9j] FIRST BATCH mask check (epoch 46, pi=3 s=2): nohit_px(albedo)=3118/9216 nohit_effective(differs-from-CURE4)=429 | cross-check vs depth-hit-flag: false_hit_dark(albedo-mask says nohit, depth says REAL HIT)=3 false_miss_albedo(depth says miss, albedo-mask missed it — should be 0)=0
[v9j] epoch 46/300 n2n_mse=0.043058 lr=0.000087 pool_yaws=[-7.9,-23.3,-26.9] pool_ms=1233 hist_ms=5081 batch_ms=9267 nohit_px=33794/110592(30.56%) nohit_effective=3638 (893.6s)
[v9j] MONITOR epoch 46: val sparkle 0.0/Mpx resid 0.1006 highlight_ratio 0.141 score=2.875 | mirror sparkle 0.0/Mpx resid 0.0993 highlight_ratio 0.147 (tgt sp<16 resid<0.035) *BEST->saved score_streak=0/20(LOG-ONLY) resid_streak=0/20(ABORT)
[v9j] FIRST BATCH mask check (epoch 47, pi=3 s=1): nohit_px(albedo)=3160/9216 nohit_effective(differs-from-CURE4)=450 | cross-check vs depth-hit-flag: false_hit_dark(albedo-mask says nohit, depth says REAL HIT)=1 false_miss_albedo(depth says miss, albedo-mask missed it — should be 0)=0
[v9j] epoch 47/300 n2n_mse=0.045395 lr=0.000086 pool_yaws=[17.8,-17.1,20.5] pool_ms=1262 hist_ms=5023 batch_ms=9085 nohit_px=34798/110592(31.47%) nohit_effective=3625 (911.5s)
[v9j] MONITOR epoch 47: val sparkle 108.5/Mpx resid 0.1001 highlight_ratio 0.145 score=2.859 | mirror sparkle 0.0/Mpx resid 0.0987 highlight_ratio 0.151 (tgt sp<16 resid<0.035) *BEST->saved score_streak=0/20(LOG-ONLY) resid_streak=0/20(ABORT)
[v9j] FIRST BATCH mask check (epoch 48, pi=3 s=1): nohit_px(albedo)=3160/9216 nohit_effective(differs-from-CURE4)=442 | cross-check vs depth-hit-flag: false_hit_dark(albedo-mask says nohit, depth says REAL HIT)=1 false_miss_albedo(depth says miss, albedo-mask missed it — should be 0)=0
[v9j] epoch 48/300 n2n_mse=0.043410 lr=0.000086 pool_yaws=[21.7,-5.3,-28.0] pool_ms=1457 hist_ms=5107 batch_ms=9035 nohit_px=33537/110592(30.32%) nohit_effective=3255 (929.6s)
[v9j] MONITOR epoch 48: val sparkle 108.5/Mpx resid 0.0995 highlight_ratio 0.149 score=2.843 | mirror sparkle 0.0/Mpx resid 0.0981 highlight_ratio 0.156 (tgt sp<16 resid<0.035) *BEST->saved score_streak=0/20(LOG-ONLY) resid_streak=0/20(ABORT)
[v9j] FIRST BATCH mask check (epoch 49, pi=2 s=2): nohit_px(albedo)=1536/9216 nohit_effective(differs-from-CURE4)=174 | cross-check vs depth-hit-flag: false_hit_dark(albedo-mask says nohit, depth says REAL HIT)=37 false_miss_albedo(depth says miss, albedo-mask missed it — should be 0)=0
[v9j] epoch 49/300 n2n_mse=0.046086 lr=0.000086 pool_yaws=[20.8,-1.9,16.2] pool_ms=1540 hist_ms=5257 batch_ms=9167 nohit_px=34681/110592(31.36%) nohit_effective=3362 (948.2s)
[v9j] MONITOR epoch 49: val sparkle 108.5/Mpx resid 0.0989 highlight_ratio 0.153 score=2.827 | mirror sparkle 0.0/Mpx resid 0.0975 highlight_ratio 0.160 (tgt sp<16 resid<0.035) *BEST->saved score_streak=0/20(LOG-ONLY) resid_streak=0/20(ABORT)
[v9j] PROBE epoch 49: bar-res(640x480) sparkle 0.0/Mpx resid 0.1087 highlight_ratio 0.139 (tgt sp<16 resid<0.035) took 44.9s
[v9j] FIRST BATCH mask check (epoch 50, pi=0 s=1): nohit_px(albedo)=3506/9216 nohit_effective(differs-from-CURE4)=284 | cross-check vs depth-hit-flag: false_hit_dark(albedo-mask says nohit, depth says REAL HIT)=20 false_miss_albedo(depth says miss, albedo-mask missed it — should be 0)=0
[v9j] epoch 50/300 n2n_mse=0.047795 lr=0.000086 pool_yaws=[14.6,27.3,18.0] pool_ms=1296 hist_ms=5095 batch_ms=8777 nohit_px=36809/110592(33.28%) nohit_effective=2895 (1010.9s)
[v9j] MONITOR epoch 50: val sparkle 108.5/Mpx resid 0.0984 highlight_ratio 0.157 score=2.811 | mirror sparkle 0.0/Mpx resid 0.0970 highlight_ratio 0.164 (tgt sp<16 resid<0.035) *BEST->saved score_streak=0/20(LOG-ONLY) resid_streak=0/20(ABORT)
[v9j] FIRST BATCH mask check (epoch 51, pi=2 s=2): nohit_px(albedo)=1297/9216 nohit_effective(differs-from-CURE4)=137 | cross-check vs depth-hit-flag: false_hit_dark(albedo-mask says nohit, depth says REAL HIT)=41 false_miss_albedo(depth says miss, albedo-mask missed it — should be 0)=0
[v9j] epoch 51/300 n2n_mse=0.040183 lr=0.000085 pool_yaws=[8.4,-15.4,-28.8] pool_ms=1583 hist_ms=5105 batch_ms=9183 nohit_px=35270/110592(31.89%) nohit_effective=3608 (1029.3s)
[v9j] MONITOR epoch 51: val sparkle 108.5/Mpx resid 0.0978 highlight_ratio 0.161 score=2.795 | mirror sparkle 0.0/Mpx resid 0.0964 highlight_ratio 0.169 (tgt sp<16 resid<0.035) *BEST->saved score_streak=0/20(LOG-ONLY) resid_streak=0/20(ABORT)
[v9j] FIRST BATCH mask check (epoch 52, pi=0 s=1): nohit_px(albedo)=3440/9216 nohit_effective(differs-from-CURE4)=147 | cross-check vs depth-hit-flag: false_hit_dark(albedo-mask says nohit, depth says REAL HIT)=8 false_miss_albedo(depth says miss, albedo-mask missed it — should be 0)=0
[v9j] epoch 52/300 n2n_mse=0.044408 lr=0.000085 pool_yaws=[13.9,1.6,-2.9] pool_ms=1483 hist_ms=5189 batch_ms=9192 nohit_px=33005/110592(29.84%) nohit_effective=2536 (1047.7s)
[v9j] MONITOR epoch 52: val sparkle 108.5/Mpx resid 0.0973 highlight_ratio 0.165 score=2.779 | mirror sparkle 0.0/Mpx resid 0.0958 highlight_ratio 0.173 (tgt sp<16 resid<0.035) *BEST->saved score_streak=0/20(LOG-ONLY) resid_streak=0/20(ABORT)
[v9j] FIRST BATCH mask check (epoch 53, pi=1 s=0): nohit_px(albedo)=3387/9216 nohit_effective(differs-from-CURE4)=147 | cross-check vs depth-hit-flag: false_hit_dark(albedo-mask says nohit, depth says REAL HIT)=6 false_miss_albedo(depth says miss, albedo-mask missed it — should be 0)=0
[v9j] epoch 53/300 n2n_mse=0.042438 lr=0.000085 pool_yaws=[14.3,0.6,19.9] pool_ms=1712 hist_ms=5244 batch_ms=9310 nohit_px=34691/110592(31.37%) nohit_effective=2106 (1066.5s)
[v9j] MONITOR epoch 53: val sparkle 108.5/Mpx resid 0.0967 highlight_ratio 0.169 score=2.763 | mirror sparkle 0.0/Mpx resid 0.0952 highlight_ratio 0.178 (tgt sp<16 resid<0.035) *BEST->saved score_streak=0/20(LOG-ONLY) resid_streak=0/20(ABORT)
[v9j] FIRST BATCH mask check (epoch 54, pi=1 s=2): nohit_px(albedo)=3533/9216 nohit_effective(differs-from-CURE4)=309 | cross-check vs depth-hit-flag: false_hit_dark(albedo-mask says nohit, depth says REAL HIT)=10 false_miss_albedo(depth says miss, albedo-mask missed it — should be 0)=0
[v9j] epoch 54/300 n2n_mse=0.037745 lr=0.000085 pool_yaws=[11.4,-19.8,4.3] pool_ms=1668 hist_ms=5131 batch_ms=9491 nohit_px=35426/110592(32.03%) nohit_effective=2986 (1085.4s)
[v9j] MONITOR epoch 54: val sparkle 108.5/Mpx resid 0.0962 highlight_ratio 0.173 score=2.747 | mirror sparkle 0.0/Mpx resid 0.0946 highlight_ratio 0.182 (tgt sp<16 resid<0.035) *BEST->saved score_streak=0/20(LOG-ONLY) resid_streak=0/20(ABORT)
[v9j] FIRST BATCH mask check (epoch 55, pi=3 s=2): nohit_px(albedo)=3118/9216 nohit_effective(differs-from-CURE4)=417 | cross-check vs depth-hit-flag: false_hit_dark(albedo-mask says nohit, depth says REAL HIT)=3 false_miss_albedo(depth says miss, albedo-mask missed it — should be 0)=0
[v9j] epoch 55/300 n2n_mse=0.040164 lr=0.000085 pool_yaws=[17.7,10.6,-25.5] pool_ms=1737 hist_ms=5151 batch_ms=9145 nohit_px=33550/110592(30.34%) nohit_effective=2299 (1104.0s)
[v9j] MONITOR epoch 55: val sparkle 108.5/Mpx resid 0.0956 highlight_ratio 0.177 score=2.731 | mirror sparkle 0.0/Mpx resid 0.0941 highlight_ratio 0.187 (tgt sp<16 resid<0.035) *BEST->saved score_streak=0/20(LOG-ONLY) resid_streak=0/20(ABORT)
[v9j] FIRST BATCH mask check (epoch 56, pi=0 s=0): nohit_px(albedo)=3229/9216 nohit_effective(differs-from-CURE4)=161 | cross-check vs depth-hit-flag: false_hit_dark(albedo-mask says nohit, depth says REAL HIT)=11 false_miss_albedo(depth says miss, albedo-mask missed it — should be 0)=0
[v9j] epoch 56/300 n2n_mse=0.040252 lr=0.000084 pool_yaws=[0.1,7.6,15.2] pool_ms=1718 hist_ms=5146 batch_ms=8916 nohit_px=35778/110592(32.35%) nohit_effective=2199 (1122.3s)
[v9j] MONITOR epoch 56: val sparkle 108.5/Mpx resid 0.0950 highlight_ratio 0.181 score=2.716 | mirror sparkle 0.0/Mpx resid 0.0935 highlight_ratio 0.191 (tgt sp<16 resid<0.035) *BEST->saved score_streak=0/20(LOG-ONLY) resid_streak=0/20(ABORT)
[v9j] FIRST BATCH mask check (epoch 57, pi=1 s=0): nohit_px(albedo)=3474/9216 nohit_effective(differs-from-CURE4)=353 | cross-check vs depth-hit-flag: false_hit_dark(albedo-mask says nohit, depth says REAL HIT)=6 false_miss_albedo(depth says miss, albedo-mask missed it — should be 0)=0
[v9j] epoch 57/300 n2n_mse=0.043866 lr=0.000084 pool_yaws=[-1.7,-17.3,-27.1] pool_ms=1933 hist_ms=5142 batch_ms=8917 nohit_px=34057/110592(30.80%) nohit_effective=3013 (1140.9s)
[v9j] MONITOR epoch 57: val sparkle 108.5/Mpx resid 0.0945 highlight_ratio 0.185 score=2.713 | mirror sparkle 0.0/Mpx resid 0.0929 highlight_ratio 0.196 (tgt sp<16 resid<0.035) *BEST->saved score_streak=0/20(LOG-ONLY) resid_streak=0/20(ABORT)
[v9j] FIRST BATCH mask check (epoch 58, pi=1 s=0): nohit_px(albedo)=3476/9216 nohit_effective(differs-from-CURE4)=181 | cross-check vs depth-hit-flag: false_hit_dark(albedo-mask says nohit, depth says REAL HIT)=14 false_miss_albedo(depth says miss, albedo-mask missed it — should be 0)=0
[v9j] epoch 58/300 n2n_mse=0.041491 lr=0.000084 pool_yaws=[19.6,-6.1,8.1] pool_ms=1618 hist_ms=5128 batch_ms=8916 nohit_px=33872/110592(30.63%) nohit_effective=2167 (1159.2s)
[v9j] MONITOR epoch 58: val sparkle 108.5/Mpx resid 0.0939 highlight_ratio 0.190 score=2.713 | mirror sparkle 0.0/Mpx resid 0.0923 highlight_ratio 0.201 (tgt sp<16 resid<0.035) score_streak=0/20(LOG-ONLY) resid_streak=0/20(ABORT)
[v9j] FIRST BATCH mask check (epoch 59, pi=2 s=2): nohit_px(albedo)=1303/9216 nohit_effective(differs-from-CURE4)=89 | cross-check vs depth-hit-flag: false_hit_dark(albedo-mask says nohit, depth says REAL HIT)=45 false_miss_albedo(depth says miss, albedo-mask missed it — should be 0)=0
[v9j] epoch 59/300 n2n_mse=0.036515 lr=0.000084 pool_yaws=[10.8,-19.9,-24.9] pool_ms=1566 hist_ms=5112 batch_ms=9068 nohit_px=33695/110592(30.47%) nohit_effective=2707 (1177.5s)
[v9j] MONITOR epoch 59: val sparkle 108.5/Mpx resid 0.0934 highlight_ratio 0.194 score=2.713 | mirror sparkle 0.0/Mpx resid 0.0917 highlight_ratio 0.206 (tgt sp<16 resid<0.035) score_streak=0/20(LOG-ONLY) resid_streak=0/20(ABORT)
[v9j] FIRST BATCH mask check (epoch 60, pi=1 s=2): nohit_px(albedo)=2762/9216 nohit_effective(differs-from-CURE4)=229 | cross-check vs depth-hit-flag: false_hit_dark(albedo-mask says nohit, depth says REAL HIT)=14 false_miss_albedo(depth says miss, albedo-mask missed it — should be 0)=0
[v9j] epoch 60/300 n2n_mse=0.042824 lr=0.000083 pool_yaws=[-14.7,-24.5,-9.3] pool_ms=1487 hist_ms=5069 batch_ms=8881 nohit_px=31771/110592(28.73%) nohit_effective=2617 (1195.5s)
[v9j] MONITOR epoch 60: val sparkle 108.5/Mpx resid 0.0928 highlight_ratio 0.198 score=2.713 | mirror sparkle 0.0/Mpx resid 0.0911 highlight_ratio 0.210 (tgt sp<16 resid<0.035) score_streak=0/20(LOG-ONLY) resid_streak=0/20(ABORT)
[v9j] FIRST BATCH mask check (epoch 61, pi=3 s=1): nohit_px(albedo)=3160/9216 nohit_effective(differs-from-CURE4)=340 | cross-check vs depth-hit-flag: false_hit_dark(albedo-mask says nohit, depth says REAL HIT)=1 false_miss_albedo(depth says miss, albedo-mask missed it — should be 0)=0
[v9j] epoch 61/300 n2n_mse=0.041104 lr=0.000083 pool_yaws=[-25.5,20.6,7.4] pool_ms=1594 hist_ms=5089 batch_ms=8849 nohit_px=34294/110592(31.01%) nohit_effective=1987 (1213.6s)
[v9j] MONITOR epoch 61: val sparkle 108.5/Mpx resid 0.0923 highlight_ratio 0.202 score=2.713 | mirror sparkle 0.0/Mpx resid 0.0906 highlight_ratio 0.215 (tgt sp<16 resid<0.035) score_streak=0/20(LOG-ONLY) resid_streak=0/20(ABORT)
[v9j] FIRST BATCH mask check (epoch 62, pi=3 s=0): nohit_px(albedo)=3138/9216 nohit_effective(differs-from-CURE4)=374 | cross-check vs depth-hit-flag: false_hit_dark(albedo-mask says nohit, depth says REAL HIT)=3 false_miss_albedo(depth says miss, albedo-mask missed it — should be 0)=0
[v9j] epoch 62/300 n2n_mse=0.042052 lr=0.000083 pool_yaws=[11.7,1.5,-19.6] pool_ms=1525 hist_ms=5066 batch_ms=9063 nohit_px=32360/110592(29.26%) nohit_effective=2788 (1231.7s)
[v9j] MONITOR epoch 62: val sparkle 108.5/Mpx resid 0.0917 highlight_ratio 0.206 score=2.713 | mirror sparkle 0.0/Mpx resid 0.0900 highlight_ratio 0.220 (tgt sp<16 resid<0.035) score_streak=0/20(LOG-ONLY) resid_streak=0/20(ABORT)
[v9j] FIRST BATCH mask check (epoch 63, pi=0 s=2): nohit_px(albedo)=3388/9216 nohit_effective(differs-from-CURE4)=227 | cross-check vs depth-hit-flag: false_hit_dark(albedo-mask says nohit, depth says REAL HIT)=11 false_miss_albedo(depth says miss, albedo-mask missed it — should be 0)=0
[v9j] epoch 63/300 n2n_mse=0.042128 lr=0.000083 pool_yaws=[-23.0,22.1,-4.0] pool_ms=1591 hist_ms=5071 batch_ms=9057 nohit_px=34482/110592(31.18%) nohit_effective=2919 (1250.0s)
[v9j] MONITOR epoch 63: val sparkle 108.5/Mpx resid 0.0912 highlight_ratio 0.210 score=2.713 | mirror sparkle 0.0/Mpx resid 0.0894 highlight_ratio 0.225 (tgt sp<16 resid<0.035) score_streak=0/20(LOG-ONLY) resid_streak=0/20(ABORT)
[v9j] FIRST BATCH mask check (epoch 64, pi=0 s=2): nohit_px(albedo)=3286/9216 nohit_effective(differs-from-CURE4)=176 | cross-check vs depth-hit-flag: false_hit_dark(albedo-mask says nohit, depth says REAL HIT)=12 false_miss_albedo(depth says miss, albedo-mask missed it — should be 0)=0
[v9j] epoch 64/300 n2n_mse=0.039266 lr=0.000082 pool_yaws=[1.1,20.4,7.7] pool_ms=1465 hist_ms=5148 batch_ms=8953 nohit_px=34355/110592(31.06%) nohit_effective=2388 (1268.1s)
[v9j] MONITOR epoch 64: val sparkle 108.5/Mpx resid 0.0906 highlight_ratio 0.214 score=2.713 | mirror sparkle 0.0/Mpx resid 0.0888 highlight_ratio 0.230 (tgt sp<16 resid<0.035) score_streak=0/20(LOG-ONLY) resid_streak=0/20(ABORT)
[v9j] FIRST BATCH mask check (epoch 65, pi=2 s=2): nohit_px(albedo)=1125/9216 nohit_effective(differs-from-CURE4)=77 | cross-check vs depth-hit-flag: false_hit_dark(albedo-mask says nohit, depth says REAL HIT)=33 false_miss_albedo(depth says miss, albedo-mask missed it — should be 0)=0
[v9j] epoch 65/300 n2n_mse=0.046803 lr=0.000082 pool_yaws=[-12.3,25.6,-14.9] pool_ms=1477 hist_ms=5115 batch_ms=9045 nohit_px=35048/110592(31.69%) nohit_effective=2282 (1286.3s)
[v9j] MONITOR epoch 65: val sparkle 108.5/Mpx resid 0.0901 highlight_ratio 0.218 score=2.713 | mirror sparkle 0.0/Mpx resid 0.0882 highlight_ratio 0.235 (tgt sp<16 resid<0.035) score_streak=0/20(LOG-ONLY) resid_streak=0/20(ABORT)
[v9j] FIRST BATCH mask check (epoch 66, pi=0 s=2): nohit_px(albedo)=3712/9216 nohit_effective(differs-from-CURE4)=75 | cross-check vs depth-hit-flag: false_hit_dark(albedo-mask says nohit, depth says REAL HIT)=13 false_miss_albedo(depth says miss, albedo-mask missed it — should be 0)=0
[v9j] epoch 66/300 n2n_mse=0.045727 lr=0.000082 pool_yaws=[23.8,29.7,-6.6] pool_ms=1554 hist_ms=5089 batch_ms=8864 nohit_px=36881/110592(33.35%) nohit_effective=1283 (1304.3s)
[v9j] MONITOR epoch 66: val sparkle 217.0/Mpx resid 0.0896 highlight_ratio 0.222 score=5.425 | mirror sparkle 0.0/Mpx resid 0.0877 highlight_ratio 0.240 (tgt sp<16 resid<0.035) score_streak=1/20(LOG-ONLY) resid_streak=0/20(ABORT)
[v9j] FIRST BATCH mask check (epoch 67, pi=0 s=1): nohit_px(albedo)=3264/9216 nohit_effective(differs-from-CURE4)=135 | cross-check vs depth-hit-flag: false_hit_dark(albedo-mask says nohit, depth says REAL HIT)=13 false_miss_albedo(depth says miss, albedo-mask missed it — should be 0)=0
[v9j] epoch 67/300 n2n_mse=0.042533 lr=0.000082 pool_yaws=[19.2,26.5,0.8] pool_ms=1501 hist_ms=5148 batch_ms=9063 nohit_px=35316/110592(31.93%) nohit_effective=1998 (1322.6s)
[v9j] MONITOR epoch 67: val sparkle 217.0/Mpx resid 0.0890 highlight_ratio 0.226 score=5.425 | mirror sparkle 0.0/Mpx resid 0.0871 highlight_ratio 0.244 (tgt sp<16 resid<0.035) score_streak=2/20(LOG-ONLY) resid_streak=0/20(ABORT)
[v9j] FIRST BATCH mask check (epoch 68, pi=1 s=2): nohit_px(albedo)=3413/9216 nohit_effective(differs-from-CURE4)=170 | cross-check vs depth-hit-flag: false_hit_dark(albedo-mask says nohit, depth says REAL HIT)=11 false_miss_albedo(depth says miss, albedo-mask missed it — should be 0)=0
[v9j] epoch 68/300 n2n_mse=0.039688 lr=0.000082 pool_yaws=[24.7,16.6,0.5] pool_ms=1799 hist_ms=5170 batch_ms=9285 nohit_px=35317/110592(31.93%) nohit_effective=1997 (1341.4s)
[v9j] MONITOR epoch 68: val sparkle 325.5/Mpx resid 0.0885 highlight_ratio 0.230 score=8.138 | mirror sparkle 0.0/Mpx resid 0.0865 highlight_ratio 0.249 (tgt sp<16 resid<0.035) score_streak=3/20(LOG-ONLY) resid_streak=0/20(ABORT)
[v9j] FIRST BATCH mask check (epoch 69, pi=0 s=2): nohit_px(albedo)=3538/9216 nohit_effective(differs-from-CURE4)=215 | cross-check vs depth-hit-flag: false_hit_dark(albedo-mask says nohit, depth says REAL HIT)=20 false_miss_albedo(depth says miss, albedo-mask missed it — should be 0)=0
[v9j] epoch 69/300 n2n_mse=0.045659 lr=0.000081 pool_yaws=[-17.0,25.3,-25.4] pool_ms=1817 hist_ms=5193 batch_ms=9261 nohit_px=35660/110592(32.24%) nohit_effective=3372 (1360.3s)
[v9j] MONITOR epoch 69: val sparkle 325.5/Mpx resid 0.0879 highlight_ratio 0.235 score=8.138 | mirror sparkle 0.0/Mpx resid 0.0859 highlight_ratio 0.254 (tgt sp<16 resid<0.035) score_streak=4/20(LOG-ONLY) resid_streak=0/20(ABORT)
[v9j] FIRST BATCH mask check (epoch 70, pi=0 s=2): nohit_px(albedo)=2880/9216 nohit_effective(differs-from-CURE4)=211 | cross-check vs depth-hit-flag: false_hit_dark(albedo-mask says nohit, depth says REAL HIT)=8 false_miss_albedo(depth says miss, albedo-mask missed it — should be 0)=0
[v9j] epoch 70/300 n2n_mse=0.036359 lr=0.000081 pool_yaws=[-22.5,-27.0,-21.0] pool_ms=1492 hist_ms=5107 batch_ms=8803 nohit_px=27727/110592(25.07%) nohit_effective=3547 (1378.3s)
[v9j] MONITOR epoch 70: val sparkle 325.5/Mpx resid 0.0874 highlight_ratio 0.239 score=8.138 | mirror sparkle 0.0/Mpx resid 0.0853 highlight_ratio 0.259 (tgt sp<16 resid<0.035) score_streak=5/20(LOG-ONLY) resid_streak=0/20(ABORT)
[v9j] FIRST BATCH mask check (epoch 71, pi=0 s=2): nohit_px(albedo)=3550/9216 nohit_effective(differs-from-CURE4)=328 | cross-check vs depth-hit-flag: false_hit_dark(albedo-mask says nohit, depth says REAL HIT)=16 false_miss_albedo(depth says miss, albedo-mask missed it — should be 0)=0
[v9j] epoch 71/300 n2n_mse=0.039195 lr=0.000081 pool_yaws=[12.8,13.3,12.0] pool_ms=1452 hist_ms=5044 batch_ms=8910 nohit_px=34271/110592(30.99%) nohit_effective=2967 (1396.2s)
[v9j] MONITOR epoch 71: val sparkle 434.0/Mpx resid 0.0868 highlight_ratio 0.243 score=10.851 | mirror sparkle 0.0/Mpx resid 0.0848 highlight_ratio 0.265 (tgt sp<16 resid<0.035) score_streak=6/20(LOG-ONLY) resid_streak=0/20(ABORT)
[v9j] FIRST BATCH mask check (epoch 72, pi=1 s=1): nohit_px(albedo)=3175/9216 nohit_effective(differs-from-CURE4)=172 | cross-check vs depth-hit-flag: false_hit_dark(albedo-mask says nohit, depth says REAL HIT)=15 false_miss_albedo(depth says miss, albedo-mask missed it — should be 0)=0
[v9j] epoch 72/300 n2n_mse=0.040972 lr=0.000081 pool_yaws=[-21.3,17.7,29.1] pool_ms=1377 hist_ms=5048 batch_ms=8784 nohit_px=33924/110592(30.67%) nohit_effective=2142 (1413.9s)
[v9j] MONITOR epoch 72: val sparkle 434.0/Mpx resid 0.0863 highlight_ratio 0.248 score=10.851 | mirror sparkle 0.0/Mpx resid 0.0842 highlight_ratio 0.270 (tgt sp<16 resid<0.035) score_streak=7/20(LOG-ONLY) resid_streak=0/20(ABORT)
[v9j] FIRST BATCH mask check (epoch 73, pi=2 s=1): nohit_px(albedo)=1362/9216 nohit_effective(differs-from-CURE4)=45 | cross-check vs depth-hit-flag: false_hit_dark(albedo-mask says nohit, depth says REAL HIT)=79 false_miss_albedo(depth says miss, albedo-mask missed it — should be 0)=0
[v9j] epoch 73/300 n2n_mse=0.036402 lr=0.000080 pool_yaws=[-1.5,26.5,-4.2] pool_ms=1443 hist_ms=5075 batch_ms=9488 nohit_px=35889/110592(32.45%) nohit_effective=1907 (1432.4s)
[v9j] MONITOR epoch 73: val sparkle 434.0/Mpx resid 0.0857 highlight_ratio 0.252 score=10.851 | mirror sparkle 0.0/Mpx resid 0.0836 highlight_ratio 0.275 (tgt sp<16 resid<0.035) score_streak=8/20(LOG-ONLY) resid_streak=0/20(ABORT)
[v9j] FIRST BATCH mask check (epoch 74, pi=0 s=1): nohit_px(albedo)=3217/9216 nohit_effective(differs-from-CURE4)=253 | cross-check vs depth-hit-flag: false_hit_dark(albedo-mask says nohit, depth says REAL HIT)=56 false_miss_albedo(depth says miss, albedo-mask missed it — should be 0)=0
[v9j] epoch 74/300 n2n_mse=0.041243 lr=0.000080 pool_yaws=[0.7,1.4,7.8] pool_ms=1425 hist_ms=5096 batch_ms=8888 nohit_px=32986/110592(29.83%) nohit_effective=2034 (1450.4s)
[v9j] MONITOR epoch 74: val sparkle 434.0/Mpx resid 0.0851 highlight_ratio 0.256 score=10.851 | mirror sparkle 0.0/Mpx resid 0.0830 highlight_ratio 0.280 (tgt sp<16 resid<0.035) score_streak=9/20(LOG-ONLY) resid_streak=0/20(ABORT)
[v9j] PROBE epoch 74: bar-res(640x480) sparkle 9.8/Mpx resid 0.0933 highlight_ratio 0.258 (tgt sp<16 resid<0.035) took 44.0s
[v9j] FIRST BATCH mask check (epoch 75, pi=2 s=1): nohit_px(albedo)=1338/9216 nohit_effective(differs-from-CURE4)=59 | cross-check vs depth-hit-flag: false_hit_dark(albedo-mask says nohit, depth says REAL HIT)=76 false_miss_albedo(depth says miss, albedo-mask missed it — should be 0)=0
[v9j] epoch 75/300 n2n_mse=0.034063 lr=0.000080 pool_yaws=[-23.6,-15.7,-5.7] pool_ms=1686 hist_ms=5144 batch_ms=8985 nohit_px=32690/110592(29.56%) nohit_effective=3282 (1512.8s)
[v9j] MONITOR epoch 75: val sparkle 434.0/Mpx resid 0.0846 highlight_ratio 0.261 score=10.851 | mirror sparkle 0.0/Mpx resid 0.0824 highlight_ratio 0.285 (tgt sp<16 resid<0.035) score_streak=10/20(LOG-ONLY) resid_streak=0/20(ABORT)
[v9j] FIRST BATCH mask check (epoch 76, pi=1 s=1): nohit_px(albedo)=3212/9216 nohit_effective(differs-from-CURE4)=103 | cross-check vs depth-hit-flag: false_hit_dark(albedo-mask says nohit, depth says REAL HIT)=9 false_miss_albedo(depth says miss, albedo-mask missed it — should be 0)=0
[v9j] epoch 76/300 n2n_mse=0.043116 lr=0.000080 pool_yaws=[-6.0,19.3,23.1] pool_ms=1792 hist_ms=5148 batch_ms=9007 nohit_px=34316/110592(31.03%) nohit_effective=1798 (1531.3s)
[v9j] MONITOR epoch 76: val sparkle 434.0/Mpx resid 0.0840 highlight_ratio 0.265 score=10.851 | mirror sparkle 0.0/Mpx resid 0.0818 highlight_ratio 0.290 (tgt sp<16 resid<0.035) score_streak=11/20(LOG-ONLY) resid_streak=0/20(ABORT)
[v9j] FIRST BATCH mask check (epoch 77, pi=3 s=2): nohit_px(albedo)=3118/9216 nohit_effective(differs-from-CURE4)=225 | cross-check vs depth-hit-flag: false_hit_dark(albedo-mask says nohit, depth says REAL HIT)=3 false_miss_albedo(depth says miss, albedo-mask missed it — should be 0)=0
[v9j] epoch 77/300 n2n_mse=0.036728 lr=0.000080 pool_yaws=[-0.2,0.8,0.2] pool_ms=1759 hist_ms=5190 batch_ms=9413 nohit_px=32991/110592(29.83%) nohit_effective=2054 (1550.3s)
[v9j] MONITOR epoch 77: val sparkle 434.0/Mpx resid 0.0835 highlight_ratio 0.269 score=10.851 | mirror sparkle 0.0/Mpx resid 0.0812 highlight_ratio 0.295 (tgt sp<16 resid<0.035) score_streak=12/20(LOG-ONLY) resid_streak=0/20(ABORT)
[v9j] FIRST BATCH mask check (epoch 78, pi=2 s=2): nohit_px(albedo)=1100/9216 nohit_effective(differs-from-CURE4)=35 | cross-check vs depth-hit-flag: false_hit_dark(albedo-mask says nohit, depth says REAL HIT)=38 false_miss_albedo(depth says miss, albedo-mask missed it — should be 0)=0
[v9j] epoch 78/300 n2n_mse=0.040709 lr=0.000079 pool_yaws=[-13.5,-26.2,-9.3] pool_ms=1637 hist_ms=5138 batch_ms=8916 nohit_px=30264/110592(27.37%) nohit_effective=1874 (1568.6s)
[v9j] MONITOR epoch 78: val sparkle 542.5/Mpx resid 0.0829 highlight_ratio 0.274 score=13.563 | mirror sparkle 0.0/Mpx resid 0.0806 highlight_ratio 0.300 (tgt sp<16 resid<0.035) score_streak=13/20(LOG-ONLY) resid_streak=0/20(ABORT)
[v9j] FIRST BATCH mask check (epoch 79, pi=2 s=2): nohit_px(albedo)=1335/9216 nohit_effective(differs-from-CURE4)=62 | cross-check vs depth-hit-flag: false_hit_dark(albedo-mask says nohit, depth says REAL HIT)=45 false_miss_albedo(depth says miss, albedo-mask missed it — should be 0)=0
[v9j] epoch 79/300 n2n_mse=0.038314 lr=0.000079 pool_yaws=[11.6,-19.5,-28.6] pool_ms=1677 hist_ms=5106 batch_ms=8753 nohit_px=33620/110592(30.40%) nohit_effective=2315 (1586.7s)
[v9j] MONITOR epoch 79: val sparkle 542.5/Mpx resid 0.0823 highlight_ratio 0.278 score=13.563 | mirror sparkle 0.0/Mpx resid 0.0801 highlight_ratio 0.305 (tgt sp<16 resid<0.035) score_streak=14/20(LOG-ONLY) resid_streak=0/20(ABORT)
[v9j] FIRST BATCH mask check (epoch 80, pi=1 s=1): nohit_px(albedo)=3483/9216 nohit_effective(differs-from-CURE4)=214 | cross-check vs depth-hit-flag: false_hit_dark(albedo-mask says nohit, depth says REAL HIT)=27 false_miss_albedo(depth says miss, albedo-mask missed it — should be 0)=0
[v9j] epoch 80/300 n2n_mse=0.034737 lr=0.000079 pool_yaws=[-24.2,-7.8,12.8] pool_ms=1479 hist_ms=5037 batch_ms=8778 nohit_px=35785/110592(32.36%) nohit_effective=2414 (1604.5s)
[v9j] MONITOR epoch 80: val sparkle 542.5/Mpx resid 0.0818 highlight_ratio 0.283 score=13.563 | mirror sparkle 0.0/Mpx resid 0.0795 highlight_ratio 0.311 (tgt sp<16 resid<0.035) score_streak=15/20(LOG-ONLY) resid_streak=0/20(ABORT)
[v9j] FIRST BATCH mask check (epoch 81, pi=3 s=0): nohit_px(albedo)=3138/9216 nohit_effective(differs-from-CURE4)=230 | cross-check vs depth-hit-flag: false_hit_dark(albedo-mask says nohit, depth says REAL HIT)=3 false_miss_albedo(depth says miss, albedo-mask missed it — should be 0)=0
[v9j] epoch 81/300 n2n_mse=0.039169 lr=0.000079 pool_yaws=[-2.3,-4.2,24.1] pool_ms=1504 hist_ms=5146 batch_ms=8930 nohit_px=35006/110592(31.65%) nohit_effective=2015 (1622.8s)
[v9j] MONITOR epoch 81: val sparkle 651.0/Mpx resid 0.0812 highlight_ratio 0.287 score=16.276 | mirror sparkle 0.0/Mpx resid 0.0789 highlight_ratio 0.316 (tgt sp<16 resid<0.035) score_streak=16/20(LOG-ONLY) resid_streak=0/20(ABORT)
[v9j] FIRST BATCH mask check (epoch 82, pi=1 s=2): nohit_px(albedo)=3618/9216 nohit_effective(differs-from-CURE4)=203 | cross-check vs depth-hit-flag: false_hit_dark(albedo-mask says nohit, depth says REAL HIT)=10 false_miss_albedo(depth says miss, albedo-mask missed it — should be 0)=0
[v9j] epoch 82/300 n2n_mse=0.035353 lr=0.000079 pool_yaws=[-20.9,10.6,29.7] pool_ms=1643 hist_ms=5150 batch_ms=8993 nohit_px=33516/110592(30.31%) nohit_effective=2120 (1641.1s)
[v9j] MONITOR epoch 82: val sparkle 651.0/Mpx resid 0.0807 highlight_ratio 0.292 score=16.276 | mirror sparkle 0.0/Mpx resid 0.0783 highlight_ratio 0.321 (tgt sp<16 resid<0.035) score_streak=17/20(LOG-ONLY) resid_streak=0/20(ABORT)
[v9j] FIRST BATCH mask check (epoch 83, pi=3 s=1): nohit_px(albedo)=3160/9216 nohit_effective(differs-from-CURE4)=287 | cross-check vs depth-hit-flag: false_hit_dark(albedo-mask says nohit, depth says REAL HIT)=1 false_miss_albedo(depth says miss, albedo-mask missed it — should be 0)=0
[v9j] epoch 83/300 n2n_mse=0.041129 lr=0.000078 pool_yaws=[21.6,-16.2,-18.5] pool_ms=1687 hist_ms=5153 batch_ms=8958 nohit_px=34411/110592(31.12%) nohit_effective=2190 (1659.5s)
[v9j] MONITOR epoch 83: val sparkle 651.0/Mpx resid 0.0801 highlight_ratio 0.296 score=16.276 | mirror sparkle 0.0/Mpx resid 0.0777 highlight_ratio 0.327 (tgt sp<16 resid<0.035) score_streak=18/20(LOG-ONLY) resid_streak=0/20(ABORT)
[v9j] FIRST BATCH mask check (epoch 84, pi=2 s=1): nohit_px(albedo)=1514/9216 nohit_effective(differs-from-CURE4)=33 | cross-check vs depth-hit-flag: false_hit_dark(albedo-mask says nohit, depth says REAL HIT)=41 false_miss_albedo(depth says miss, albedo-mask missed it — should be 0)=0
[v9j] epoch 84/300 n2n_mse=0.040574 lr=0.000078 pool_yaws=[-14.2,-17.3,25.7] pool_ms=1427 hist_ms=5136 batch_ms=9001 nohit_px=35107/110592(31.74%) nohit_effective=2968 (1677.6s)
[v9j] MONITOR epoch 84: val sparkle 651.0/Mpx resid 0.0795 highlight_ratio 0.301 score=16.276 | mirror sparkle 0.0/Mpx resid 0.0771 highlight_ratio 0.332 (tgt sp<16 resid<0.035) score_streak=19/20(LOG-ONLY) resid_streak=0/20(ABORT)
[v9j] FIRST BATCH mask check (epoch 85, pi=2 s=0): nohit_px(albedo)=1130/9216 nohit_effective(differs-from-CURE4)=45 | cross-check vs depth-hit-flag: false_hit_dark(albedo-mask says nohit, depth says REAL HIT)=41 false_miss_albedo(depth says miss, albedo-mask missed it — should be 0)=0
[v9j] epoch 85/300 n2n_mse=0.042251 lr=0.000078 pool_yaws=[-10.3,9.2,-6.7] pool_ms=1493 hist_ms=5165 batch_ms=8998 nohit_px=34312/110592(31.03%) nohit_effective=1900 (1695.8s)
[v9j] MONITOR epoch 85: val sparkle 651.0/Mpx resid 0.0790 highlight_ratio 0.306 score=16.276 | mirror sparkle 0.0/Mpx resid 0.0765 highlight_ratio 0.337 (tgt sp<16 resid<0.035) score_streak=20/20(LOG-ONLY) resid_streak=0/20(ABORT)
[v9j] FIRST BATCH mask check (epoch 86, pi=0 s=1): nohit_px(albedo)=3523/9216 nohit_effective(differs-from-CURE4)=97 | cross-check vs depth-hit-flag: false_hit_dark(albedo-mask says nohit, depth says REAL HIT)=5 false_miss_albedo(depth says miss, albedo-mask missed it — should be 0)=0
[v9j] epoch 86/300 n2n_mse=0.039316 lr=0.000078 pool_yaws=[10.4,-11.3,14.5] pool_ms=1513 hist_ms=5099 batch_ms=8963 nohit_px=35223/110592(31.85%) nohit_effective=1595 (1714.0s)
[v9j] MONITOR epoch 86: val sparkle 651.0/Mpx resid 0.0784 highlight_ratio 0.310 score=16.276 | mirror sparkle 0.0/Mpx resid 0.0760 highlight_ratio 0.342 (tgt sp<16 resid<0.035) score_streak=21/20(LOG-ONLY) resid_streak=0/20(ABORT)
[v9j] FIRST BATCH mask check (epoch 87, pi=0 s=1): nohit_px(albedo)=3550/9216 nohit_effective(differs-from-CURE4)=177 | cross-check vs depth-hit-flag: false_hit_dark(albedo-mask says nohit, depth says REAL HIT)=20 false_miss_albedo(depth says miss, albedo-mask missed it — should be 0)=0
[v9j] epoch 87/300 n2n_mse=0.039922 lr=0.000078 pool_yaws=[-13.5,15.1,-22.7] pool_ms=1467 hist_ms=5087 batch_ms=8962 nohit_px=33780/110592(30.54%) nohit_effective=2655 (1732.0s)
[v9j] MONITOR epoch 87: val sparkle 651.0/Mpx resid 0.0778 highlight_ratio 0.315 score=16.276 | mirror sparkle 0.0/Mpx resid 0.0754 highlight_ratio 0.348 (tgt sp<16 resid<0.035) score_streak=22/20(LOG-ONLY) resid_streak=0/20(ABORT)
[v9j] FIRST BATCH mask check (epoch 88, pi=1 s=0): nohit_px(albedo)=4051/9216 nohit_effective(differs-from-CURE4)=126 | cross-check vs depth-hit-flag: false_hit_dark(albedo-mask says nohit, depth says REAL HIT)=28 false_miss_albedo(depth says miss, albedo-mask missed it — should be 0)=0
[v9j] epoch 88/300 n2n_mse=0.045700 lr=0.000077 pool_yaws=[8.5,29.0,-7.8] pool_ms=1493 hist_ms=5053 batch_ms=8801 nohit_px=36624/110592(33.12%) nohit_effective=1706 (1750.0s)
[v9j] MONITOR epoch 88: val sparkle 651.0/Mpx resid 0.0773 highlight_ratio 0.320 score=16.276 | mirror sparkle 0.0/Mpx resid 0.0748 highlight_ratio 0.353 (tgt sp<16 resid<0.035) score_streak=23/20(LOG-ONLY) resid_streak=0/20(ABORT)
[v9j] FIRST BATCH mask check (epoch 89, pi=2 s=0): nohit_px(albedo)=1582/9216 nohit_effective(differs-from-CURE4)=28 | cross-check vs depth-hit-flag: false_hit_dark(albedo-mask says nohit, depth says REAL HIT)=49 false_miss_albedo(depth says miss, albedo-mask missed it — should be 0)=0
[v9j] epoch 89/300 n2n_mse=0.042129 lr=0.000077 pool_yaws=[-17.5,28.4,19.3] pool_ms=1451 hist_ms=5119 batch_ms=8704 nohit_px=38224/110592(34.56%) nohit_effective=1921 (1767.8s)
[v9j] MONITOR epoch 89: val sparkle 651.0/Mpx resid 0.0767 highlight_ratio 0.325 score=16.276 | mirror sparkle 0.0/Mpx resid 0.0742 highlight_ratio 0.358 (tgt sp<16 resid<0.035) score_streak=24/20(LOG-ONLY) resid_streak=0/20(ABORT)
[v9j] FIRST BATCH mask check (epoch 90, pi=0 s=0): nohit_px(albedo)=3499/9216 nohit_effective(differs-from-CURE4)=214 | cross-check vs depth-hit-flag: false_hit_dark(albedo-mask says nohit, depth says REAL HIT)=10 false_miss_albedo(depth says miss, albedo-mask missed it — should be 0)=0
[v9j] epoch 90/300 n2n_mse=0.045071 lr=0.000077 pool_yaws=[-12.3,25.5,-18.5] pool_ms=1583 hist_ms=5053 batch_ms=9352 nohit_px=35228/110592(31.85%) nohit_effective=1844 (1786.3s)
[v9j] MONITOR epoch 90: val sparkle 651.0/Mpx resid 0.0762 highlight_ratio 0.330 score=16.276 | mirror sparkle 0.0/Mpx resid 0.0736 highlight_ratio 0.363 (tgt sp<16 resid<0.035) score_streak=25/20(LOG-ONLY) resid_streak=0/20(ABORT)
[v9j] FIRST BATCH mask check (epoch 91, pi=3 s=0): nohit_px(albedo)=3138/9216 nohit_effective(differs-from-CURE4)=211 | cross-check vs depth-hit-flag: false_hit_dark(albedo-mask says nohit, depth says REAL HIT)=3 false_miss_albedo(depth says miss, albedo-mask missed it — should be 0)=0
[v9j] epoch 91/300 n2n_mse=0.043245 lr=0.000077 pool_yaws=[11.0,2.6,-16.1] pool_ms=1576 hist_ms=5035 batch_ms=9004 nohit_px=33205/110592(30.02%) nohit_effective=1921 (1804.4s)
[v9j] MONITOR epoch 91: val sparkle 651.0/Mpx resid 0.0756 highlight_ratio 0.334 score=16.276 | mirror sparkle 0.0/Mpx resid 0.0730 highlight_ratio 0.368 (tgt sp<16 resid<0.035) score_streak=26/20(LOG-ONLY) resid_streak=0/20(ABORT)
[v9j] FIRST BATCH mask check (epoch 92, pi=2 s=0): nohit_px(albedo)=1713/9216 nohit_effective(differs-from-CURE4)=77 | cross-check vs depth-hit-flag: false_hit_dark(albedo-mask says nohit, depth says REAL HIT)=44 false_miss_albedo(depth says miss, albedo-mask missed it — should be 0)=0
[v9j] epoch 92/300 n2n_mse=0.043644 lr=0.000077 pool_yaws=[26.6,-18.3,14.4] pool_ms=1482 hist_ms=5030 batch_ms=8771 nohit_px=36406/110592(32.92%) nohit_effective=2578 (1822.2s)
[v9j] MONITOR epoch 92: val sparkle 651.0/Mpx resid 0.0750 highlight_ratio 0.339 score=16.276 | mirror sparkle 0.0/Mpx resid 0.0724 highlight_ratio 0.374 (tgt sp<16 resid<0.035) score_streak=27/20(LOG-ONLY) resid_streak=0/20(ABORT)
[v9j] FIRST BATCH mask check (epoch 93, pi=3 s=0): nohit_px(albedo)=3138/9216 nohit_effective(differs-from-CURE4)=245 | cross-check vs depth-hit-flag: false_hit_dark(albedo-mask says nohit, depth says REAL HIT)=3 false_miss_albedo(depth says miss, albedo-mask missed it — should be 0)=0
[v9j] epoch 93/300 n2n_mse=0.041466 lr=0.000076 pool_yaws=[-12.4,14.8,27.7] pool_ms=1477 hist_ms=5047 batch_ms=8786 nohit_px=34154/110592(30.88%) nohit_effective=2757 (1840.1s)
[v9j] MONITOR epoch 93: val sparkle 651.0/Mpx resid 0.0745 highlight_ratio 0.344 score=16.276 | mirror sparkle 0.0/Mpx resid 0.0718 highlight_ratio 0.379 (tgt sp<16 resid<0.035) score_streak=28/20(LOG-ONLY) resid_streak=0/20(ABORT)
[v9j] FIRST BATCH mask check (epoch 94, pi=3 s=1): nohit_px(albedo)=3160/9216 nohit_effective(differs-from-CURE4)=277 | cross-check vs depth-hit-flag: false_hit_dark(albedo-mask says nohit, depth says REAL HIT)=1 false_miss_albedo(depth says miss, albedo-mask missed it — should be 0)=0
[v9j] epoch 94/300 n2n_mse=0.035140 lr=0.000076 pool_yaws=[-23.9,-12.1,-20.1] pool_ms=1420 hist_ms=5089 batch_ms=8754 nohit_px=33854/110592(30.61%) nohit_effective=2575 (1857.9s)
[v9j] MONITOR epoch 94: val sparkle 651.0/Mpx resid 0.0739 highlight_ratio 0.349 score=16.276 | mirror sparkle 0.0/Mpx resid 0.0712 highlight_ratio 0.384 (tgt sp<16 resid<0.035) score_streak=29/20(LOG-ONLY) resid_streak=0/20(ABORT)
[v9j] FIRST BATCH mask check (epoch 95, pi=3 s=0): nohit_px(albedo)=3138/9216 nohit_effective(differs-from-CURE4)=315 | cross-check vs depth-hit-flag: false_hit_dark(albedo-mask says nohit, depth says REAL HIT)=3 false_miss_albedo(depth says miss, albedo-mask missed it — should be 0)=0
[v9j] epoch 95/300 n2n_mse=0.042279 lr=0.000076 pool_yaws=[-17.9,4.7,28.1] pool_ms=1588 hist_ms=5051 batch_ms=8757 nohit_px=34136/110592(30.87%) nohit_effective=1904 (1875.8s)
[v9j] MONITOR epoch 95: val sparkle 651.0/Mpx resid 0.0733 highlight_ratio 0.353 score=16.276 | mirror sparkle 0.0/Mpx resid 0.0707 highlight_ratio 0.389 (tgt sp<16 resid<0.035) score_streak=30/20(LOG-ONLY) resid_streak=0/20(ABORT)
[v9j] FIRST BATCH mask check (epoch 96, pi=0 s=0): nohit_px(albedo)=3552/9216 nohit_effective(differs-from-CURE4)=158 | cross-check vs depth-hit-flag: false_hit_dark(albedo-mask says nohit, depth says REAL HIT)=20 false_miss_albedo(depth says miss, albedo-mask missed it — should be 0)=0
[v9j] epoch 96/300 n2n_mse=0.035713 lr=0.000076 pool_yaws=[12.7,13.0,13.3] pool_ms=1494 hist_ms=5031 batch_ms=8717 nohit_px=35176/110592(31.81%) nohit_effective=1613 (1893.6s)
[v9j] MONITOR epoch 96: val sparkle 651.0/Mpx resid 0.0728 highlight_ratio 0.358 score=16.276 | mirror sparkle 0.0/Mpx resid 0.0701 highlight_ratio 0.394 (tgt sp<16 resid<0.035) score_streak=31/20(LOG-ONLY) resid_streak=0/20(ABORT)
[v9j] FIRST BATCH mask check (epoch 97, pi=2 s=0): nohit_px(albedo)=1147/9216 nohit_effective(differs-from-CURE4)=24 | cross-check vs depth-hit-flag: false_hit_dark(albedo-mask says nohit, depth says REAL HIT)=52 false_miss_albedo(depth says miss, albedo-mask missed it — should be 0)=0
[v9j] epoch 97/300 n2n_mse=0.035393 lr=0.000076 pool_yaws=[-26.1,10.9,-24.9] pool_ms=1491 hist_ms=5041 batch_ms=8839 nohit_px=34508/110592(31.20%) nohit_effective=1623 (1911.5s)
[v9j] MONITOR epoch 97: val sparkle 651.0/Mpx resid 0.0722 highlight_ratio 0.362 score=16.276 | mirror sparkle 0.0/Mpx resid 0.0695 highlight_ratio 0.399 (tgt sp<16 resid<0.035) score_streak=32/20(LOG-ONLY) resid_streak=0/20(ABORT)
[v9j] FIRST BATCH mask check (epoch 98, pi=3 s=2): nohit_px(albedo)=3118/9216 nohit_effective(differs-from-CURE4)=234 | cross-check vs depth-hit-flag: false_hit_dark(albedo-mask says nohit, depth says REAL HIT)=3 false_miss_albedo(depth says miss, albedo-mask missed it — should be 0)=0
[v9j] epoch 98/300 n2n_mse=0.034875 lr=0.000075 pool_yaws=[-28.9,-28.0,5.2] pool_ms=1463 hist_ms=5035 batch_ms=8683 nohit_px=27836/110592(25.17%) nohit_effective=1796 (1929.2s)
[v9j] MONITOR epoch 98: val sparkle 651.0/Mpx resid 0.0717 highlight_ratio 0.367 score=16.276 | mirror sparkle 0.0/Mpx resid 0.0689 highlight_ratio 0.405 (tgt sp<16 resid<0.035) score_streak=33/20(LOG-ONLY) resid_streak=0/20(ABORT)
[v9j] FIRST BATCH mask check (epoch 99, pi=2 s=0): nohit_px(albedo)=1056/9216 nohit_effective(differs-from-CURE4)=38 | cross-check vs depth-hit-flag: false_hit_dark(albedo-mask says nohit, depth says REAL HIT)=52 false_miss_albedo(depth says miss, albedo-mask missed it — should be 0)=0
[v9j] epoch 99/300 n2n_mse=0.040724 lr=0.000075 pool_yaws=[20.2,-8.4,-8.4] pool_ms=1476 hist_ms=5101 batch_ms=8861 nohit_px=33496/110592(30.29%) nohit_effective=2012 (1947.1s)
[v9j] MONITOR epoch 99: val sparkle 651.0/Mpx resid 0.0711 highlight_ratio 0.372 score=16.276 | mirror sparkle 0.0/Mpx resid 0.0683 highlight_ratio 0.410 (tgt sp<16 resid<0.035) score_streak=34/20(LOG-ONLY) resid_streak=0/20(ABORT)
[v9j] PROBE epoch 99: bar-res(640x480) sparkle 16.3/Mpx resid 0.0773 highlight_ratio 0.392 (tgt sp<16 resid<0.035) took 43.8s
[v9j] WATCHDOG ABORT: bar-res probe sparkle failed the bar at epoch 99 — stopping, keeping best+last (best score=2.713)
[v9j] training done in 1993.5s (best score=2.713)
[v9j] wrote /Users/pascaldisse/projects/magic-crystal-v9body/packages/scrying-glass/data/rdirect-weights-v9j.bin sha256=2bc6a745f9435f0f049fe98c5797b8287a1635227324452555665737ab48c546
[v9j] wrote /Users/pascaldisse/projects/magic-crystal-v9body/packages/scrying-glass/data/rdirect-weights-v9j-last.bin sha256=9dd25dda52e2f40606e7802e3278e46498ece44848226737b5f6402adb08f08c
[v9j] wrote provenance. tag=v9j best=/Users/pascaldisse/projects/magic-crystal-v9body/packages/scrying-glass/data/rdirect-weights-v9j.bin last=/Users/pascaldisse/projects/magic-crystal-v9body/packages/scrying-glass/data/rdirect-weights-v9j-last.bin
