[v9k] GAIA_V7_SKY_HISTORY reject=true — mandate expects true (set GAIA_V7_SKY_HISTORY=reject)
[v9k] res 128x72 K=3 steps, GAIA_V9_K=8 noise2noise draws (variance/8, teacher validator-only)
[v9k] WATCHDOG two-signal: score_streak=20 LOG-ONLY, resid_streak=20 ABORT, bar-res probe every 25 epochs at 640x480 (K=3 ref=64) ABORT on sparkle>=16
[v9k] CURE 4: overshoot_w=1 — above-ceiling gradient is 2*overshoot_w*(raw-cap)/n (pulls toward the ceiling), no longer zero (see module doc mechanism-hunt verdict)
[v9k] CURE 5: nohit_albedo_sq=0.00000001 — albedo~0/no-hit pixels bypass the clamp/ceiling entirely, ordinary 2*(raw-target)/n always active (autopsy grad-probe-fix section)
[v9k] POSE DIVERSITY POOL (v9c/v9e parity): orbit±30deg jitter±0.6 around 2 anchors (front-pivot family x2 draws/epoch, wide-anchor family x1 draw/epoch) + mirror unconditional (fixed) — fresh draws every epoch, CURE 3 winsorize_k=0 (OFF if 0)
[v9k] rendered mirror(train) + 2 VALIDATOR (orbit_-20, mirror — FIXED, held-out) pose sequences (128x72, teacher 64 VALIDATOR ONLY, pan_step=0.004, mirror_spp=4) in 2.0s
[v9k] V9K CROP TRAINING: pool draws (front-pivot x2, wide-anchor x1) now render 128x72 CROPS of a virtual 640x480 frame (asymmetric frustum, cost=128x72 not 640x480), pad_margin=0 sky_bias_prob=0 (0.0=uniform) — mirror/val stay full-frame, bar-res probe (below) stays the judge, unchanged
[v9k] UnetConfig widths=[24, 40, 64] n_scales=3 params≈163083
[v9k] MONITOR epoch -1 (fresh He-init): val sparkle 0.0/Mpx resid 0.1179 highlight_ratio 0.025 score=3.368 | mirror sparkle 0.0/Mpx resid 0.1194 highlight_ratio 0.020 (tgt sp<16 resid<0.035) *BEST->saved score_streak=0/20(LOG-ONLY) resid_streak=0/20(ABORT)
[v9k] FIRST BATCH mask check (epoch 0, pi=1 s=2): nohit_px(albedo)=0/9216 nohit_effective(differs-from-CURE4)=0 | cross-check vs depth-hit-flag: false_hit_dark(albedo-mask says nohit, depth says REAL HIT)=0 false_miss_albedo(depth says miss, albedo-mask missed it — should be 0)=0
[v9k] NOTE: this single first batch had zero no-hit pixels (crop landed entirely on geometry) — not aborting, waiting for the first EPOCH's aggregate count below.
[v9k] epoch 0/300 n2n_mse=0.191010 lr=0.000100 pool_yaws=[-11.4,9.4,1.9] pool_ms=1578 hist_ms=5166 batch_ms=8630 nohit_px=16599/110592(15.01%) nohit_effective=24 (15.4s)
[v9k] MONITOR epoch 0: val sparkle 0.0/Mpx resid 0.1178 highlight_ratio 0.025 score=3.367 | mirror sparkle 0.0/Mpx resid 0.1193 highlight_ratio 0.020 (tgt sp<16 resid<0.035) *BEST->saved score_streak=0/20(LOG-ONLY) resid_streak=0/20(ABORT)
[v9k] FIRST BATCH mask check (epoch 1, pi=3 s=2): nohit_px(albedo)=3118/9216 nohit_effective(differs-from-CURE4)=40 | cross-check vs depth-hit-flag: false_hit_dark(albedo-mask says nohit, depth says REAL HIT)=3 false_miss_albedo(depth says miss, albedo-mask missed it — should be 0)=0
[v9k] epoch 1/300 n2n_mse=0.118606 lr=0.000100 pool_yaws=[19.7,16.9,-22.6] pool_ms=1446 hist_ms=5114 batch_ms=8222 nohit_px=37064/110592(33.51%) nohit_effective=503 (33.2s)
[v9k] MONITOR epoch 1: val sparkle 0.0/Mpx resid 0.1177 highlight_ratio 0.026 score=3.364 | mirror sparkle 0.0/Mpx resid 0.1192 highlight_ratio 0.021 (tgt sp<16 resid<0.035) *BEST->saved score_streak=0/20(LOG-ONLY) resid_streak=0/20(ABORT)
[v9k] FIRST BATCH mask check (epoch 2, pi=3 s=1): nohit_px(albedo)=3160/9216 nohit_effective(differs-from-CURE4)=531 | cross-check vs depth-hit-flag: false_hit_dark(albedo-mask says nohit, depth says REAL HIT)=1 false_miss_albedo(depth says miss, albedo-mask missed it — should be 0)=0
[v9k] epoch 2/300 n2n_mse=0.032136 lr=0.000099 pool_yaws=[-2.5,27.6,-27.4] pool_ms=1430 hist_ms=5060 batch_ms=8345 nohit_px=76616/110592(69.28%) nohit_effective=5097 (50.6s)
[v9k] MONITOR epoch 2: val sparkle 0.0/Mpx resid 0.1176 highlight_ratio 0.028 score=3.360 | mirror sparkle 0.0/Mpx resid 0.1190 highlight_ratio 0.023 (tgt sp<16 resid<0.035) *BEST->saved score_streak=0/20(LOG-ONLY) resid_streak=0/20(ABORT)
[v9k] FIRST BATCH mask check (epoch 3, pi=2 s=2): nohit_px(albedo)=0/9216 nohit_effective(differs-from-CURE4)=0 | cross-check vs depth-hit-flag: false_hit_dark(albedo-mask says nohit, depth says REAL HIT)=0 false_miss_albedo(depth says miss, albedo-mask missed it — should be 0)=0
[v9k] NOTE: this single first batch had zero no-hit pixels (crop landed entirely on geometry) — not aborting, waiting for the first EPOCH's aggregate count below.
[v9k] epoch 3/300 n2n_mse=0.023533 lr=0.000099 pool_yaws=[4.3,-16.9,-8.8] pool_ms=1456 hist_ms=5058 batch_ms=8291 nohit_px=9416/110592(8.51%) nohit_effective=2927 (67.9s)
[v9k] MONITOR epoch 3: val sparkle 0.0/Mpx resid 0.1174 highlight_ratio 0.029 score=3.355 | mirror sparkle 0.0/Mpx resid 0.1187 highlight_ratio 0.024 (tgt sp<16 resid<0.035) *BEST->saved score_streak=0/20(LOG-ONLY) resid_streak=0/20(ABORT)
[v9k] FIRST BATCH mask check (epoch 4, pi=3 s=1): nohit_px(albedo)=3160/9216 nohit_effective(differs-from-CURE4)=864 | cross-check vs depth-hit-flag: false_hit_dark(albedo-mask says nohit, depth says REAL HIT)=1 false_miss_albedo(depth says miss, albedo-mask missed it — should be 0)=0
[v9k] epoch 4/300 n2n_mse=0.043282 lr=0.000099 pool_yaws=[-28.4,24.3,-21.1] pool_ms=2201 hist_ms=5163 batch_ms=8554 nohit_px=28577/110592(25.84%) nohit_effective=4864 (86.7s)
[v9k] MONITOR epoch 4: val sparkle 0.0/Mpx resid 0.1173 highlight_ratio 0.030 score=3.350 | mirror sparkle 0.0/Mpx resid 0.1184 highlight_ratio 0.026 (tgt sp<16 resid<0.035) *BEST->saved score_streak=0/20(LOG-ONLY) resid_streak=0/20(ABORT)
[v9k] FIRST BATCH mask check (epoch 5, pi=2 s=1): nohit_px(albedo)=0/9216 nohit_effective(differs-from-CURE4)=0 | cross-check vs depth-hit-flag: false_hit_dark(albedo-mask says nohit, depth says REAL HIT)=0 false_miss_albedo(depth says miss, albedo-mask missed it — should be 0)=0
[v9k] NOTE: this single first batch had zero no-hit pixels (crop landed entirely on geometry) — not aborting, waiting for the first EPOCH's aggregate count below.
[v9k] epoch 5/300 n2n_mse=0.044904 lr=0.000098 pool_yaws=[-1.0,13.5,9.7] pool_ms=1610 hist_ms=5274 batch_ms=8602 nohit_px=10914/110592(9.87%) nohit_effective=10832 (104.7s)
[v9k] MONITOR epoch 5: val sparkle 0.0/Mpx resid 0.1171 highlight_ratio 0.032 score=3.344 | mirror sparkle 0.0/Mpx resid 0.1181 highlight_ratio 0.027 (tgt sp<16 resid<0.035) *BEST->saved score_streak=0/20(LOG-ONLY) resid_streak=0/20(ABORT)
[v9k] FIRST BATCH mask check (epoch 6, pi=0 s=2): nohit_px(albedo)=0/9216 nohit_effective(differs-from-CURE4)=0 | cross-check vs depth-hit-flag: false_hit_dark(albedo-mask says nohit, depth says REAL HIT)=157 false_miss_albedo(depth says miss, albedo-mask missed it — should be 0)=0
[v9k] NOTE: this single first batch had zero no-hit pixels (crop landed entirely on geometry) — not aborting, waiting for the first EPOCH's aggregate count below.
[v9k] epoch 6/300 n2n_mse=0.043215 lr=0.000098 pool_yaws=[29.2,-7.3,13.3] pool_ms=1447 hist_ms=5370 batch_ms=8722 nohit_px=29000/110592(26.22%) nohit_effective=28009 (122.9s)
[v9k] MONITOR epoch 6: val sparkle 0.0/Mpx resid 0.1168 highlight_ratio 0.034 score=3.338 | mirror sparkle 0.0/Mpx resid 0.1178 highlight_ratio 0.029 (tgt sp<16 resid<0.035) *BEST->saved score_streak=0/20(LOG-ONLY) resid_streak=0/20(ABORT)
[v9k] FIRST BATCH mask check (epoch 7, pi=0 s=2): nohit_px(albedo)=0/9216 nohit_effective(differs-from-CURE4)=0 | cross-check vs depth-hit-flag: false_hit_dark(albedo-mask says nohit, depth says REAL HIT)=0 false_miss_albedo(depth says miss, albedo-mask missed it — should be 0)=0
[v9k] NOTE: this single first batch had zero no-hit pixels (crop landed entirely on geometry) — not aborting, waiting for the first EPOCH's aggregate count below.
[v9k] epoch 7/300 n2n_mse=0.010094 lr=0.000098 pool_yaws=[27.2,-16.6,16.3] pool_ms=3387 hist_ms=6543 batch_ms=9955 nohit_px=37064/110592(33.51%) nohit_effective=31287 (145.6s)
[v9k] MONITOR epoch 7: val sparkle 0.0/Mpx resid 0.1166 highlight_ratio 0.035 score=3.332 | mirror sparkle 0.0/Mpx resid 0.1175 highlight_ratio 0.031 (tgt sp<16 resid<0.035) *BEST->saved score_streak=0/20(LOG-ONLY) resid_streak=0/20(ABORT)
[v9k] FIRST BATCH mask check (epoch 8, pi=0 s=0): nohit_px(albedo)=6457/9216 nohit_effective(differs-from-CURE4)=459 | cross-check vs depth-hit-flag: false_hit_dark(albedo-mask says nohit, depth says REAL HIT)=0 false_miss_albedo(depth says miss, albedo-mask missed it — should be 0)=0
[v9k] epoch 8/300 n2n_mse=0.017109 lr=0.000097 pool_yaws=[-25.4,-28.5,-17.7] pool_ms=3997 hist_ms=5448 batch_ms=16768 nohit_px=45512/110592(41.15%) nohit_effective=5746 (174.5s)
[v9k] MONITOR epoch 8: val sparkle 0.0/Mpx resid 0.1164 highlight_ratio 0.037 score=3.325 | mirror sparkle 0.0/Mpx resid 0.1172 highlight_ratio 0.033 (tgt sp<16 resid<0.035) *BEST->saved score_streak=0/20(LOG-ONLY) resid_streak=0/20(ABORT)
[v9k] FIRST BATCH mask check (epoch 9, pi=2 s=0): nohit_px(albedo)=0/9216 nohit_effective(differs-from-CURE4)=0 | cross-check vs depth-hit-flag: false_hit_dark(albedo-mask says nohit, depth says REAL HIT)=0 false_miss_albedo(depth says miss, albedo-mask missed it — should be 0)=0
[v9k] NOTE: this single first batch had zero no-hit pixels (crop landed entirely on geometry) — not aborting, waiting for the first EPOCH's aggregate count below.
[v9k] epoch 9/300 n2n_mse=0.012187 lr=0.000097 pool_yaws=[-23.2,10.3,-16.3] pool_ms=8215 hist_ms=9588 batch_ms=12850 nohit_px=37064/110592(33.51%) nohit_effective=2530 (212.5s)
[v9k] MONITOR epoch 9: val sparkle 0.0/Mpx resid 0.1161 highlight_ratio 0.039 score=3.318 | mirror sparkle 0.0/Mpx resid 0.1169 highlight_ratio 0.035 (tgt sp<16 resid<0.035) *BEST->saved score_streak=0/20(LOG-ONLY) resid_streak=0/20(ABORT)
[v9k] FIRST BATCH mask check (epoch 10, pi=0 s=2): nohit_px(albedo)=0/9216 nohit_effective(differs-from-CURE4)=0 | cross-check vs depth-hit-flag: false_hit_dark(albedo-mask says nohit, depth says REAL HIT)=0 false_miss_albedo(depth says miss, albedo-mask missed it — should be 0)=0
[v9k] NOTE: this single first batch had zero no-hit pixels (crop landed entirely on geometry) — not aborting, waiting for the first EPOCH's aggregate count below.
[v9k] epoch 10/300 n2n_mse=0.011680 lr=0.000097 pool_yaws=[11.3,-12.2,9.6] pool_ms=6239 hist_ms=7367 batch_ms=10734 nohit_px=9416/110592(8.51%) nohit_effective=2881 (240.4s)
[v9k] MONITOR epoch 10: val sparkle 0.0/Mpx resid 0.1159 highlight_ratio 0.041 score=3.310 | mirror sparkle 0.0/Mpx resid 0.1166 highlight_ratio 0.037 (tgt sp<16 resid<0.035) *BEST->saved score_streak=0/20(LOG-ONLY) resid_streak=0/20(ABORT)
[v9k] FIRST BATCH mask check (epoch 11, pi=1 s=1): nohit_px(albedo)=0/9216 nohit_effective(differs-from-CURE4)=0 | cross-check vs depth-hit-flag: false_hit_dark(albedo-mask says nohit, depth says REAL HIT)=0 false_miss_albedo(depth says miss, albedo-mask missed it — should be 0)=0
[v9k] NOTE: this single first batch had zero no-hit pixels (crop landed entirely on geometry) — not aborting, waiting for the first EPOCH's aggregate count below.
[v9k] epoch 11/300 n2n_mse=0.009461 lr=0.000096 pool_yaws=[-26.4,26.5,-13.6] pool_ms=3184 hist_ms=6274 batch_ms=9893 nohit_px=9416/110592(8.51%) nohit_effective=2807 (262.8s)
[v9k] MONITOR epoch 11: val sparkle 0.0/Mpx resid 0.1156 highlight_ratio 0.042 score=3.303 | mirror sparkle 0.0/Mpx resid 0.1162 highlight_ratio 0.039 (tgt sp<16 resid<0.035) *BEST->saved score_streak=0/20(LOG-ONLY) resid_streak=0/20(ABORT)
[v9k] FIRST BATCH mask check (epoch 12, pi=3 s=0): nohit_px(albedo)=3138/9216 nohit_effective(differs-from-CURE4)=1080 | cross-check vs depth-hit-flag: false_hit_dark(albedo-mask says nohit, depth says REAL HIT)=3 false_miss_albedo(depth says miss, albedo-mask missed it — should be 0)=0
[v9k] epoch 12/300 n2n_mse=0.012236 lr=0.000096 pool_yaws=[-8.8,-15.8,23.0] pool_ms=2339 hist_ms=5310 batch_ms=8645 nohit_px=43467/110592(39.30%) nohit_effective=7012 (282.2s)
[v9k] MONITOR epoch 12: val sparkle 0.0/Mpx resid 0.1153 highlight_ratio 0.044 score=3.295 | mirror sparkle 0.0/Mpx resid 0.1159 highlight_ratio 0.042 (tgt sp<16 resid<0.035) *BEST->saved score_streak=0/20(LOG-ONLY) resid_streak=0/20(ABORT)
[v9k] FIRST BATCH mask check (epoch 13, pi=1 s=2): nohit_px(albedo)=0/9216 nohit_effective(differs-from-CURE4)=0 | cross-check vs depth-hit-flag: false_hit_dark(albedo-mask says nohit, depth says REAL HIT)=0 false_miss_albedo(depth says miss, albedo-mask missed it — should be 0)=0
[v9k] NOTE: this single first batch had zero no-hit pixels (crop landed entirely on geometry) — not aborting, waiting for the first EPOCH's aggregate count below.
[v9k] epoch 13/300 n2n_mse=0.010426 lr=0.000096 pool_yaws=[22.4,-5.4,-21.0] pool_ms=1747 hist_ms=5198 batch_ms=8344 nohit_px=17120/110592(15.48%) nohit_effective=4206 (300.1s)
[v9k] MONITOR epoch 13: val sparkle 0.0/Mpx resid 0.1150 highlight_ratio 0.046 score=3.286 | mirror sparkle 0.0/Mpx resid 0.1155 highlight_ratio 0.044 (tgt sp<16 resid<0.035) *BEST->saved score_streak=0/20(LOG-ONLY) resid_streak=0/20(ABORT)
[v9k] FIRST BATCH mask check (epoch 14, pi=1 s=0): nohit_px(albedo)=5632/9216 nohit_effective(differs-from-CURE4)=1930 | cross-check vs depth-hit-flag: false_hit_dark(albedo-mask says nohit, depth says REAL HIT)=0 false_miss_albedo(depth says miss, albedo-mask missed it — should be 0)=0
[v9k] epoch 14/300 n2n_mse=0.010988 lr=0.000096 pool_yaws=[-20.5,-24.3,14.6] pool_ms=1444 hist_ms=5081 batch_ms=8505 nohit_px=26051/110592(23.56%) nohit_effective=7672 (317.7s)
[v9k] MONITOR epoch 14: val sparkle 0.0/Mpx resid 0.1147 highlight_ratio 0.048 score=3.278 | mirror sparkle 0.0/Mpx resid 0.1151 highlight_ratio 0.046 (tgt sp<16 resid<0.035) *BEST->saved score_streak=0/20(LOG-ONLY) resid_streak=0/20(ABORT)
[v9k] FIRST BATCH mask check (epoch 15, pi=3 s=0): nohit_px(albedo)=3138/9216 nohit_effective(differs-from-CURE4)=890 | cross-check vs depth-hit-flag: false_hit_dark(albedo-mask says nohit, depth says REAL HIT)=3 false_miss_albedo(depth says miss, albedo-mask missed it — should be 0)=0
[v9k] epoch 15/300 n2n_mse=0.012098 lr=0.000095 pool_yaws=[-17.1,-17.3,-20.0] pool_ms=1424 hist_ms=5102 batch_ms=8285 nohit_px=35066/110592(31.71%) nohit_effective=5602 (335.1s)
[v9k] MONITOR epoch 15: val sparkle 0.0/Mpx resid 0.1144 highlight_ratio 0.050 score=3.269 | mirror sparkle 0.0/Mpx resid 0.1147 highlight_ratio 0.048 (tgt sp<16 resid<0.035) *BEST->saved score_streak=0/20(LOG-ONLY) resid_streak=0/20(ABORT)
[v9k] FIRST BATCH mask check (epoch 16, pi=3 s=1): nohit_px(albedo)=3160/9216 nohit_effective(differs-from-CURE4)=880 | cross-check vs depth-hit-flag: false_hit_dark(albedo-mask says nohit, depth says REAL HIT)=1 false_miss_albedo(depth says miss, albedo-mask missed it — should be 0)=0
[v9k] epoch 16/300 n2n_mse=0.027095 lr=0.000095 pool_yaws=[2.4,-9.2,23.9] pool_ms=1308 hist_ms=5085 batch_ms=8689 nohit_px=64167/110592(58.02%) nohit_effective=3313 (352.7s)
[v9k] MONITOR epoch 16: val sparkle 0.0/Mpx resid 0.1141 highlight_ratio 0.052 score=3.260 | mirror sparkle 0.0/Mpx resid 0.1143 highlight_ratio 0.051 (tgt sp<16 resid<0.035) *BEST->saved score_streak=0/20(LOG-ONLY) resid_streak=0/20(ABORT)
[v9k] FIRST BATCH mask check (epoch 17, pi=2 s=2): nohit_px(albedo)=0/9216 nohit_effective(differs-from-CURE4)=0 | cross-check vs depth-hit-flag: false_hit_dark(albedo-mask says nohit, depth says REAL HIT)=0 false_miss_albedo(depth says miss, albedo-mask missed it — should be 0)=0
[v9k] NOTE: this single first batch had zero no-hit pixels (crop landed entirely on geometry) — not aborting, waiting for the first EPOCH's aggregate count below.
[v9k] epoch 17/300 n2n_mse=0.021474 lr=0.000095 pool_yaws=[-6.9,2.3,25.6] pool_ms=1478 hist_ms=5095 batch_ms=8364 nohit_px=11102/110592(10.04%) nohit_effective=3875 (370.2s)
[v9k] MONITOR epoch 17: val sparkle 0.0/Mpx resid 0.1138 highlight_ratio 0.054 score=3.251 | mirror sparkle 0.0/Mpx resid 0.1139 highlight_ratio 0.053 (tgt sp<16 resid<0.035) *BEST->saved score_streak=0/20(LOG-ONLY) resid_streak=0/20(ABORT)
[v9k] FIRST BATCH mask check (epoch 18, pi=0 s=0): nohit_px(albedo)=9216/9216 nohit_effective(differs-from-CURE4)=0 | cross-check vs depth-hit-flag: false_hit_dark(albedo-mask says nohit, depth says REAL HIT)=0 false_miss_albedo(depth says miss, albedo-mask missed it — should be 0)=0
[v9k] epoch 18/300 n2n_mse=0.037584 lr=0.000094 pool_yaws=[-22.4,18.8,-2.8] pool_ms=1342 hist_ms=5183 batch_ms=8431 nohit_px=40166/110592(36.32%) nohit_effective=3991 (387.7s)
[v9k] MONITOR epoch 18: val sparkle 0.0/Mpx resid 0.1134 highlight_ratio 0.056 score=3.241 | mirror sparkle 0.0/Mpx resid 0.1135 highlight_ratio 0.055 (tgt sp<16 resid<0.035) *BEST->saved score_streak=0/20(LOG-ONLY) resid_streak=0/20(ABORT)
[v9k] FIRST BATCH mask check (epoch 19, pi=0 s=2): nohit_px(albedo)=9216/9216 nohit_effective(differs-from-CURE4)=0 | cross-check vs depth-hit-flag: false_hit_dark(albedo-mask says nohit, depth says REAL HIT)=0 false_miss_albedo(depth says miss, albedo-mask missed it — should be 0)=0
[v9k] epoch 19/300 n2n_mse=0.024405 lr=0.000094 pool_yaws=[-19.2,-24.2,23.8] pool_ms=1289 hist_ms=5136 batch_ms=8735 nohit_px=37064/110592(33.51%) nohit_effective=2918 (405.4s)
[v9k] MONITOR epoch 19: val sparkle 0.0/Mpx resid 0.1131 highlight_ratio 0.058 score=3.231 | mirror sparkle 0.0/Mpx resid 0.1131 highlight_ratio 0.058 (tgt sp<16 resid<0.035) *BEST->saved score_streak=0/20(LOG-ONLY) resid_streak=0/20(ABORT)
[v9k] FIRST BATCH mask check (epoch 20, pi=3 s=0): nohit_px(albedo)=3138/9216 nohit_effective(differs-from-CURE4)=1063 | cross-check vs depth-hit-flag: false_hit_dark(albedo-mask says nohit, depth says REAL HIT)=3 false_miss_albedo(depth says miss, albedo-mask missed it — should be 0)=0
[v9k] epoch 20/300 n2n_mse=0.009693 lr=0.000094 pool_yaws=[-10.8,10.3,27.6] pool_ms=1501 hist_ms=5171 batch_ms=8806 nohit_px=47703/110592(43.13%) nohit_effective=4994 (423.4s)
[v9k] MONITOR epoch 20: val sparkle 0.0/Mpx resid 0.1128 highlight_ratio 0.060 score=3.221 | mirror sparkle 0.0/Mpx resid 0.1127 highlight_ratio 0.060 (tgt sp<16 resid<0.035) *BEST->saved score_streak=0/20(LOG-ONLY) resid_streak=0/20(ABORT)
[v9k] FIRST BATCH mask check (epoch 21, pi=2 s=1): nohit_px(albedo)=1672/9216 nohit_effective(differs-from-CURE4)=542 | cross-check vs depth-hit-flag: false_hit_dark(albedo-mask says nohit, depth says REAL HIT)=394 false_miss_albedo(depth says miss, albedo-mask missed it — should be 0)=0
[v9k] epoch 21/300 n2n_mse=0.054167 lr=0.000093 pool_yaws=[15.6,8.3,20.9] pool_ms=1523 hist_ms=5158 batch_ms=8677 nohit_px=27176/110592(24.57%) nohit_effective=4653 (441.4s)
[v9k] MONITOR epoch 21: val sparkle 0.0/Mpx resid 0.1124 highlight_ratio 0.062 score=3.211 | mirror sparkle 0.0/Mpx resid 0.1123 highlight_ratio 0.063 (tgt sp<16 resid<0.035) *BEST->saved score_streak=0/20(LOG-ONLY) resid_streak=0/20(ABORT)
[v9k] FIRST BATCH mask check (epoch 22, pi=1 s=0): nohit_px(albedo)=0/9216 nohit_effective(differs-from-CURE4)=0 | cross-check vs depth-hit-flag: false_hit_dark(albedo-mask says nohit, depth says REAL HIT)=0 false_miss_albedo(depth says miss, albedo-mask missed it — should be 0)=0
[v9k] NOTE: this single first batch had zero no-hit pixels (crop landed entirely on geometry) — not aborting, waiting for the first EPOCH's aggregate count below.
[v9k] epoch 22/300 n2n_mse=0.006356 lr=0.000093 pool_yaws=[19.1,-13.1,10.0] pool_ms=1517 hist_ms=5150 batch_ms=8943 nohit_px=9416/110592(8.51%) nohit_effective=3320 (459.6s)
[v9k] MONITOR epoch 22: val sparkle 0.0/Mpx resid 0.1120 highlight_ratio 0.064 score=3.201 | mirror sparkle 0.0/Mpx resid 0.1118 highlight_ratio 0.065 (tgt sp<16 resid<0.035) *BEST->saved score_streak=0/20(LOG-ONLY) resid_streak=0/20(ABORT)
[v9k] FIRST BATCH mask check (epoch 23, pi=1 s=0): nohit_px(albedo)=8684/9216 nohit_effective(differs-from-CURE4)=195 | cross-check vs depth-hit-flag: false_hit_dark(albedo-mask says nohit, depth says REAL HIT)=0 false_miss_albedo(depth says miss, albedo-mask missed it — should be 0)=0
[v9k] epoch 23/300 n2n_mse=0.007225 lr=0.000093 pool_yaws=[25.2,-13.6,22.1] pool_ms=1409 hist_ms=5210 batch_ms=8882 nohit_px=63538/110592(57.45%) nohit_effective=3748 (477.7s)
[v9k] MONITOR epoch 23: val sparkle 0.0/Mpx resid 0.1116 highlight_ratio 0.066 score=3.190 | mirror sparkle 0.0/Mpx resid 0.1114 highlight_ratio 0.068 (tgt sp<16 resid<0.035) *BEST->saved score_streak=0/20(LOG-ONLY) resid_streak=0/20(ABORT)
[v9k] FIRST BATCH mask check (epoch 24, pi=2 s=2): nohit_px(albedo)=6656/9216 nohit_effective(differs-from-CURE4)=556 | cross-check vs depth-hit-flag: false_hit_dark(albedo-mask says nohit, depth says REAL HIT)=0 false_miss_albedo(depth says miss, albedo-mask missed it — should be 0)=0
[v9k] epoch 24/300 n2n_mse=0.005808 lr=0.000093 pool_yaws=[21.0,-21.0,6.1] pool_ms=1423 hist_ms=5163 batch_ms=8685 nohit_px=56981/110592(51.52%) nohit_effective=4687 (495.5s)
[v9k] MONITOR epoch 24: val sparkle 0.0/Mpx resid 0.1113 highlight_ratio 0.068 score=3.179 | mirror sparkle 0.0/Mpx resid 0.1109 highlight_ratio 0.070 (tgt sp<16 resid<0.035) *BEST->saved score_streak=0/20(LOG-ONLY) resid_streak=0/20(ABORT)
[v9k] PROBE epoch 24: bar-res(640x480) sparkle 0.0/Mpx resid 0.1220 highlight_ratio 0.049 (tgt sp<16 resid<0.035) took 44.6s
[v9k] FIRST BATCH mask check (epoch 25, pi=2 s=0): nohit_px(albedo)=0/9216 nohit_effective(differs-from-CURE4)=0 | cross-check vs depth-hit-flag: false_hit_dark(albedo-mask says nohit, depth says REAL HIT)=426 false_miss_albedo(depth says miss, albedo-mask missed it — should be 0)=0
[v9k] NOTE: this single first batch had zero no-hit pixels (crop landed entirely on geometry) — not aborting, waiting for the first EPOCH's aggregate count below.
[v9k] epoch 25/300 n2n_mse=0.056460 lr=0.000092 pool_yaws=[-28.6,-1.5,-10.3] pool_ms=1551 hist_ms=5108 batch_ms=8486 nohit_px=29838/110592(26.98%) nohit_effective=5367 (557.9s)
[v9k] MONITOR epoch 25: val sparkle 0.0/Mpx resid 0.1108 highlight_ratio 0.071 score=3.167 | mirror sparkle 0.0/Mpx resid 0.1105 highlight_ratio 0.073 (tgt sp<16 resid<0.035) *BEST->saved score_streak=0/20(LOG-ONLY) resid_streak=0/20(ABORT)
[v9k] FIRST BATCH mask check (epoch 26, pi=1 s=1): nohit_px(albedo)=0/9216 nohit_effective(differs-from-CURE4)=0 | cross-check vs depth-hit-flag: false_hit_dark(albedo-mask says nohit, depth says REAL HIT)=233 false_miss_albedo(depth says miss, albedo-mask missed it — should be 0)=0
[v9k] NOTE: this single first batch had zero no-hit pixels (crop landed entirely on geometry) — not aborting, waiting for the first EPOCH's aggregate count below.
[v9k] epoch 26/300 n2n_mse=0.034591 lr=0.000092 pool_yaws=[15.8,-7.0,-25.1] pool_ms=1382 hist_ms=5089 batch_ms=8484 nohit_px=9416/110592(8.51%) nohit_effective=3070 (575.5s)
[v9k] MONITOR epoch 26: val sparkle 0.0/Mpx resid 0.1104 highlight_ratio 0.073 score=3.155 | mirror sparkle 0.0/Mpx resid 0.1100 highlight_ratio 0.076 (tgt sp<16 resid<0.035) *BEST->saved score_streak=0/20(LOG-ONLY) resid_streak=0/20(ABORT)
[v9k] FIRST BATCH mask check (epoch 27, pi=0 s=2): nohit_px(albedo)=0/9216 nohit_effective(differs-from-CURE4)=0 | cross-check vs depth-hit-flag: false_hit_dark(albedo-mask says nohit, depth says REAL HIT)=0 false_miss_albedo(depth says miss, albedo-mask missed it — should be 0)=0
[v9k] NOTE: this single first batch had zero no-hit pixels (crop landed entirely on geometry) — not aborting, waiting for the first EPOCH's aggregate count below.
[v9k] epoch 27/300 n2n_mse=0.006703 lr=0.000092 pool_yaws=[11.1,29.3,16.2] pool_ms=1361 hist_ms=5126 batch_ms=8651 nohit_px=56115/110592(50.74%) nohit_effective=5052 (593.2s)
[v9k] MONITOR epoch 27: val sparkle 0.0/Mpx resid 0.1100 highlight_ratio 0.076 score=3.143 | mirror sparkle 0.0/Mpx resid 0.1095 highlight_ratio 0.079 (tgt sp<16 resid<0.035) *BEST->saved score_streak=0/20(LOG-ONLY) resid_streak=0/20(ABORT)
[v9k] FIRST BATCH mask check (epoch 28, pi=1 s=2): nohit_px(albedo)=9216/9216 nohit_effective(differs-from-CURE4)=0 | cross-check vs depth-hit-flag: false_hit_dark(albedo-mask says nohit, depth says REAL HIT)=0 false_miss_albedo(depth says miss, albedo-mask missed it — should be 0)=0
[v9k] epoch 28/300 n2n_mse=0.007953 lr=0.000091 pool_yaws=[-14.0,29.1,-20.0] pool_ms=1323 hist_ms=5104 batch_ms=8791 nohit_px=51442/110592(46.52%) nohit_effective=3646 (611.1s)
[v9k] MONITOR epoch 28: val sparkle 0.0/Mpx resid 0.1096 highlight_ratio 0.078 score=3.131 | mirror sparkle 0.0/Mpx resid 0.1090 highlight_ratio 0.081 (tgt sp<16 resid<0.035) *BEST->saved score_streak=0/20(LOG-ONLY) resid_streak=0/20(ABORT)
[v9k] FIRST BATCH mask check (epoch 29, pi=2 s=0): nohit_px(albedo)=0/9216 nohit_effective(differs-from-CURE4)=0 | cross-check vs depth-hit-flag: false_hit_dark(albedo-mask says nohit, depth says REAL HIT)=0 false_miss_albedo(depth says miss, albedo-mask missed it — should be 0)=0
[v9k] NOTE: this single first batch had zero no-hit pixels (crop landed entirely on geometry) — not aborting, waiting for the first EPOCH's aggregate count below.
[v9k] epoch 29/300 n2n_mse=0.004767 lr=0.000091 pool_yaws=[6.6,3.0,-7.3] pool_ms=1376 hist_ms=5170 batch_ms=8627 nohit_px=64010/110592(57.88%) nohit_effective=3121 (629.0s)
[v9k] MONITOR epoch 29: val sparkle 0.0/Mpx resid 0.1091 highlight_ratio 0.081 score=3.118 | mirror sparkle 0.0/Mpx resid 0.1085 highlight_ratio 0.085 (tgt sp<16 resid<0.035) *BEST->saved score_streak=0/20(LOG-ONLY) resid_streak=0/20(ABORT)
[v9k] FIRST BATCH mask check (epoch 30, pi=0 s=0): nohit_px(albedo)=2387/9216 nohit_effective(differs-from-CURE4)=361 | cross-check vs depth-hit-flag: false_hit_dark(albedo-mask says nohit, depth says REAL HIT)=41 false_miss_albedo(depth says miss, albedo-mask missed it — should be 0)=0
[v9k] epoch 30/300 n2n_mse=0.022482 lr=0.000091 pool_yaws=[-23.1,18.7,-8.8] pool_ms=1584 hist_ms=5102 batch_ms=8792 nohit_px=16849/110592(15.24%) nohit_effective=4165 (647.1s)
[v9k] MONITOR epoch 30: val sparkle 0.0/Mpx resid 0.1087 highlight_ratio 0.085 score=3.105 | mirror sparkle 0.0/Mpx resid 0.1080 highlight_ratio 0.088 (tgt sp<16 resid<0.035) *BEST->saved score_streak=0/20(LOG-ONLY) resid_streak=0/20(ABORT)
[v9k] FIRST BATCH mask check (epoch 31, pi=0 s=1): nohit_px(albedo)=654/9216 nohit_effective(differs-from-CURE4)=134 | cross-check vs depth-hit-flag: false_hit_dark(albedo-mask says nohit, depth says REAL HIT)=19 false_miss_albedo(depth says miss, albedo-mask missed it — should be 0)=0
[v9k] epoch 31/300 n2n_mse=0.010965 lr=0.000091 pool_yaws=[-25.3,14.2,28.5] pool_ms=1395 hist_ms=5163 batch_ms=8719 nohit_px=37502/110592(33.91%) nohit_effective=4272 (665.0s)
[v9k] MONITOR epoch 31: val sparkle 0.0/Mpx resid 0.1082 highlight_ratio 0.088 score=3.092 | mirror sparkle 0.0/Mpx resid 0.1075 highlight_ratio 0.092 (tgt sp<16 resid<0.035) *BEST->saved score_streak=0/20(LOG-ONLY) resid_streak=0/20(ABORT)
[v9k] FIRST BATCH mask check (epoch 32, pi=3 s=0): nohit_px(albedo)=3138/9216 nohit_effective(differs-from-CURE4)=871 | cross-check vs depth-hit-flag: false_hit_dark(albedo-mask says nohit, depth says REAL HIT)=3 false_miss_albedo(depth says miss, albedo-mask missed it — should be 0)=0
[v9k] epoch 32/300 n2n_mse=0.005173 lr=0.000090 pool_yaws=[24.2,-2.5,17.1] pool_ms=1492 hist_ms=5277 batch_ms=8763 nohit_px=37064/110592(33.51%) nohit_effective=2575 (683.1s)
[v9k] MONITOR epoch 32: val sparkle 0.0/Mpx resid 0.1078 highlight_ratio 0.092 score=3.079 | mirror sparkle 0.0/Mpx resid 0.1070 highlight_ratio 0.096 (tgt sp<16 resid<0.035) *BEST->saved score_streak=0/20(LOG-ONLY) resid_streak=0/20(ABORT)
[v9k] FIRST BATCH mask check (epoch 33, pi=3 s=1): nohit_px(albedo)=3160/9216 nohit_effective(differs-from-CURE4)=943 | cross-check vs depth-hit-flag: false_hit_dark(albedo-mask says nohit, depth says REAL HIT)=1 false_miss_albedo(depth says miss, albedo-mask missed it — should be 0)=0
[v9k] epoch 33/300 n2n_mse=0.036976 lr=0.000090 pool_yaws=[4.8,26.2,27.5] pool_ms=1545 hist_ms=5331 batch_ms=9655 nohit_px=14907/110592(13.48%) nohit_effective=3947 (702.2s)
[v9k] MONITOR epoch 33: val sparkle 0.0/Mpx resid 0.1073 highlight_ratio 0.096 score=3.066 | mirror sparkle 0.0/Mpx resid 0.1065 highlight_ratio 0.100 (tgt sp<16 resid<0.035) *BEST->saved score_streak=0/20(LOG-ONLY) resid_streak=0/20(ABORT)
[v9k] FIRST BATCH mask check (epoch 34, pi=0 s=2): nohit_px(albedo)=6336/9216 nohit_effective(differs-from-CURE4)=192 | cross-check vs depth-hit-flag: false_hit_dark(albedo-mask says nohit, depth says REAL HIT)=0 false_miss_albedo(depth says miss, albedo-mask missed it — should be 0)=0
[v9k] epoch 34/300 n2n_mse=0.005088 lr=0.000090 pool_yaws=[3.2,5.7,3.4] pool_ms=1363 hist_ms=5530 batch_ms=10842 nohit_px=55640/110592(50.31%) nohit_effective=2916 (722.8s)
[v9k] MONITOR epoch 34: val sparkle 0.0/Mpx resid 0.1068 highlight_ratio 0.100 score=3.052 | mirror sparkle 0.0/Mpx resid 0.1060 highlight_ratio 0.104 (tgt sp<16 resid<0.035) *BEST->saved score_streak=0/20(LOG-ONLY) resid_streak=0/20(ABORT)
[v9k] FIRST BATCH mask check (epoch 35, pi=0 s=2): nohit_px(albedo)=7485/9216 nohit_effective(differs-from-CURE4)=358 | cross-check vs depth-hit-flag: false_hit_dark(albedo-mask says nohit, depth says REAL HIT)=23 false_miss_albedo(depth says miss, albedo-mask missed it — should be 0)=0
[v9k] epoch 35/300 n2n_mse=0.042596 lr=0.000090 pool_yaws=[1.0,28.1,24.9] pool_ms=1523 hist_ms=5442 batch_ms=8904 nohit_px=31705/110592(28.67%) nohit_effective=4240 (741.4s)
[v9k] MONITOR epoch 35: val sparkle 0.0/Mpx resid 0.1063 highlight_ratio 0.104 score=3.038 | mirror sparkle 0.0/Mpx resid 0.1054 highlight_ratio 0.109 (tgt sp<16 resid<0.035) *BEST->saved score_streak=0/20(LOG-ONLY) resid_streak=0/20(ABORT)
[v9k] FIRST BATCH mask check (epoch 36, pi=3 s=1): nohit_px(albedo)=3160/9216 nohit_effective(differs-from-CURE4)=945 | cross-check vs depth-hit-flag: false_hit_dark(albedo-mask says nohit, depth says REAL HIT)=1 false_miss_albedo(depth says miss, albedo-mask missed it — should be 0)=0
[v9k] epoch 36/300 n2n_mse=0.040016 lr=0.000089 pool_yaws=[27.0,-0.5,19.5] pool_ms=1535 hist_ms=5469 batch_ms=9105 nohit_px=26948/110592(24.37%) nohit_effective=5196 (760.1s)
[v9k] MONITOR epoch 36: val sparkle 0.0/Mpx resid 0.1058 highlight_ratio 0.109 score=3.023 | mirror sparkle 0.0/Mpx resid 0.1049 highlight_ratio 0.114 (tgt sp<16 resid<0.035) *BEST->saved score_streak=0/20(LOG-ONLY) resid_streak=0/20(ABORT)
[v9k] FIRST BATCH mask check (epoch 37, pi=1 s=0): nohit_px(albedo)=8981/9216 nohit_effective(differs-from-CURE4)=332 | cross-check vs depth-hit-flag: false_hit_dark(albedo-mask says nohit, depth says REAL HIT)=0 false_miss_albedo(depth says miss, albedo-mask missed it — should be 0)=0
[v9k] epoch 37/300 n2n_mse=0.005122 lr=0.000089 pool_yaws=[2.0,-3.0,17.8] pool_ms=1742 hist_ms=5811 batch_ms=9417 nohit_px=63597/110592(57.51%) nohit_effective=3572 (779.9s)
[v9k] MONITOR epoch 37: val sparkle 0.0/Mpx resid 0.1053 highlight_ratio 0.113 score=3.009 | mirror sparkle 0.0/Mpx resid 0.1043 highlight_ratio 0.119 (tgt sp<16 resid<0.035) *BEST->saved score_streak=0/20(LOG-ONLY) resid_streak=0/20(ABORT)
[v9k] FIRST BATCH mask check (epoch 38, pi=3 s=0): nohit_px(albedo)=3138/9216 nohit_effective(differs-from-CURE4)=853 | cross-check vs depth-hit-flag: false_hit_dark(albedo-mask says nohit, depth says REAL HIT)=3 false_miss_albedo(depth says miss, albedo-mask missed it — should be 0)=0
[v9k] epoch 38/300 n2n_mse=0.021146 lr=0.000089 pool_yaws=[13.7,5.1,-21.6] pool_ms=1438 hist_ms=5332 batch_ms=10287 nohit_px=64422/110592(58.25%) nohit_effective=2751 (799.6s)
[v9k] MONITOR epoch 38: val sparkle 0.0/Mpx resid 0.1048 highlight_ratio 0.118 score=2.994 | mirror sparkle 0.0/Mpx resid 0.1038 highlight_ratio 0.124 (tgt sp<16 resid<0.035) *BEST->saved score_streak=0/20(LOG-ONLY) resid_streak=0/20(ABORT)
[v9k] FIRST BATCH mask check (epoch 39, pi=2 s=2): nohit_px(albedo)=810/9216 nohit_effective(differs-from-CURE4)=230 | cross-check vs depth-hit-flag: false_hit_dark(albedo-mask says nohit, depth says REAL HIT)=33 false_miss_albedo(depth says miss, albedo-mask missed it — should be 0)=0
[v9k] epoch 39/300 n2n_mse=0.008222 lr=0.000088 pool_yaws=[-1.9,16.2,-28.9] pool_ms=1499 hist_ms=5506 batch_ms=9211 nohit_px=39272/110592(35.51%) nohit_effective=3515 (818.6s)
[v9k] MONITOR epoch 39: val sparkle 0.0/Mpx resid 0.1042 highlight_ratio 0.122 score=2.978 | mirror sparkle 0.0/Mpx resid 0.1032 highlight_ratio 0.129 (tgt sp<16 resid<0.035) *BEST->saved score_streak=0/20(LOG-ONLY) resid_streak=0/20(ABORT)
[v9k] FIRST BATCH mask check (epoch 40, pi=3 s=0): nohit_px(albedo)=3138/9216 nohit_effective(differs-from-CURE4)=1015 | cross-check vs depth-hit-flag: false_hit_dark(albedo-mask says nohit, depth says REAL HIT)=3 false_miss_albedo(depth says miss, albedo-mask missed it — should be 0)=0
[v9k] epoch 40/300 n2n_mse=0.062669 lr=0.000088 pool_yaws=[20.4,24.7,23.3] pool_ms=1570 hist_ms=6369 batch_ms=9158 nohit_px=37064/110592(33.51%) nohit_effective=2822 (838.4s)
[v9k] MONITOR epoch 40: val sparkle 0.0/Mpx resid 0.1037 highlight_ratio 0.127 score=2.963 | mirror sparkle 0.0/Mpx resid 0.1026 highlight_ratio 0.134 (tgt sp<16 resid<0.035) *BEST->saved score_streak=0/20(LOG-ONLY) resid_streak=0/20(ABORT)
[v9k] FIRST BATCH mask check (epoch 41, pi=2 s=1): nohit_px(albedo)=0/9216 nohit_effective(differs-from-CURE4)=0 | cross-check vs depth-hit-flag: false_hit_dark(albedo-mask says nohit, depth says REAL HIT)=0 false_miss_albedo(depth says miss, albedo-mask missed it — should be 0)=0
[v9k] NOTE: this single first batch had zero no-hit pixels (crop landed entirely on geometry) — not aborting, waiting for the first EPOCH's aggregate count below.
[v9k] epoch 41/300 n2n_mse=0.005408 lr=0.000088 pool_yaws=[-21.5,14.4,-29.9] pool_ms=1436 hist_ms=5164 batch_ms=8781 nohit_px=15785/110592(14.27%) nohit_effective=3178 (856.4s)
[v9k] MONITOR epoch 41: val sparkle 0.0/Mpx resid 0.1032 highlight_ratio 0.132 score=2.947 | mirror sparkle 0.0/Mpx resid 0.1021 highlight_ratio 0.140 (tgt sp<16 resid<0.035) *BEST->saved score_streak=0/20(LOG-ONLY) resid_streak=0/20(ABORT)
[v9k] FIRST BATCH mask check (epoch 42, pi=0 s=0): nohit_px(albedo)=9216/9216 nohit_effective(differs-from-CURE4)=0 | cross-check vs depth-hit-flag: false_hit_dark(albedo-mask says nohit, depth says REAL HIT)=0 false_miss_albedo(depth says miss, albedo-mask missed it — should be 0)=0
[v9k] epoch 42/300 n2n_mse=0.004361 lr=0.000088 pool_yaws=[-6.0,9.0,16.2] pool_ms=1287 hist_ms=5177 batch_ms=8925 nohit_px=64712/110592(58.51%) nohit_effective=2569 (874.8s)
[v9k] MONITOR epoch 42: val sparkle 0.0/Mpx resid 0.1026 highlight_ratio 0.137 score=2.932 | mirror sparkle 0.0/Mpx resid 0.1015 highlight_ratio 0.145 (tgt sp<16 resid<0.035) *BEST->saved score_streak=0/20(LOG-ONLY) resid_streak=0/20(ABORT)
[v9k] FIRST BATCH mask check (epoch 43, pi=1 s=2): nohit_px(albedo)=1899/9216 nohit_effective(differs-from-CURE4)=317 | cross-check vs depth-hit-flag: false_hit_dark(albedo-mask says nohit, depth says REAL HIT)=204 false_miss_albedo(depth says miss, albedo-mask missed it — should be 0)=0
[v9k] epoch 43/300 n2n_mse=0.046884 lr=0.000087 pool_yaws=[4.9,0.1,-17.0] pool_ms=1932 hist_ms=5191 batch_ms=8769 nohit_px=39053/110592(35.31%) nohit_effective=5385 (893.3s)
[v9k] MONITOR epoch 43: val sparkle 0.0/Mpx resid 0.1021 highlight_ratio 0.142 score=2.916 | mirror sparkle 0.0/Mpx resid 0.1009 highlight_ratio 0.151 (tgt sp<16 resid<0.035) *BEST->saved score_streak=0/20(LOG-ONLY) resid_streak=0/20(ABORT)
[v9k] FIRST BATCH mask check (epoch 44, pi=3 s=2): nohit_px(albedo)=3118/9216 nohit_effective(differs-from-CURE4)=934 | cross-check vs depth-hit-flag: false_hit_dark(albedo-mask says nohit, depth says REAL HIT)=3 false_miss_albedo(depth says miss, albedo-mask missed it — should be 0)=0
[v9k] epoch 44/300 n2n_mse=0.005990 lr=0.000087 pool_yaws=[-29.7,9.5,-10.4] pool_ms=1624 hist_ms=5178 batch_ms=8956 nohit_px=9416/110592(8.51%) nohit_effective=2714 (911.7s)
[v9k] MONITOR epoch 44: val sparkle 0.0/Mpx resid 0.1015 highlight_ratio 0.147 score=2.901 | mirror sparkle 0.0/Mpx resid 0.1003 highlight_ratio 0.156 (tgt sp<16 resid<0.035) *BEST->saved score_streak=0/20(LOG-ONLY) resid_streak=0/20(ABORT)
[v9k] FIRST BATCH mask check (epoch 45, pi=1 s=0): nohit_px(albedo)=0/9216 nohit_effective(differs-from-CURE4)=0 | cross-check vs depth-hit-flag: false_hit_dark(albedo-mask says nohit, depth says REAL HIT)=0 false_miss_albedo(depth says miss, albedo-mask missed it — should be 0)=0
[v9k] NOTE: this single first batch had zero no-hit pixels (crop landed entirely on geometry) — not aborting, waiting for the first EPOCH's aggregate count below.
[v9k] epoch 45/300 n2n_mse=0.004709 lr=0.000087 pool_yaws=[-22.3,5.4,9.6] pool_ms=1446 hist_ms=5134 batch_ms=8722 nohit_px=9416/110592(8.51%) nohit_effective=3200 (929.6s)
[v9k] MONITOR epoch 45: val sparkle 0.0/Mpx resid 0.1010 highlight_ratio 0.152 score=2.885 | mirror sparkle 0.0/Mpx resid 0.0997 highlight_ratio 0.161 (tgt sp<16 resid<0.035) *BEST->saved score_streak=0/20(LOG-ONLY) resid_streak=0/20(ABORT)
[v9k] FIRST BATCH mask check (epoch 46, pi=3 s=0): nohit_px(albedo)=3138/9216 nohit_effective(differs-from-CURE4)=964 | cross-check vs depth-hit-flag: false_hit_dark(albedo-mask says nohit, depth says REAL HIT)=3 false_miss_albedo(depth says miss, albedo-mask missed it — should be 0)=0
[v9k] epoch 46/300 n2n_mse=0.007420 lr=0.000087 pool_yaws=[19.6,-6.1,8.1] pool_ms=1413 hist_ms=5144 batch_ms=9267 nohit_px=44495/110592(40.23%) nohit_effective=3920 (948.0s)
[v9k] MONITOR epoch 46: val sparkle 0.0/Mpx resid 0.1004 highlight_ratio 0.156 score=2.870 | mirror sparkle 0.0/Mpx resid 0.0992 highlight_ratio 0.167 (tgt sp<16 resid<0.035) *BEST->saved score_streak=0/20(LOG-ONLY) resid_streak=0/20(ABORT)
[v9k] FIRST BATCH mask check (epoch 47, pi=2 s=2): nohit_px(albedo)=0/9216 nohit_effective(differs-from-CURE4)=0 | cross-check vs depth-hit-flag: false_hit_dark(albedo-mask says nohit, depth says REAL HIT)=0 false_miss_albedo(depth says miss, albedo-mask missed it — should be 0)=0
[v9k] NOTE: this single first batch had zero no-hit pixels (crop landed entirely on geometry) — not aborting, waiting for the first EPOCH's aggregate count below.
[v9k] epoch 47/300 n2n_mse=0.004839 lr=0.000086 pool_yaws=[-13.9,12.8,-27.8] pool_ms=1373 hist_ms=5196 batch_ms=8536 nohit_px=37064/110592(33.51%) nohit_effective=2701 (966.0s)
[v9k] MONITOR epoch 47: val sparkle 0.0/Mpx resid 0.0999 highlight_ratio 0.161 score=2.854 | mirror sparkle 0.0/Mpx resid 0.0986 highlight_ratio 0.173 (tgt sp<16 resid<0.035) *BEST->saved score_streak=0/20(LOG-ONLY) resid_streak=0/20(ABORT)
[v9k] FIRST BATCH mask check (epoch 48, pi=2 s=2): nohit_px(albedo)=0/9216 nohit_effective(differs-from-CURE4)=0 | cross-check vs depth-hit-flag: false_hit_dark(albedo-mask says nohit, depth says REAL HIT)=0 false_miss_albedo(depth says miss, albedo-mask missed it — should be 0)=0
[v9k] NOTE: this single first batch had zero no-hit pixels (crop landed entirely on geometry) — not aborting, waiting for the first EPOCH's aggregate count below.
[v9k] epoch 48/300 n2n_mse=0.005851 lr=0.000086 pool_yaws=[14.7,18.5,24.1] pool_ms=1196 hist_ms=5064 batch_ms=8633 nohit_px=30995/110592(28.03%) nohit_effective=4089 (983.4s)
[v9k] MONITOR epoch 48: val sparkle 0.0/Mpx resid 0.0993 highlight_ratio 0.166 score=2.838 | mirror sparkle 0.0/Mpx resid 0.0980 highlight_ratio 0.178 (tgt sp<16 resid<0.035) *BEST->saved score_streak=0/20(LOG-ONLY) resid_streak=0/20(ABORT)
[v9k] FIRST BATCH mask check (epoch 49, pi=0 s=1): nohit_px(albedo)=9216/9216 nohit_effective(differs-from-CURE4)=0 | cross-check vs depth-hit-flag: false_hit_dark(albedo-mask says nohit, depth says REAL HIT)=0 false_miss_albedo(depth says miss, albedo-mask missed it — should be 0)=0
[v9k] epoch 49/300 n2n_mse=0.006414 lr=0.000086 pool_yaws=[28.5,-27.2,-29.7] pool_ms=1326 hist_ms=5178 batch_ms=8821 nohit_px=37064/110592(33.51%) nohit_effective=2381 (1001.4s)
[v9k] MONITOR epoch 49: val sparkle 108.5/Mpx resid 0.0988 highlight_ratio 0.171 score=2.823 | mirror sparkle 0.0/Mpx resid 0.0974 highlight_ratio 0.184 (tgt sp<16 resid<0.035) *BEST->saved score_streak=0/20(LOG-ONLY) resid_streak=0/20(ABORT)
[v9k] PROBE epoch 49: bar-res(640x480) sparkle 0.0/Mpx resid 0.1084 highlight_ratio 0.153 (tgt sp<16 resid<0.035) took 45.7s
[v9k] FIRST BATCH mask check (epoch 50, pi=2 s=1): nohit_px(albedo)=0/9216 nohit_effective(differs-from-CURE4)=0 | cross-check vs depth-hit-flag: false_hit_dark(albedo-mask says nohit, depth says REAL HIT)=0 false_miss_albedo(depth says miss, albedo-mask missed it — should be 0)=0
[v9k] NOTE: this single first batch had zero no-hit pixels (crop landed entirely on geometry) — not aborting, waiting for the first EPOCH's aggregate count below.
[v9k] epoch 50/300 n2n_mse=0.005285 lr=0.000086 pool_yaws=[-24.3,-17.3,15.1] pool_ms=1722 hist_ms=5295 batch_ms=8796 nohit_px=10570/110592(9.56%) nohit_effective=2827 (1065.7s)
[v9k] MONITOR epoch 50: val sparkle 108.5/Mpx resid 0.0982 highlight_ratio 0.176 score=2.807 | mirror sparkle 0.0/Mpx resid 0.0969 highlight_ratio 0.189 (tgt sp<16 resid<0.035) *BEST->saved score_streak=0/20(LOG-ONLY) resid_streak=0/20(ABORT)
[v9k] FIRST BATCH mask check (epoch 51, pi=3 s=0): nohit_px(albedo)=3138/9216 nohit_effective(differs-from-CURE4)=854 | cross-check vs depth-hit-flag: false_hit_dark(albedo-mask says nohit, depth says REAL HIT)=3 false_miss_albedo(depth says miss, albedo-mask missed it — should be 0)=0
[v9k] epoch 51/300 n2n_mse=0.004823 lr=0.000085 pool_yaws=[28.2,22.4,-1.2] pool_ms=1334 hist_ms=5197 batch_ms=9257 nohit_px=64694/110592(58.50%) nohit_effective=2434 (1084.1s)
[v9k] MONITOR epoch 51: val sparkle 108.5/Mpx resid 0.0977 highlight_ratio 0.181 score=2.791 | mirror sparkle 0.0/Mpx resid 0.0963 highlight_ratio 0.195 (tgt sp<16 resid<0.035) *BEST->saved score_streak=0/20(LOG-ONLY) resid_streak=0/20(ABORT)
[v9k] FIRST BATCH mask check (epoch 52, pi=3 s=0): nohit_px(albedo)=3138/9216 nohit_effective(differs-from-CURE4)=765 | cross-check vs depth-hit-flag: false_hit_dark(albedo-mask says nohit, depth says REAL HIT)=3 false_miss_albedo(depth says miss, albedo-mask missed it — should be 0)=0
[v9k] epoch 52/300 n2n_mse=0.050956 lr=0.000085 pool_yaws=[26.8,13.7,25.0] pool_ms=1566 hist_ms=5252 batch_ms=9531 nohit_px=39616/110592(35.82%) nohit_effective=3309 (1103.1s)
[v9k] MONITOR epoch 52: val sparkle 108.5/Mpx resid 0.0971 highlight_ratio 0.186 score=2.776 | mirror sparkle 0.0/Mpx resid 0.0957 highlight_ratio 0.200 (tgt sp<16 resid<0.035) *BEST->saved score_streak=0/20(LOG-ONLY) resid_streak=0/20(ABORT)
[v9k] FIRST BATCH mask check (epoch 53, pi=3 s=1): nohit_px(albedo)=3160/9216 nohit_effective(differs-from-CURE4)=793 | cross-check vs depth-hit-flag: false_hit_dark(albedo-mask says nohit, depth says REAL HIT)=1 false_miss_albedo(depth says miss, albedo-mask missed it — should be 0)=0
[v9k] epoch 53/300 n2n_mse=0.050922 lr=0.000085 pool_yaws=[-29.5,19.2,26.5] pool_ms=1546 hist_ms=5186 batch_ms=8826 nohit_px=9416/110592(8.51%) nohit_effective=2286 (1121.3s)
[v9k] MONITOR epoch 53: val sparkle 108.5/Mpx resid 0.0966 highlight_ratio 0.191 score=2.760 | mirror sparkle 0.0/Mpx resid 0.0951 highlight_ratio 0.206 (tgt sp<16 resid<0.035) *BEST->saved score_streak=0/20(LOG-ONLY) resid_streak=0/20(ABORT)
[v9k] FIRST BATCH mask check (epoch 54, pi=1 s=1): nohit_px(albedo)=0/9216 nohit_effective(differs-from-CURE4)=0 | cross-check vs depth-hit-flag: false_hit_dark(albedo-mask says nohit, depth says REAL HIT)=164 false_miss_albedo(depth says miss, albedo-mask missed it — should be 0)=0
[v9k] NOTE: this single first batch had zero no-hit pixels (crop landed entirely on geometry) — not aborting, waiting for the first EPOCH's aggregate count below.
[v9k] epoch 54/300 n2n_mse=0.024489 lr=0.000085 pool_yaws=[17.8,-4.4,10.4] pool_ms=1366 hist_ms=5075 batch_ms=8741 nohit_px=37064/110592(33.51%) nohit_effective=2142 (1139.0s)
[v9k] MONITOR epoch 54: val sparkle 108.5/Mpx resid 0.0961 highlight_ratio 0.196 score=2.745 | mirror sparkle 0.0/Mpx resid 0.0946 highlight_ratio 0.211 (tgt sp<16 resid<0.035) *BEST->saved score_streak=0/20(LOG-ONLY) resid_streak=0/20(ABORT)
[v9k] FIRST BATCH mask check (epoch 55, pi=1 s=2): nohit_px(albedo)=9216/9216 nohit_effective(differs-from-CURE4)=53 | cross-check vs depth-hit-flag: false_hit_dark(albedo-mask says nohit, depth says REAL HIT)=0 false_miss_albedo(depth says miss, albedo-mask missed it — should be 0)=0
[v9k] epoch 55/300 n2n_mse=0.039354 lr=0.000085 pool_yaws=[-25.4,21.1,-22.3] pool_ms=1294 hist_ms=5054 batch_ms=8850 nohit_px=42348/110592(38.29%) nohit_effective=3475 (1156.7s)
[v9k] MONITOR epoch 55: val sparkle 217.0/Mpx resid 0.0955 highlight_ratio 0.201 score=5.425 | mirror sparkle 0.0/Mpx resid 0.0940 highlight_ratio 0.217 (tgt sp<16 resid<0.035) score_streak=1/20(LOG-ONLY) resid_streak=0/20(ABORT)
[v9k] FIRST BATCH mask check (epoch 56, pi=2 s=2): nohit_px(albedo)=0/9216 nohit_effective(differs-from-CURE4)=0 | cross-check vs depth-hit-flag: false_hit_dark(albedo-mask says nohit, depth says REAL HIT)=0 false_miss_albedo(depth says miss, albedo-mask missed it — should be 0)=0
[v9k] NOTE: this single first batch had zero no-hit pixels (crop landed entirely on geometry) — not aborting, waiting for the first EPOCH's aggregate count below.
[v9k] epoch 56/300 n2n_mse=0.004530 lr=0.000084 pool_yaws=[-5.3,-16.6,9.0] pool_ms=1188 hist_ms=5090 batch_ms=8751 nohit_px=9416/110592(8.51%) nohit_effective=2109 (1174.3s)
[v9k] MONITOR epoch 56: val sparkle 217.0/Mpx resid 0.0950 highlight_ratio 0.206 score=5.425 | mirror sparkle 0.0/Mpx resid 0.0935 highlight_ratio 0.222 (tgt sp<16 resid<0.035) score_streak=2/20(LOG-ONLY) resid_streak=0/20(ABORT)
[v9k] FIRST BATCH mask check (epoch 57, pi=2 s=1): nohit_px(albedo)=0/9216 nohit_effective(differs-from-CURE4)=0 | cross-check vs depth-hit-flag: false_hit_dark(albedo-mask says nohit, depth says REAL HIT)=0 false_miss_albedo(depth says miss, albedo-mask missed it — should be 0)=0
[v9k] NOTE: this single first batch had zero no-hit pixels (crop landed entirely on geometry) — not aborting, waiting for the first EPOCH's aggregate count below.
[v9k] epoch 57/300 n2n_mse=0.014236 lr=0.000084 pool_yaws=[19.9,17.9,28.2] pool_ms=1705 hist_ms=5203 batch_ms=9409 nohit_px=14223/110592(12.86%) nohit_effective=3203 (1193.2s)
[v9k] MONITOR epoch 57: val sparkle 217.0/Mpx resid 0.0945 highlight_ratio 0.210 score=5.425 | mirror sparkle 0.0/Mpx resid 0.0929 highlight_ratio 0.227 (tgt sp<16 resid<0.035) score_streak=3/20(LOG-ONLY) resid_streak=0/20(ABORT)
[v9k] FIRST BATCH mask check (epoch 58, pi=1 s=0): nohit_px(albedo)=0/9216 nohit_effective(differs-from-CURE4)=0 | cross-check vs depth-hit-flag: false_hit_dark(albedo-mask says nohit, depth says REAL HIT)=0 false_miss_albedo(depth says miss, albedo-mask missed it — should be 0)=0
[v9k] NOTE: this single first batch had zero no-hit pixels (crop landed entirely on geometry) — not aborting, waiting for the first EPOCH's aggregate count below.
[v9k] epoch 58/300 n2n_mse=0.003555 lr=0.000084 pool_yaws=[29.7,-9.9,13.4] pool_ms=1480 hist_ms=5236 batch_ms=8772 nohit_px=37064/110592(33.51%) nohit_effective=2230 (1211.4s)
[v9k] MONITOR epoch 58: val sparkle 325.5/Mpx resid 0.0940 highlight_ratio 0.215 score=8.138 | mirror sparkle 0.0/Mpx resid 0.0924 highlight_ratio 0.232 (tgt sp<16 resid<0.035) score_streak=4/20(LOG-ONLY) resid_streak=0/20(ABORT)
[v9k] FIRST BATCH mask check (epoch 59, pi=0 s=1): nohit_px(albedo)=5472/9216 nohit_effective(differs-from-CURE4)=0 | cross-check vs depth-hit-flag: false_hit_dark(albedo-mask says nohit, depth says REAL HIT)=0 false_miss_albedo(depth says miss, albedo-mask missed it — should be 0)=0
[v9k] epoch 59/300 n2n_mse=0.003897 lr=0.000084 pool_yaws=[11.2,-7.8,27.0] pool_ms=1484 hist_ms=5119 batch_ms=8889 nohit_px=25832/110592(23.36%) nohit_effective=2119 (1229.5s)
[v9k] MONITOR epoch 59: val sparkle 325.5/Mpx resid 0.0934 highlight_ratio 0.219 score=8.138 | mirror sparkle 0.0/Mpx resid 0.0918 highlight_ratio 0.237 (tgt sp<16 resid<0.035) score_streak=5/20(LOG-ONLY) resid_streak=0/20(ABORT)
[v9k] FIRST BATCH mask check (epoch 60, pi=2 s=0): nohit_px(albedo)=4354/9216 nohit_effective(differs-from-CURE4)=215 | cross-check vs depth-hit-flag: false_hit_dark(albedo-mask says nohit, depth says REAL HIT)=63 false_miss_albedo(depth says miss, albedo-mask missed it — should be 0)=0
[v9k] epoch 60/300 n2n_mse=0.013028 lr=0.000083 pool_yaws=[21.6,2.6,-6.0] pool_ms=1581 hist_ms=5196 batch_ms=9054 nohit_px=41189/110592(37.24%) nohit_effective=4264 (1247.9s)
[v9k] MONITOR epoch 60: val sparkle 325.5/Mpx resid 0.0929 highlight_ratio 0.224 score=8.138 | mirror sparkle 0.0/Mpx resid 0.0913 highlight_ratio 0.242 (tgt sp<16 resid<0.035) score_streak=6/20(LOG-ONLY) resid_streak=0/20(ABORT)
[v9k] FIRST BATCH mask check (epoch 61, pi=0 s=2): nohit_px(albedo)=9216/9216 nohit_effective(differs-from-CURE4)=114 | cross-check vs depth-hit-flag: false_hit_dark(albedo-mask says nohit, depth says REAL HIT)=0 false_miss_albedo(depth says miss, albedo-mask missed it — should be 0)=0
[v9k] epoch 61/300 n2n_mse=0.004567 lr=0.000083 pool_yaws=[-4.0,19.2,-14.1] pool_ms=1463 hist_ms=5138 batch_ms=8998 nohit_px=37064/110592(33.51%) nohit_effective=2192 (1266.1s)
[v9k] MONITOR epoch 61: val sparkle 325.5/Mpx resid 0.0924 highlight_ratio 0.228 score=8.138 | mirror sparkle 0.0/Mpx resid 0.0907 highlight_ratio 0.248 (tgt sp<16 resid<0.035) score_streak=7/20(LOG-ONLY) resid_streak=0/20(ABORT)
[v9k] FIRST BATCH mask check (epoch 62, pi=0 s=1): nohit_px(albedo)=3116/9216 nohit_effective(differs-from-CURE4)=52 | cross-check vs depth-hit-flag: false_hit_dark(albedo-mask says nohit, depth says REAL HIT)=0 false_miss_albedo(depth says miss, albedo-mask missed it — should be 0)=0
[v9k] epoch 62/300 n2n_mse=0.005216 lr=0.000083 pool_yaws=[-26.2,-9.3,-11.4] pool_ms=1401 hist_ms=5083 batch_ms=8629 nohit_px=18832/110592(17.03%) nohit_effective=2009 (1283.7s)
[v9k] MONITOR epoch 62: val sparkle 325.5/Mpx resid 0.0919 highlight_ratio 0.233 score=8.138 | mirror sparkle 0.0/Mpx resid 0.0902 highlight_ratio 0.253 (tgt sp<16 resid<0.035) score_streak=8/20(LOG-ONLY) resid_streak=0/20(ABORT)
[v9k] FIRST BATCH mask check (epoch 63, pi=3 s=0): nohit_px(albedo)=3138/9216 nohit_effective(differs-from-CURE4)=600 | cross-check vs depth-hit-flag: false_hit_dark(albedo-mask says nohit, depth says REAL HIT)=3 false_miss_albedo(depth says miss, albedo-mask missed it — should be 0)=0
[v9k] epoch 63/300 n2n_mse=0.003645 lr=0.000083 pool_yaws=[1.7,-1.5,3.2] pool_ms=1134 hist_ms=5073 batch_ms=8907 nohit_px=64685/110592(58.49%) nohit_effective=1835 (1301.4s)
[v9k] MONITOR epoch 63: val sparkle 325.5/Mpx resid 0.0914 highlight_ratio 0.237 score=8.138 | mirror sparkle 0.0/Mpx resid 0.0897 highlight_ratio 0.258 (tgt sp<16 resid<0.035) score_streak=9/20(LOG-ONLY) resid_streak=0/20(ABORT)
[v9k] FIRST BATCH mask check (epoch 64, pi=0 s=2): nohit_px(albedo)=0/9216 nohit_effective(differs-from-CURE4)=0 | cross-check vs depth-hit-flag: false_hit_dark(albedo-mask says nohit, depth says REAL HIT)=0 false_miss_albedo(depth says miss, albedo-mask missed it — should be 0)=0
[v9k] NOTE: this single first batch had zero no-hit pixels (crop landed entirely on geometry) — not aborting, waiting for the first EPOCH's aggregate count below.
[v9k] epoch 64/300 n2n_mse=0.046617 lr=0.000082 pool_yaws=[13.1,19.8,19.9] pool_ms=1215 hist_ms=5041 batch_ms=8816 nohit_px=9416/110592(8.51%) nohit_effective=2224 (1319.0s)
[v9k] MONITOR epoch 64: val sparkle 325.5/Mpx resid 0.0908 highlight_ratio 0.241 score=8.138 | mirror sparkle 0.0/Mpx resid 0.0891 highlight_ratio 0.263 (tgt sp<16 resid<0.035) score_streak=10/20(LOG-ONLY) resid_streak=0/20(ABORT)
[v9k] FIRST BATCH mask check (epoch 65, pi=3 s=0): nohit_px(albedo)=3138/9216 nohit_effective(differs-from-CURE4)=886 | cross-check vs depth-hit-flag: false_hit_dark(albedo-mask says nohit, depth says REAL HIT)=3 false_miss_albedo(depth says miss, albedo-mask missed it — should be 0)=0
[v9k] epoch 65/300 n2n_mse=0.003965 lr=0.000082 pool_yaws=[-11.9,-12.2,29.4] pool_ms=1041 hist_ms=5082 batch_ms=8657 nohit_px=64712/110592(58.51%) nohit_effective=2343 (1336.3s)
[v9k] MONITOR epoch 65: val sparkle 325.5/Mpx resid 0.0903 highlight_ratio 0.246 score=8.138 | mirror sparkle 0.0/Mpx resid 0.0886 highlight_ratio 0.268 (tgt sp<16 resid<0.035) score_streak=11/20(LOG-ONLY) resid_streak=0/20(ABORT)
[v9k] FIRST BATCH mask check (epoch 66, pi=3 s=1): nohit_px(albedo)=3160/9216 nohit_effective(differs-from-CURE4)=682 | cross-check vs depth-hit-flag: false_hit_dark(albedo-mask says nohit, depth says REAL HIT)=1 false_miss_albedo(depth says miss, albedo-mask missed it — should be 0)=0
[v9k] epoch 66/300 n2n_mse=0.030335 lr=0.000082 pool_yaws=[-8.5,27.2,1.8] pool_ms=1157 hist_ms=5041 batch_ms=8834 nohit_px=10712/110592(9.69%) nohit_effective=2478 (1353.8s)
[v9k] MONITOR epoch 66: val sparkle 325.5/Mpx resid 0.0898 highlight_ratio 0.250 score=8.138 | mirror sparkle 0.0/Mpx resid 0.0880 highlight_ratio 0.273 (tgt sp<16 resid<0.035) score_streak=12/20(LOG-ONLY) resid_streak=0/20(ABORT)
[v9k] FIRST BATCH mask check (epoch 67, pi=1 s=0): nohit_px(albedo)=0/9216 nohit_effective(differs-from-CURE4)=0 | cross-check vs depth-hit-flag: false_hit_dark(albedo-mask says nohit, depth says REAL HIT)=0 false_miss_albedo(depth says miss, albedo-mask missed it — should be 0)=0
[v9k] NOTE: this single first batch had zero no-hit pixels (crop landed entirely on geometry) — not aborting, waiting for the first EPOCH's aggregate count below.
[v9k] epoch 67/300 n2n_mse=0.018055 lr=0.000082 pool_yaws=[20.9,10.1,-25.9] pool_ms=1154 hist_ms=5036 batch_ms=8540 nohit_px=11166/110592(10.10%) nohit_effective=2869 (1371.1s)
[v9k] MONITOR epoch 67: val sparkle 325.5/Mpx resid 0.0893 highlight_ratio 0.255 score=8.138 | mirror sparkle 0.0/Mpx resid 0.0875 highlight_ratio 0.278 (tgt sp<16 resid<0.035) score_streak=13/20(LOG-ONLY) resid_streak=0/20(ABORT)
[v9k] FIRST BATCH mask check (epoch 68, pi=0 s=1): nohit_px(albedo)=8320/9216 nohit_effective(differs-from-CURE4)=156 | cross-check vs depth-hit-flag: false_hit_dark(albedo-mask says nohit, depth says REAL HIT)=0 false_miss_albedo(depth says miss, albedo-mask missed it — should be 0)=0
[v9k] epoch 68/300 n2n_mse=0.004767 lr=0.000082 pool_yaws=[-9.8,2.8,-24.4] pool_ms=1117 hist_ms=5016 batch_ms=8530 nohit_px=62024/110592(56.08%) nohit_effective=2580 (1388.2s)
[v9k] MONITOR epoch 68: val sparkle 434.0/Mpx resid 0.0888 highlight_ratio 0.259 score=10.851 | mirror sparkle 0.0/Mpx resid 0.0869 highlight_ratio 0.283 (tgt sp<16 resid<0.035) score_streak=14/20(LOG-ONLY) resid_streak=0/20(ABORT)
[v9k] FIRST BATCH mask check (epoch 69, pi=3 s=0): nohit_px(albedo)=3138/9216 nohit_effective(differs-from-CURE4)=584 | cross-check vs depth-hit-flag: false_hit_dark(albedo-mask says nohit, depth says REAL HIT)=3 false_miss_albedo(depth says miss, albedo-mask missed it — should be 0)=0
[v9k] epoch 69/300 n2n_mse=0.003685 lr=0.000081 pool_yaws=[-13.5,15.1,-22.7] pool_ms=1268 hist_ms=5037 batch_ms=8641 nohit_px=9416/110592(8.51%) nohit_effective=1844 (1405.7s)
[v9k] MONITOR epoch 69: val sparkle 434.0/Mpx resid 0.0883 highlight_ratio 0.264 score=10.851 | mirror sparkle 0.0/Mpx resid 0.0864 highlight_ratio 0.288 (tgt sp<16 resid<0.035) score_streak=15/20(LOG-ONLY) resid_streak=0/20(ABORT)
[v9k] FIRST BATCH mask check (epoch 70, pi=1 s=2): nohit_px(albedo)=7848/9216 nohit_effective(differs-from-CURE4)=53 | cross-check vs depth-hit-flag: false_hit_dark(albedo-mask says nohit, depth says REAL HIT)=0 false_miss_albedo(depth says miss, albedo-mask missed it — should be 0)=0
[v9k] epoch 70/300 n2n_mse=0.043946 lr=0.000081 pool_yaws=[11.2,-26.7,29.4] pool_ms=1152 hist_ms=5105 batch_ms=8761 nohit_px=36745/110592(33.23%) nohit_effective=3117 (1423.3s)
[v9k] MONITOR epoch 70: val sparkle 434.0/Mpx resid 0.0878 highlight_ratio 0.268 score=10.851 | mirror sparkle 0.0/Mpx resid 0.0858 highlight_ratio 0.294 (tgt sp<16 resid<0.035) score_streak=16/20(LOG-ONLY) resid_streak=0/20(ABORT)
[v9k] FIRST BATCH mask check (epoch 71, pi=0 s=0): nohit_px(albedo)=0/9216 nohit_effective(differs-from-CURE4)=0 | cross-check vs depth-hit-flag: false_hit_dark(albedo-mask says nohit, depth says REAL HIT)=0 false_miss_albedo(depth says miss, albedo-mask missed it — should be 0)=0
[v9k] NOTE: this single first batch had zero no-hit pixels (crop landed entirely on geometry) — not aborting, waiting for the first EPOCH's aggregate count below.
[v9k] epoch 71/300 n2n_mse=0.004669 lr=0.000081 pool_yaws=[-17.3,-1.0,17.1] pool_ms=1422 hist_ms=5090 batch_ms=8751 nohit_px=9416/110592(8.51%) nohit_effective=2137 (1441.1s)
[v9k] MONITOR epoch 71: val sparkle 434.0/Mpx resid 0.0873 highlight_ratio 0.272 score=10.851 | mirror sparkle 0.0/Mpx resid 0.0853 highlight_ratio 0.299 (tgt sp<16 resid<0.035) score_streak=17/20(LOG-ONLY) resid_streak=0/20(ABORT)
[v9k] FIRST BATCH mask check (epoch 72, pi=2 s=1): nohit_px(albedo)=0/9216 nohit_effective(differs-from-CURE4)=0 | cross-check vs depth-hit-flag: false_hit_dark(albedo-mask says nohit, depth says REAL HIT)=0 false_miss_albedo(depth says miss, albedo-mask missed it — should be 0)=0
[v9k] NOTE: this single first batch had zero no-hit pixels (crop landed entirely on geometry) — not aborting, waiting for the first EPOCH's aggregate count below.
[v9k] epoch 72/300 n2n_mse=0.005183 lr=0.000081 pool_yaws=[-12.2,18.6,29.3] pool_ms=1465 hist_ms=5077 batch_ms=8748 nohit_px=31160/110592(28.18%) nohit_effective=3290 (1458.9s)
[v9k] MONITOR epoch 72: val sparkle 651.0/Mpx resid 0.0867 highlight_ratio 0.276 score=16.276 | mirror sparkle 0.0/Mpx resid 0.0848 highlight_ratio 0.303 (tgt sp<16 resid<0.035) score_streak=18/20(LOG-ONLY) resid_streak=0/20(ABORT)
[v9k] FIRST BATCH mask check (epoch 73, pi=3 s=0): nohit_px(albedo)=3138/9216 nohit_effective(differs-from-CURE4)=594 | cross-check vs depth-hit-flag: false_hit_dark(albedo-mask says nohit, depth says REAL HIT)=3 false_miss_albedo(depth says miss, albedo-mask missed it — should be 0)=0
[v9k] epoch 73/300 n2n_mse=0.004419 lr=0.000080 pool_yaws=[-10.5,2.7,6.6] pool_ms=1530 hist_ms=5082 batch_ms=8753 nohit_px=36202/110592(32.73%) nohit_effective=2501 (1476.8s)
[v9k] MONITOR epoch 73: val sparkle 651.0/Mpx resid 0.0862 highlight_ratio 0.281 score=16.276 | mirror sparkle 0.0/Mpx resid 0.0842 highlight_ratio 0.308 (tgt sp<16 resid<0.035) score_streak=19/20(LOG-ONLY) resid_streak=0/20(ABORT)
[v9k] FIRST BATCH mask check (epoch 74, pi=1 s=0): nohit_px(albedo)=9216/9216 nohit_effective(differs-from-CURE4)=54 | cross-check vs depth-hit-flag: false_hit_dark(albedo-mask says nohit, depth says REAL HIT)=0 false_miss_albedo(depth says miss, albedo-mask missed it — should be 0)=0
[v9k] epoch 74/300 n2n_mse=0.017779 lr=0.000080 pool_yaws=[-6.8,-0.9,7.1] pool_ms=1142 hist_ms=5048 batch_ms=8723 nohit_px=37064/110592(33.51%) nohit_effective=1866 (1494.3s)
[v9k] MONITOR epoch 74: val sparkle 651.0/Mpx resid 0.0857 highlight_ratio 0.285 score=16.276 | mirror sparkle 0.0/Mpx resid 0.0837 highlight_ratio 0.313 (tgt sp<16 resid<0.035) score_streak=20/20(LOG-ONLY) resid_streak=0/20(ABORT)
[v9k] PROBE epoch 74: bar-res(640x480) sparkle 3.3/Mpx resid 0.0934 highlight_ratio 0.279 (tgt sp<16 resid<0.035) took 44.6s
[v9k] FIRST BATCH mask check (epoch 75, pi=0 s=0): nohit_px(albedo)=403/9216 nohit_effective(differs-from-CURE4)=255 | cross-check vs depth-hit-flag: false_hit_dark(albedo-mask says nohit, depth says REAL HIT)=32 false_miss_albedo(depth says miss, albedo-mask missed it — should be 0)=0
[v9k] epoch 75/300 n2n_mse=0.007190 lr=0.000080 pool_yaws=[-23.4,-18.4,4.8] pool_ms=1381 hist_ms=5118 batch_ms=8743 nohit_px=37906/110592(34.28%) nohit_effective=2421 (1556.6s)
[v9k] MONITOR epoch 75: val sparkle 651.0/Mpx resid 0.0852 highlight_ratio 0.289 score=16.276 | mirror sparkle 0.0/Mpx resid 0.0832 highlight_ratio 0.318 (tgt sp<16 resid<0.035) score_streak=21/20(LOG-ONLY) resid_streak=0/20(ABORT)
[v9k] FIRST BATCH mask check (epoch 76, pi=2 s=1): nohit_px(albedo)=0/9216 nohit_effective(differs-from-CURE4)=0 | cross-check vs depth-hit-flag: false_hit_dark(albedo-mask says nohit, depth says REAL HIT)=0 false_miss_albedo(depth says miss, albedo-mask missed it — should be 0)=0
[v9k] NOTE: this single first batch had zero no-hit pixels (crop landed entirely on geometry) — not aborting, waiting for the first EPOCH's aggregate count below.
[v9k] epoch 76/300 n2n_mse=0.021110 lr=0.000080 pool_yaws=[-21.6,12.7,13.0] pool_ms=1469 hist_ms=5086 batch_ms=9008 nohit_px=33171/110592(29.99%) nohit_effective=3051 (1574.7s)
[v9k] MONITOR epoch 76: val sparkle 651.0/Mpx resid 0.0847 highlight_ratio 0.293 score=16.276 | mirror sparkle 0.0/Mpx resid 0.0826 highlight_ratio 0.323 (tgt sp<16 resid<0.035) score_streak=22/20(LOG-ONLY) resid_streak=0/20(ABORT)
[v9k] FIRST BATCH mask check (epoch 77, pi=2 s=1): nohit_px(albedo)=0/9216 nohit_effective(differs-from-CURE4)=0 | cross-check vs depth-hit-flag: false_hit_dark(albedo-mask says nohit, depth says REAL HIT)=0 false_miss_albedo(depth says miss, albedo-mask missed it — should be 0)=0
[v9k] NOTE: this single first batch had zero no-hit pixels (crop landed entirely on geometry) — not aborting, waiting for the first EPOCH's aggregate count below.
[v9k] epoch 77/300 n2n_mse=0.010677 lr=0.000080 pool_yaws=[-23.1,-21.6,21.5] pool_ms=1567 hist_ms=5441 batch_ms=8816 nohit_px=42768/110592(38.67%) nohit_effective=3282 (1593.2s)
[v9k] MONITOR epoch 77: val sparkle 651.0/Mpx resid 0.0842 highlight_ratio 0.298 score=16.276 | mirror sparkle 0.0/Mpx resid 0.0821 highlight_ratio 0.329 (tgt sp<16 resid<0.035) score_streak=23/20(LOG-ONLY) resid_streak=0/20(ABORT)
[v9k] FIRST BATCH mask check (epoch 78, pi=3 s=0): nohit_px(albedo)=3138/9216 nohit_effective(differs-from-CURE4)=599 | cross-check vs depth-hit-flag: false_hit_dark(albedo-mask says nohit, depth says REAL HIT)=3 false_miss_albedo(depth says miss, albedo-mask missed it — should be 0)=0
[v9k] epoch 78/300 n2n_mse=0.007486 lr=0.000079 pool_yaws=[5.2,1.3,-0.5] pool_ms=1387 hist_ms=5265 batch_ms=8876 nohit_px=48039/110592(43.44%) nohit_effective=4653 (1611.3s)
[v9k] MONITOR epoch 78: val sparkle 651.0/Mpx resid 0.0837 highlight_ratio 0.302 score=16.276 | mirror sparkle 0.0/Mpx resid 0.0815 highlight_ratio 0.334 (tgt sp<16 resid<0.035) score_streak=24/20(LOG-ONLY) resid_streak=0/20(ABORT)
[v9k] FIRST BATCH mask check (epoch 79, pi=1 s=0): nohit_px(albedo)=6344/9216 nohit_effective(differs-from-CURE4)=395 | cross-check vs depth-hit-flag: false_hit_dark(albedo-mask says nohit, depth says REAL HIT)=42 false_miss_albedo(depth says miss, albedo-mask missed it — should be 0)=0
[v9k] epoch 79/300 n2n_mse=0.007878 lr=0.000079 pool_yaws=[-10.5,-8.6,29.4] pool_ms=1510 hist_ms=5126 batch_ms=9022 nohit_px=50490/110592(45.65%) nohit_effective=4423 (1629.5s)
[v9k] MONITOR epoch 79: val sparkle 651.0/Mpx resid 0.0831 highlight_ratio 0.306 score=16.276 | mirror sparkle 0.0/Mpx resid 0.0810 highlight_ratio 0.339 (tgt sp<16 resid<0.035) score_streak=25/20(LOG-ONLY) resid_streak=0/20(ABORT)
[v9k] FIRST BATCH mask check (epoch 80, pi=0 s=2): nohit_px(albedo)=0/9216 nohit_effective(differs-from-CURE4)=0 | cross-check vs depth-hit-flag: false_hit_dark(albedo-mask says nohit, depth says REAL HIT)=0 false_miss_albedo(depth says miss, albedo-mask missed it — should be 0)=0
[v9k] NOTE: this single first batch had zero no-hit pixels (crop landed entirely on geometry) — not aborting, waiting for the first EPOCH's aggregate count below.
[v9k] epoch 80/300 n2n_mse=0.003350 lr=0.000079 pool_yaws=[-12.2,-13.6,19.0] pool_ms=1684 hist_ms=5150 batch_ms=8716 nohit_px=9416/110592(8.51%) nohit_effective=1708 (1647.6s)
[v9k] MONITOR epoch 80: val sparkle 651.0/Mpx resid 0.0826 highlight_ratio 0.310 score=16.276 | mirror sparkle 0.0/Mpx resid 0.0804 highlight_ratio 0.344 (tgt sp<16 resid<0.035) score_streak=26/20(LOG-ONLY) resid_streak=0/20(ABORT)
[v9k] FIRST BATCH mask check (epoch 81, pi=3 s=2): nohit_px(albedo)=3118/9216 nohit_effective(differs-from-CURE4)=571 | cross-check vs depth-hit-flag: false_hit_dark(albedo-mask says nohit, depth says REAL HIT)=3 false_miss_albedo(depth says miss, albedo-mask missed it — should be 0)=0
[v9k] epoch 81/300 n2n_mse=0.048227 lr=0.000079 pool_yaws=[10.6,1.0,27.6] pool_ms=1200 hist_ms=5131 batch_ms=8927 nohit_px=52472/110592(47.45%) nohit_effective=2716 (1665.4s)
[v9k] MONITOR epoch 81: val sparkle 651.0/Mpx resid 0.0821 highlight_ratio 0.315 score=16.276 | mirror sparkle 0.0/Mpx resid 0.0799 highlight_ratio 0.349 (tgt sp<16 resid<0.035) score_streak=27/20(LOG-ONLY) resid_streak=0/20(ABORT)
[v9k] FIRST BATCH mask check (epoch 82, pi=3 s=2): nohit_px(albedo)=3118/9216 nohit_effective(differs-from-CURE4)=758 | cross-check vs depth-hit-flag: false_hit_dark(albedo-mask says nohit, depth says REAL HIT)=3 false_miss_albedo(depth says miss, albedo-mask missed it — should be 0)=0
[v9k] epoch 82/300 n2n_mse=0.021872 lr=0.000079 pool_yaws=[-7.9,-4.0,13.5] pool_ms=1577 hist_ms=5133 batch_ms=8913 nohit_px=9416/110592(8.51%) nohit_effective=1789 (1683.7s)
[v9k] MONITOR epoch 82: val sparkle 651.0/Mpx resid 0.0816 highlight_ratio 0.319 score=16.276 | mirror sparkle 0.0/Mpx resid 0.0794 highlight_ratio 0.354 (tgt sp<16 resid<0.035) score_streak=28/20(LOG-ONLY) resid_streak=0/20(ABORT)
[v9k] FIRST BATCH mask check (epoch 83, pi=1 s=1): nohit_px(albedo)=0/9216 nohit_effective(differs-from-CURE4)=0 | cross-check vs depth-hit-flag: false_hit_dark(albedo-mask says nohit, depth says REAL HIT)=0 false_miss_albedo(depth says miss, albedo-mask missed it — should be 0)=0
[v9k] NOTE: this single first batch had zero no-hit pixels (crop landed entirely on geometry) — not aborting, waiting for the first EPOCH's aggregate count below.
[v9k] epoch 83/300 n2n_mse=0.003994 lr=0.000078 pool_yaws=[-6.2,13.7,29.9] pool_ms=1375 hist_ms=5162 batch_ms=9214 nohit_px=37064/110592(33.51%) nohit_effective=1656 (1702.0s)
[v9k] MONITOR epoch 83: val sparkle 651.0/Mpx resid 0.0811 highlight_ratio 0.323 score=16.276 | mirror sparkle 0.0/Mpx resid 0.0788 highlight_ratio 0.359 (tgt sp<16 resid<0.035) score_streak=29/20(LOG-ONLY) resid_streak=0/20(ABORT)
[v9k] FIRST BATCH mask check (epoch 84, pi=2 s=2): nohit_px(albedo)=0/9216 nohit_effective(differs-from-CURE4)=0 | cross-check vs depth-hit-flag: false_hit_dark(albedo-mask says nohit, depth says REAL HIT)=0 false_miss_albedo(depth says miss, albedo-mask missed it — should be 0)=0
[v9k] NOTE: this single first batch had zero no-hit pixels (crop landed entirely on geometry) — not aborting, waiting for the first EPOCH's aggregate count below.
[v9k] epoch 84/300 n2n_mse=0.020778 lr=0.000078 pool_yaws=[-8.4,-14.9,-8.2] pool_ms=1578 hist_ms=5145 batch_ms=8815 nohit_px=9416/110592(8.51%) nohit_effective=1721 (1720.1s)
[v9k] MONITOR epoch 84: val sparkle 651.0/Mpx resid 0.0806 highlight_ratio 0.326 score=16.276 | mirror sparkle 0.0/Mpx resid 0.0783 highlight_ratio 0.363 (tgt sp<16 resid<0.035) score_streak=30/20(LOG-ONLY) resid_streak=0/20(ABORT)
[v9k] FIRST BATCH mask check (epoch 85, pi=0 s=0): nohit_px(albedo)=9216/9216 nohit_effective(differs-from-CURE4)=0 | cross-check vs depth-hit-flag: false_hit_dark(albedo-mask says nohit, depth says REAL HIT)=0 false_miss_albedo(depth says miss, albedo-mask missed it — should be 0)=0
[v9k] epoch 85/300 n2n_mse=0.003153 lr=0.000078 pool_yaws=[-11.1,19.1,-1.4] pool_ms=1343 hist_ms=5097 batch_ms=8715 nohit_px=37064/110592(33.51%) nohit_effective=1445 (1737.8s)
[v9k] MONITOR epoch 85: val sparkle 651.0/Mpx resid 0.0801 highlight_ratio 0.330 score=16.276 | mirror sparkle 0.0/Mpx resid 0.0778 highlight_ratio 0.368 (tgt sp<16 resid<0.035) score_streak=31/20(LOG-ONLY) resid_streak=0/20(ABORT)
[v9k] FIRST BATCH mask check (epoch 86, pi=1 s=0): nohit_px(albedo)=9216/9216 nohit_effective(differs-from-CURE4)=18 | cross-check vs depth-hit-flag: false_hit_dark(albedo-mask says nohit, depth says REAL HIT)=0 false_miss_albedo(depth says miss, albedo-mask missed it — should be 0)=0
[v9k] epoch 86/300 n2n_mse=0.004184 lr=0.000078 pool_yaws=[-5.0,26.2,15.4] pool_ms=1329 hist_ms=5060 batch_ms=8739 nohit_px=63235/110592(57.18%) nohit_effective=2295 (1755.5s)
[v9k] MONITOR epoch 86: val sparkle 651.0/Mpx resid 0.0796 highlight_ratio 0.334 score=16.276 | mirror sparkle 0.0/Mpx resid 0.0773 highlight_ratio 0.372 (tgt sp<16 resid<0.035) score_streak=32/20(LOG-ONLY) resid_streak=0/20(ABORT)
[v9k] FIRST BATCH mask check (epoch 87, pi=2 s=0): nohit_px(albedo)=0/9216 nohit_effective(differs-from-CURE4)=0 | cross-check vs depth-hit-flag: false_hit_dark(albedo-mask says nohit, depth says REAL HIT)=0 false_miss_albedo(depth says miss, albedo-mask missed it — should be 0)=0
[v9k] NOTE: this single first batch had zero no-hit pixels (crop landed entirely on geometry) — not aborting, waiting for the first EPOCH's aggregate count below.
[v9k] epoch 87/300 n2n_mse=0.003905 lr=0.000078 pool_yaws=[-29.2,-12.4,-9.8] pool_ms=1086 hist_ms=5014 batch_ms=8686 nohit_px=64316/110592(58.16%) nohit_effective=1928 (1772.8s)
[v9k] MONITOR epoch 87: val sparkle 651.0/Mpx resid 0.0791 highlight_ratio 0.338 score=16.276 | mirror sparkle 0.0/Mpx resid 0.0768 highlight_ratio 0.377 (tgt sp<16 resid<0.035) score_streak=33/20(LOG-ONLY) resid_streak=0/20(ABORT)
[v9k] FIRST BATCH mask check (epoch 88, pi=1 s=0): nohit_px(albedo)=0/9216 nohit_effective(differs-from-CURE4)=0 | cross-check vs depth-hit-flag: false_hit_dark(albedo-mask says nohit, depth says REAL HIT)=0 false_miss_albedo(depth says miss, albedo-mask missed it — should be 0)=0
[v9k] NOTE: this single first batch had zero no-hit pixels (crop landed entirely on geometry) — not aborting, waiting for the first EPOCH's aggregate count below.
[v9k] epoch 88/300 n2n_mse=0.008081 lr=0.000077 pool_yaws=[2.9,-8.7,-22.0] pool_ms=1121 hist_ms=5033 batch_ms=8583 nohit_px=10553/110592(9.54%) nohit_effective=1611 (1790.0s)
[v9k] MONITOR epoch 88: val sparkle 651.0/Mpx resid 0.0787 highlight_ratio 0.341 score=16.276 | mirror sparkle 0.0/Mpx resid 0.0762 highlight_ratio 0.381 (tgt sp<16 resid<0.035) score_streak=34/20(LOG-ONLY) resid_streak=0/20(ABORT)
[v9k] FIRST BATCH mask check (epoch 89, pi=2 s=0): nohit_px(albedo)=527/9216 nohit_effective(differs-from-CURE4)=115 | cross-check vs depth-hit-flag: false_hit_dark(albedo-mask says nohit, depth says REAL HIT)=50 false_miss_albedo(depth says miss, albedo-mask missed it — should be 0)=0
[v9k] epoch 89/300 n2n_mse=0.015217 lr=0.000077 pool_yaws=[10.7,29.8,-27.4] pool_ms=1148 hist_ms=5045 batch_ms=8775 nohit_px=11007/110592(9.95%) nohit_effective=1831 (1807.5s)
[v9k] MONITOR epoch 89: val sparkle 651.0/Mpx resid 0.0782 highlight_ratio 0.345 score=16.276 | mirror sparkle 0.0/Mpx resid 0.0757 highlight_ratio 0.386 (tgt sp<16 resid<0.035) score_streak=35/20(LOG-ONLY) resid_streak=0/20(ABORT)
[v9k] FIRST BATCH mask check (epoch 90, pi=3 s=0): nohit_px(albedo)=3138/9216 nohit_effective(differs-from-CURE4)=526 | cross-check vs depth-hit-flag: false_hit_dark(albedo-mask says nohit, depth says REAL HIT)=3 false_miss_albedo(depth says miss, albedo-mask missed it — should be 0)=0
[v9k] epoch 90/300 n2n_mse=0.022482 lr=0.000077 pool_yaws=[25.4,14.6,2.1] pool_ms=1506 hist_ms=5121 batch_ms=9016 nohit_px=9416/110592(8.51%) nohit_effective=1428 (1825.7s)
[v9k] MONITOR epoch 90: val sparkle 651.0/Mpx resid 0.0777 highlight_ratio 0.349 score=16.276 | mirror sparkle 108.5/Mpx resid 0.0752 highlight_ratio 0.390 (tgt sp<16 resid<0.035) score_streak=36/20(LOG-ONLY) resid_streak=0/20(ABORT)
[v9k] FIRST BATCH mask check (epoch 91, pi=0 s=0): nohit_px(albedo)=879/9216 nohit_effective(differs-from-CURE4)=234 | cross-check vs depth-hit-flag: false_hit_dark(albedo-mask says nohit, depth says REAL HIT)=0 false_miss_albedo(depth says miss, albedo-mask missed it — should be 0)=0
[v9k] epoch 91/300 n2n_mse=0.009597 lr=0.000077 pool_yaws=[-23.5,-19.6,25.0] pool_ms=1469 hist_ms=5061 batch_ms=8700 nohit_px=25166/110592(22.76%) nohit_effective=2715 (1843.5s)
[v9k] MONITOR epoch 91: val sparkle 651.0/Mpx resid 0.0772 highlight_ratio 0.353 score=16.276 | mirror sparkle 108.5/Mpx resid 0.0747 highlight_ratio 0.395 (tgt sp<16 resid<0.035) score_streak=37/20(LOG-ONLY) resid_streak=0/20(ABORT)
[v9k] FIRST BATCH mask check (epoch 92, pi=3 s=0): nohit_px(albedo)=3138/9216 nohit_effective(differs-from-CURE4)=563 | cross-check vs depth-hit-flag: false_hit_dark(albedo-mask says nohit, depth says REAL HIT)=3 false_miss_albedo(depth says miss, albedo-mask missed it — should be 0)=0
[v9k] epoch 92/300 n2n_mse=0.007300 lr=0.000077 pool_yaws=[-17.5,9.7,-11.5] pool_ms=1625 hist_ms=5071 batch_ms=8943 nohit_px=24856/110592(22.48%) nohit_effective=2758 (1861.6s)
[v9k] MONITOR epoch 92: val sparkle 651.0/Mpx resid 0.0767 highlight_ratio 0.356 score=16.276 | mirror sparkle 108.5/Mpx resid 0.0742 highlight_ratio 0.399 (tgt sp<16 resid<0.035) score_streak=38/20(LOG-ONLY) resid_streak=0/20(ABORT)
[v9k] FIRST BATCH mask check (epoch 93, pi=2 s=2): nohit_px(albedo)=0/9216 nohit_effective(differs-from-CURE4)=0 | cross-check vs depth-hit-flag: false_hit_dark(albedo-mask says nohit, depth says REAL HIT)=0 false_miss_albedo(depth says miss, albedo-mask missed it — should be 0)=0
[v9k] NOTE: this single first batch had zero no-hit pixels (crop landed entirely on geometry) — not aborting, waiting for the first EPOCH's aggregate count below.
[v9k] epoch 93/300 n2n_mse=0.030741 lr=0.000076 pool_yaws=[-24.4,-3.7,2.2] pool_ms=1464 hist_ms=5052 batch_ms=8840 nohit_px=26705/110592(24.15%) nohit_effective=2117 (1879.5s)
[v9k] MONITOR epoch 93: val sparkle 651.0/Mpx resid 0.0762 highlight_ratio 0.360 score=16.276 | mirror sparkle 108.5/Mpx resid 0.0736 highlight_ratio 0.404 (tgt sp<16 resid<0.035) score_streak=39/20(LOG-ONLY) resid_streak=0/20(ABORT)
[v9k] FIRST BATCH mask check (epoch 94, pi=0 s=0): nohit_px(albedo)=8174/9216 nohit_effective(differs-from-CURE4)=517 | cross-check vs depth-hit-flag: false_hit_dark(albedo-mask says nohit, depth says REAL HIT)=0 false_miss_albedo(depth says miss, albedo-mask missed it — should be 0)=0
[v9k] epoch 94/300 n2n_mse=0.004743 lr=0.000076 pool_yaws=[3.2,-4.4,-26.2] pool_ms=1310 hist_ms=5139 batch_ms=8798 nohit_px=61623/110592(55.72%) nohit_effective=2627 (1897.3s)
[v9k] MONITOR epoch 94: val sparkle 651.0/Mpx resid 0.0757 highlight_ratio 0.363 score=16.276 | mirror sparkle 217.0/Mpx resid 0.0731 highlight_ratio 0.408 (tgt sp<16 resid<0.035) score_streak=40/20(LOG-ONLY) resid_streak=0/20(ABORT)
[v9k] FIRST BATCH mask check (epoch 95, pi=2 s=2): nohit_px(albedo)=553/9216 nohit_effective(differs-from-CURE4)=18 | cross-check vs depth-hit-flag: false_hit_dark(albedo-mask says nohit, depth says REAL HIT)=330 false_miss_albedo(depth says miss, albedo-mask missed it — should be 0)=0
[v9k] epoch 95/300 n2n_mse=0.034250 lr=0.000076 pool_yaws=[6.9,-26.7,-29.6] pool_ms=1500 hist_ms=5269 batch_ms=8889 nohit_px=63478/110592(57.40%) nohit_effective=2375 (1915.6s)
[v9k] MONITOR epoch 95: val sparkle 651.0/Mpx resid 0.0752 highlight_ratio 0.367 score=16.276 | mirror sparkle 217.0/Mpx resid 0.0726 highlight_ratio 0.413 (tgt sp<16 resid<0.035) score_streak=41/20(LOG-ONLY) resid_streak=0/20(ABORT)
[v9k] FIRST BATCH mask check (epoch 96, pi=0 s=1): nohit_px(albedo)=8928/9216 nohit_effective(differs-from-CURE4)=4 | cross-check vs depth-hit-flag: false_hit_dark(albedo-mask says nohit, depth says REAL HIT)=0 false_miss_albedo(depth says miss, albedo-mask missed it — should be 0)=0
[v9k] epoch 96/300 n2n_mse=0.005986 lr=0.000076 pool_yaws=[15.4,25.1,16.7] pool_ms=1231 hist_ms=5158 batch_ms=9079 nohit_px=91112/110592(82.39%) nohit_effective=2893 (1933.6s)
[v9k] MONITOR epoch 96: val sparkle 759.5/Mpx resid 0.0747 highlight_ratio 0.371 score=18.989 | mirror sparkle 217.0/Mpx resid 0.0721 highlight_ratio 0.417 (tgt sp<16 resid<0.035) score_streak=42/20(LOG-ONLY) resid_streak=0/20(ABORT)
[v9k] FIRST BATCH mask check (epoch 97, pi=3 s=2): nohit_px(albedo)=3118/9216 nohit_effective(differs-from-CURE4)=554 | cross-check vs depth-hit-flag: false_hit_dark(albedo-mask says nohit, depth says REAL HIT)=3 false_miss_albedo(depth says miss, albedo-mask missed it — should be 0)=0
[v9k] epoch 97/300 n2n_mse=0.025302 lr=0.000076 pool_yaws=[-18.4,10.3,-2.3] pool_ms=1538 hist_ms=5135 batch_ms=8698 nohit_px=29274/110592(26.47%) nohit_effective=4179 (1951.6s)
[v9k] MONITOR epoch 97: val sparkle 759.5/Mpx resid 0.0742 highlight_ratio 0.374 score=18.989 | mirror sparkle 217.0/Mpx resid 0.0716 highlight_ratio 0.422 (tgt sp<16 resid<0.035) score_streak=43/20(LOG-ONLY) resid_streak=0/20(ABORT)
[v9k] FIRST BATCH mask check (epoch 98, pi=0 s=0): nohit_px(albedo)=0/9216 nohit_effective(differs-from-CURE4)=0 | cross-check vs depth-hit-flag: false_hit_dark(albedo-mask says nohit, depth says REAL HIT)=0 false_miss_albedo(depth says miss, albedo-mask missed it — should be 0)=0
[v9k] NOTE: this single first batch had zero no-hit pixels (crop landed entirely on geometry) — not aborting, waiting for the first EPOCH's aggregate count below.
[v9k] epoch 98/300 n2n_mse=0.008980 lr=0.000075 pool_yaws=[4.6,-24.5,-17.8] pool_ms=1472 hist_ms=5056 batch_ms=8624 nohit_px=13010/110592(11.76%) nohit_effective=3391 (1969.3s)
[v9k] MONITOR epoch 98: val sparkle 759.5/Mpx resid 0.0738 highlight_ratio 0.378 score=18.989 | mirror sparkle 217.0/Mpx resid 0.0711 highlight_ratio 0.427 (tgt sp<16 resid<0.035) score_streak=44/20(LOG-ONLY) resid_streak=0/20(ABORT)
[v9k] FIRST BATCH mask check (epoch 99, pi=3 s=1): nohit_px(albedo)=3160/9216 nohit_effective(differs-from-CURE4)=342 | cross-check vs depth-hit-flag: false_hit_dark(albedo-mask says nohit, depth says REAL HIT)=1 false_miss_albedo(depth says miss, albedo-mask missed it — should be 0)=0
[v9k] epoch 99/300 n2n_mse=0.004571 lr=0.000075 pool_yaws=[-22.8,23.9,-0.3] pool_ms=1210 hist_ms=5018 batch_ms=8818 nohit_px=36213/110592(32.74%) nohit_effective=1986 (1986.9s)
[v9k] MONITOR epoch 99: val sparkle 759.5/Mpx resid 0.0733 highlight_ratio 0.382 score=18.989 | mirror sparkle 325.5/Mpx resid 0.0705 highlight_ratio 0.431 (tgt sp<16 resid<0.035) score_streak=45/20(LOG-ONLY) resid_streak=0/20(ABORT)
[v9k] PROBE epoch 99: bar-res(640x480) sparkle 13.0/Mpx resid 0.0783 highlight_ratio 0.397 (tgt sp<16 resid<0.035) took 44.0s
[v9k] FIRST BATCH mask check (epoch 100, pi=0 s=1): nohit_px(albedo)=4049/9216 nohit_effective(differs-from-CURE4)=268 | cross-check vs depth-hit-flag: false_hit_dark(albedo-mask says nohit, depth says REAL HIT)=0 false_miss_albedo(depth says miss, albedo-mask missed it — should be 0)=0
[v9k] epoch 100/300 n2n_mse=0.006182 lr=0.000075 pool_yaws=[-24.5,1.2,28.1] pool_ms=1243 hist_ms=5070 batch_ms=8600 nohit_px=48189/110592(43.57%) nohit_effective=2435 (2048.3s)
[v9k] MONITOR epoch 100: val sparkle 759.5/Mpx resid 0.0728 highlight_ratio 0.385 score=18.989 | mirror sparkle 325.5/Mpx resid 0.0700 highlight_ratio 0.436 (tgt sp<16 resid<0.035) score_streak=46/20(LOG-ONLY) resid_streak=0/20(ABORT)
[v9k] FIRST BATCH mask check (epoch 101, pi=2 s=0): nohit_px(albedo)=0/9216 nohit_effective(differs-from-CURE4)=0 | cross-check vs depth-hit-flag: false_hit_dark(albedo-mask says nohit, depth says REAL HIT)=0 false_miss_albedo(depth says miss, albedo-mask missed it — should be 0)=0
[v9k] NOTE: this single first batch had zero no-hit pixels (crop landed entirely on geometry) — not aborting, waiting for the first EPOCH's aggregate count below.
[v9k] epoch 101/300 n2n_mse=0.023258 lr=0.000075 pool_yaws=[-8.9,-4.5,-12.6] pool_ms=1425 hist_ms=5070 batch_ms=8605 nohit_px=18527/110592(16.75%) nohit_effective=2103 (2066.0s)
[v9k] MONITOR epoch 101: val sparkle 759.5/Mpx resid 0.0722 highlight_ratio 0.389 score=18.989 | mirror sparkle 325.5/Mpx resid 0.0694 highlight_ratio 0.441 (tgt sp<16 resid<0.035) score_streak=47/20(LOG-ONLY) resid_streak=0/20(ABORT)
[v9k] FIRST BATCH mask check (epoch 102, pi=3 s=0): nohit_px(albedo)=3138/9216 nohit_effective(differs-from-CURE4)=414 | cross-check vs depth-hit-flag: false_hit_dark(albedo-mask says nohit, depth says REAL HIT)=3 false_miss_albedo(depth says miss, albedo-mask missed it — should be 0)=0
[v9k] epoch 102/300 n2n_mse=0.006968 lr=0.000075 pool_yaws=[-23.2,-6.8,8.0] pool_ms=1194 hist_ms=5073 batch_ms=8960 nohit_px=54306/110592(49.10%) nohit_effective=2305 (2083.8s)
[v9k] MONITOR epoch 102: val sparkle 759.5/Mpx resid 0.0718 highlight_ratio 0.392 score=18.989 | mirror sparkle 325.5/Mpx resid 0.0689 highlight_ratio 0.445 (tgt sp<16 resid<0.035) score_streak=48/20(LOG-ONLY) resid_streak=0/20(ABORT)
[v9k] FIRST BATCH mask check (epoch 103, pi=0 s=2): nohit_px(albedo)=0/9216 nohit_effective(differs-from-CURE4)=0 | cross-check vs depth-hit-flag: false_hit_dark(albedo-mask says nohit, depth says REAL HIT)=0 false_miss_albedo(depth says miss, albedo-mask missed it — should be 0)=0
[v9k] NOTE: this single first batch had zero no-hit pixels (crop landed entirely on geometry) — not aborting, waiting for the first EPOCH's aggregate count below.
[v9k] epoch 103/300 n2n_mse=0.005041 lr=0.000074 pool_yaws=[4.1,17.9,21.6] pool_ms=1204 hist_ms=5068 batch_ms=8666 nohit_px=37064/110592(33.51%) nohit_effective=1761 (2101.2s)
[v9k] MONITOR epoch 103: val sparkle 868.1/Mpx resid 0.0712 highlight_ratio 0.396 score=21.701 | mirror sparkle 325.5/Mpx resid 0.0684 highlight_ratio 0.450 (tgt sp<16 resid<0.035) score_streak=49/20(LOG-ONLY) resid_streak=0/20(ABORT)
[v9k] FIRST BATCH mask check (epoch 104, pi=3 s=1): nohit_px(albedo)=3160/9216 nohit_effective(differs-from-CURE4)=450 | cross-check vs depth-hit-flag: false_hit_dark(albedo-mask says nohit, depth says REAL HIT)=1 false_miss_albedo(depth says miss, albedo-mask missed it — should be 0)=0
[v9k] epoch 104/300 n2n_mse=0.006866 lr=0.000074 pool_yaws=[-17.3,4.7,-14.7] pool_ms=1535 hist_ms=5093 batch_ms=8934 nohit_px=9416/110592(8.51%) nohit_effective=1406 (2119.4s)
[v9k] MONITOR epoch 104: val sparkle 868.1/Mpx resid 0.0707 highlight_ratio 0.400 score=21.701 | mirror sparkle 325.5/Mpx resid 0.0678 highlight_ratio 0.454 (tgt sp<16 resid<0.035) score_streak=50/20(LOG-ONLY) resid_streak=0/20(ABORT)
[v9k] FIRST BATCH mask check (epoch 105, pi=3 s=0): nohit_px(albedo)=3138/9216 nohit_effective(differs-from-CURE4)=564 | cross-check vs depth-hit-flag: false_hit_dark(albedo-mask says nohit, depth says REAL HIT)=3 false_miss_albedo(depth says miss, albedo-mask missed it — should be 0)=0
[v9k] epoch 105/300 n2n_mse=0.003642 lr=0.000074 pool_yaws=[-10.6,28.4,-7.2] pool_ms=1459 hist_ms=5138 batch_ms=9162 nohit_px=9416/110592(8.51%) nohit_effective=1536 (2137.7s)
[v9k] MONITOR epoch 105: val sparkle 868.1/Mpx resid 0.0703 highlight_ratio 0.403 score=21.701 | mirror sparkle 325.5/Mpx resid 0.0673 highlight_ratio 0.459 (tgt sp<16 resid<0.035) score_streak=51/20(LOG-ONLY) resid_streak=0/20(ABORT)
[v9k] FIRST BATCH mask check (epoch 106, pi=1 s=1): nohit_px(albedo)=0/9216 nohit_effective(differs-from-CURE4)=0 | cross-check vs depth-hit-flag: false_hit_dark(albedo-mask says nohit, depth says REAL HIT)=142 false_miss_albedo(depth says miss, albedo-mask missed it — should be 0)=0
[v9k] NOTE: this single first batch had zero no-hit pixels (crop landed entirely on geometry) — not aborting, waiting for the first EPOCH's aggregate count below.
[v9k] epoch 106/300 n2n_mse=0.047660 lr=0.000074 pool_yaws=[17.7,-0.4,19.8] pool_ms=1463 hist_ms=5144 batch_ms=8883 nohit_px=16976/110592(15.35%) nohit_effective=2378 (2155.7s)
[v9k] MONITOR epoch 106: val sparkle 868.1/Mpx resid 0.0698 highlight_ratio 0.407 score=21.701 | mirror sparkle 325.5/Mpx resid 0.0668 highlight_ratio 0.464 (tgt sp<16 resid<0.035) score_streak=52/20(LOG-ONLY) resid_streak=0/20(ABORT)
[v9k] FIRST BATCH mask check (epoch 107, pi=2 s=1): nohit_px(albedo)=0/9216 nohit_effective(differs-from-CURE4)=0 | cross-check vs depth-hit-flag: false_hit_dark(albedo-mask says nohit, depth says REAL HIT)=109 false_miss_albedo(depth says miss, albedo-mask missed it — should be 0)=0
[v9k] NOTE: this single first batch had zero no-hit pixels (crop landed entirely on geometry) — not aborting, waiting for the first EPOCH's aggregate count below.
[v9k] epoch 107/300 n2n_mse=0.091087 lr=0.000074 pool_yaws=[9.3,-0.8,25.8] pool_ms=1557 hist_ms=5174 batch_ms=8870 nohit_px=31021/110592(28.05%) nohit_effective=3090 (2173.9s)
[v9k] MONITOR epoch 107: val sparkle 868.1/Mpx resid 0.0693 highlight_ratio 0.411 score=21.701 | mirror sparkle 434.0/Mpx resid 0.0663 highlight_ratio 0.468 (tgt sp<16 resid<0.035) score_streak=53/20(LOG-ONLY) resid_streak=0/20(ABORT)
[v9k] FIRST BATCH mask check (epoch 108, pi=2 s=2): nohit_px(albedo)=0/9216 nohit_effective(differs-from-CURE4)=0 | cross-check vs depth-hit-flag: false_hit_dark(albedo-mask says nohit, depth says REAL HIT)=0 false_miss_albedo(depth says miss, albedo-mask missed it — should be 0)=0
[v9k] NOTE: this single first batch had zero no-hit pixels (crop landed entirely on geometry) — not aborting, waiting for the first EPOCH's aggregate count below.
[v9k] epoch 108/300 n2n_mse=0.005665 lr=0.000074 pool_yaws=[-12.5,-2.1,6.1] pool_ms=1429 hist_ms=5149 batch_ms=8901 nohit_px=35611/110592(32.20%) nohit_effective=3694 (2192.0s)
[v9k] MONITOR epoch 108: val sparkle 868.1/Mpx resid 0.0688 highlight_ratio 0.414 score=21.701 | mirror sparkle 434.0/Mpx resid 0.0658 highlight_ratio 0.472 (tgt sp<16 resid<0.035) score_streak=54/20(LOG-ONLY) resid_streak=0/20(ABORT)
[v9k] FIRST BATCH mask check (epoch 109, pi=2 s=0): nohit_px(albedo)=0/9216 nohit_effective(differs-from-CURE4)=0 | cross-check vs depth-hit-flag: false_hit_dark(albedo-mask says nohit, depth says REAL HIT)=0 false_miss_albedo(depth says miss, albedo-mask missed it — should be 0)=0
[v9k] NOTE: this single first batch had zero no-hit pixels (crop landed entirely on geometry) — not aborting, waiting for the first EPOCH's aggregate count below.
[v9k] epoch 109/300 n2n_mse=0.004259 lr=0.000073 pool_yaws=[19.3,11.8,16.6] pool_ms=1334 hist_ms=5147 batch_ms=8769 nohit_px=37064/110592(33.51%) nohit_effective=1449 (2209.8s)
[v9k] MONITOR epoch 109: val sparkle 868.1/Mpx resid 0.0684 highlight_ratio 0.416 score=21.701 | mirror sparkle 434.0/Mpx resid 0.0653 highlight_ratio 0.476 (tgt sp<16 resid<0.035) score_streak=55/20(LOG-ONLY) resid_streak=0/20(ABORT)
[v9k] FIRST BATCH mask check (epoch 110, pi=2 s=0): nohit_px(albedo)=0/9216 nohit_effective(differs-from-CURE4)=0 | cross-check vs depth-hit-flag: false_hit_dark(albedo-mask says nohit, depth says REAL HIT)=0 false_miss_albedo(depth says miss, albedo-mask missed it — should be 0)=0
[v9k] NOTE: this single first batch had zero no-hit pixels (crop landed entirely on geometry) — not aborting, waiting for the first EPOCH's aggregate count below.
[v9k] epoch 110/300 n2n_mse=0.003648 lr=0.000073 pool_yaws=[-11.1,-8.0,24.4] pool_ms=1349 hist_ms=5114 batch_ms=8624 nohit_px=37064/110592(33.51%) nohit_effective=1752 (2227.5s)
[v9k] MONITOR epoch 110: val sparkle 868.1/Mpx resid 0.0680 highlight_ratio 0.420 score=21.701 | mirror sparkle 759.5/Mpx resid 0.0648 highlight_ratio 0.480 (tgt sp<16 resid<0.035) score_streak=56/20(LOG-ONLY) resid_streak=0/20(ABORT)
[v9k] FIRST BATCH mask check (epoch 111, pi=2 s=1): nohit_px(albedo)=0/9216 nohit_effective(differs-from-CURE4)=0 | cross-check vs depth-hit-flag: false_hit_dark(albedo-mask says nohit, depth says REAL HIT)=0 false_miss_albedo(depth says miss, albedo-mask missed it — should be 0)=0
[v9k] NOTE: this single first batch had zero no-hit pixels (crop landed entirely on geometry) — not aborting, waiting for the first EPOCH's aggregate count below.
[v9k] epoch 111/300 n2n_mse=0.039445 lr=0.000073 pool_yaws=[-14.1,21.9,-6.3] pool_ms=1504 hist_ms=5108 batch_ms=8655 nohit_px=49330/110592(44.61%) nohit_effective=2332 (2245.3s)
[v9k] MONITOR epoch 111: val sparkle 868.1/Mpx resid 0.0675 highlight_ratio 0.423 score=21.701 | mirror sparkle 868.1/Mpx resid 0.0643 highlight_ratio 0.484 (tgt sp<16 resid<0.035) score_streak=57/20(LOG-ONLY) resid_streak=0/20(ABORT)
[v9k] FIRST BATCH mask check (epoch 112, pi=0 s=0): nohit_px(albedo)=0/9216 nohit_effective(differs-from-CURE4)=0 | cross-check vs depth-hit-flag: false_hit_dark(albedo-mask says nohit, depth says REAL HIT)=87 false_miss_albedo(depth says miss, albedo-mask missed it — should be 0)=0
[v9k] NOTE: this single first batch had zero no-hit pixels (crop landed entirely on geometry) — not aborting, waiting for the first EPOCH's aggregate count below.
[v9k] epoch 112/300 n2n_mse=0.011455 lr=0.000073 pool_yaws=[-5.4,-8.6,-14.6] pool_ms=1502 hist_ms=5106 batch_ms=8715 nohit_px=35762/110592(32.34%) nohit_effective=1441 (2263.2s)
[v9k] MONITOR epoch 112: val sparkle 868.1/Mpx resid 0.0671 highlight_ratio 0.427 score=21.701 | mirror sparkle 868.1/Mpx resid 0.0639 highlight_ratio 0.488 (tgt sp<16 resid<0.035) score_streak=58/20(LOG-ONLY) resid_streak=0/20(ABORT)
[v9k] FIRST BATCH mask check (epoch 113, pi=3 s=0): nohit_px(albedo)=3138/9216 nohit_effective(differs-from-CURE4)=503 | cross-check vs depth-hit-flag: false_hit_dark(albedo-mask says nohit, depth says REAL HIT)=3 false_miss_albedo(depth says miss, albedo-mask missed it — should be 0)=0
[v9k] epoch 113/300 n2n_mse=0.015766 lr=0.000073 pool_yaws=[-25.2,-12.0,20.6] pool_ms=1468 hist_ms=5085 batch_ms=8617 nohit_px=26139/110592(23.64%) nohit_effective=2696 (2280.9s)
[v9k] MONITOR epoch 113: val sparkle 868.1/Mpx resid 0.0666 highlight_ratio 0.430 score=21.701 | mirror sparkle 868.1/Mpx resid 0.0634 highlight_ratio 0.493 (tgt sp<16 resid<0.035) score_streak=59/20(LOG-ONLY) resid_streak=0/20(ABORT)
[v9k] FIRST BATCH mask check (epoch 114, pi=0 s=0): nohit_px(albedo)=7757/9216 nohit_effective(differs-from-CURE4)=84 | cross-check vs depth-hit-flag: false_hit_dark(albedo-mask says nohit, depth says REAL HIT)=0 false_miss_albedo(depth says miss, albedo-mask missed it — should be 0)=0
[v9k] epoch 114/300 n2n_mse=0.005035 lr=0.000072 pool_yaws=[5.0,-5.6,-0.6] pool_ms=1258 hist_ms=5078 batch_ms=8633 nohit_px=33039/110592(29.87%) nohit_effective=1834 (2298.4s)
[v9k] MONITOR epoch 114: val sparkle 868.1/Mpx resid 0.0662 highlight_ratio 0.433 score=21.701 | mirror sparkle 868.1/Mpx resid 0.0629 highlight_ratio 0.496 (tgt sp<16 resid<0.035) score_streak=60/20(LOG-ONLY) resid_streak=0/20(ABORT)
[v9k] FIRST BATCH mask check (epoch 115, pi=3 s=1): nohit_px(albedo)=3160/9216 nohit_effective(differs-from-CURE4)=491 | cross-check vs depth-hit-flag: false_hit_dark(albedo-mask says nohit, depth says REAL HIT)=1 false_miss_albedo(depth says miss, albedo-mask missed it — should be 0)=0
[v9k] epoch 115/300 n2n_mse=0.034447 lr=0.000072 pool_yaws=[-7.5,-26.4,6.6] pool_ms=1604 hist_ms=5120 batch_ms=8603 nohit_px=15404/110592(13.93%) nohit_effective=1866 (2316.3s)
[v9k] MONITOR epoch 115: val sparkle 976.6/Mpx resid 0.0657 highlight_ratio 0.436 score=24.414 | mirror sparkle 868.1/Mpx resid 0.0624 highlight_ratio 0.500 (tgt sp<16 resid<0.035) score_streak=61/20(LOG-ONLY) resid_streak=0/20(ABORT)
[v9k] FIRST BATCH mask check (epoch 116, pi=1 s=0): nohit_px(albedo)=9216/9216 nohit_effective(differs-from-CURE4)=127 | cross-check vs depth-hit-flag: false_hit_dark(albedo-mask says nohit, depth says REAL HIT)=0 false_miss_albedo(depth says miss, albedo-mask missed it — should be 0)=0
[v9k] epoch 116/300 n2n_mse=0.029976 lr=0.000072 pool_yaws=[29.5,23.0,-6.9] pool_ms=1306 hist_ms=5094 batch_ms=8715 nohit_px=37064/110592(33.51%) nohit_effective=1205 (2334.0s)
[v9k] MONITOR epoch 116: val sparkle 976.6/Mpx resid 0.0653 highlight_ratio 0.439 score=24.414 | mirror sparkle 868.1/Mpx resid 0.0619 highlight_ratio 0.504 (tgt sp<16 resid<0.035) score_streak=62/20(LOG-ONLY) resid_streak=0/20(ABORT)
[v9k] FIRST BATCH mask check (epoch 117, pi=2 s=0): nohit_px(albedo)=6098/9216 nohit_effective(differs-from-CURE4)=5 | cross-check vs depth-hit-flag: false_hit_dark(albedo-mask says nohit, depth says REAL HIT)=14 false_miss_albedo(depth says miss, albedo-mask missed it — should be 0)=0
[v9k] epoch 117/300 n2n_mse=0.010282 lr=0.000072 pool_yaws=[-26.1,-22.1,8.0] pool_ms=1315 hist_ms=5134 batch_ms=9030 nohit_px=59152/110592(53.49%) nohit_effective=4020 (2352.0s)
[v9k] MONITOR epoch 117: val sparkle 976.6/Mpx resid 0.0649 highlight_ratio 0.442 score=24.414 | mirror sparkle 868.1/Mpx resid 0.0615 highlight_ratio 0.508 (tgt sp<16 resid<0.035) score_streak=63/20(LOG-ONLY) resid_streak=0/20(ABORT)
[v9k] FIRST BATCH mask check (epoch 118, pi=0 s=2): nohit_px(albedo)=0/9216 nohit_effective(differs-from-CURE4)=0 | cross-check vs depth-hit-flag: false_hit_dark(albedo-mask says nohit, depth says REAL HIT)=0 false_miss_albedo(depth says miss, albedo-mask missed it — should be 0)=0
[v9k] NOTE: this single first batch had zero no-hit pixels (crop landed entirely on geometry) — not aborting, waiting for the first EPOCH's aggregate count below.
[v9k] epoch 118/300 n2n_mse=0.003812 lr=0.000072 pool_yaws=[-9.0,23.5,-0.9] pool_ms=1238 hist_ms=5055 batch_ms=8533 nohit_px=9416/110592(8.51%) nohit_effective=1250 (2369.4s)
[v9k] MONITOR epoch 118: val sparkle 976.6/Mpx resid 0.0645 highlight_ratio 0.445 score=24.414 | mirror sparkle 868.1/Mpx resid 0.0610 highlight_ratio 0.512 (tgt sp<16 resid<0.035) score_streak=64/20(LOG-ONLY) resid_streak=0/20(ABORT)
[v9k] FIRST BATCH mask check (epoch 119, pi=1 s=0): nohit_px(albedo)=4792/9216 nohit_effective(differs-from-CURE4)=280 | cross-check vs depth-hit-flag: false_hit_dark(albedo-mask says nohit, depth says REAL HIT)=37 false_miss_albedo(depth says miss, albedo-mask missed it — should be 0)=0
[v9k] epoch 119/300 n2n_mse=0.035534 lr=0.000072 pool_yaws=[-28.6,23.9,-8.6] pool_ms=1261 hist_ms=5051 batch_ms=8767 nohit_px=48700/110592(44.04%) nohit_effective=2869 (2387.0s)
[v9k] MONITOR epoch 119: val sparkle 976.6/Mpx resid 0.0641 highlight_ratio 0.448 score=24.414 | mirror sparkle 868.1/Mpx resid 0.0605 highlight_ratio 0.515 (tgt sp<16 resid<0.035) score_streak=65/20(LOG-ONLY) resid_streak=0/20(ABORT)
[v9k] FIRST BATCH mask check (epoch 120, pi=0 s=2): nohit_px(albedo)=7803/9216 nohit_effective(differs-from-CURE4)=348 | cross-check vs depth-hit-flag: false_hit_dark(albedo-mask says nohit, depth says REAL HIT)=0 false_miss_albedo(depth says miss, albedo-mask missed it — should be 0)=0
[v9k] epoch 120/300 n2n_mse=0.007245 lr=0.000071 pool_yaws=[11.5,5.7,-28.0] pool_ms=1322 hist_ms=5057 batch_ms=8611 nohit_px=32839/110592(29.69%) nohit_effective=1646 (2404.5s)
[v9k] MONITOR epoch 120: val sparkle 976.6/Mpx resid 0.0637 highlight_ratio 0.450 score=24.414 | mirror sparkle 1085.1/Mpx resid 0.0601 highlight_ratio 0.518 (tgt sp<16 resid<0.035) score_streak=66/20(LOG-ONLY) resid_streak=0/20(ABORT)
[v9k] FIRST BATCH mask check (epoch 121, pi=3 s=0): nohit_px(albedo)=3138/9216 nohit_effective(differs-from-CURE4)=350 | cross-check vs depth-hit-flag: false_hit_dark(albedo-mask says nohit, depth says REAL HIT)=3 false_miss_albedo(depth says miss, albedo-mask missed it — should be 0)=0
[v9k] epoch 121/300 n2n_mse=0.011105 lr=0.000071 pool_yaws=[-10.0,21.4,-0.9] pool_ms=1212 hist_ms=5037 batch_ms=8554 nohit_px=38334/110592(34.66%) nohit_effective=1554 (2421.8s)
[v9k] MONITOR epoch 121: val sparkle 1085.1/Mpx resid 0.0633 highlight_ratio 0.453 score=27.127 | mirror sparkle 1085.1/Mpx resid 0.0597 highlight_ratio 0.522 (tgt sp<16 resid<0.035) score_streak=67/20(LOG-ONLY) resid_streak=0/20(ABORT)
[v9k] FIRST BATCH mask check (epoch 122, pi=2 s=1): nohit_px(albedo)=0/9216 nohit_effective(differs-from-CURE4)=0 | cross-check vs depth-hit-flag: false_hit_dark(albedo-mask says nohit, depth says REAL HIT)=0 false_miss_albedo(depth says miss, albedo-mask missed it — should be 0)=0
[v9k] NOTE: this single first batch had zero no-hit pixels (crop landed entirely on geometry) — not aborting, waiting for the first EPOCH's aggregate count below.
[v9k] epoch 122/300 n2n_mse=0.016052 lr=0.000071 pool_yaws=[-14.6,-5.2,2.7] pool_ms=1170 hist_ms=5045 batch_ms=8510 nohit_px=56264/110592(50.88%) nohit_effective=1485 (2439.1s)
[v9k] MONITOR epoch 122: val sparkle 1193.6/Mpx resid 0.0628 highlight_ratio 0.456 score=29.839 | mirror sparkle 1085.1/Mpx resid 0.0592 highlight_ratio 0.526 (tgt sp<16 resid<0.035) score_streak=68/20(LOG-ONLY) resid_streak=0/20(ABORT)
[v9k] FIRST BATCH mask check (epoch 123, pi=1 s=1): nohit_px(albedo)=0/9216 nohit_effective(differs-from-CURE4)=0 | cross-check vs depth-hit-flag: false_hit_dark(albedo-mask says nohit, depth says REAL HIT)=0 false_miss_albedo(depth says miss, albedo-mask missed it — should be 0)=0
[v9k] NOTE: this single first batch had zero no-hit pixels (crop landed entirely on geometry) — not aborting, waiting for the first EPOCH's aggregate count below.
[v9k] epoch 123/300 n2n_mse=0.003396 lr=0.000071 pool_yaws=[27.2,8.0,-29.5] pool_ms=1191 hist_ms=5092 batch_ms=8434 nohit_px=37064/110592(33.51%) nohit_effective=1361 (2456.4s)
[v9k] MONITOR epoch 123: val sparkle 1193.6/Mpx resid 0.0624 highlight_ratio 0.459 score=29.839 | mirror sparkle 1085.1/Mpx resid 0.0587 highlight_ratio 0.530 (tgt sp<16 resid<0.035) score_streak=69/20(LOG-ONLY) resid_streak=0/20(ABORT)
[v9k] FIRST BATCH mask check (epoch 124, pi=2 s=2): nohit_px(albedo)=0/9216 nohit_effective(differs-from-CURE4)=0 | cross-check vs depth-hit-flag: false_hit_dark(albedo-mask says nohit, depth says REAL HIT)=0 false_miss_albedo(depth says miss, albedo-mask missed it — should be 0)=0
[v9k] NOTE: this single first batch had zero no-hit pixels (crop landed entirely on geometry) — not aborting, waiting for the first EPOCH's aggregate count below.
[v9k] epoch 124/300 n2n_mse=0.006820 lr=0.000071 pool_yaws=[18.3,11.5,9.8] pool_ms=1265 hist_ms=5043 batch_ms=8493 nohit_px=46756/110592(42.28%) nohit_effective=2825 (2473.7s)
[v9k] MONITOR epoch 124: val sparkle 1193.6/Mpx resid 0.0621 highlight_ratio 0.462 score=29.839 | mirror sparkle 1085.1/Mpx resid 0.0583 highlight_ratio 0.533 (tgt sp<16 resid<0.035) score_streak=70/20(LOG-ONLY) resid_streak=0/20(ABORT)
[v9k] PROBE epoch 124: bar-res(640x480) sparkle 29.3/Mpx resid 0.0636 highlight_ratio 0.510 (tgt sp<16 resid<0.035) took 44.5s
[v9k] WATCHDOG ABORT: bar-res probe sparkle failed the bar at epoch 124 — stopping, keeping best+last (best score=2.745)
[v9k] training done in 2520.7s (best score=2.745)
[v9k] wrote /Users/pascaldisse/projects/magic-crystal-v9body/packages/scrying-glass/data/rdirect-weights-v9k.bin sha256=e1e4c1bb73e7493e9ce53df702685bdad498ee8c1daedc0fbabec9a9fbc2968e
[v9k] wrote /Users/pascaldisse/projects/magic-crystal-v9body/packages/scrying-glass/data/rdirect-weights-v9k-last.bin sha256=813ad40dd2feae5c7ca6a69b63716e1b10111ee794aa296ce5bbb3e368ea0856
[v9k] wrote provenance. tag=v9k best=/Users/pascaldisse/projects/magic-crystal-v9body/packages/scrying-glass/data/rdirect-weights-v9k.bin last=/Users/pascaldisse/projects/magic-crystal-v9body/packages/scrying-glass/data/rdirect-weights-v9k-last.bin
