    Finished `release` profile [optimized] target(s) in 0.73s
     Running `/Users/pascaldisse/projects/magic-crystal-v9body/target/release/examples/rdirect_train_v9k`
[v9l] GAIA_V7_SKY_HISTORY reject=true — mandate expects true (set GAIA_V7_SKY_HISTORY=reject)
[v9l] res 128x72 K=3 steps, GAIA_V9_K=8 noise2noise draws (variance/8, teacher validator-only)
[v9l] WATCHDOG two-signal: score_streak=20 LOG-ONLY, resid_streak=20 ABORT, bar-res probe every 25 epochs at 640x480 (K=3 ref=64) ABORT on sparkle>=16
[v9l] CURE 4: overshoot_w=4 — above-ceiling gradient is 2*overshoot_w*(raw-cap)/n (pulls toward the ceiling), no longer zero (see module doc mechanism-hunt verdict)
[v9l] CURE 5: nohit_albedo_sq=0.00000001 — albedo~0/no-hit pixels bypass the clamp/ceiling entirely, ordinary 2*(raw-target)/n always active (autopsy grad-probe-fix section)
[v9l] POSE DIVERSITY POOL (v9c/v9e parity): orbit±30deg jitter±0.6 around 2 anchors (front-pivot family x2 draws/epoch, wide-anchor family x1 draw/epoch) + mirror unconditional (fixed) — fresh draws every epoch, CURE 3 winsorize_k=0 (OFF if 0)
[v9l] rendered mirror(train) + 2 VALIDATOR (orbit_-20, mirror — FIXED, held-out) pose sequences (128x72, teacher 64 VALIDATOR ONLY, pan_step=0.004, mirror_spp=4) in 1.8s
[v9l] V9K CROP TRAINING: pool draws (front-pivot x2, wide-anchor x1) now render 128x72 CROPS of a virtual 640x480 frame (asymmetric frustum, cost=128x72 not 640x480), pad_margin=0 sky_bias_prob=0 (0.0=uniform) — mirror/val stay full-frame, bar-res probe (below) stays the judge, unchanged
[v9l] UnetConfig widths=[24, 40, 64] n_scales=3 params≈163083
[v9l] MONITOR epoch -1 (fresh He-init): val sparkle 0.0/Mpx resid 0.1179 highlight_ratio 0.025 score=3.368 | mirror sparkle 0.0/Mpx resid 0.1194 highlight_ratio 0.020 (tgt sp<16 resid<0.035) *BEST->saved score_streak=0/20(LOG-ONLY) resid_streak=0/20(ABORT)
[v9l] FIRST BATCH mask check (epoch 0, pi=1 s=2): nohit_px(albedo)=0/9216 nohit_effective(differs-from-CURE4)=0 | cross-check vs depth-hit-flag: false_hit_dark(albedo-mask says nohit, depth says REAL HIT)=0 false_miss_albedo(depth says miss, albedo-mask missed it — should be 0)=0
[v9l] NOTE: this single first batch had zero no-hit pixels (crop landed entirely on geometry) — not aborting, waiting for the first EPOCH's aggregate count below.
[v9l] epoch 0/300 n2n_mse=0.191032 lr=0.000100 pool_yaws=[-11.4,9.4,1.9] pool_ms=1562 hist_ms=5137 batch_ms=8529 nohit_px=16599/110592(15.01%) nohit_effective=24 (15.2s)
[v9l] MONITOR epoch 0: val sparkle 0.0/Mpx resid 0.1178 highlight_ratio 0.025 score=3.367 | mirror sparkle 0.0/Mpx resid 0.1193 highlight_ratio 0.020 (tgt sp<16 resid<0.035) *BEST->saved score_streak=0/20(LOG-ONLY) resid_streak=0/20(ABORT)
[v9l] FIRST BATCH mask check (epoch 1, pi=3 s=2): nohit_px(albedo)=3118/9216 nohit_effective(differs-from-CURE4)=40 | cross-check vs depth-hit-flag: false_hit_dark(albedo-mask says nohit, depth says REAL HIT)=3 false_miss_albedo(depth says miss, albedo-mask missed it — should be 0)=0
[v9l] epoch 1/300 n2n_mse=0.119750 lr=0.000100 pool_yaws=[19.7,16.9,-22.6] pool_ms=1424 hist_ms=5133 batch_ms=8301 nohit_px=37064/110592(33.51%) nohit_effective=479 (32.6s)
[v9l] MONITOR epoch 1: val sparkle 0.0/Mpx resid 0.1178 highlight_ratio 0.026 score=3.364 | mirror sparkle 0.0/Mpx resid 0.1192 highlight_ratio 0.021 (tgt sp<16 resid<0.035) *BEST->saved score_streak=0/20(LOG-ONLY) resid_streak=0/20(ABORT)
[v9l] FIRST BATCH mask check (epoch 2, pi=3 s=1): nohit_px(albedo)=3160/9216 nohit_effective(differs-from-CURE4)=491 | cross-check vs depth-hit-flag: false_hit_dark(albedo-mask says nohit, depth says REAL HIT)=1 false_miss_albedo(depth says miss, albedo-mask missed it — should be 0)=0
[v9l] epoch 2/300 n2n_mse=0.032873 lr=0.000099 pool_yaws=[-2.5,27.6,-27.4] pool_ms=1439 hist_ms=5209 batch_ms=8407 nohit_px=76616/110592(69.28%) nohit_effective=4105 (50.3s)
[v9l] MONITOR epoch 2: val sparkle 0.0/Mpx resid 0.1176 highlight_ratio 0.027 score=3.361 | mirror sparkle 0.0/Mpx resid 0.1190 highlight_ratio 0.022 (tgt sp<16 resid<0.035) *BEST->saved score_streak=0/20(LOG-ONLY) resid_streak=0/20(ABORT)
[v9l] FIRST BATCH mask check (epoch 3, pi=2 s=2): nohit_px(albedo)=0/9216 nohit_effective(differs-from-CURE4)=0 | cross-check vs depth-hit-flag: false_hit_dark(albedo-mask says nohit, depth says REAL HIT)=0 false_miss_albedo(depth says miss, albedo-mask missed it — should be 0)=0
[v9l] NOTE: this single first batch had zero no-hit pixels (crop landed entirely on geometry) — not aborting, waiting for the first EPOCH's aggregate count below.
[v9l] epoch 3/300 n2n_mse=0.028359 lr=0.000099 pool_yaws=[4.3,-16.9,-8.8] pool_ms=1472 hist_ms=5542 batch_ms=8721 nohit_px=9416/110592(8.51%) nohit_effective=1760 (68.6s)
[v9l] MONITOR epoch 3: val sparkle 0.0/Mpx resid 0.1175 highlight_ratio 0.029 score=3.356 | mirror sparkle 0.0/Mpx resid 0.1187 highlight_ratio 0.024 (tgt sp<16 resid<0.035) *BEST->saved score_streak=0/20(LOG-ONLY) resid_streak=0/20(ABORT)
[v9l] FIRST BATCH mask check (epoch 4, pi=3 s=1): nohit_px(albedo)=3160/9216 nohit_effective(differs-from-CURE4)=650 | cross-check vs depth-hit-flag: false_hit_dark(albedo-mask says nohit, depth says REAL HIT)=1 false_miss_albedo(depth says miss, albedo-mask missed it — should be 0)=0
[v9l] epoch 4/300 n2n_mse=0.043882 lr=0.000099 pool_yaws=[-28.4,24.3,-21.1] pool_ms=1866 hist_ms=5053 batch_ms=8838 nohit_px=28577/110592(25.84%) nohit_effective=6732 (86.9s)
[v9l] MONITOR epoch 4: val sparkle 0.0/Mpx resid 0.1173 highlight_ratio 0.030 score=3.351 | mirror sparkle 0.0/Mpx resid 0.1185 highlight_ratio 0.025 (tgt sp<16 resid<0.035) *BEST->saved score_streak=0/20(LOG-ONLY) resid_streak=0/20(ABORT)
[v9l] FIRST BATCH mask check (epoch 5, pi=2 s=1): nohit_px(albedo)=0/9216 nohit_effective(differs-from-CURE4)=0 | cross-check vs depth-hit-flag: false_hit_dark(albedo-mask says nohit, depth says REAL HIT)=0 false_miss_albedo(depth says miss, albedo-mask missed it — should be 0)=0
[v9l] NOTE: this single first batch had zero no-hit pixels (crop landed entirely on geometry) — not aborting, waiting for the first EPOCH's aggregate count below.
[v9l] epoch 5/300 n2n_mse=0.045547 lr=0.000098 pool_yaws=[-1.0,13.5,9.7] pool_ms=1195 hist_ms=5098 batch_ms=8445 nohit_px=10914/110592(9.87%) nohit_effective=10245 (104.2s)
[v9l] MONITOR epoch 5: val sparkle 0.0/Mpx resid 0.1171 highlight_ratio 0.032 score=3.345 | mirror sparkle 0.0/Mpx resid 0.1182 highlight_ratio 0.027 (tgt sp<16 resid<0.035) *BEST->saved score_streak=0/20(LOG-ONLY) resid_streak=0/20(ABORT)
[v9l] FIRST BATCH mask check (epoch 6, pi=0 s=2): nohit_px(albedo)=0/9216 nohit_effective(differs-from-CURE4)=0 | cross-check vs depth-hit-flag: false_hit_dark(albedo-mask says nohit, depth says REAL HIT)=157 false_miss_albedo(depth says miss, albedo-mask missed it — should be 0)=0
[v9l] NOTE: this single first batch had zero no-hit pixels (crop landed entirely on geometry) — not aborting, waiting for the first EPOCH's aggregate count below.
[v9l] epoch 6/300 n2n_mse=0.043325 lr=0.000098 pool_yaws=[29.2,-7.3,13.3] pool_ms=1209 hist_ms=5156 batch_ms=8444 nohit_px=29000/110592(26.22%) nohit_effective=28061 (121.5s)
[v9l] MONITOR epoch 6: val sparkle 0.0/Mpx resid 0.1169 highlight_ratio 0.033 score=3.339 | mirror sparkle 0.0/Mpx resid 0.1179 highlight_ratio 0.029 (tgt sp<16 resid<0.035) *BEST->saved score_streak=0/20(LOG-ONLY) resid_streak=0/20(ABORT)
[v9l] FIRST BATCH mask check (epoch 7, pi=0 s=2): nohit_px(albedo)=0/9216 nohit_effective(differs-from-CURE4)=0 | cross-check vs depth-hit-flag: false_hit_dark(albedo-mask says nohit, depth says REAL HIT)=0 false_miss_albedo(depth says miss, albedo-mask missed it — should be 0)=0
[v9l] NOTE: this single first batch had zero no-hit pixels (crop landed entirely on geometry) — not aborting, waiting for the first EPOCH's aggregate count below.
[v9l] epoch 7/300 n2n_mse=0.010224 lr=0.000098 pool_yaws=[27.2,-16.6,16.3] pool_ms=1211 hist_ms=5763 batch_ms=8569 nohit_px=37064/110592(33.51%) nohit_effective=32171 (140.7s)
[v9l] MONITOR epoch 7: val sparkle 0.0/Mpx resid 0.1167 highlight_ratio 0.035 score=3.333 | mirror sparkle 0.0/Mpx resid 0.1176 highlight_ratio 0.031 (tgt sp<16 resid<0.035) *BEST->saved score_streak=0/20(LOG-ONLY) resid_streak=0/20(ABORT)
[v9l] FIRST BATCH mask check (epoch 8, pi=0 s=0): nohit_px(albedo)=6457/9216 nohit_effective(differs-from-CURE4)=1922 | cross-check vs depth-hit-flag: false_hit_dark(albedo-mask says nohit, depth says REAL HIT)=0 false_miss_albedo(depth says miss, albedo-mask missed it — should be 0)=0
[v9l] epoch 8/300 n2n_mse=0.016814 lr=0.000097 pool_yaws=[-25.4,-28.5,-17.7] pool_ms=1248 hist_ms=5242 batch_ms=8543 nohit_px=45512/110592(41.15%) nohit_effective=6837 (158.4s)
[v9l] MONITOR epoch 8: val sparkle 0.0/Mpx resid 0.1164 highlight_ratio 0.036 score=3.327 | mirror sparkle 0.0/Mpx resid 0.1173 highlight_ratio 0.033 (tgt sp<16 resid<0.035) *BEST->saved score_streak=0/20(LOG-ONLY) resid_streak=0/20(ABORT)
[v9l] FIRST BATCH mask check (epoch 9, pi=2 s=0): nohit_px(albedo)=0/9216 nohit_effective(differs-from-CURE4)=0 | cross-check vs depth-hit-flag: false_hit_dark(albedo-mask says nohit, depth says REAL HIT)=0 false_miss_albedo(depth says miss, albedo-mask missed it — should be 0)=0
[v9l] NOTE: this single first batch had zero no-hit pixels (crop landed entirely on geometry) — not aborting, waiting for the first EPOCH's aggregate count below.
[v9l] epoch 9/300 n2n_mse=0.013996 lr=0.000097 pool_yaws=[-23.2,10.3,-16.3] pool_ms=1334 hist_ms=5172 batch_ms=8457 nohit_px=37064/110592(33.51%) nohit_effective=2210 (175.9s)
[v9l] MONITOR epoch 9: val sparkle 0.0/Mpx resid 0.1162 highlight_ratio 0.038 score=3.320 | mirror sparkle 0.0/Mpx resid 0.1170 highlight_ratio 0.034 (tgt sp<16 resid<0.035) *BEST->saved score_streak=0/20(LOG-ONLY) resid_streak=0/20(ABORT)
[v9l] FIRST BATCH mask check (epoch 10, pi=0 s=2): nohit_px(albedo)=0/9216 nohit_effective(differs-from-CURE4)=0 | cross-check vs depth-hit-flag: false_hit_dark(albedo-mask says nohit, depth says REAL HIT)=0 false_miss_albedo(depth says miss, albedo-mask missed it — should be 0)=0
[v9l] NOTE: this single first batch had zero no-hit pixels (crop landed entirely on geometry) — not aborting, waiting for the first EPOCH's aggregate count below.
[v9l] epoch 10/300 n2n_mse=0.012382 lr=0.000097 pool_yaws=[11.3,-12.2,9.6] pool_ms=1418 hist_ms=5423 batch_ms=8432 nohit_px=9416/110592(8.51%) nohit_effective=2604 (193.9s)
[v9l] MONITOR epoch 10: val sparkle 0.0/Mpx resid 0.1160 highlight_ratio 0.040 score=3.314 | mirror sparkle 0.0/Mpx resid 0.1167 highlight_ratio 0.036 (tgt sp<16 resid<0.035) *BEST->saved score_streak=0/20(LOG-ONLY) resid_streak=0/20(ABORT)
[v9l] FIRST BATCH mask check (epoch 11, pi=1 s=1): nohit_px(albedo)=0/9216 nohit_effective(differs-from-CURE4)=0 | cross-check vs depth-hit-flag: false_hit_dark(albedo-mask says nohit, depth says REAL HIT)=0 false_miss_albedo(depth says miss, albedo-mask missed it — should be 0)=0
[v9l] NOTE: this single first batch had zero no-hit pixels (crop landed entirely on geometry) — not aborting, waiting for the first EPOCH's aggregate count below.
[v9l] epoch 11/300 n2n_mse=0.009435 lr=0.000096 pool_yaws=[-26.4,26.5,-13.6] pool_ms=1232 hist_ms=5211 batch_ms=8693 nohit_px=9416/110592(8.51%) nohit_effective=2784 (211.6s)
[v9l] MONITOR epoch 11: val sparkle 0.0/Mpx resid 0.1157 highlight_ratio 0.041 score=3.307 | mirror sparkle 0.0/Mpx resid 0.1164 highlight_ratio 0.038 (tgt sp<16 resid<0.035) *BEST->saved score_streak=0/20(LOG-ONLY) resid_streak=0/20(ABORT)
[v9l] FIRST BATCH mask check (epoch 12, pi=3 s=0): nohit_px(albedo)=3138/9216 nohit_effective(differs-from-CURE4)=906 | cross-check vs depth-hit-flag: false_hit_dark(albedo-mask says nohit, depth says REAL HIT)=3 false_miss_albedo(depth says miss, albedo-mask missed it — should be 0)=0
[v9l] epoch 12/300 n2n_mse=0.012743 lr=0.000096 pool_yaws=[-8.8,-15.8,23.0] pool_ms=1305 hist_ms=5313 batch_ms=8750 nohit_px=43467/110592(39.30%) nohit_effective=5858 (229.7s)
[v9l] MONITOR epoch 12: val sparkle 0.0/Mpx resid 0.1155 highlight_ratio 0.043 score=3.299 | mirror sparkle 0.0/Mpx resid 0.1161 highlight_ratio 0.040 (tgt sp<16 resid<0.035) *BEST->saved score_streak=0/20(LOG-ONLY) resid_streak=0/20(ABORT)
[v9l] FIRST BATCH mask check (epoch 13, pi=1 s=2): nohit_px(albedo)=0/9216 nohit_effective(differs-from-CURE4)=0 | cross-check vs depth-hit-flag: false_hit_dark(albedo-mask says nohit, depth says REAL HIT)=0 false_miss_albedo(depth says miss, albedo-mask missed it — should be 0)=0
[v9l] NOTE: this single first batch had zero no-hit pixels (crop landed entirely on geometry) — not aborting, waiting for the first EPOCH's aggregate count below.
[v9l] epoch 13/300 n2n_mse=0.010712 lr=0.000096 pool_yaws=[22.4,-5.4,-21.0] pool_ms=1358 hist_ms=5223 batch_ms=8695 nohit_px=17120/110592(15.48%) nohit_effective=4473 (247.5s)
[v9l] MONITOR epoch 13: val sparkle 0.0/Mpx resid 0.1152 highlight_ratio 0.044 score=3.292 | mirror sparkle 0.0/Mpx resid 0.1157 highlight_ratio 0.042 (tgt sp<16 resid<0.035) *BEST->saved score_streak=0/20(LOG-ONLY) resid_streak=0/20(ABORT)
[v9l] FIRST BATCH mask check (epoch 14, pi=1 s=0): nohit_px(albedo)=5632/9216 nohit_effective(differs-from-CURE4)=1694 | cross-check vs depth-hit-flag: false_hit_dark(albedo-mask says nohit, depth says REAL HIT)=0 false_miss_albedo(depth says miss, albedo-mask missed it — should be 0)=0
[v9l] epoch 14/300 n2n_mse=0.010910 lr=0.000096 pool_yaws=[-20.5,-24.3,14.6] pool_ms=1316 hist_ms=5231 batch_ms=8409 nohit_px=26051/110592(23.56%) nohit_effective=7216 (265.1s)
[v9l] MONITOR epoch 14: val sparkle 0.0/Mpx resid 0.1149 highlight_ratio 0.046 score=3.283 | mirror sparkle 0.0/Mpx resid 0.1153 highlight_ratio 0.044 (tgt sp<16 resid<0.035) *BEST->saved score_streak=0/20(LOG-ONLY) resid_streak=0/20(ABORT)
[v9l] FIRST BATCH mask check (epoch 15, pi=3 s=0): nohit_px(albedo)=3138/9216 nohit_effective(differs-from-CURE4)=899 | cross-check vs depth-hit-flag: false_hit_dark(albedo-mask says nohit, depth says REAL HIT)=3 false_miss_albedo(depth says miss, albedo-mask missed it — should be 0)=0
[v9l] epoch 15/300 n2n_mse=0.012145 lr=0.000095 pool_yaws=[-17.1,-17.3,-20.0] pool_ms=1280 hist_ms=5132 batch_ms=8709 nohit_px=35066/110592(31.71%) nohit_effective=5513 (282.8s)
[v9l] MONITOR epoch 15: val sparkle 0.0/Mpx resid 0.1146 highlight_ratio 0.048 score=3.275 | mirror sparkle 0.0/Mpx resid 0.1150 highlight_ratio 0.046 (tgt sp<16 resid<0.035) *BEST->saved score_streak=0/20(LOG-ONLY) resid_streak=0/20(ABORT)
[v9l] FIRST BATCH mask check (epoch 16, pi=3 s=1): nohit_px(albedo)=3160/9216 nohit_effective(differs-from-CURE4)=865 | cross-check vs depth-hit-flag: false_hit_dark(albedo-mask says nohit, depth says REAL HIT)=1 false_miss_albedo(depth says miss, albedo-mask missed it — should be 0)=0
[v9l] epoch 16/300 n2n_mse=0.027424 lr=0.000095 pool_yaws=[2.4,-9.2,23.9] pool_ms=1186 hist_ms=5241 batch_ms=8551 nohit_px=64167/110592(58.02%) nohit_effective=2853 (300.4s)
[v9l] MONITOR epoch 16: val sparkle 0.0/Mpx resid 0.1143 highlight_ratio 0.050 score=3.267 | mirror sparkle 0.0/Mpx resid 0.1146 highlight_ratio 0.049 (tgt sp<16 resid<0.035) *BEST->saved score_streak=0/20(LOG-ONLY) resid_streak=0/20(ABORT)
[v9l] FIRST BATCH mask check (epoch 17, pi=2 s=2): nohit_px(albedo)=0/9216 nohit_effective(differs-from-CURE4)=0 | cross-check vs depth-hit-flag: false_hit_dark(albedo-mask says nohit, depth says REAL HIT)=0 false_miss_albedo(depth says miss, albedo-mask missed it — should be 0)=0
[v9l] NOTE: this single first batch had zero no-hit pixels (crop landed entirely on geometry) — not aborting, waiting for the first EPOCH's aggregate count below.
[v9l] epoch 17/300 n2n_mse=0.022019 lr=0.000095 pool_yaws=[-6.9,2.3,25.6] pool_ms=1297 hist_ms=5162 batch_ms=8852 nohit_px=11102/110592(10.04%) nohit_effective=3473 (318.2s)
[v9l] MONITOR epoch 17: val sparkle 0.0/Mpx resid 0.1140 highlight_ratio 0.051 score=3.258 | mirror sparkle 0.0/Mpx resid 0.1142 highlight_ratio 0.051 (tgt sp<16 resid<0.035) *BEST->saved score_streak=0/20(LOG-ONLY) resid_streak=0/20(ABORT)
[v9l] FIRST BATCH mask check (epoch 18, pi=0 s=0): nohit_px(albedo)=9216/9216 nohit_effective(differs-from-CURE4)=0 | cross-check vs depth-hit-flag: false_hit_dark(albedo-mask says nohit, depth says REAL HIT)=0 false_miss_albedo(depth says miss, albedo-mask missed it — should be 0)=0
[v9l] epoch 18/300 n2n_mse=0.038258 lr=0.000094 pool_yaws=[-22.4,18.8,-2.8] pool_ms=1214 hist_ms=5157 batch_ms=8536 nohit_px=40166/110592(36.32%) nohit_effective=3393 (335.7s)
[v9l] MONITOR epoch 18: val sparkle 0.0/Mpx resid 0.1137 highlight_ratio 0.053 score=3.249 | mirror sparkle 0.0/Mpx resid 0.1138 highlight_ratio 0.053 (tgt sp<16 resid<0.035) *BEST->saved score_streak=0/20(LOG-ONLY) resid_streak=0/20(ABORT)
[v9l] FIRST BATCH mask check (epoch 19, pi=0 s=2): nohit_px(albedo)=9216/9216 nohit_effective(differs-from-CURE4)=0 | cross-check vs depth-hit-flag: false_hit_dark(albedo-mask says nohit, depth says REAL HIT)=0 false_miss_albedo(depth says miss, albedo-mask missed it — should be 0)=0
[v9l] epoch 19/300 n2n_mse=0.025139 lr=0.000094 pool_yaws=[-19.2,-24.2,23.8] pool_ms=1148 hist_ms=5128 batch_ms=8535 nohit_px=37064/110592(33.51%) nohit_effective=2635 (353.1s)
[v9l] MONITOR epoch 19: val sparkle 0.0/Mpx resid 0.1134 highlight_ratio 0.055 score=3.240 | mirror sparkle 0.0/Mpx resid 0.1134 highlight_ratio 0.055 (tgt sp<16 resid<0.035) *BEST->saved score_streak=0/20(LOG-ONLY) resid_streak=0/20(ABORT)
[v9l] FIRST BATCH mask check (epoch 20, pi=3 s=0): nohit_px(albedo)=3138/9216 nohit_effective(differs-from-CURE4)=940 | cross-check vs depth-hit-flag: false_hit_dark(albedo-mask says nohit, depth says REAL HIT)=3 false_miss_albedo(depth says miss, albedo-mask missed it — should be 0)=0
[v9l] epoch 20/300 n2n_mse=0.009867 lr=0.000094 pool_yaws=[-10.8,10.3,27.6] pool_ms=1208 hist_ms=5076 batch_ms=8576 nohit_px=47703/110592(43.13%) nohit_effective=4446 (370.5s)
[v9l] MONITOR epoch 20: val sparkle 0.0/Mpx resid 0.1131 highlight_ratio 0.057 score=3.230 | mirror sparkle 0.0/Mpx resid 0.1130 highlight_ratio 0.058 (tgt sp<16 resid<0.035) *BEST->saved score_streak=0/20(LOG-ONLY) resid_streak=0/20(ABORT)
[v9l] FIRST BATCH mask check (epoch 21, pi=2 s=1): nohit_px(albedo)=1672/9216 nohit_effective(differs-from-CURE4)=361 | cross-check vs depth-hit-flag: false_hit_dark(albedo-mask says nohit, depth says REAL HIT)=394 false_miss_albedo(depth says miss, albedo-mask missed it — should be 0)=0
[v9l] epoch 21/300 n2n_mse=0.055370 lr=0.000093 pool_yaws=[15.6,8.3,20.9] pool_ms=1180 hist_ms=5080 batch_ms=8523 nohit_px=27176/110592(24.57%) nohit_effective=3880 (387.8s)
[v9l] MONITOR epoch 21: val sparkle 0.0/Mpx resid 0.1127 highlight_ratio 0.059 score=3.221 | mirror sparkle 0.0/Mpx resid 0.1126 highlight_ratio 0.060 (tgt sp<16 resid<0.035) *BEST->saved score_streak=0/20(LOG-ONLY) resid_streak=0/20(ABORT)
[v9l] FIRST BATCH mask check (epoch 22, pi=1 s=0): nohit_px(albedo)=0/9216 nohit_effective(differs-from-CURE4)=0 | cross-check vs depth-hit-flag: false_hit_dark(albedo-mask says nohit, depth says REAL HIT)=0 false_miss_albedo(depth says miss, albedo-mask missed it — should be 0)=0
[v9l] NOTE: this single first batch had zero no-hit pixels (crop landed entirely on geometry) — not aborting, waiting for the first EPOCH's aggregate count below.
[v9l] epoch 22/300 n2n_mse=0.006857 lr=0.000093 pool_yaws=[19.1,-13.1,10.0] pool_ms=1194 hist_ms=5146 batch_ms=8646 nohit_px=9416/110592(8.51%) nohit_effective=3002 (405.4s)
[v9l] MONITOR epoch 22: val sparkle 0.0/Mpx resid 0.1124 highlight_ratio 0.061 score=3.210 | mirror sparkle 0.0/Mpx resid 0.1122 highlight_ratio 0.062 (tgt sp<16 resid<0.035) *BEST->saved score_streak=0/20(LOG-ONLY) resid_streak=0/20(ABORT)
[v9l] FIRST BATCH mask check (epoch 23, pi=1 s=0): nohit_px(albedo)=8684/9216 nohit_effective(differs-from-CURE4)=182 | cross-check vs depth-hit-flag: false_hit_dark(albedo-mask says nohit, depth says REAL HIT)=0 false_miss_albedo(depth says miss, albedo-mask missed it — should be 0)=0
[v9l] epoch 23/300 n2n_mse=0.007571 lr=0.000093 pool_yaws=[25.2,-13.6,22.1] pool_ms=1118 hist_ms=5229 batch_ms=8983 nohit_px=63538/110592(57.45%) nohit_effective=3583 (423.3s)
[v9l] MONITOR epoch 23: val sparkle 0.0/Mpx resid 0.1120 highlight_ratio 0.063 score=3.200 | mirror sparkle 0.0/Mpx resid 0.1117 highlight_ratio 0.065 (tgt sp<16 resid<0.035) *BEST->saved score_streak=0/20(LOG-ONLY) resid_streak=0/20(ABORT)
[v9l] FIRST BATCH mask check (epoch 24, pi=2 s=2): nohit_px(albedo)=6656/9216 nohit_effective(differs-from-CURE4)=316 | cross-check vs depth-hit-flag: false_hit_dark(albedo-mask says nohit, depth says REAL HIT)=0 false_miss_albedo(depth says miss, albedo-mask missed it — should be 0)=0
[v9l] epoch 24/300 n2n_mse=0.005938 lr=0.000093 pool_yaws=[21.0,-21.0,6.1] pool_ms=1293 hist_ms=5329 batch_ms=8914 nohit_px=56981/110592(51.52%) nohit_effective=4227 (441.4s)
[v9l] MONITOR epoch 24: val sparkle 0.0/Mpx resid 0.1116 highlight_ratio 0.065 score=3.189 | mirror sparkle 0.0/Mpx resid 0.1113 highlight_ratio 0.067 (tgt sp<16 resid<0.035) *BEST->saved score_streak=0/20(LOG-ONLY) resid_streak=0/20(ABORT)
[v9l] PROBE epoch 24: bar-res(640x480) sparkle 0.0/Mpx resid 0.1222 highlight_ratio 0.048 (tgt sp<16 resid<0.035) took 45.2s
[v9l] FIRST BATCH mask check (epoch 25, pi=2 s=0): nohit_px(albedo)=0/9216 nohit_effective(differs-from-CURE4)=0 | cross-check vs depth-hit-flag: false_hit_dark(albedo-mask says nohit, depth says REAL HIT)=426 false_miss_albedo(depth says miss, albedo-mask missed it — should be 0)=0
[v9l] NOTE: this single first batch had zero no-hit pixels (crop landed entirely on geometry) — not aborting, waiting for the first EPOCH's aggregate count below.
[v9l] epoch 25/300 n2n_mse=0.058380 lr=0.000092 pool_yaws=[-28.6,-1.5,-10.3] pool_ms=1479 hist_ms=5324 batch_ms=8647 nohit_px=29838/110592(26.98%) nohit_effective=4603 (504.7s)
[v9l] MONITOR epoch 25: val sparkle 0.0/Mpx resid 0.1112 highlight_ratio 0.067 score=3.177 | mirror sparkle 0.0/Mpx resid 0.1108 highlight_ratio 0.070 (tgt sp<16 resid<0.035) *BEST->saved score_streak=0/20(LOG-ONLY) resid_streak=0/20(ABORT)
[v9l] FIRST BATCH mask check (epoch 26, pi=1 s=1): nohit_px(albedo)=0/9216 nohit_effective(differs-from-CURE4)=0 | cross-check vs depth-hit-flag: false_hit_dark(albedo-mask says nohit, depth says REAL HIT)=233 false_miss_albedo(depth says miss, albedo-mask missed it — should be 0)=0
[v9l] NOTE: this single first batch had zero no-hit pixels (crop landed entirely on geometry) — not aborting, waiting for the first EPOCH's aggregate count below.
[v9l] epoch 26/300 n2n_mse=0.035444 lr=0.000092 pool_yaws=[15.8,-7.0,-25.1] pool_ms=1372 hist_ms=5226 batch_ms=8524 nohit_px=9416/110592(8.51%) nohit_effective=2740 (522.4s)
[v9l] MONITOR epoch 26: val sparkle 0.0/Mpx resid 0.1108 highlight_ratio 0.069 score=3.166 | mirror sparkle 0.0/Mpx resid 0.1103 highlight_ratio 0.073 (tgt sp<16 resid<0.035) *BEST->saved score_streak=0/20(LOG-ONLY) resid_streak=0/20(ABORT)
[v9l] FIRST BATCH mask check (epoch 27, pi=0 s=2): nohit_px(albedo)=0/9216 nohit_effective(differs-from-CURE4)=0 | cross-check vs depth-hit-flag: false_hit_dark(albedo-mask says nohit, depth says REAL HIT)=0 false_miss_albedo(depth says miss, albedo-mask missed it — should be 0)=0
[v9l] NOTE: this single first batch had zero no-hit pixels (crop landed entirely on geometry) — not aborting, waiting for the first EPOCH's aggregate count below.
[v9l] epoch 27/300 n2n_mse=0.006945 lr=0.000092 pool_yaws=[11.1,29.3,16.2] pool_ms=1204 hist_ms=5141 batch_ms=8750 nohit_px=56115/110592(50.74%) nohit_effective=4561 (540.0s)
[v9l] MONITOR epoch 27: val sparkle 0.0/Mpx resid 0.1104 highlight_ratio 0.072 score=3.154 | mirror sparkle 0.0/Mpx resid 0.1098 highlight_ratio 0.075 (tgt sp<16 resid<0.035) *BEST->saved score_streak=0/20(LOG-ONLY) resid_streak=0/20(ABORT)
[v9l] FIRST BATCH mask check (epoch 28, pi=1 s=2): nohit_px(albedo)=9216/9216 nohit_effective(differs-from-CURE4)=0 | cross-check vs depth-hit-flag: false_hit_dark(albedo-mask says nohit, depth says REAL HIT)=0 false_miss_albedo(depth says miss, albedo-mask missed it — should be 0)=0
[v9l] epoch 28/300 n2n_mse=0.008227 lr=0.000091 pool_yaws=[-14.0,29.1,-20.0] pool_ms=1284 hist_ms=5212 batch_ms=8555 nohit_px=51442/110592(46.52%) nohit_effective=3626 (557.7s)
[v9l] MONITOR epoch 28: val sparkle 0.0/Mpx resid 0.1100 highlight_ratio 0.075 score=3.141 | mirror sparkle 0.0/Mpx resid 0.1094 highlight_ratio 0.078 (tgt sp<16 resid<0.035) *BEST->saved score_streak=0/20(LOG-ONLY) resid_streak=0/20(ABORT)
[v9l] FIRST BATCH mask check (epoch 29, pi=2 s=0): nohit_px(albedo)=0/9216 nohit_effective(differs-from-CURE4)=0 | cross-check vs depth-hit-flag: false_hit_dark(albedo-mask says nohit, depth says REAL HIT)=0 false_miss_albedo(depth says miss, albedo-mask missed it — should be 0)=0
[v9l] NOTE: this single first batch had zero no-hit pixels (crop landed entirely on geometry) — not aborting, waiting for the first EPOCH's aggregate count below.
[v9l] epoch 29/300 n2n_mse=0.005036 lr=0.000091 pool_yaws=[6.6,3.0,-7.3] pool_ms=1145 hist_ms=5134 batch_ms=8619 nohit_px=64010/110592(57.88%) nohit_effective=3085 (575.2s)
[v9l] MONITOR epoch 29: val sparkle 0.0/Mpx resid 0.1095 highlight_ratio 0.078 score=3.129 | mirror sparkle 0.0/Mpx resid 0.1089 highlight_ratio 0.082 (tgt sp<16 resid<0.035) *BEST->saved score_streak=0/20(LOG-ONLY) resid_streak=0/20(ABORT)
[v9l] FIRST BATCH mask check (epoch 30, pi=0 s=0): nohit_px(albedo)=2387/9216 nohit_effective(differs-from-CURE4)=312 | cross-check vs depth-hit-flag: false_hit_dark(albedo-mask says nohit, depth says REAL HIT)=41 false_miss_albedo(depth says miss, albedo-mask missed it — should be 0)=0
[v9l] epoch 30/300 n2n_mse=0.022944 lr=0.000091 pool_yaws=[-23.1,18.7,-8.8] pool_ms=1301 hist_ms=5351 batch_ms=8715 nohit_px=16849/110592(15.24%) nohit_effective=4008 (593.2s)
[v9l] MONITOR epoch 30: val sparkle 0.0/Mpx resid 0.1091 highlight_ratio 0.081 score=3.117 | mirror sparkle 0.0/Mpx resid 0.1084 highlight_ratio 0.085 (tgt sp<16 resid<0.035) *BEST->saved score_streak=0/20(LOG-ONLY) resid_streak=0/20(ABORT)
[v9l] FIRST BATCH mask check (epoch 31, pi=0 s=1): nohit_px(albedo)=654/9216 nohit_effective(differs-from-CURE4)=130 | cross-check vs depth-hit-flag: false_hit_dark(albedo-mask says nohit, depth says REAL HIT)=19 false_miss_albedo(depth says miss, albedo-mask missed it — should be 0)=0
[v9l] epoch 31/300 n2n_mse=0.011117 lr=0.000091 pool_yaws=[-25.3,14.2,28.5] pool_ms=1287 hist_ms=5163 batch_ms=8482 nohit_px=37502/110592(33.91%) nohit_effective=3937 (610.7s)
[v9l] MONITOR epoch 31: val sparkle 0.0/Mpx resid 0.1086 highlight_ratio 0.084 score=3.104 | mirror sparkle 0.0/Mpx resid 0.1079 highlight_ratio 0.089 (tgt sp<16 resid<0.035) *BEST->saved score_streak=0/20(LOG-ONLY) resid_streak=0/20(ABORT)
[v9l] FIRST BATCH mask check (epoch 32, pi=3 s=0): nohit_px(albedo)=3138/9216 nohit_effective(differs-from-CURE4)=877 | cross-check vs depth-hit-flag: false_hit_dark(albedo-mask says nohit, depth says REAL HIT)=3 false_miss_albedo(depth says miss, albedo-mask missed it — should be 0)=0
[v9l] epoch 32/300 n2n_mse=0.005306 lr=0.000090 pool_yaws=[24.2,-2.5,17.1] pool_ms=1166 hist_ms=5106 batch_ms=8546 nohit_px=37064/110592(33.51%) nohit_effective=2602 (628.1s)
[v9l] MONITOR epoch 32: val sparkle 0.0/Mpx resid 0.1082 highlight_ratio 0.088 score=3.091 | mirror sparkle 0.0/Mpx resid 0.1074 highlight_ratio 0.093 (tgt sp<16 resid<0.035) *BEST->saved score_streak=0/20(LOG-ONLY) resid_streak=0/20(ABORT)
[v9l] FIRST BATCH mask check (epoch 33, pi=3 s=1): nohit_px(albedo)=3160/9216 nohit_effective(differs-from-CURE4)=917 | cross-check vs depth-hit-flag: false_hit_dark(albedo-mask says nohit, depth says REAL HIT)=1 false_miss_albedo(depth says miss, albedo-mask missed it — should be 0)=0
[v9l] epoch 33/300 n2n_mse=0.037523 lr=0.000090 pool_yaws=[4.8,26.2,27.5] pool_ms=1235 hist_ms=5251 batch_ms=8721 nohit_px=14907/110592(13.48%) nohit_effective=3814 (645.8s)
[v9l] MONITOR epoch 33: val sparkle 0.0/Mpx resid 0.1077 highlight_ratio 0.092 score=3.077 | mirror sparkle 0.0/Mpx resid 0.1068 highlight_ratio 0.097 (tgt sp<16 resid<0.035) *BEST->saved score_streak=0/20(LOG-ONLY) resid_streak=0/20(ABORT)
[v9l] FIRST BATCH mask check (epoch 34, pi=0 s=2): nohit_px(albedo)=6336/9216 nohit_effective(differs-from-CURE4)=193 | cross-check vs depth-hit-flag: false_hit_dark(albedo-mask says nohit, depth says REAL HIT)=0 false_miss_albedo(depth says miss, albedo-mask missed it — should be 0)=0
[v9l] epoch 34/300 n2n_mse=0.005288 lr=0.000090 pool_yaws=[3.2,5.7,3.4] pool_ms=1195 hist_ms=5384 batch_ms=8674 nohit_px=55640/110592(50.31%) nohit_effective=2771 (663.7s)
[v9l] MONITOR epoch 34: val sparkle 0.0/Mpx resid 0.1072 highlight_ratio 0.096 score=3.064 | mirror sparkle 0.0/Mpx resid 0.1063 highlight_ratio 0.102 (tgt sp<16 resid<0.035) *BEST->saved score_streak=0/20(LOG-ONLY) resid_streak=0/20(ABORT)
[v9l] FIRST BATCH mask check (epoch 35, pi=0 s=2): nohit_px(albedo)=7485/9216 nohit_effective(differs-from-CURE4)=277 | cross-check vs depth-hit-flag: false_hit_dark(albedo-mask says nohit, depth says REAL HIT)=23 false_miss_albedo(depth says miss, albedo-mask missed it — should be 0)=0
[v9l] epoch 35/300 n2n_mse=0.043883 lr=0.000090 pool_yaws=[1.0,28.1,24.9] pool_ms=1435 hist_ms=5269 batch_ms=8890 nohit_px=31705/110592(28.67%) nohit_effective=3646 (681.9s)
[v9l] MONITOR epoch 35: val sparkle 0.0/Mpx resid 0.1067 highlight_ratio 0.101 score=3.049 | mirror sparkle 0.0/Mpx resid 0.1057 highlight_ratio 0.107 (tgt sp<16 resid<0.035) *BEST->saved score_streak=0/20(LOG-ONLY) resid_streak=0/20(ABORT)
[v9l] FIRST BATCH mask check (epoch 36, pi=3 s=1): nohit_px(albedo)=3160/9216 nohit_effective(differs-from-CURE4)=935 | cross-check vs depth-hit-flag: false_hit_dark(albedo-mask says nohit, depth says REAL HIT)=1 false_miss_albedo(depth says miss, albedo-mask missed it — should be 0)=0
[v9l] epoch 36/300 n2n_mse=0.040834 lr=0.000089 pool_yaws=[27.0,-0.5,19.5] pool_ms=1341 hist_ms=5212 batch_ms=8703 nohit_px=26948/110592(24.37%) nohit_effective=4980 (699.8s)
[v9l] MONITOR epoch 36: val sparkle 0.0/Mpx resid 0.1062 highlight_ratio 0.105 score=3.034 | mirror sparkle 0.0/Mpx resid 0.1052 highlight_ratio 0.112 (tgt sp<16 resid<0.035) *BEST->saved score_streak=0/20(LOG-ONLY) resid_streak=0/20(ABORT)
[v9l] FIRST BATCH mask check (epoch 37, pi=1 s=0): nohit_px(albedo)=8981/9216 nohit_effective(differs-from-CURE4)=320 | cross-check vs depth-hit-flag: false_hit_dark(albedo-mask says nohit, depth says REAL HIT)=0 false_miss_albedo(depth says miss, albedo-mask missed it — should be 0)=0
[v9l] epoch 37/300 n2n_mse=0.005260 lr=0.000089 pool_yaws=[2.0,-3.0,17.8] pool_ms=1188 hist_ms=5197 batch_ms=8736 nohit_px=63597/110592(57.51%) nohit_effective=3389 (717.4s)
[v9l] MONITOR epoch 37: val sparkle 0.0/Mpx resid 0.1057 highlight_ratio 0.110 score=3.019 | mirror sparkle 0.0/Mpx resid 0.1046 highlight_ratio 0.117 (tgt sp<16 resid<0.035) *BEST->saved score_streak=0/20(LOG-ONLY) resid_streak=0/20(ABORT)
[v9l] FIRST BATCH mask check (epoch 38, pi=3 s=0): nohit_px(albedo)=3138/9216 nohit_effective(differs-from-CURE4)=826 | cross-check vs depth-hit-flag: false_hit_dark(albedo-mask says nohit, depth says REAL HIT)=3 false_miss_albedo(depth says miss, albedo-mask missed it — should be 0)=0
[v9l] epoch 38/300 n2n_mse=0.021481 lr=0.000089 pool_yaws=[13.7,5.1,-21.6] pool_ms=1159 hist_ms=5093 batch_ms=8543 nohit_px=64422/110592(58.25%) nohit_effective=2652 (734.8s)
[v9l] MONITOR epoch 38: val sparkle 0.0/Mpx resid 0.1051 highlight_ratio 0.114 score=3.004 | mirror sparkle 0.0/Mpx resid 0.1040 highlight_ratio 0.122 (tgt sp<16 resid<0.035) *BEST->saved score_streak=0/20(LOG-ONLY) resid_streak=0/20(ABORT)
[v9l] FIRST BATCH mask check (epoch 39, pi=2 s=2): nohit_px(albedo)=810/9216 nohit_effective(differs-from-CURE4)=198 | cross-check vs depth-hit-flag: false_hit_dark(albedo-mask says nohit, depth says REAL HIT)=33 false_miss_albedo(depth says miss, albedo-mask missed it — should be 0)=0
[v9l] epoch 39/300 n2n_mse=0.008382 lr=0.000088 pool_yaws=[-1.9,16.2,-28.9] pool_ms=1228 hist_ms=5067 batch_ms=8802 nohit_px=39272/110592(35.51%) nohit_effective=3317 (752.5s)
[v9l] MONITOR epoch 39: val sparkle 0.0/Mpx resid 0.1046 highlight_ratio 0.119 score=2.988 | mirror sparkle 0.0/Mpx resid 0.1034 highlight_ratio 0.128 (tgt sp<16 resid<0.035) *BEST->saved score_streak=0/20(LOG-ONLY) resid_streak=0/20(ABORT)
[v9l] FIRST BATCH mask check (epoch 40, pi=3 s=0): nohit_px(albedo)=3138/9216 nohit_effective(differs-from-CURE4)=984 | cross-check vs depth-hit-flag: false_hit_dark(albedo-mask says nohit, depth says REAL HIT)=3 false_miss_albedo(depth says miss, albedo-mask missed it — should be 0)=0
[v9l] epoch 40/300 n2n_mse=0.064714 lr=0.000088 pool_yaws=[20.4,24.7,23.3] pool_ms=1121 hist_ms=5159 batch_ms=8645 nohit_px=37064/110592(33.51%) nohit_effective=2694 (770.0s)
[v9l] MONITOR epoch 40: val sparkle 0.0/Mpx resid 0.1040 highlight_ratio 0.124 score=2.973 | mirror sparkle 0.0/Mpx resid 0.1029 highlight_ratio 0.133 (tgt sp<16 resid<0.035) *BEST->saved score_streak=0/20(LOG-ONLY) resid_streak=0/20(ABORT)
[v9l] FIRST BATCH mask check (epoch 41, pi=2 s=1): nohit_px(albedo)=0/9216 nohit_effective(differs-from-CURE4)=0 | cross-check vs depth-hit-flag: false_hit_dark(albedo-mask says nohit, depth says REAL HIT)=0 false_miss_albedo(depth says miss, albedo-mask missed it — should be 0)=0
[v9l] NOTE: this single first batch had zero no-hit pixels (crop landed entirely on geometry) — not aborting, waiting for the first EPOCH's aggregate count below.
[v9l] epoch 41/300 n2n_mse=0.005677 lr=0.000088 pool_yaws=[-21.5,14.4,-29.9] pool_ms=1241 hist_ms=5171 batch_ms=8649 nohit_px=15785/110592(14.27%) nohit_effective=2850 (787.6s)
[v9l] MONITOR epoch 41: val sparkle 0.0/Mpx resid 0.1035 highlight_ratio 0.129 score=2.957 | mirror sparkle 0.0/Mpx resid 0.1023 highlight_ratio 0.138 (tgt sp<16 resid<0.035) *BEST->saved score_streak=0/20(LOG-ONLY) resid_streak=0/20(ABORT)
[v9l] FIRST BATCH mask check (epoch 42, pi=0 s=0): nohit_px(albedo)=9216/9216 nohit_effective(differs-from-CURE4)=0 | cross-check vs depth-hit-flag: false_hit_dark(albedo-mask says nohit, depth says REAL HIT)=0 false_miss_albedo(depth says miss, albedo-mask missed it — should be 0)=0
[v9l] epoch 42/300 n2n_mse=0.004496 lr=0.000088 pool_yaws=[-6.0,9.0,16.2] pool_ms=1223 hist_ms=5180 batch_ms=8823 nohit_px=64712/110592(58.51%) nohit_effective=2423 (805.4s)
[v9l] MONITOR epoch 42: val sparkle 0.0/Mpx resid 0.1029 highlight_ratio 0.134 score=2.941 | mirror sparkle 0.0/Mpx resid 0.1017 highlight_ratio 0.144 (tgt sp<16 resid<0.035) *BEST->saved score_streak=0/20(LOG-ONLY) resid_streak=0/20(ABORT)
[v9l] FIRST BATCH mask check (epoch 43, pi=1 s=2): nohit_px(albedo)=1899/9216 nohit_effective(differs-from-CURE4)=267 | cross-check vs depth-hit-flag: false_hit_dark(albedo-mask says nohit, depth says REAL HIT)=204 false_miss_albedo(depth says miss, albedo-mask missed it — should be 0)=0
[v9l] epoch 43/300 n2n_mse=0.048880 lr=0.000087 pool_yaws=[4.9,0.1,-17.0] pool_ms=1274 hist_ms=5176 batch_ms=8810 nohit_px=39053/110592(35.31%) nohit_effective=4795 (823.3s)
[v9l] MONITOR epoch 43: val sparkle 0.0/Mpx resid 0.1024 highlight_ratio 0.139 score=2.925 | mirror sparkle 0.0/Mpx resid 0.1011 highlight_ratio 0.150 (tgt sp<16 resid<0.035) *BEST->saved score_streak=0/20(LOG-ONLY) resid_streak=0/20(ABORT)
[v9l] FIRST BATCH mask check (epoch 44, pi=3 s=2): nohit_px(albedo)=3118/9216 nohit_effective(differs-from-CURE4)=828 | cross-check vs depth-hit-flag: false_hit_dark(albedo-mask says nohit, depth says REAL HIT)=3 false_miss_albedo(depth says miss, albedo-mask missed it — should be 0)=0
[v9l] epoch 44/300 n2n_mse=0.006048 lr=0.000087 pool_yaws=[-29.7,9.5,-10.4] pool_ms=1219 hist_ms=5199 batch_ms=8546 nohit_px=9416/110592(8.51%) nohit_effective=2454 (840.9s)
[v9l] MONITOR epoch 44: val sparkle 0.0/Mpx resid 0.1018 highlight_ratio 0.144 score=2.910 | mirror sparkle 0.0/Mpx resid 0.1005 highlight_ratio 0.155 (tgt sp<16 resid<0.035) *BEST->saved score_streak=0/20(LOG-ONLY) resid_streak=0/20(ABORT)
[v9l] FIRST BATCH mask check (epoch 45, pi=1 s=0): nohit_px(albedo)=0/9216 nohit_effective(differs-from-CURE4)=0 | cross-check vs depth-hit-flag: false_hit_dark(albedo-mask says nohit, depth says REAL HIT)=0 false_miss_albedo(depth says miss, albedo-mask missed it — should be 0)=0
[v9l] NOTE: this single first batch had zero no-hit pixels (crop landed entirely on geometry) — not aborting, waiting for the first EPOCH's aggregate count below.
[v9l] epoch 45/300 n2n_mse=0.005287 lr=0.000087 pool_yaws=[-22.3,5.4,9.6] pool_ms=1207 hist_ms=5072 batch_ms=8635 nohit_px=9416/110592(8.51%) nohit_effective=3023 (858.3s)
[v9l] MONITOR epoch 45: val sparkle 0.0/Mpx resid 0.1013 highlight_ratio 0.149 score=2.894 | mirror sparkle 0.0/Mpx resid 0.0999 highlight_ratio 0.161 (tgt sp<16 resid<0.035) *BEST->saved score_streak=0/20(LOG-ONLY) resid_streak=0/20(ABORT)
[v9l] FIRST BATCH mask check (epoch 46, pi=3 s=0): nohit_px(albedo)=3138/9216 nohit_effective(differs-from-CURE4)=1059 | cross-check vs depth-hit-flag: false_hit_dark(albedo-mask says nohit, depth says REAL HIT)=3 false_miss_albedo(depth says miss, albedo-mask missed it — should be 0)=0
[v9l] epoch 46/300 n2n_mse=0.007769 lr=0.000087 pool_yaws=[19.6,-6.1,8.1] pool_ms=1189 hist_ms=5121 batch_ms=8508 nohit_px=44495/110592(40.23%) nohit_effective=3837 (875.7s)
[v9l] MONITOR epoch 46: val sparkle 0.0/Mpx resid 0.1007 highlight_ratio 0.154 score=2.878 | mirror sparkle 0.0/Mpx resid 0.0993 highlight_ratio 0.167 (tgt sp<16 resid<0.035) *BEST->saved score_streak=0/20(LOG-ONLY) resid_streak=0/20(ABORT)
[v9l] FIRST BATCH mask check (epoch 47, pi=2 s=2): nohit_px(albedo)=0/9216 nohit_effective(differs-from-CURE4)=0 | cross-check vs depth-hit-flag: false_hit_dark(albedo-mask says nohit, depth says REAL HIT)=0 false_miss_albedo(depth says miss, albedo-mask missed it — should be 0)=0
[v9l] NOTE: this single first batch had zero no-hit pixels (crop landed entirely on geometry) — not aborting, waiting for the first EPOCH's aggregate count below.
[v9l] epoch 47/300 n2n_mse=0.005253 lr=0.000086 pool_yaws=[-13.9,12.8,-27.8] pool_ms=1086 hist_ms=5049 batch_ms=8626 nohit_px=37064/110592(33.51%) nohit_effective=2339 (893.0s)
[v9l] MONITOR epoch 47: val sparkle 0.0/Mpx resid 0.1002 highlight_ratio 0.159 score=2.863 | mirror sparkle 0.0/Mpx resid 0.0987 highlight_ratio 0.173 (tgt sp<16 resid<0.035) *BEST->saved score_streak=0/20(LOG-ONLY) resid_streak=0/20(ABORT)
[v9l] FIRST BATCH mask check (epoch 48, pi=2 s=2): nohit_px(albedo)=0/9216 nohit_effective(differs-from-CURE4)=0 | cross-check vs depth-hit-flag: false_hit_dark(albedo-mask says nohit, depth says REAL HIT)=0 false_miss_albedo(depth says miss, albedo-mask missed it — should be 0)=0
[v9l] NOTE: this single first batch had zero no-hit pixels (crop landed entirely on geometry) — not aborting, waiting for the first EPOCH's aggregate count below.
[v9l] epoch 48/300 n2n_mse=0.005958 lr=0.000086 pool_yaws=[14.7,18.5,24.1] pool_ms=1177 hist_ms=5093 batch_ms=8585 nohit_px=30995/110592(28.03%) nohit_effective=3964 (910.4s)
[v9l] MONITOR epoch 48: val sparkle 108.5/Mpx resid 0.0997 highlight_ratio 0.164 score=2.847 | mirror sparkle 0.0/Mpx resid 0.0982 highlight_ratio 0.178 (tgt sp<16 resid<0.035) *BEST->saved score_streak=0/20(LOG-ONLY) resid_streak=0/20(ABORT)
[v9l] FIRST BATCH mask check (epoch 49, pi=0 s=1): nohit_px(albedo)=9216/9216 nohit_effective(differs-from-CURE4)=0 | cross-check vs depth-hit-flag: false_hit_dark(albedo-mask says nohit, depth says REAL HIT)=0 false_miss_albedo(depth says miss, albedo-mask missed it — should be 0)=0
[v9l] epoch 49/300 n2n_mse=0.006470 lr=0.000086 pool_yaws=[28.5,-27.2,-29.7] pool_ms=1109 hist_ms=5148 batch_ms=8478 nohit_px=37064/110592(33.51%) nohit_effective=2178 (927.7s)
[v9l] MONITOR epoch 49: val sparkle 108.5/Mpx resid 0.0991 highlight_ratio 0.169 score=2.832 | mirror sparkle 0.0/Mpx resid 0.0976 highlight_ratio 0.184 (tgt sp<16 resid<0.035) *BEST->saved score_streak=0/20(LOG-ONLY) resid_streak=0/20(ABORT)
[v9l] PROBE epoch 49: bar-res(640x480) sparkle 0.0/Mpx resid 0.1083 highlight_ratio 0.158 (tgt sp<16 resid<0.035) took 44.0s
[v9l] FIRST BATCH mask check (epoch 50, pi=2 s=1): nohit_px(albedo)=0/9216 nohit_effective(differs-from-CURE4)=0 | cross-check vs depth-hit-flag: false_hit_dark(albedo-mask says nohit, depth says REAL HIT)=0 false_miss_albedo(depth says miss, albedo-mask missed it — should be 0)=0
[v9l] NOTE: this single first batch had zero no-hit pixels (crop landed entirely on geometry) — not aborting, waiting for the first EPOCH's aggregate count below.
[v9l] epoch 50/300 n2n_mse=0.005448 lr=0.000086 pool_yaws=[-24.3,-17.3,15.1] pool_ms=1159 hist_ms=5098 batch_ms=8413 nohit_px=10570/110592(9.56%) nohit_effective=2691 (989.0s)
[v9l] MONITOR epoch 50: val sparkle 108.5/Mpx resid 0.0986 highlight_ratio 0.174 score=2.816 | mirror sparkle 0.0/Mpx resid 0.0970 highlight_ratio 0.190 (tgt sp<16 resid<0.035) *BEST->saved score_streak=0/20(LOG-ONLY) resid_streak=0/20(ABORT)
[v9l] FIRST BATCH mask check (epoch 51, pi=3 s=0): nohit_px(albedo)=3138/9216 nohit_effective(differs-from-CURE4)=843 | cross-check vs depth-hit-flag: false_hit_dark(albedo-mask says nohit, depth says REAL HIT)=3 false_miss_albedo(depth says miss, albedo-mask missed it — should be 0)=0
[v9l] epoch 51/300 n2n_mse=0.004952 lr=0.000085 pool_yaws=[28.2,22.4,-1.2] pool_ms=1050 hist_ms=5060 batch_ms=8726 nohit_px=64694/110592(58.50%) nohit_effective=2367 (1006.4s)
[v9l] MONITOR epoch 51: val sparkle 108.5/Mpx resid 0.0980 highlight_ratio 0.179 score=2.800 | mirror sparkle 0.0/Mpx resid 0.0964 highlight_ratio 0.195 (tgt sp<16 resid<0.035) *BEST->saved score_streak=0/20(LOG-ONLY) resid_streak=0/20(ABORT)
[v9l] FIRST BATCH mask check (epoch 52, pi=3 s=0): nohit_px(albedo)=3138/9216 nohit_effective(differs-from-CURE4)=709 | cross-check vs depth-hit-flag: false_hit_dark(albedo-mask says nohit, depth says REAL HIT)=3 false_miss_albedo(depth says miss, albedo-mask missed it — should be 0)=0
[v9l] epoch 52/300 n2n_mse=0.052184 lr=0.000085 pool_yaws=[26.8,13.7,25.0] pool_ms=1153 hist_ms=5159 batch_ms=8688 nohit_px=39616/110592(35.82%) nohit_effective=2475 (1023.9s)
[v9l] MONITOR epoch 52: val sparkle 108.5/Mpx resid 0.0974 highlight_ratio 0.184 score=2.784 | mirror sparkle 0.0/Mpx resid 0.0958 highlight_ratio 0.201 (tgt sp<16 resid<0.035) *BEST->saved score_streak=0/20(LOG-ONLY) resid_streak=0/20(ABORT)
[v9l] FIRST BATCH mask check (epoch 53, pi=3 s=1): nohit_px(albedo)=3160/9216 nohit_effective(differs-from-CURE4)=756 | cross-check vs depth-hit-flag: false_hit_dark(albedo-mask says nohit, depth says REAL HIT)=1 false_miss_albedo(depth says miss, albedo-mask missed it — should be 0)=0
[v9l] epoch 53/300 n2n_mse=0.052054 lr=0.000085 pool_yaws=[-29.5,19.2,26.5] pool_ms=1174 hist_ms=5159 batch_ms=8666 nohit_px=9416/110592(8.51%) nohit_effective=2222 (1041.5s)
[v9l] MONITOR epoch 53: val sparkle 108.5/Mpx resid 0.0969 highlight_ratio 0.189 score=2.768 | mirror sparkle 0.0/Mpx resid 0.0952 highlight_ratio 0.207 (tgt sp<16 resid<0.035) *BEST->saved score_streak=0/20(LOG-ONLY) resid_streak=0/20(ABORT)
[v9l] FIRST BATCH mask check (epoch 54, pi=1 s=1): nohit_px(albedo)=0/9216 nohit_effective(differs-from-CURE4)=0 | cross-check vs depth-hit-flag: false_hit_dark(albedo-mask says nohit, depth says REAL HIT)=164 false_miss_albedo(depth says miss, albedo-mask missed it — should be 0)=0
[v9l] NOTE: this single first batch had zero no-hit pixels (crop landed entirely on geometry) — not aborting, waiting for the first EPOCH's aggregate count below.
[v9l] epoch 54/300 n2n_mse=0.024832 lr=0.000085 pool_yaws=[17.8,-4.4,10.4] pool_ms=1156 hist_ms=5119 batch_ms=8514 nohit_px=37064/110592(33.51%) nohit_effective=2078 (1058.8s)
[v9l] MONITOR epoch 54: val sparkle 217.0/Mpx resid 0.0963 highlight_ratio 0.194 score=5.425 | mirror sparkle 0.0/Mpx resid 0.0946 highlight_ratio 0.213 (tgt sp<16 resid<0.035) score_streak=1/20(LOG-ONLY) resid_streak=0/20(ABORT)
[v9l] FIRST BATCH mask check (epoch 55, pi=1 s=2): nohit_px(albedo)=9216/9216 nohit_effective(differs-from-CURE4)=0 | cross-check vs depth-hit-flag: false_hit_dark(albedo-mask says nohit, depth says REAL HIT)=0 false_miss_albedo(depth says miss, albedo-mask missed it — should be 0)=0
[v9l] epoch 55/300 n2n_mse=0.040804 lr=0.000085 pool_yaws=[-25.4,21.1,-22.3] pool_ms=1061 hist_ms=5105 batch_ms=8562 nohit_px=42348/110592(38.29%) nohit_effective=2942 (1076.0s)
[v9l] MONITOR epoch 55: val sparkle 217.0/Mpx resid 0.0958 highlight_ratio 0.199 score=5.425 | mirror sparkle 0.0/Mpx resid 0.0940 highlight_ratio 0.219 (tgt sp<16 resid<0.035) score_streak=2/20(LOG-ONLY) resid_streak=0/20(ABORT)
[v9l] FIRST BATCH mask check (epoch 56, pi=2 s=2): nohit_px(albedo)=0/9216 nohit_effective(differs-from-CURE4)=0 | cross-check vs depth-hit-flag: false_hit_dark(albedo-mask says nohit, depth says REAL HIT)=0 false_miss_albedo(depth says miss, albedo-mask missed it — should be 0)=0
[v9l] NOTE: this single first batch had zero no-hit pixels (crop landed entirely on geometry) — not aborting, waiting for the first EPOCH's aggregate count below.
[v9l] epoch 56/300 n2n_mse=0.004595 lr=0.000084 pool_yaws=[-5.3,-16.6,9.0] pool_ms=1279 hist_ms=5178 batch_ms=8742 nohit_px=9416/110592(8.51%) nohit_effective=2036 (1093.8s)
[v9l] MONITOR epoch 56: val sparkle 325.5/Mpx resid 0.0952 highlight_ratio 0.204 score=8.138 | mirror sparkle 0.0/Mpx resid 0.0935 highlight_ratio 0.224 (tgt sp<16 resid<0.035) score_streak=3/20(LOG-ONLY) resid_streak=0/20(ABORT)
[v9l] FIRST BATCH mask check (epoch 57, pi=2 s=1): nohit_px(albedo)=0/9216 nohit_effective(differs-from-CURE4)=0 | cross-check vs depth-hit-flag: false_hit_dark(albedo-mask says nohit, depth says REAL HIT)=0 false_miss_albedo(depth says miss, albedo-mask missed it — should be 0)=0
[v9l] NOTE: this single first batch had zero no-hit pixels (crop landed entirely on geometry) — not aborting, waiting for the first EPOCH's aggregate count below.
[v9l] epoch 57/300 n2n_mse=0.014286 lr=0.000084 pool_yaws=[19.9,17.9,28.2] pool_ms=1355 hist_ms=5106 batch_ms=8695 nohit_px=14223/110592(12.86%) nohit_effective=2960 (1111.5s)
[v9l] MONITOR epoch 57: val sparkle 325.5/Mpx resid 0.0947 highlight_ratio 0.209 score=8.138 | mirror sparkle 0.0/Mpx resid 0.0929 highlight_ratio 0.230 (tgt sp<16 resid<0.035) score_streak=4/20(LOG-ONLY) resid_streak=0/20(ABORT)
[v9l] FIRST BATCH mask check (epoch 58, pi=1 s=0): nohit_px(albedo)=0/9216 nohit_effective(differs-from-CURE4)=0 | cross-check vs depth-hit-flag: false_hit_dark(albedo-mask says nohit, depth says REAL HIT)=0 false_miss_albedo(depth says miss, albedo-mask missed it — should be 0)=0
[v9l] NOTE: this single first batch had zero no-hit pixels (crop landed entirely on geometry) — not aborting, waiting for the first EPOCH's aggregate count below.
[v9l] epoch 58/300 n2n_mse=0.003707 lr=0.000084 pool_yaws=[29.7,-9.9,13.4] pool_ms=1174 hist_ms=5111 batch_ms=8546 nohit_px=37064/110592(33.51%) nohit_effective=1978 (1128.9s)
[v9l] MONITOR epoch 58: val sparkle 325.5/Mpx resid 0.0941 highlight_ratio 0.214 score=8.138 | mirror sparkle 0.0/Mpx resid 0.0923 highlight_ratio 0.235 (tgt sp<16 resid<0.035) score_streak=5/20(LOG-ONLY) resid_streak=0/20(ABORT)
[v9l] FIRST BATCH mask check (epoch 59, pi=0 s=1): nohit_px(albedo)=5472/9216 nohit_effective(differs-from-CURE4)=0 | cross-check vs depth-hit-flag: false_hit_dark(albedo-mask says nohit, depth says REAL HIT)=0 false_miss_albedo(depth says miss, albedo-mask missed it — should be 0)=0
[v9l] epoch 59/300 n2n_mse=0.004035 lr=0.000084 pool_yaws=[11.2,-7.8,27.0] pool_ms=1243 hist_ms=5170 batch_ms=8702 nohit_px=25832/110592(23.36%) nohit_effective=2034 (1146.6s)
[v9l] MONITOR epoch 59: val sparkle 325.5/Mpx resid 0.0936 highlight_ratio 0.219 score=8.138 | mirror sparkle 0.0/Mpx resid 0.0917 highlight_ratio 0.241 (tgt sp<16 resid<0.035) score_streak=6/20(LOG-ONLY) resid_streak=0/20(ABORT)
[v9l] FIRST BATCH mask check (epoch 60, pi=2 s=0): nohit_px(albedo)=4354/9216 nohit_effective(differs-from-CURE4)=187 | cross-check vs depth-hit-flag: false_hit_dark(albedo-mask says nohit, depth says REAL HIT)=63 false_miss_albedo(depth says miss, albedo-mask missed it — should be 0)=0
[v9l] epoch 60/300 n2n_mse=0.013380 lr=0.000083 pool_yaws=[21.6,2.6,-6.0] pool_ms=1229 hist_ms=5134 batch_ms=8794 nohit_px=41189/110592(37.24%) nohit_effective=3977 (1164.3s)
[v9l] MONITOR epoch 60: val sparkle 325.5/Mpx resid 0.0930 highlight_ratio 0.223 score=8.138 | mirror sparkle 0.0/Mpx resid 0.0911 highlight_ratio 0.247 (tgt sp<16 resid<0.035) score_streak=7/20(LOG-ONLY) resid_streak=0/20(ABORT)
[v9l] FIRST BATCH mask check (epoch 61, pi=0 s=2): nohit_px(albedo)=9216/9216 nohit_effective(differs-from-CURE4)=58 | cross-check vs depth-hit-flag: false_hit_dark(albedo-mask says nohit, depth says REAL HIT)=0 false_miss_albedo(depth says miss, albedo-mask missed it — should be 0)=0
[v9l] epoch 61/300 n2n_mse=0.004645 lr=0.000083 pool_yaws=[-4.0,19.2,-14.1] pool_ms=1174 hist_ms=5185 batch_ms=8837 nohit_px=37064/110592(33.51%) nohit_effective=2139 (1182.0s)
[v9l] MONITOR epoch 61: val sparkle 325.5/Mpx resid 0.0925 highlight_ratio 0.228 score=8.138 | mirror sparkle 0.0/Mpx resid 0.0906 highlight_ratio 0.252 (tgt sp<16 resid<0.035) score_streak=8/20(LOG-ONLY) resid_streak=0/20(ABORT)
[v9l] FIRST BATCH mask check (epoch 62, pi=0 s=1): nohit_px(albedo)=3116/9216 nohit_effective(differs-from-CURE4)=60 | cross-check vs depth-hit-flag: false_hit_dark(albedo-mask says nohit, depth says REAL HIT)=0 false_miss_albedo(depth says miss, albedo-mask missed it — should be 0)=0
[v9l] epoch 62/300 n2n_mse=0.005262 lr=0.000083 pool_yaws=[-26.2,-9.3,-11.4] pool_ms=1214 hist_ms=5086 batch_ms=8520 nohit_px=18832/110592(17.03%) nohit_effective=2061 (1199.4s)
[v9l] MONITOR epoch 62: val sparkle 325.5/Mpx resid 0.0920 highlight_ratio 0.233 score=8.138 | mirror sparkle 0.0/Mpx resid 0.0900 highlight_ratio 0.258 (tgt sp<16 resid<0.035) score_streak=9/20(LOG-ONLY) resid_streak=0/20(ABORT)
[v9l] FIRST BATCH mask check (epoch 63, pi=3 s=0): nohit_px(albedo)=3138/9216 nohit_effective(differs-from-CURE4)=579 | cross-check vs depth-hit-flag: false_hit_dark(albedo-mask says nohit, depth says REAL HIT)=3 false_miss_albedo(depth says miss, albedo-mask missed it — should be 0)=0
[v9l] epoch 63/300 n2n_mse=0.003608 lr=0.000083 pool_yaws=[1.7,-1.5,3.2] pool_ms=1047 hist_ms=5150 batch_ms=8921 nohit_px=64685/110592(58.49%) nohit_effective=1899 (1217.1s)
[v9l] MONITOR epoch 63: val sparkle 325.5/Mpx resid 0.0914 highlight_ratio 0.237 score=8.138 | mirror sparkle 0.0/Mpx resid 0.0894 highlight_ratio 0.263 (tgt sp<16 resid<0.035) score_streak=10/20(LOG-ONLY) resid_streak=0/20(ABORT)
[v9l] FIRST BATCH mask check (epoch 64, pi=0 s=2): nohit_px(albedo)=0/9216 nohit_effective(differs-from-CURE4)=0 | cross-check vs depth-hit-flag: false_hit_dark(albedo-mask says nohit, depth says REAL HIT)=0 false_miss_albedo(depth says miss, albedo-mask missed it — should be 0)=0
[v9l] NOTE: this single first batch had zero no-hit pixels (crop landed entirely on geometry) — not aborting, waiting for the first EPOCH's aggregate count below.
[v9l] epoch 64/300 n2n_mse=0.048398 lr=0.000082 pool_yaws=[13.1,19.8,19.9] pool_ms=1277 hist_ms=5125 batch_ms=8813 nohit_px=9416/110592(8.51%) nohit_effective=2164 (1234.9s)
[v9l] MONITOR epoch 64: val sparkle 434.0/Mpx resid 0.0909 highlight_ratio 0.242 score=10.851 | mirror sparkle 0.0/Mpx resid 0.0889 highlight_ratio 0.269 (tgt sp<16 resid<0.035) score_streak=11/20(LOG-ONLY) resid_streak=0/20(ABORT)
[v9l] FIRST BATCH mask check (epoch 65, pi=3 s=0): nohit_px(albedo)=3138/9216 nohit_effective(differs-from-CURE4)=875 | cross-check vs depth-hit-flag: false_hit_dark(albedo-mask says nohit, depth says REAL HIT)=3 false_miss_albedo(depth says miss, albedo-mask missed it — should be 0)=0
[v9l] epoch 65/300 n2n_mse=0.003818 lr=0.000082 pool_yaws=[-11.9,-12.2,29.4] pool_ms=1095 hist_ms=5113 batch_ms=8808 nohit_px=64712/110592(58.51%) nohit_effective=2270 (1252.5s)
[v9l] MONITOR epoch 65: val sparkle 434.0/Mpx resid 0.0903 highlight_ratio 0.247 score=10.851 | mirror sparkle 0.0/Mpx resid 0.0883 highlight_ratio 0.275 (tgt sp<16 resid<0.035) score_streak=12/20(LOG-ONLY) resid_streak=0/20(ABORT)
[v9l] FIRST BATCH mask check (epoch 66, pi=3 s=1): nohit_px(albedo)=3160/9216 nohit_effective(differs-from-CURE4)=627 | cross-check vs depth-hit-flag: false_hit_dark(albedo-mask says nohit, depth says REAL HIT)=1 false_miss_albedo(depth says miss, albedo-mask missed it — should be 0)=0
[v9l] epoch 66/300 n2n_mse=0.031823 lr=0.000082 pool_yaws=[-8.5,27.2,1.8] pool_ms=1180 hist_ms=5090 batch_ms=8440 nohit_px=10712/110592(9.69%) nohit_effective=2265 (1269.8s)
[v9l] MONITOR epoch 66: val sparkle 434.0/Mpx resid 0.0898 highlight_ratio 0.252 score=10.851 | mirror sparkle 0.0/Mpx resid 0.0877 highlight_ratio 0.281 (tgt sp<16 resid<0.035) score_streak=13/20(LOG-ONLY) resid_streak=0/20(ABORT)
[v9l] FIRST BATCH mask check (epoch 67, pi=1 s=0): nohit_px(albedo)=0/9216 nohit_effective(differs-from-CURE4)=0 | cross-check vs depth-hit-flag: false_hit_dark(albedo-mask says nohit, depth says REAL HIT)=0 false_miss_albedo(depth says miss, albedo-mask missed it — should be 0)=0
[v9l] NOTE: this single first batch had zero no-hit pixels (crop landed entirely on geometry) — not aborting, waiting for the first EPOCH's aggregate count below.
[v9l] epoch 67/300 n2n_mse=0.018456 lr=0.000082 pool_yaws=[20.9,10.1,-25.9] pool_ms=1220 hist_ms=5047 batch_ms=8693 nohit_px=11166/110592(10.10%) nohit_effective=2595 (1287.3s)
[v9l] MONITOR epoch 67: val sparkle 542.5/Mpx resid 0.0892 highlight_ratio 0.257 score=13.563 | mirror sparkle 0.0/Mpx resid 0.0871 highlight_ratio 0.287 (tgt sp<16 resid<0.035) score_streak=14/20(LOG-ONLY) resid_streak=0/20(ABORT)
[v9l] FIRST BATCH mask check (epoch 68, pi=0 s=1): nohit_px(albedo)=8320/9216 nohit_effective(differs-from-CURE4)=112 | cross-check vs depth-hit-flag: false_hit_dark(albedo-mask says nohit, depth says REAL HIT)=0 false_miss_albedo(depth says miss, albedo-mask missed it — should be 0)=0
[v9l] epoch 68/300 n2n_mse=0.004879 lr=0.000082 pool_yaws=[-9.8,2.8,-24.4] pool_ms=1076 hist_ms=5103 batch_ms=8613 nohit_px=62024/110592(56.08%) nohit_effective=2398 (1304.7s)
[v9l] MONITOR epoch 68: val sparkle 542.5/Mpx resid 0.0887 highlight_ratio 0.262 score=13.563 | mirror sparkle 0.0/Mpx resid 0.0865 highlight_ratio 0.292 (tgt sp<16 resid<0.035) score_streak=15/20(LOG-ONLY) resid_streak=0/20(ABORT)
[v9l] FIRST BATCH mask check (epoch 69, pi=3 s=0): nohit_px(albedo)=3138/9216 nohit_effective(differs-from-CURE4)=598 | cross-check vs depth-hit-flag: false_hit_dark(albedo-mask says nohit, depth says REAL HIT)=3 false_miss_albedo(depth says miss, albedo-mask missed it — should be 0)=0
[v9l] epoch 69/300 n2n_mse=0.003682 lr=0.000081 pool_yaws=[-13.5,15.1,-22.7] pool_ms=1292 hist_ms=5131 batch_ms=8641 nohit_px=9416/110592(8.51%) nohit_effective=1812 (1322.4s)
[v9l] MONITOR epoch 69: val sparkle 542.5/Mpx resid 0.0882 highlight_ratio 0.266 score=13.563 | mirror sparkle 0.0/Mpx resid 0.0860 highlight_ratio 0.298 (tgt sp<16 resid<0.035) score_streak=16/20(LOG-ONLY) resid_streak=0/20(ABORT)
[v9l] FIRST BATCH mask check (epoch 70, pi=1 s=2): nohit_px(albedo)=7848/9216 nohit_effective(differs-from-CURE4)=40 | cross-check vs depth-hit-flag: false_hit_dark(albedo-mask says nohit, depth says REAL HIT)=0 false_miss_albedo(depth says miss, albedo-mask missed it — should be 0)=0
[v9l] epoch 70/300 n2n_mse=0.045652 lr=0.000081 pool_yaws=[11.2,-26.7,29.4] pool_ms=1142 hist_ms=5087 batch_ms=8935 nohit_px=36745/110592(33.23%) nohit_effective=2825 (1340.1s)
[v9l] MONITOR epoch 70: val sparkle 542.5/Mpx resid 0.0876 highlight_ratio 0.271 score=13.563 | mirror sparkle 0.0/Mpx resid 0.0854 highlight_ratio 0.304 (tgt sp<16 resid<0.035) score_streak=17/20(LOG-ONLY) resid_streak=0/20(ABORT)
[v9l] FIRST BATCH mask check (epoch 71, pi=0 s=0): nohit_px(albedo)=0/9216 nohit_effective(differs-from-CURE4)=0 | cross-check vs depth-hit-flag: false_hit_dark(albedo-mask says nohit, depth says REAL HIT)=0 false_miss_albedo(depth says miss, albedo-mask missed it — should be 0)=0
[v9l] NOTE: this single first batch had zero no-hit pixels (crop landed entirely on geometry) — not aborting, waiting for the first EPOCH's aggregate count below.
[v9l] epoch 71/300 n2n_mse=0.004684 lr=0.000081 pool_yaws=[-17.3,-1.0,17.1] pool_ms=1239 hist_ms=5097 batch_ms=8695 nohit_px=9416/110592(8.51%) nohit_effective=2051 (1357.7s)
[v9l] MONITOR epoch 71: val sparkle 542.5/Mpx resid 0.0871 highlight_ratio 0.275 score=13.563 | mirror sparkle 0.0/Mpx resid 0.0848 highlight_ratio 0.309 (tgt sp<16 resid<0.035) score_streak=18/20(LOG-ONLY) resid_streak=0/20(ABORT)
[v9l] FIRST BATCH mask check (epoch 72, pi=2 s=1): nohit_px(albedo)=0/9216 nohit_effective(differs-from-CURE4)=0 | cross-check vs depth-hit-flag: false_hit_dark(albedo-mask says nohit, depth says REAL HIT)=0 false_miss_albedo(depth says miss, albedo-mask missed it — should be 0)=0
[v9l] NOTE: this single first batch had zero no-hit pixels (crop landed entirely on geometry) — not aborting, waiting for the first EPOCH's aggregate count below.
[v9l] epoch 72/300 n2n_mse=0.005260 lr=0.000081 pool_yaws=[-12.2,18.6,29.3] pool_ms=1302 hist_ms=5098 batch_ms=8873 nohit_px=31160/110592(28.18%) nohit_effective=3085 (1375.5s)
[v9l] MONITOR epoch 72: val sparkle 542.5/Mpx resid 0.0866 highlight_ratio 0.280 score=13.563 | mirror sparkle 0.0/Mpx resid 0.0843 highlight_ratio 0.315 (tgt sp<16 resid<0.035) score_streak=19/20(LOG-ONLY) resid_streak=0/20(ABORT)
[v9l] FIRST BATCH mask check (epoch 73, pi=3 s=0): nohit_px(albedo)=3138/9216 nohit_effective(differs-from-CURE4)=593 | cross-check vs depth-hit-flag: false_hit_dark(albedo-mask says nohit, depth says REAL HIT)=3 false_miss_albedo(depth says miss, albedo-mask missed it — should be 0)=0
[v9l] epoch 73/300 n2n_mse=0.004478 lr=0.000080 pool_yaws=[-10.5,2.7,6.6] pool_ms=1270 hist_ms=5140 batch_ms=8730 nohit_px=36202/110592(32.73%) nohit_effective=2437 (1393.2s)
[v9l] MONITOR epoch 73: val sparkle 542.5/Mpx resid 0.0860 highlight_ratio 0.285 score=13.563 | mirror sparkle 0.0/Mpx resid 0.0837 highlight_ratio 0.320 (tgt sp<16 resid<0.035) score_streak=20/20(LOG-ONLY) resid_streak=0/20(ABORT)
[v9l] FIRST BATCH mask check (epoch 74, pi=1 s=0): nohit_px(albedo)=9216/9216 nohit_effective(differs-from-CURE4)=58 | cross-check vs depth-hit-flag: false_hit_dark(albedo-mask says nohit, depth says REAL HIT)=0 false_miss_albedo(depth says miss, albedo-mask missed it — should be 0)=0
[v9l] epoch 74/300 n2n_mse=0.018553 lr=0.000080 pool_yaws=[-6.8,-0.9,7.1] pool_ms=1212 hist_ms=5225 batch_ms=8930 nohit_px=37064/110592(33.51%) nohit_effective=1838 (1411.2s)
[v9l] MONITOR epoch 74: val sparkle 542.5/Mpx resid 0.0855 highlight_ratio 0.289 score=13.563 | mirror sparkle 0.0/Mpx resid 0.0832 highlight_ratio 0.326 (tgt sp<16 resid<0.035) score_streak=21/20(LOG-ONLY) resid_streak=0/20(ABORT)
[v9l] PROBE epoch 74: bar-res(640x480) sparkle 3.3/Mpx resid 0.0925 highlight_ratio 0.292 (tgt sp<16 resid<0.035) took 45.5s
[v9l] FIRST BATCH mask check (epoch 75, pi=0 s=0): nohit_px(albedo)=403/9216 nohit_effective(differs-from-CURE4)=241 | cross-check vs depth-hit-flag: false_hit_dark(albedo-mask says nohit, depth says REAL HIT)=32 false_miss_albedo(depth says miss, albedo-mask missed it — should be 0)=0
[v9l] epoch 75/300 n2n_mse=0.007140 lr=0.000080 pool_yaws=[-23.4,-18.4,4.8] pool_ms=1221 hist_ms=5220 batch_ms=8826 nohit_px=37906/110592(34.28%) nohit_effective=2358 (1474.7s)
[v9l] MONITOR epoch 75: val sparkle 651.0/Mpx resid 0.0850 highlight_ratio 0.294 score=16.276 | mirror sparkle 0.0/Mpx resid 0.0826 highlight_ratio 0.331 (tgt sp<16 resid<0.035) score_streak=22/20(LOG-ONLY) resid_streak=0/20(ABORT)
[v9l] FIRST BATCH mask check (epoch 76, pi=2 s=1): nohit_px(albedo)=0/9216 nohit_effective(differs-from-CURE4)=0 | cross-check vs depth-hit-flag: false_hit_dark(albedo-mask says nohit, depth says REAL HIT)=0 false_miss_albedo(depth says miss, albedo-mask missed it — should be 0)=0
[v9l] NOTE: this single first batch had zero no-hit pixels (crop landed entirely on geometry) — not aborting, waiting for the first EPOCH's aggregate count below.
[v9l] epoch 76/300 n2n_mse=0.021026 lr=0.000080 pool_yaws=[-21.6,12.7,13.0] pool_ms=1204 hist_ms=5228 batch_ms=9231 nohit_px=33171/110592(29.99%) nohit_effective=2979 (1492.9s)
[v9l] MONITOR epoch 76: val sparkle 651.0/Mpx resid 0.0844 highlight_ratio 0.299 score=16.276 | mirror sparkle 0.0/Mpx resid 0.0820 highlight_ratio 0.337 (tgt sp<16 resid<0.035) score_streak=23/20(LOG-ONLY) resid_streak=0/20(ABORT)
[v9l] FIRST BATCH mask check (epoch 77, pi=2 s=1): nohit_px(albedo)=0/9216 nohit_effective(differs-from-CURE4)=0 | cross-check vs depth-hit-flag: false_hit_dark(albedo-mask says nohit, depth says REAL HIT)=0 false_miss_albedo(depth says miss, albedo-mask missed it — should be 0)=0
[v9l] NOTE: this single first batch had zero no-hit pixels (crop landed entirely on geometry) — not aborting, waiting for the first EPOCH's aggregate count below.
[v9l] epoch 77/300 n2n_mse=0.010888 lr=0.000080 pool_yaws=[-23.1,-21.6,21.5] pool_ms=1275 hist_ms=5493 batch_ms=8980 nohit_px=42768/110592(38.67%) nohit_effective=3111 (1511.2s)
[v9l] MONITOR epoch 77: val sparkle 651.0/Mpx resid 0.0839 highlight_ratio 0.303 score=16.276 | mirror sparkle 0.0/Mpx resid 0.0815 highlight_ratio 0.342 (tgt sp<16 resid<0.035) score_streak=24/20(LOG-ONLY) resid_streak=0/20(ABORT)
[v9l] FIRST BATCH mask check (epoch 78, pi=3 s=0): nohit_px(albedo)=3138/9216 nohit_effective(differs-from-CURE4)=597 | cross-check vs depth-hit-flag: false_hit_dark(albedo-mask says nohit, depth says REAL HIT)=3 false_miss_albedo(depth says miss, albedo-mask missed it — should be 0)=0
[v9l] epoch 78/300 n2n_mse=0.007530 lr=0.000079 pool_yaws=[5.2,1.3,-0.5] pool_ms=1216 hist_ms=5162 batch_ms=8712 nohit_px=48039/110592(43.44%) nohit_effective=4241 (1528.9s)
[v9l] MONITOR epoch 78: val sparkle 651.0/Mpx resid 0.0833 highlight_ratio 0.308 score=16.276 | mirror sparkle 0.0/Mpx resid 0.0809 highlight_ratio 0.348 (tgt sp<16 resid<0.035) score_streak=25/20(LOG-ONLY) resid_streak=0/20(ABORT)
[v9l] FIRST BATCH mask check (epoch 79, pi=1 s=0): nohit_px(albedo)=6344/9216 nohit_effective(differs-from-CURE4)=389 | cross-check vs depth-hit-flag: false_hit_dark(albedo-mask says nohit, depth says REAL HIT)=42 false_miss_albedo(depth says miss, albedo-mask missed it — should be 0)=0
[v9l] epoch 79/300 n2n_mse=0.007965 lr=0.000079 pool_yaws=[-10.5,-8.6,29.4] pool_ms=1248 hist_ms=5123 batch_ms=9037 nohit_px=50490/110592(45.65%) nohit_effective=4113 (1546.8s)
[v9l] MONITOR epoch 79: val sparkle 651.0/Mpx resid 0.0828 highlight_ratio 0.313 score=16.276 | mirror sparkle 0.0/Mpx resid 0.0803 highlight_ratio 0.353 (tgt sp<16 resid<0.035) score_streak=26/20(LOG-ONLY) resid_streak=0/20(ABORT)
[v9l] FIRST BATCH mask check (epoch 80, pi=0 s=2): nohit_px(albedo)=0/9216 nohit_effective(differs-from-CURE4)=0 | cross-check vs depth-hit-flag: false_hit_dark(albedo-mask says nohit, depth says REAL HIT)=0 false_miss_albedo(depth says miss, albedo-mask missed it — should be 0)=0
[v9l] NOTE: this single first batch had zero no-hit pixels (crop landed entirely on geometry) — not aborting, waiting for the first EPOCH's aggregate count below.
[v9l] epoch 80/300 n2n_mse=0.003423 lr=0.000079 pool_yaws=[-12.2,-13.6,19.0] pool_ms=1229 hist_ms=5149 batch_ms=8645 nohit_px=9416/110592(8.51%) nohit_effective=1639 (1564.4s)
[v9l] MONITOR epoch 80: val sparkle 651.0/Mpx resid 0.0822 highlight_ratio 0.318 score=16.276 | mirror sparkle 0.0/Mpx resid 0.0798 highlight_ratio 0.358 (tgt sp<16 resid<0.035) score_streak=27/20(LOG-ONLY) resid_streak=0/20(ABORT)
[v9l] FIRST BATCH mask check (epoch 81, pi=3 s=2): nohit_px(albedo)=3118/9216 nohit_effective(differs-from-CURE4)=560 | cross-check vs depth-hit-flag: false_hit_dark(albedo-mask says nohit, depth says REAL HIT)=3 false_miss_albedo(depth says miss, albedo-mask missed it — should be 0)=0
[v9l] epoch 81/300 n2n_mse=0.050006 lr=0.000079 pool_yaws=[10.6,1.0,27.6] pool_ms=1075 hist_ms=5228 batch_ms=8869 nohit_px=52472/110592(47.45%) nohit_effective=2431 (1582.1s)
[v9l] MONITOR epoch 81: val sparkle 651.0/Mpx resid 0.0817 highlight_ratio 0.322 score=16.276 | mirror sparkle 0.0/Mpx resid 0.0792 highlight_ratio 0.364 (tgt sp<16 resid<0.035) score_streak=28/20(LOG-ONLY) resid_streak=0/20(ABORT)
[v9l] FIRST BATCH mask check (epoch 82, pi=3 s=2): nohit_px(albedo)=3118/9216 nohit_effective(differs-from-CURE4)=697 | cross-check vs depth-hit-flag: false_hit_dark(albedo-mask says nohit, depth says REAL HIT)=3 false_miss_albedo(depth says miss, albedo-mask missed it — should be 0)=0
[v9l] epoch 82/300 n2n_mse=0.023055 lr=0.000079 pool_yaws=[-7.9,-4.0,13.5] pool_ms=1324 hist_ms=5178 batch_ms=8930 nohit_px=9416/110592(8.51%) nohit_effective=1617 (1600.2s)
[v9l] MONITOR epoch 82: val sparkle 651.0/Mpx resid 0.0812 highlight_ratio 0.327 score=16.276 | mirror sparkle 0.0/Mpx resid 0.0786 highlight_ratio 0.369 (tgt sp<16 resid<0.035) score_streak=29/20(LOG-ONLY) resid_streak=0/20(ABORT)
[v9l] FIRST BATCH mask check (epoch 83, pi=1 s=1): nohit_px(albedo)=0/9216 nohit_effective(differs-from-CURE4)=0 | cross-check vs depth-hit-flag: false_hit_dark(albedo-mask says nohit, depth says REAL HIT)=0 false_miss_albedo(depth says miss, albedo-mask missed it — should be 0)=0
[v9l] NOTE: this single first batch had zero no-hit pixels (crop landed entirely on geometry) — not aborting, waiting for the first EPOCH's aggregate count below.
[v9l] epoch 83/300 n2n_mse=0.004113 lr=0.000078 pool_yaws=[-6.2,13.7,29.9] pool_ms=1343 hist_ms=5212 batch_ms=8873 nohit_px=37064/110592(33.51%) nohit_effective=1440 (1618.3s)
[v9l] MONITOR epoch 83: val sparkle 651.0/Mpx resid 0.0806 highlight_ratio 0.332 score=16.276 | mirror sparkle 108.5/Mpx resid 0.0781 highlight_ratio 0.375 (tgt sp<16 resid<0.035) score_streak=30/20(LOG-ONLY) resid_streak=0/20(ABORT)
[v9l] FIRST BATCH mask check (epoch 84, pi=2 s=2): nohit_px(albedo)=0/9216 nohit_effective(differs-from-CURE4)=0 | cross-check vs depth-hit-flag: false_hit_dark(albedo-mask says nohit, depth says REAL HIT)=0 false_miss_albedo(depth says miss, albedo-mask missed it — should be 0)=0
[v9l] NOTE: this single first batch had zero no-hit pixels (crop landed entirely on geometry) — not aborting, waiting for the first EPOCH's aggregate count below.
[v9l] epoch 84/300 n2n_mse=0.021242 lr=0.000078 pool_yaws=[-8.4,-14.9,-8.2] pool_ms=1284 hist_ms=5165 batch_ms=8782 nohit_px=9416/110592(8.51%) nohit_effective=1763 (1636.2s)
[v9l] MONITOR epoch 84: val sparkle 651.0/Mpx resid 0.0801 highlight_ratio 0.336 score=16.276 | mirror sparkle 108.5/Mpx resid 0.0775 highlight_ratio 0.380 (tgt sp<16 resid<0.035) score_streak=31/20(LOG-ONLY) resid_streak=0/20(ABORT)
[v9l] FIRST BATCH mask check (epoch 85, pi=0 s=0): nohit_px(albedo)=9216/9216 nohit_effective(differs-from-CURE4)=0 | cross-check vs depth-hit-flag: false_hit_dark(albedo-mask says nohit, depth says REAL HIT)=0 false_miss_albedo(depth says miss, albedo-mask missed it — should be 0)=0
[v9l] epoch 85/300 n2n_mse=0.003294 lr=0.000078 pool_yaws=[-11.1,19.1,-1.4] pool_ms=1249 hist_ms=5196 batch_ms=8724 nohit_px=37064/110592(33.51%) nohit_effective=1380 (1653.9s)
[v9l] MONITOR epoch 85: val sparkle 651.0/Mpx resid 0.0796 highlight_ratio 0.340 score=16.276 | mirror sparkle 108.5/Mpx resid 0.0770 highlight_ratio 0.385 (tgt sp<16 resid<0.035) score_streak=32/20(LOG-ONLY) resid_streak=0/20(ABORT)
[v9l] FIRST BATCH mask check (epoch 86, pi=1 s=0): nohit_px(albedo)=9216/9216 nohit_effective(differs-from-CURE4)=54 | cross-check vs depth-hit-flag: false_hit_dark(albedo-mask says nohit, depth says REAL HIT)=0 false_miss_albedo(depth says miss, albedo-mask missed it — should be 0)=0
[v9l] epoch 86/300 n2n_mse=0.004208 lr=0.000078 pool_yaws=[-5.0,26.2,15.4] pool_ms=1180 hist_ms=5167 batch_ms=8700 nohit_px=63235/110592(57.18%) nohit_effective=2220 (1671.5s)
[v9l] MONITOR epoch 86: val sparkle 651.0/Mpx resid 0.0790 highlight_ratio 0.345 score=16.276 | mirror sparkle 108.5/Mpx resid 0.0764 highlight_ratio 0.390 (tgt sp<16 resid<0.035) score_streak=33/20(LOG-ONLY) resid_streak=0/20(ABORT)
[v9l] FIRST BATCH mask check (epoch 87, pi=2 s=0): nohit_px(albedo)=0/9216 nohit_effective(differs-from-CURE4)=0 | cross-check vs depth-hit-flag: false_hit_dark(albedo-mask says nohit, depth says REAL HIT)=0 false_miss_albedo(depth says miss, albedo-mask missed it — should be 0)=0
[v9l] NOTE: this single first batch had zero no-hit pixels (crop landed entirely on geometry) — not aborting, waiting for the first EPOCH's aggregate count below.
[v9l] epoch 87/300 n2n_mse=0.003964 lr=0.000078 pool_yaws=[-29.2,-12.4,-9.8] pool_ms=1146 hist_ms=5098 batch_ms=9157 nohit_px=64316/110592(58.16%) nohit_effective=1809 (1689.5s)
[v9l] MONITOR epoch 87: val sparkle 651.0/Mpx resid 0.0785 highlight_ratio 0.349 score=16.276 | mirror sparkle 108.5/Mpx resid 0.0759 highlight_ratio 0.396 (tgt sp<16 resid<0.035) score_streak=34/20(LOG-ONLY) resid_streak=0/20(ABORT)
[v9l] FIRST BATCH mask check (epoch 88, pi=1 s=0): nohit_px(albedo)=0/9216 nohit_effective(differs-from-CURE4)=0 | cross-check vs depth-hit-flag: false_hit_dark(albedo-mask says nohit, depth says REAL HIT)=0 false_miss_albedo(depth says miss, albedo-mask missed it — should be 0)=0
[v9l] NOTE: this single first batch had zero no-hit pixels (crop landed entirely on geometry) — not aborting, waiting for the first EPOCH's aggregate count below.
[v9l] epoch 88/300 n2n_mse=0.008068 lr=0.000077 pool_yaws=[2.9,-8.7,-22.0] pool_ms=1201 hist_ms=5099 batch_ms=8572 nohit_px=10553/110592(9.54%) nohit_effective=1579 (1706.9s)
[v9l] MONITOR epoch 88: val sparkle 651.0/Mpx resid 0.0780 highlight_ratio 0.354 score=16.276 | mirror sparkle 108.5/Mpx resid 0.0753 highlight_ratio 0.401 (tgt sp<16 resid<0.035) score_streak=35/20(LOG-ONLY) resid_streak=0/20(ABORT)
[v9l] FIRST BATCH mask check (epoch 89, pi=2 s=0): nohit_px(albedo)=527/9216 nohit_effective(differs-from-CURE4)=119 | cross-check vs depth-hit-flag: false_hit_dark(albedo-mask says nohit, depth says REAL HIT)=50 false_miss_albedo(depth says miss, albedo-mask missed it — should be 0)=0
[v9l] epoch 89/300 n2n_mse=0.015526 lr=0.000077 pool_yaws=[10.7,29.8,-27.4] pool_ms=1224 hist_ms=5122 batch_ms=8660 nohit_px=11007/110592(9.95%) nohit_effective=1766 (1724.5s)
[v9l] MONITOR epoch 89: val sparkle 759.5/Mpx resid 0.0774 highlight_ratio 0.358 score=18.989 | mirror sparkle 108.5/Mpx resid 0.0747 highlight_ratio 0.406 (tgt sp<16 resid<0.035) score_streak=36/20(LOG-ONLY) resid_streak=0/20(ABORT)
[v9l] FIRST BATCH mask check (epoch 90, pi=3 s=0): nohit_px(albedo)=3138/9216 nohit_effective(differs-from-CURE4)=538 | cross-check vs depth-hit-flag: false_hit_dark(albedo-mask says nohit, depth says REAL HIT)=3 false_miss_albedo(depth says miss, albedo-mask missed it — should be 0)=0
[v9l] epoch 90/300 n2n_mse=0.023351 lr=0.000077 pool_yaws=[25.4,14.6,2.1] pool_ms=1209 hist_ms=5369 batch_ms=9002 nohit_px=9416/110592(8.51%) nohit_effective=1397 (1742.7s)
[v9l] MONITOR epoch 90: val sparkle 759.5/Mpx resid 0.0769 highlight_ratio 0.362 score=18.989 | mirror sparkle 108.5/Mpx resid 0.0742 highlight_ratio 0.411 (tgt sp<16 resid<0.035) score_streak=37/20(LOG-ONLY) resid_streak=0/20(ABORT)
[v9l] FIRST BATCH mask check (epoch 91, pi=0 s=0): nohit_px(albedo)=879/9216 nohit_effective(differs-from-CURE4)=144 | cross-check vs depth-hit-flag: false_hit_dark(albedo-mask says nohit, depth says REAL HIT)=0 false_miss_albedo(depth says miss, albedo-mask missed it — should be 0)=0
[v9l] epoch 91/300 n2n_mse=0.009769 lr=0.000077 pool_yaws=[-23.5,-19.6,25.0] pool_ms=1366 hist_ms=5565 batch_ms=8777 nohit_px=25166/110592(22.76%) nohit_effective=2414 (1761.1s)
[v9l] MONITOR epoch 91: val sparkle 759.5/Mpx resid 0.0764 highlight_ratio 0.366 score=18.989 | mirror sparkle 108.5/Mpx resid 0.0736 highlight_ratio 0.416 (tgt sp<16 resid<0.035) score_streak=38/20(LOG-ONLY) resid_streak=0/20(ABORT)
[v9l] FIRST BATCH mask check (epoch 92, pi=3 s=0): nohit_px(albedo)=3138/9216 nohit_effective(differs-from-CURE4)=523 | cross-check vs depth-hit-flag: false_hit_dark(albedo-mask says nohit, depth says REAL HIT)=3 false_miss_albedo(depth says miss, albedo-mask missed it — should be 0)=0
[v9l] epoch 92/300 n2n_mse=0.007377 lr=0.000077 pool_yaws=[-17.5,9.7,-11.5] pool_ms=1280 hist_ms=5131 batch_ms=8776 nohit_px=24856/110592(22.48%) nohit_effective=2490 (1778.9s)
[v9l] MONITOR epoch 92: val sparkle 759.5/Mpx resid 0.0759 highlight_ratio 0.371 score=18.989 | mirror sparkle 217.0/Mpx resid 0.0731 highlight_ratio 0.421 (tgt sp<16 resid<0.035) score_streak=39/20(LOG-ONLY) resid_streak=0/20(ABORT)
[v9l] FIRST BATCH mask check (epoch 93, pi=2 s=2): nohit_px(albedo)=0/9216 nohit_effective(differs-from-CURE4)=0 | cross-check vs depth-hit-flag: false_hit_dark(albedo-mask says nohit, depth says REAL HIT)=0 false_miss_albedo(depth says miss, albedo-mask missed it — should be 0)=0
[v9l] NOTE: this single first batch had zero no-hit pixels (crop landed entirely on geometry) — not aborting, waiting for the first EPOCH's aggregate count below.
[v9l] epoch 93/300 n2n_mse=0.031684 lr=0.000076 pool_yaws=[-24.4,-3.7,2.2] pool_ms=1223 hist_ms=5235 batch_ms=8928 nohit_px=26705/110592(24.15%) nohit_effective=1888 (1796.9s)
[v9l] MONITOR epoch 93: val sparkle 759.5/Mpx resid 0.0753 highlight_ratio 0.375 score=18.989 | mirror sparkle 325.5/Mpx resid 0.0725 highlight_ratio 0.427 (tgt sp<16 resid<0.035) score_streak=40/20(LOG-ONLY) resid_streak=0/20(ABORT)
[v9l] FIRST BATCH mask check (epoch 94, pi=0 s=0): nohit_px(albedo)=8174/9216 nohit_effective(differs-from-CURE4)=461 | cross-check vs depth-hit-flag: false_hit_dark(albedo-mask says nohit, depth says REAL HIT)=0 false_miss_albedo(depth says miss, albedo-mask missed it — should be 0)=0
[v9l] epoch 94/300 n2n_mse=0.004729 lr=0.000076 pool_yaws=[3.2,-4.4,-26.2] pool_ms=1120 hist_ms=5128 batch_ms=9069 nohit_px=61623/110592(55.72%) nohit_effective=2517 (1814.7s)
[v9l] MONITOR epoch 94: val sparkle 759.5/Mpx resid 0.0748 highlight_ratio 0.379 score=18.989 | mirror sparkle 325.5/Mpx resid 0.0720 highlight_ratio 0.432 (tgt sp<16 resid<0.035) score_streak=41/20(LOG-ONLY) resid_streak=0/20(ABORT)
[v9l] FIRST BATCH mask check (epoch 95, pi=2 s=2): nohit_px(albedo)=553/9216 nohit_effective(differs-from-CURE4)=12 | cross-check vs depth-hit-flag: false_hit_dark(albedo-mask says nohit, depth says REAL HIT)=330 false_miss_albedo(depth says miss, albedo-mask missed it — should be 0)=0
[v9l] epoch 95/300 n2n_mse=0.035895 lr=0.000076 pool_yaws=[6.9,-26.7,-29.6] pool_ms=1147 hist_ms=5230 batch_ms=8934 nohit_px=63478/110592(57.40%) nohit_effective=2170 (1832.6s)
[v9l] MONITOR epoch 95: val sparkle 759.5/Mpx resid 0.0743 highlight_ratio 0.383 score=18.989 | mirror sparkle 434.0/Mpx resid 0.0714 highlight_ratio 0.437 (tgt sp<16 resid<0.035) score_streak=42/20(LOG-ONLY) resid_streak=0/20(ABORT)
[v9l] FIRST BATCH mask check (epoch 96, pi=0 s=1): nohit_px(albedo)=8928/9216 nohit_effective(differs-from-CURE4)=9 | cross-check vs depth-hit-flag: false_hit_dark(albedo-mask says nohit, depth says REAL HIT)=0 false_miss_albedo(depth says miss, albedo-mask missed it — should be 0)=0
[v9l] epoch 96/300 n2n_mse=0.006233 lr=0.000076 pool_yaws=[15.4,25.1,16.7] pool_ms=1047 hist_ms=5209 batch_ms=9171 nohit_px=91112/110592(82.39%) nohit_effective=2247 (1850.6s)
[v9l] MONITOR epoch 96: val sparkle 759.5/Mpx resid 0.0737 highlight_ratio 0.387 score=18.989 | mirror sparkle 434.0/Mpx resid 0.0709 highlight_ratio 0.442 (tgt sp<16 resid<0.035) score_streak=43/20(LOG-ONLY) resid_streak=0/20(ABORT)
[v9l] FIRST BATCH mask check (epoch 97, pi=3 s=2): nohit_px(albedo)=3118/9216 nohit_effective(differs-from-CURE4)=530 | cross-check vs depth-hit-flag: false_hit_dark(albedo-mask says nohit, depth says REAL HIT)=3 false_miss_albedo(depth says miss, albedo-mask missed it — should be 0)=0
[v9l] epoch 97/300 n2n_mse=0.025874 lr=0.000076 pool_yaws=[-18.4,10.3,-2.3] pool_ms=1291 hist_ms=5218 batch_ms=9219 nohit_px=29274/110592(26.47%) nohit_effective=4049 (1868.9s)
[v9l] MONITOR epoch 97: val sparkle 759.5/Mpx resid 0.0732 highlight_ratio 0.391 score=18.989 | mirror sparkle 434.0/Mpx resid 0.0703 highlight_ratio 0.447 (tgt sp<16 resid<0.035) score_streak=44/20(LOG-ONLY) resid_streak=0/20(ABORT)
[v9l] FIRST BATCH mask check (epoch 98, pi=0 s=0): nohit_px(albedo)=0/9216 nohit_effective(differs-from-CURE4)=0 | cross-check vs depth-hit-flag: false_hit_dark(albedo-mask says nohit, depth says REAL HIT)=0 false_miss_albedo(depth says miss, albedo-mask missed it — should be 0)=0
[v9l] NOTE: this single first batch had zero no-hit pixels (crop landed entirely on geometry) — not aborting, waiting for the first EPOCH's aggregate count below.
[v9l] epoch 98/300 n2n_mse=0.008803 lr=0.000075 pool_yaws=[4.6,-24.5,-17.8] pool_ms=1358 hist_ms=5347 batch_ms=9333 nohit_px=13010/110592(11.76%) nohit_effective=3343 (1887.7s)
[v9l] MONITOR epoch 98: val sparkle 759.5/Mpx resid 0.0727 highlight_ratio 0.395 score=18.989 | mirror sparkle 434.0/Mpx resid 0.0697 highlight_ratio 0.452 (tgt sp<16 resid<0.035) score_streak=45/20(LOG-ONLY) resid_streak=0/20(ABORT)
[v9l] FIRST BATCH mask check (epoch 99, pi=3 s=1): nohit_px(albedo)=3160/9216 nohit_effective(differs-from-CURE4)=311 | cross-check vs depth-hit-flag: false_hit_dark(albedo-mask says nohit, depth says REAL HIT)=1 false_miss_albedo(depth says miss, albedo-mask missed it — should be 0)=0
[v9l] epoch 99/300 n2n_mse=0.004415 lr=0.000075 pool_yaws=[-22.8,23.9,-0.3] pool_ms=1306 hist_ms=5277 batch_ms=9415 nohit_px=36213/110592(32.74%) nohit_effective=1756 (1906.3s)
[v9l] MONITOR epoch 99: val sparkle 759.5/Mpx resid 0.0722 highlight_ratio 0.400 score=18.989 | mirror sparkle 542.5/Mpx resid 0.0692 highlight_ratio 0.457 (tgt sp<16 resid<0.035) score_streak=46/20(LOG-ONLY) resid_streak=0/20(ABORT)
[v9l] PROBE epoch 99: bar-res(640x480) sparkle 13.0/Mpx resid 0.0764 highlight_ratio 0.420 (tgt sp<16 resid<0.035) took 44.9s
[v9l] FIRST BATCH mask check (epoch 100, pi=0 s=1): nohit_px(albedo)=4049/9216 nohit_effective(differs-from-CURE4)=248 | cross-check vs depth-hit-flag: false_hit_dark(albedo-mask says nohit, depth says REAL HIT)=0 false_miss_albedo(depth says miss, albedo-mask missed it — should be 0)=0
[v9l] epoch 100/300 n2n_mse=0.006204 lr=0.000075 pool_yaws=[-24.5,1.2,28.1] pool_ms=1237 hist_ms=5303 batch_ms=9027 nohit_px=48189/110592(43.57%) nohit_effective=2317 (1969.5s)
[v9l] MONITOR epoch 100: val sparkle 759.5/Mpx resid 0.0716 highlight_ratio 0.404 score=18.989 | mirror sparkle 542.5/Mpx resid 0.0686 highlight_ratio 0.462 (tgt sp<16 resid<0.035) score_streak=47/20(LOG-ONLY) resid_streak=0/20(ABORT)
[v9l] FIRST BATCH mask check (epoch 101, pi=2 s=0): nohit_px(albedo)=0/9216 nohit_effective(differs-from-CURE4)=0 | cross-check vs depth-hit-flag: false_hit_dark(albedo-mask says nohit, depth says REAL HIT)=0 false_miss_albedo(depth says miss, albedo-mask missed it — should be 0)=0
[v9l] NOTE: this single first batch had zero no-hit pixels (crop landed entirely on geometry) — not aborting, waiting for the first EPOCH's aggregate count below.
[v9l] epoch 101/300 n2n_mse=0.023694 lr=0.000075 pool_yaws=[-8.9,-4.5,-12.6] pool_ms=1253 hist_ms=5306 batch_ms=9101 nohit_px=18527/110592(16.75%) nohit_effective=1832 (1987.7s)
[v9l] MONITOR epoch 101: val sparkle 759.5/Mpx resid 0.0711 highlight_ratio 0.408 score=18.989 | mirror sparkle 542.5/Mpx resid 0.0680 highlight_ratio 0.468 (tgt sp<16 resid<0.035) score_streak=48/20(LOG-ONLY) resid_streak=0/20(ABORT)
[v9l] FIRST BATCH mask check (epoch 102, pi=3 s=0): nohit_px(albedo)=3138/9216 nohit_effective(differs-from-CURE4)=364 | cross-check vs depth-hit-flag: false_hit_dark(albedo-mask says nohit, depth says REAL HIT)=3 false_miss_albedo(depth says miss, albedo-mask missed it — should be 0)=0
[v9l] epoch 102/300 n2n_mse=0.007054 lr=0.000075 pool_yaws=[-23.2,-6.8,8.0] pool_ms=1143 hist_ms=5240 batch_ms=8878 nohit_px=54306/110592(49.10%) nohit_effective=2030 (2005.6s)
[v9l] MONITOR epoch 102: val sparkle 759.5/Mpx resid 0.0706 highlight_ratio 0.411 score=18.989 | mirror sparkle 542.5/Mpx resid 0.0675 highlight_ratio 0.473 (tgt sp<16 resid<0.035) score_streak=49/20(LOG-ONLY) resid_streak=0/20(ABORT)
[v9l] FIRST BATCH mask check (epoch 103, pi=0 s=2): nohit_px(albedo)=0/9216 nohit_effective(differs-from-CURE4)=0 | cross-check vs depth-hit-flag: false_hit_dark(albedo-mask says nohit, depth says REAL HIT)=0 false_miss_albedo(depth says miss, albedo-mask missed it — should be 0)=0
[v9l] NOTE: this single first batch had zero no-hit pixels (crop landed entirely on geometry) — not aborting, waiting for the first EPOCH's aggregate count below.
[v9l] epoch 103/300 n2n_mse=0.005160 lr=0.000074 pool_yaws=[4.1,17.9,21.6] pool_ms=1202 hist_ms=5225 batch_ms=8753 nohit_px=37064/110592(33.51%) nohit_effective=1412 (2023.4s)
[v9l] MONITOR epoch 103: val sparkle 759.5/Mpx resid 0.0700 highlight_ratio 0.415 score=18.989 | mirror sparkle 651.0/Mpx resid 0.0669 highlight_ratio 0.477 (tgt sp<16 resid<0.035) score_streak=50/20(LOG-ONLY) resid_streak=0/20(ABORT)
[v9l] FIRST BATCH mask check (epoch 104, pi=3 s=1): nohit_px(albedo)=3160/9216 nohit_effective(differs-from-CURE4)=379 | cross-check vs depth-hit-flag: false_hit_dark(albedo-mask says nohit, depth says REAL HIT)=1 false_miss_albedo(depth says miss, albedo-mask missed it — should be 0)=0
[v9l] epoch 104/300 n2n_mse=0.007163 lr=0.000074 pool_yaws=[-17.3,4.7,-14.7] pool_ms=1215 hist_ms=5131 batch_ms=8642 nohit_px=9416/110592(8.51%) nohit_effective=1237 (2041.0s)
[v9l] MONITOR epoch 104: val sparkle 759.5/Mpx resid 0.0695 highlight_ratio 0.419 score=18.989 | mirror sparkle 651.0/Mpx resid 0.0664 highlight_ratio 0.483 (tgt sp<16 resid<0.035) score_streak=51/20(LOG-ONLY) resid_streak=0/20(ABORT)
[v9l] FIRST BATCH mask check (epoch 105, pi=3 s=0): nohit_px(albedo)=3138/9216 nohit_effective(differs-from-CURE4)=470 | cross-check vs depth-hit-flag: false_hit_dark(albedo-mask says nohit, depth says REAL HIT)=3 false_miss_albedo(depth says miss, albedo-mask missed it — should be 0)=0
[v9l] epoch 105/300 n2n_mse=0.003669 lr=0.000074 pool_yaws=[-10.6,28.4,-7.2] pool_ms=1203 hist_ms=5154 batch_ms=8937 nohit_px=9416/110592(8.51%) nohit_effective=1327 (2058.8s)
[v9l] MONITOR epoch 105: val sparkle 759.5/Mpx resid 0.0690 highlight_ratio 0.423 score=18.989 | mirror sparkle 759.5/Mpx resid 0.0658 highlight_ratio 0.488 (tgt sp<16 resid<0.035) score_streak=52/20(LOG-ONLY) resid_streak=0/20(ABORT)
[v9l] FIRST BATCH mask check (epoch 106, pi=1 s=1): nohit_px(albedo)=0/9216 nohit_effective(differs-from-CURE4)=0 | cross-check vs depth-hit-flag: false_hit_dark(albedo-mask says nohit, depth says REAL HIT)=142 false_miss_albedo(depth says miss, albedo-mask missed it — should be 0)=0
[v9l] NOTE: this single first batch had zero no-hit pixels (crop landed entirely on geometry) — not aborting, waiting for the first EPOCH's aggregate count below.
[v9l] epoch 106/300 n2n_mse=0.048944 lr=0.000074 pool_yaws=[17.7,-0.4,19.8] pool_ms=1220 hist_ms=5141 batch_ms=8817 nohit_px=16976/110592(15.35%) nohit_effective=1974 (2076.6s)
[v9l] MONITOR epoch 106: val sparkle 759.5/Mpx resid 0.0685 highlight_ratio 0.428 score=18.989 | mirror sparkle 759.5/Mpx resid 0.0653 highlight_ratio 0.493 (tgt sp<16 resid<0.035) score_streak=53/20(LOG-ONLY) resid_streak=0/20(ABORT)
[v9l] FIRST BATCH mask check (epoch 107, pi=2 s=1): nohit_px(albedo)=0/9216 nohit_effective(differs-from-CURE4)=0 | cross-check vs depth-hit-flag: false_hit_dark(albedo-mask says nohit, depth says REAL HIT)=109 false_miss_albedo(depth says miss, albedo-mask missed it — should be 0)=0
[v9l] NOTE: this single first batch had zero no-hit pixels (crop landed entirely on geometry) — not aborting, waiting for the first EPOCH's aggregate count below.
[v9l] epoch 107/300 n2n_mse=0.095164 lr=0.000074 pool_yaws=[9.3,-0.8,25.8] pool_ms=1303 hist_ms=5246 batch_ms=9099 nohit_px=31021/110592(28.05%) nohit_effective=2560 (2094.9s)
[v9l] MONITOR epoch 107: val sparkle 868.1/Mpx resid 0.0680 highlight_ratio 0.432 score=21.701 | mirror sparkle 759.5/Mpx resid 0.0647 highlight_ratio 0.498 (tgt sp<16 resid<0.035) score_streak=54/20(LOG-ONLY) resid_streak=0/20(ABORT)
[v9l] FIRST BATCH mask check (epoch 108, pi=2 s=2): nohit_px(albedo)=0/9216 nohit_effective(differs-from-CURE4)=0 | cross-check vs depth-hit-flag: false_hit_dark(albedo-mask says nohit, depth says REAL HIT)=0 false_miss_albedo(depth says miss, albedo-mask missed it — should be 0)=0
[v9l] NOTE: this single first batch had zero no-hit pixels (crop landed entirely on geometry) — not aborting, waiting for the first EPOCH's aggregate count below.
[v9l] epoch 108/300 n2n_mse=0.005736 lr=0.000074 pool_yaws=[-12.5,-2.1,6.1] pool_ms=1219 hist_ms=5130 batch_ms=8880 nohit_px=35611/110592(32.20%) nohit_effective=2070 (2112.7s)
[v9l] MONITOR epoch 108: val sparkle 868.1/Mpx resid 0.0675 highlight_ratio 0.435 score=21.701 | mirror sparkle 868.1/Mpx resid 0.0642 highlight_ratio 0.503 (tgt sp<16 resid<0.035) score_streak=55/20(LOG-ONLY) resid_streak=0/20(ABORT)
[v9l] FIRST BATCH mask check (epoch 109, pi=2 s=0): nohit_px(albedo)=0/9216 nohit_effective(differs-from-CURE4)=0 | cross-check vs depth-hit-flag: false_hit_dark(albedo-mask says nohit, depth says REAL HIT)=0 false_miss_albedo(depth says miss, albedo-mask missed it — should be 0)=0
[v9l] NOTE: this single first batch had zero no-hit pixels (crop landed entirely on geometry) — not aborting, waiting for the first EPOCH's aggregate count below.
[v9l] epoch 109/300 n2n_mse=0.004173 lr=0.000073 pool_yaws=[19.3,11.8,16.6] pool_ms=1194 hist_ms=5155 batch_ms=8603 nohit_px=37064/110592(33.51%) nohit_effective=2510 (2130.2s)
[v9l] MONITOR epoch 109: val sparkle 868.1/Mpx resid 0.0670 highlight_ratio 0.439 score=21.701 | mirror sparkle 868.1/Mpx resid 0.0636 highlight_ratio 0.507 (tgt sp<16 resid<0.035) score_streak=56/20(LOG-ONLY) resid_streak=0/20(ABORT)
[v9l] FIRST BATCH mask check (epoch 110, pi=2 s=0): nohit_px(albedo)=0/9216 nohit_effective(differs-from-CURE4)=0 | cross-check vs depth-hit-flag: false_hit_dark(albedo-mask says nohit, depth says REAL HIT)=0 false_miss_albedo(depth says miss, albedo-mask missed it — should be 0)=0
[v9l] NOTE: this single first batch had zero no-hit pixels (crop landed entirely on geometry) — not aborting, waiting for the first EPOCH's aggregate count below.
[v9l] epoch 110/300 n2n_mse=0.003661 lr=0.000073 pool_yaws=[-11.1,-8.0,24.4] pool_ms=1163 hist_ms=5145 batch_ms=8956 nohit_px=37064/110592(33.51%) nohit_effective=1622 (2148.0s)
[v9l] MONITOR epoch 110: val sparkle 868.1/Mpx resid 0.0665 highlight_ratio 0.442 score=21.701 | mirror sparkle 868.1/Mpx resid 0.0631 highlight_ratio 0.512 (tgt sp<16 resid<0.035) score_streak=57/20(LOG-ONLY) resid_streak=0/20(ABORT)
[v9l] FIRST BATCH mask check (epoch 111, pi=2 s=1): nohit_px(albedo)=0/9216 nohit_effective(differs-from-CURE4)=0 | cross-check vs depth-hit-flag: false_hit_dark(albedo-mask says nohit, depth says REAL HIT)=0 false_miss_albedo(depth says miss, albedo-mask missed it — should be 0)=0
[v9l] NOTE: this single first batch had zero no-hit pixels (crop landed entirely on geometry) — not aborting, waiting for the first EPOCH's aggregate count below.
[v9l] epoch 111/300 n2n_mse=0.040409 lr=0.000073 pool_yaws=[-14.1,21.9,-6.3] pool_ms=1170 hist_ms=5214 batch_ms=8848 nohit_px=49330/110592(44.61%) nohit_effective=2358 (2165.8s)
[v9l] MONITOR epoch 111: val sparkle 868.1/Mpx resid 0.0660 highlight_ratio 0.446 score=21.701 | mirror sparkle 976.6/Mpx resid 0.0626 highlight_ratio 0.517 (tgt sp<16 resid<0.035) score_streak=58/20(LOG-ONLY) resid_streak=0/20(ABORT)
[v9l] FIRST BATCH mask check (epoch 112, pi=0 s=0): nohit_px(albedo)=0/9216 nohit_effective(differs-from-CURE4)=0 | cross-check vs depth-hit-flag: false_hit_dark(albedo-mask says nohit, depth says REAL HIT)=87 false_miss_albedo(depth says miss, albedo-mask missed it — should be 0)=0
[v9l] NOTE: this single first batch had zero no-hit pixels (crop landed entirely on geometry) — not aborting, waiting for the first EPOCH's aggregate count below.
[v9l] epoch 112/300 n2n_mse=0.011685 lr=0.000073 pool_yaws=[-5.4,-8.6,-14.6] pool_ms=1198 hist_ms=5128 batch_ms=8716 nohit_px=35762/110592(32.34%) nohit_effective=1482 (2183.4s)
[v9l] MONITOR epoch 112: val sparkle 868.1/Mpx resid 0.0656 highlight_ratio 0.449 score=21.701 | mirror sparkle 976.6/Mpx resid 0.0621 highlight_ratio 0.521 (tgt sp<16 resid<0.035) score_streak=59/20(LOG-ONLY) resid_streak=0/20(ABORT)
[v9l] FIRST BATCH mask check (epoch 113, pi=3 s=0): nohit_px(albedo)=3138/9216 nohit_effective(differs-from-CURE4)=504 | cross-check vs depth-hit-flag: false_hit_dark(albedo-mask says nohit, depth says REAL HIT)=3 false_miss_albedo(depth says miss, albedo-mask missed it — should be 0)=0
[v9l] epoch 113/300 n2n_mse=0.016103 lr=0.000073 pool_yaws=[-25.2,-12.0,20.6] pool_ms=1190 hist_ms=5230 batch_ms=8889 nohit_px=26139/110592(23.64%) nohit_effective=2138 (2201.3s)
[v9l] MONITOR epoch 113: val sparkle 868.1/Mpx resid 0.0651 highlight_ratio 0.453 score=21.701 | mirror sparkle 1085.1/Mpx resid 0.0616 highlight_ratio 0.525 (tgt sp<16 resid<0.035) score_streak=60/20(LOG-ONLY) resid_streak=0/20(ABORT)
[v9l] FIRST BATCH mask check (epoch 114, pi=0 s=0): nohit_px(albedo)=7757/9216 nohit_effective(differs-from-CURE4)=164 | cross-check vs depth-hit-flag: false_hit_dark(albedo-mask says nohit, depth says REAL HIT)=0 false_miss_albedo(depth says miss, albedo-mask missed it — should be 0)=0
[v9l] epoch 114/300 n2n_mse=0.004955 lr=0.000072 pool_yaws=[5.0,-5.6,-0.6] pool_ms=1309 hist_ms=5189 batch_ms=8885 nohit_px=33039/110592(29.87%) nohit_effective=2057 (2219.3s)
[v9l] MONITOR epoch 114: val sparkle 868.1/Mpx resid 0.0646 highlight_ratio 0.456 score=21.701 | mirror sparkle 1085.1/Mpx resid 0.0611 highlight_ratio 0.529 (tgt sp<16 resid<0.035) score_streak=61/20(LOG-ONLY) resid_streak=0/20(ABORT)
[v9l] FIRST BATCH mask check (epoch 115, pi=3 s=1): nohit_px(albedo)=3160/9216 nohit_effective(differs-from-CURE4)=468 | cross-check vs depth-hit-flag: false_hit_dark(albedo-mask says nohit, depth says REAL HIT)=1 false_miss_albedo(depth says miss, albedo-mask missed it — should be 0)=0
[v9l] epoch 115/300 n2n_mse=0.036997 lr=0.000072 pool_yaws=[-7.5,-26.4,6.6] pool_ms=1163 hist_ms=5219 batch_ms=8637 nohit_px=15404/110592(13.93%) nohit_effective=1946 (2237.0s)
[v9l] MONITOR epoch 115: val sparkle 868.1/Mpx resid 0.0642 highlight_ratio 0.460 score=21.701 | mirror sparkle 1085.1/Mpx resid 0.0606 highlight_ratio 0.533 (tgt sp<16 resid<0.035) score_streak=62/20(LOG-ONLY) resid_streak=0/20(ABORT)
[v9l] FIRST BATCH mask check (epoch 116, pi=1 s=0): nohit_px(albedo)=9216/9216 nohit_effective(differs-from-CURE4)=116 | cross-check vs depth-hit-flag: false_hit_dark(albedo-mask says nohit, depth says REAL HIT)=0 false_miss_albedo(depth says miss, albedo-mask missed it — should be 0)=0
[v9l] epoch 116/300 n2n_mse=0.031866 lr=0.000072 pool_yaws=[29.5,23.0,-6.9] pool_ms=1190 hist_ms=5189 batch_ms=9001 nohit_px=37064/110592(33.51%) nohit_effective=1222 (2255.0s)
[v9l] MONITOR epoch 116: val sparkle 868.1/Mpx resid 0.0637 highlight_ratio 0.463 score=21.701 | mirror sparkle 1085.1/Mpx resid 0.0601 highlight_ratio 0.537 (tgt sp<16 resid<0.035) score_streak=63/20(LOG-ONLY) resid_streak=0/20(ABORT)
[v9l] FIRST BATCH mask check (epoch 117, pi=2 s=0): nohit_px(albedo)=6098/9216 nohit_effective(differs-from-CURE4)=8 | cross-check vs depth-hit-flag: false_hit_dark(albedo-mask says nohit, depth says REAL HIT)=14 false_miss_albedo(depth says miss, albedo-mask missed it — should be 0)=0
[v9l] epoch 117/300 n2n_mse=0.010458 lr=0.000072 pool_yaws=[-26.1,-22.1,8.0] pool_ms=1185 hist_ms=5141 batch_ms=8782 nohit_px=59152/110592(53.49%) nohit_effective=4389 (2272.7s)
[v9l] MONITOR epoch 117: val sparkle 868.1/Mpx resid 0.0633 highlight_ratio 0.466 score=21.701 | mirror sparkle 1085.1/Mpx resid 0.0596 highlight_ratio 0.541 (tgt sp<16 resid<0.035) score_streak=64/20(LOG-ONLY) resid_streak=0/20(ABORT)
[v9l] FIRST BATCH mask check (epoch 118, pi=0 s=2): nohit_px(albedo)=0/9216 nohit_effective(differs-from-CURE4)=0 | cross-check vs depth-hit-flag: false_hit_dark(albedo-mask says nohit, depth says REAL HIT)=0 false_miss_albedo(depth says miss, albedo-mask missed it — should be 0)=0
[v9l] NOTE: this single first batch had zero no-hit pixels (crop landed entirely on geometry) — not aborting, waiting for the first EPOCH's aggregate count below.
[v9l] epoch 118/300 n2n_mse=0.003985 lr=0.000072 pool_yaws=[-9.0,23.5,-0.9] pool_ms=1178 hist_ms=5169 batch_ms=8685 nohit_px=9416/110592(8.51%) nohit_effective=891 (2290.3s)
[v9l] MONITOR epoch 118: val sparkle 1085.1/Mpx resid 0.0629 highlight_ratio 0.469 score=27.127 | mirror sparkle 1085.1/Mpx resid 0.0591 highlight_ratio 0.545 (tgt sp<16 resid<0.035) score_streak=65/20(LOG-ONLY) resid_streak=0/20(ABORT)
[v9l] FIRST BATCH mask check (epoch 119, pi=1 s=0): nohit_px(albedo)=4792/9216 nohit_effective(differs-from-CURE4)=204 | cross-check vs depth-hit-flag: false_hit_dark(albedo-mask says nohit, depth says REAL HIT)=37 false_miss_albedo(depth says miss, albedo-mask missed it — should be 0)=0
[v9l] epoch 119/300 n2n_mse=0.036941 lr=0.000072 pool_yaws=[-28.6,23.9,-8.6] pool_ms=1241 hist_ms=5158 batch_ms=9011 nohit_px=48700/110592(44.04%) nohit_effective=2298 (2308.3s)
[v9l] MONITOR epoch 119: val sparkle 1193.6/Mpx resid 0.0625 highlight_ratio 0.473 score=29.839 | mirror sparkle 1085.1/Mpx resid 0.0587 highlight_ratio 0.549 (tgt sp<16 resid<0.035) score_streak=66/20(LOG-ONLY) resid_streak=0/20(ABORT)
[v9l] FIRST BATCH mask check (epoch 120, pi=0 s=2): nohit_px(albedo)=7803/9216 nohit_effective(differs-from-CURE4)=301 | cross-check vs depth-hit-flag: false_hit_dark(albedo-mask says nohit, depth says REAL HIT)=0 false_miss_albedo(depth says miss, albedo-mask missed it — should be 0)=0
[v9l] epoch 120/300 n2n_mse=0.007183 lr=0.000071 pool_yaws=[11.5,5.7,-28.0] pool_ms=1342 hist_ms=5227 batch_ms=8802 nohit_px=32839/110592(29.69%) nohit_effective=1542 (2326.3s)
[v9l] MONITOR epoch 120: val sparkle 1193.6/Mpx resid 0.0620 highlight_ratio 0.475 score=29.839 | mirror sparkle 1085.1/Mpx resid 0.0582 highlight_ratio 0.553 (tgt sp<16 resid<0.035) score_streak=67/20(LOG-ONLY) resid_streak=0/20(ABORT)
[v9l] FIRST BATCH mask check (epoch 121, pi=3 s=0): nohit_px(albedo)=3138/9216 nohit_effective(differs-from-CURE4)=352 | cross-check vs depth-hit-flag: false_hit_dark(albedo-mask says nohit, depth says REAL HIT)=3 false_miss_albedo(depth says miss, albedo-mask missed it — should be 0)=0
[v9l] epoch 121/300 n2n_mse=0.011443 lr=0.000071 pool_yaws=[-10.0,21.4,-0.9] pool_ms=1231 hist_ms=5222 batch_ms=8967 nohit_px=38334/110592(34.66%) nohit_effective=1504 (2344.4s)
[v9l] MONITOR epoch 121: val sparkle 1193.6/Mpx resid 0.0616 highlight_ratio 0.478 score=29.839 | mirror sparkle 1085.1/Mpx resid 0.0577 highlight_ratio 0.556 (tgt sp<16 resid<0.035) score_streak=68/20(LOG-ONLY) resid_streak=0/20(ABORT)
[v9l] FIRST BATCH mask check (epoch 122, pi=2 s=1): nohit_px(albedo)=0/9216 nohit_effective(differs-from-CURE4)=0 | cross-check vs depth-hit-flag: false_hit_dark(albedo-mask says nohit, depth says REAL HIT)=0 false_miss_albedo(depth says miss, albedo-mask missed it — should be 0)=0
[v9l] NOTE: this single first batch had zero no-hit pixels (crop landed entirely on geometry) — not aborting, waiting for the first EPOCH's aggregate count below.
[v9l] epoch 122/300 n2n_mse=0.016264 lr=0.000071 pool_yaws=[-14.6,-5.2,2.7] pool_ms=1236 hist_ms=5224 batch_ms=8775 nohit_px=56264/110592(50.88%) nohit_effective=1204 (2362.2s)
[v9l] MONITOR epoch 122: val sparkle 1193.6/Mpx resid 0.0612 highlight_ratio 0.481 score=29.839 | mirror sparkle 1193.6/Mpx resid 0.0572 highlight_ratio 0.560 (tgt sp<16 resid<0.035) score_streak=69/20(LOG-ONLY) resid_streak=0/20(ABORT)
[v9l] FIRST BATCH mask check (epoch 123, pi=1 s=1): nohit_px(albedo)=0/9216 nohit_effective(differs-from-CURE4)=0 | cross-check vs depth-hit-flag: false_hit_dark(albedo-mask says nohit, depth says REAL HIT)=0 false_miss_albedo(depth says miss, albedo-mask missed it — should be 0)=0
[v9l] NOTE: this single first batch had zero no-hit pixels (crop landed entirely on geometry) — not aborting, waiting for the first EPOCH's aggregate count below.
[v9l] epoch 123/300 n2n_mse=0.003458 lr=0.000071 pool_yaws=[27.2,8.0,-29.5] pool_ms=1303 hist_ms=5177 batch_ms=8702 nohit_px=37064/110592(33.51%) nohit_effective=1112 (2380.0s)
[v9l] MONITOR epoch 123: val sparkle 1193.6/Mpx resid 0.0608 highlight_ratio 0.484 score=29.839 | mirror sparkle 1193.6/Mpx resid 0.0568 highlight_ratio 0.564 (tgt sp<16 resid<0.035) score_streak=70/20(LOG-ONLY) resid_streak=0/20(ABORT)
[v9l] FIRST BATCH mask check (epoch 124, pi=2 s=2): nohit_px(albedo)=0/9216 nohit_effective(differs-from-CURE4)=0 | cross-check vs depth-hit-flag: false_hit_dark(albedo-mask says nohit, depth says REAL HIT)=0 false_miss_albedo(depth says miss, albedo-mask missed it — should be 0)=0
[v9l] NOTE: this single first batch had zero no-hit pixels (crop landed entirely on geometry) — not aborting, waiting for the first EPOCH's aggregate count below.
[v9l] epoch 124/300 n2n_mse=0.006932 lr=0.000071 pool_yaws=[18.3,11.5,9.8] pool_ms=1199 hist_ms=5148 batch_ms=8878 nohit_px=46756/110592(42.28%) nohit_effective=2378 (2397.8s)
[v9l] MONITOR epoch 124: val sparkle 1302.1/Mpx resid 0.0604 highlight_ratio 0.487 score=32.552 | mirror sparkle 1302.1/Mpx resid 0.0563 highlight_ratio 0.568 (tgt sp<16 resid<0.035) score_streak=71/20(LOG-ONLY) resid_streak=0/20(ABORT)
[v9l] PROBE epoch 124: bar-res(640x480) sparkle 22.8/Mpx resid 0.0610 highlight_ratio 0.534 (tgt sp<16 resid<0.035) took 45.4s
[v9l] WATCHDOG ABORT: bar-res probe sparkle failed the bar at epoch 124 — stopping, keeping best+last (best score=2.768)
[v9l] training done in 2445.9s (best score=2.768)
[v9l] wrote /Users/pascaldisse/projects/magic-crystal-v9body/packages/scrying-glass/data/rdirect-weights-v9l.bin sha256=4529c02a0241426625b95c1648a47be159896bcaf98e44b9f1b7c14f2c7f63e9
[v9l] wrote /Users/pascaldisse/projects/magic-crystal-v9body/packages/scrying-glass/data/rdirect-weights-v9l-last.bin sha256=4b1d874034c9f61f2cf9356c0bd543c744965643d2563a39ddd9239b0aa016a2
[v9l] wrote provenance. tag=v9l best=/Users/pascaldisse/projects/magic-crystal-v9body/packages/scrying-glass/data/rdirect-weights-v9l.bin last=/Users/pascaldisse/projects/magic-crystal-v9body/packages/scrying-glass/data/rdirect-weights-v9l-last.bin
