    Finished `release` profile [optimized] target(s) in 0.50s
     Running `/Users/pascaldisse/projects/magic-crystal-v9body/target/release/examples/rdirect_train_v9k`
[v9m] GAIA_V7_SKY_HISTORY reject=true — mandate expects true (set GAIA_V7_SKY_HISTORY=reject)
[v9m] res 128x72 K=3 steps, GAIA_V9_K=8 noise2noise draws (variance/8, teacher validator-only)
[v9m] WATCHDOG two-signal: score_streak=20 LOG-ONLY, resid_streak=20 ABORT, bar-res probe every 25 epochs at 640x480 (K=3 ref=64) ABORT on sparkle>=16
[v9m] CURE 4: overshoot_w=1 — above-ceiling gradient is 2*overshoot_w*(raw-cap)/n (pulls toward the ceiling), no longer zero (see module doc mechanism-hunt verdict)
[v9m] CURE 5: nohit_albedo_sq=0.00000001 — albedo~0/no-hit pixels bypass the clamp/ceiling entirely, ordinary 2*(raw-target)/n always active (autopsy grad-probe-fix section)
[v9m] CURE 5 PROMOTION (v9m): nohit_w=8 — no-hit class supervised at weight nohit_w against its honest n2n target (2*nohit_w*(raw-target)/n), nohit_w<=0.0 falls back to the OLD tiny-side-term/CURE5-off behavior (no-hit pixels run through ordinary CURE4 active/overshoot branches)
[v9m] POSE DIVERSITY POOL (v9c/v9e parity): orbit±30deg jitter±0.6 around 2 anchors (front-pivot family x2 draws/epoch, wide-anchor family x1 draw/epoch) + mirror unconditional (fixed) — fresh draws every epoch, CURE 3 winsorize_k=0 (OFF if 0)
[v9m] rendered mirror(train) + 2 VALIDATOR (orbit_-20, mirror — FIXED, held-out) pose sequences (128x72, teacher 64 VALIDATOR ONLY, pan_step=0.004, mirror_spp=4) in 1.7s
[v9m] V9K CROP TRAINING: pool draws (front-pivot x2, wide-anchor x1) now render 128x72 CROPS of a virtual 640x480 frame (asymmetric frustum, cost=128x72 not 640x480), pad_margin=0 sky_bias_prob=0 (0.0=uniform) — mirror/val stay full-frame, bar-res probe (below) stays the judge, unchanged
[v9m] UnetConfig widths=[24, 40, 64] n_scales=3 params≈163083
[v9m] cross-run floor: existing checkpoint score=3.360 (sparkle 0.0 resid 0.1176)
[v9m] MONITOR epoch -1 (fresh He-init): val sparkle 0.0/Mpx resid 0.1179 highlight_ratio 0.025 score=3.368 | mirror sparkle 0.0/Mpx resid 0.1194 highlight_ratio 0.020 (tgt sp<16 resid<0.035) score_streak=0/20(LOG-ONLY) resid_streak=0/20(ABORT)
[v9m] FIRST BATCH mask check (epoch 0, pi=1 s=2): nohit_px(albedo)=0/9216 nohit_effective(differs-from-CURE4)=0 | cross-check vs depth-hit-flag: false_hit_dark(albedo-mask says nohit, depth says REAL HIT)=0 false_miss_albedo(depth says miss, albedo-mask missed it — should be 0)=0
[v9m] NOTE: this single first batch had zero no-hit pixels (crop landed entirely on geometry) — not aborting, waiting for the first EPOCH's aggregate count below.
[v9m] epoch 0/300 n2n_mse=0.191050 lr=0.000100 pool_yaws=[-11.4,9.4,1.9] pool_ms=1533 hist_ms=5144 batch_ms=8747 nohit_px=16599/110592(15.01%) nohit_effective=23 (15.4s)
[v9m] MONITOR epoch 0: val sparkle 0.0/Mpx resid 0.1178 highlight_ratio 0.025 score=3.367 | mirror sparkle 0.0/Mpx resid 0.1193 highlight_ratio 0.020 (tgt sp<16 resid<0.035) score_streak=0/20(LOG-ONLY) resid_streak=0/20(ABORT)
[v9m] FIRST BATCH mask check (epoch 1, pi=3 s=2): nohit_px(albedo)=3118/9216 nohit_effective(differs-from-CURE4)=39 | cross-check vs depth-hit-flag: false_hit_dark(albedo-mask says nohit, depth says REAL HIT)=3 false_miss_albedo(depth says miss, albedo-mask missed it — should be 0)=0
[v9m] epoch 1/300 n2n_mse=0.117539 lr=0.000100 pool_yaws=[19.7,16.9,-22.6] pool_ms=1355 hist_ms=5144 batch_ms=8478 nohit_px=37064/110592(33.51%) nohit_effective=526 (33.0s)
[v9m] MONITOR epoch 1: val sparkle 0.0/Mpx resid 0.1177 highlight_ratio 0.026 score=3.364 | mirror sparkle 0.0/Mpx resid 0.1192 highlight_ratio 0.021 (tgt sp<16 resid<0.035) score_streak=0/20(LOG-ONLY) resid_streak=0/20(ABORT)
[v9m] FIRST BATCH mask check (epoch 2, pi=3 s=1): nohit_px(albedo)=3160/9216 nohit_effective(differs-from-CURE4)=588 | cross-check vs depth-hit-flag: false_hit_dark(albedo-mask says nohit, depth says REAL HIT)=1 false_miss_albedo(depth says miss, albedo-mask missed it — should be 0)=0
[v9m] epoch 2/300 n2n_mse=0.030584 lr=0.000099 pool_yaws=[-2.5,27.6,-27.4] pool_ms=1453 hist_ms=5135 batch_ms=8842 nohit_px=76616/110592(69.28%) nohit_effective=6249 (51.0s)
[v9m] MONITOR epoch 2: val sparkle 0.0/Mpx resid 0.1176 highlight_ratio 0.028 score=3.360 | mirror sparkle 0.0/Mpx resid 0.1189 highlight_ratio 0.023 (tgt sp<16 resid<0.035) *BEST->saved score_streak=0/20(LOG-ONLY) resid_streak=0/20(ABORT)
[v9m] FIRST BATCH mask check (epoch 3, pi=2 s=2): nohit_px(albedo)=0/9216 nohit_effective(differs-from-CURE4)=0 | cross-check vs depth-hit-flag: false_hit_dark(albedo-mask says nohit, depth says REAL HIT)=0 false_miss_albedo(depth says miss, albedo-mask missed it — should be 0)=0
[v9m] NOTE: this single first batch had zero no-hit pixels (crop landed entirely on geometry) — not aborting, waiting for the first EPOCH's aggregate count below.
[v9m] epoch 3/300 n2n_mse=0.024953 lr=0.000099 pool_yaws=[4.3,-16.9,-8.8] pool_ms=1472 hist_ms=5139 batch_ms=8371 nohit_px=9416/110592(8.51%) nohit_effective=5683 (68.5s)
[v9m] MONITOR epoch 3: val sparkle 0.0/Mpx resid 0.1174 highlight_ratio 0.029 score=3.354 | mirror sparkle 0.0/Mpx resid 0.1186 highlight_ratio 0.024 (tgt sp<16 resid<0.035) *BEST->saved score_streak=0/20(LOG-ONLY) resid_streak=0/20(ABORT)
[v9m] FIRST BATCH mask check (epoch 4, pi=3 s=1): nohit_px(albedo)=3160/9216 nohit_effective(differs-from-CURE4)=849 | cross-check vs depth-hit-flag: false_hit_dark(albedo-mask says nohit, depth says REAL HIT)=1 false_miss_albedo(depth says miss, albedo-mask missed it — should be 0)=0
[v9m] epoch 4/300 n2n_mse=0.046208 lr=0.000099 pool_yaws=[-28.4,24.3,-21.1] pool_ms=1568 hist_ms=5187 batch_ms=8547 nohit_px=28577/110592(25.84%) nohit_effective=3471 (86.4s)
[v9m] MONITOR epoch 4: val sparkle 0.0/Mpx resid 0.1172 highlight_ratio 0.031 score=3.348 | mirror sparkle 0.0/Mpx resid 0.1184 highlight_ratio 0.026 (tgt sp<16 resid<0.035) *BEST->saved score_streak=0/20(LOG-ONLY) resid_streak=0/20(ABORT)
[v9m] FIRST BATCH mask check (epoch 5, pi=2 s=1): nohit_px(albedo)=0/9216 nohit_effective(differs-from-CURE4)=0 | cross-check vs depth-hit-flag: false_hit_dark(albedo-mask says nohit, depth says REAL HIT)=0 false_miss_albedo(depth says miss, albedo-mask missed it — should be 0)=0
[v9m] NOTE: this single first batch had zero no-hit pixels (crop landed entirely on geometry) — not aborting, waiting for the first EPOCH's aggregate count below.
[v9m] epoch 5/300 n2n_mse=0.048580 lr=0.000098 pool_yaws=[-1.0,13.5,9.7] pool_ms=1448 hist_ms=5140 batch_ms=8690 nohit_px=10914/110592(9.87%) nohit_effective=4352 (104.2s)
[v9m] MONITOR epoch 5: val sparkle 0.0/Mpx resid 0.1170 highlight_ratio 0.033 score=3.342 | mirror sparkle 0.0/Mpx resid 0.1180 highlight_ratio 0.028 (tgt sp<16 resid<0.035) *BEST->saved score_streak=0/20(LOG-ONLY) resid_streak=0/20(ABORT)
[v9m] FIRST BATCH mask check (epoch 6, pi=0 s=2): nohit_px(albedo)=0/9216 nohit_effective(differs-from-CURE4)=0 | cross-check vs depth-hit-flag: false_hit_dark(albedo-mask says nohit, depth says REAL HIT)=157 false_miss_albedo(depth says miss, albedo-mask missed it — should be 0)=0
[v9m] NOTE: this single first batch had zero no-hit pixels (crop landed entirely on geometry) — not aborting, waiting for the first EPOCH's aggregate count below.
[v9m] epoch 6/300 n2n_mse=0.044591 lr=0.000098 pool_yaws=[29.2,-7.3,13.3] pool_ms=1517 hist_ms=5200 batch_ms=8581 nohit_px=29000/110592(26.22%) nohit_effective=6272 (122.1s)
[v9m] MONITOR epoch 6: val sparkle 0.0/Mpx resid 0.1167 highlight_ratio 0.034 score=3.335 | mirror sparkle 0.0/Mpx resid 0.1177 highlight_ratio 0.030 (tgt sp<16 resid<0.035) *BEST->saved score_streak=0/20(LOG-ONLY) resid_streak=0/20(ABORT)
[v9m] FIRST BATCH mask check (epoch 7, pi=0 s=2): nohit_px(albedo)=0/9216 nohit_effective(differs-from-CURE4)=0 | cross-check vs depth-hit-flag: false_hit_dark(albedo-mask says nohit, depth says REAL HIT)=0 false_miss_albedo(depth says miss, albedo-mask missed it — should be 0)=0
[v9m] NOTE: this single first batch had zero no-hit pixels (crop landed entirely on geometry) — not aborting, waiting for the first EPOCH's aggregate count below.
[v9m] epoch 7/300 n2n_mse=0.011919 lr=0.000098 pool_yaws=[27.2,-16.6,16.3] pool_ms=1398 hist_ms=5156 batch_ms=8416 nohit_px=37064/110592(33.51%) nohit_effective=2556 (139.6s)
[v9m] MONITOR epoch 7: val sparkle 0.0/Mpx resid 0.1165 highlight_ratio 0.036 score=3.328 | mirror sparkle 0.0/Mpx resid 0.1174 highlight_ratio 0.032 (tgt sp<16 resid<0.035) *BEST->saved score_streak=0/20(LOG-ONLY) resid_streak=0/20(ABORT)
[v9m] FIRST BATCH mask check (epoch 8, pi=0 s=0): nohit_px(albedo)=6457/9216 nohit_effective(differs-from-CURE4)=214 | cross-check vs depth-hit-flag: false_hit_dark(albedo-mask says nohit, depth says REAL HIT)=0 false_miss_albedo(depth says miss, albedo-mask missed it — should be 0)=0
[v9m] epoch 8/300 n2n_mse=0.017183 lr=0.000097 pool_yaws=[-25.4,-28.5,-17.7] pool_ms=1327 hist_ms=5148 batch_ms=8582 nohit_px=45512/110592(41.15%) nohit_effective=4244 (157.2s)
[v9m] MONITOR epoch 8: val sparkle 0.0/Mpx resid 0.1162 highlight_ratio 0.038 score=3.320 | mirror sparkle 0.0/Mpx resid 0.1171 highlight_ratio 0.034 (tgt sp<16 resid<0.035) *BEST->saved score_streak=0/20(LOG-ONLY) resid_streak=0/20(ABORT)
[v9m] FIRST BATCH mask check (epoch 9, pi=2 s=0): nohit_px(albedo)=0/9216 nohit_effective(differs-from-CURE4)=0 | cross-check vs depth-hit-flag: false_hit_dark(albedo-mask says nohit, depth says REAL HIT)=0 false_miss_albedo(depth says miss, albedo-mask missed it — should be 0)=0
[v9m] NOTE: this single first batch had zero no-hit pixels (crop landed entirely on geometry) — not aborting, waiting for the first EPOCH's aggregate count below.
[v9m] epoch 9/300 n2n_mse=0.012141 lr=0.000097 pool_yaws=[-23.2,10.3,-16.3] pool_ms=1419 hist_ms=5147 batch_ms=8444 nohit_px=37064/110592(33.51%) nohit_effective=1939 (174.9s)
[v9m] MONITOR epoch 9: val sparkle 0.0/Mpx resid 0.1160 highlight_ratio 0.040 score=3.313 | mirror sparkle 0.0/Mpx resid 0.1167 highlight_ratio 0.036 (tgt sp<16 resid<0.035) *BEST->saved score_streak=0/20(LOG-ONLY) resid_streak=0/20(ABORT)
[v9m] FIRST BATCH mask check (epoch 10, pi=0 s=2): nohit_px(albedo)=0/9216 nohit_effective(differs-from-CURE4)=0 | cross-check vs depth-hit-flag: false_hit_dark(albedo-mask says nohit, depth says REAL HIT)=0 false_miss_albedo(depth says miss, albedo-mask missed it — should be 0)=0
[v9m] NOTE: this single first batch had zero no-hit pixels (crop landed entirely on geometry) — not aborting, waiting for the first EPOCH's aggregate count below.
[v9m] epoch 10/300 n2n_mse=0.012681 lr=0.000097 pool_yaws=[11.3,-12.2,9.6] pool_ms=1593 hist_ms=5144 batch_ms=8306 nohit_px=9416/110592(8.51%) nohit_effective=2024 (192.5s)
[v9m] MONITOR epoch 10: val sparkle 0.0/Mpx resid 0.1157 highlight_ratio 0.041 score=3.305 | mirror sparkle 0.0/Mpx resid 0.1164 highlight_ratio 0.038 (tgt sp<16 resid<0.035) *BEST->saved score_streak=0/20(LOG-ONLY) resid_streak=0/20(ABORT)
[v9m] FIRST BATCH mask check (epoch 11, pi=1 s=1): nohit_px(albedo)=0/9216 nohit_effective(differs-from-CURE4)=0 | cross-check vs depth-hit-flag: false_hit_dark(albedo-mask says nohit, depth says REAL HIT)=0 false_miss_albedo(depth says miss, albedo-mask missed it — should be 0)=0
[v9m] NOTE: this single first batch had zero no-hit pixels (crop landed entirely on geometry) — not aborting, waiting for the first EPOCH's aggregate count below.
[v9m] epoch 11/300 n2n_mse=0.010349 lr=0.000096 pool_yaws=[-26.4,26.5,-13.6] pool_ms=1451 hist_ms=5140 batch_ms=8638 nohit_px=9416/110592(8.51%) nohit_effective=2089 (210.3s)
[v9m] MONITOR epoch 11: val sparkle 0.0/Mpx resid 0.1154 highlight_ratio 0.043 score=3.296 | mirror sparkle 0.0/Mpx resid 0.1160 highlight_ratio 0.040 (tgt sp<16 resid<0.035) *BEST->saved score_streak=0/20(LOG-ONLY) resid_streak=0/20(ABORT)
[v9m] FIRST BATCH mask check (epoch 12, pi=3 s=0): nohit_px(albedo)=3138/9216 nohit_effective(differs-from-CURE4)=657 | cross-check vs depth-hit-flag: false_hit_dark(albedo-mask says nohit, depth says REAL HIT)=3 false_miss_albedo(depth says miss, albedo-mask missed it — should be 0)=0
[v9m] epoch 12/300 n2n_mse=0.013143 lr=0.000096 pool_yaws=[-8.8,-15.8,23.0] pool_ms=1615 hist_ms=5138 batch_ms=8544 nohit_px=43467/110592(39.30%) nohit_effective=4470 (228.2s)
[v9m] MONITOR epoch 12: val sparkle 0.0/Mpx resid 0.1151 highlight_ratio 0.045 score=3.288 | mirror sparkle 0.0/Mpx resid 0.1156 highlight_ratio 0.043 (tgt sp<16 resid<0.035) *BEST->saved score_streak=0/20(LOG-ONLY) resid_streak=0/20(ABORT)
[v9m] FIRST BATCH mask check (epoch 13, pi=1 s=2): nohit_px(albedo)=0/9216 nohit_effective(differs-from-CURE4)=0 | cross-check vs depth-hit-flag: false_hit_dark(albedo-mask says nohit, depth says REAL HIT)=0 false_miss_albedo(depth says miss, albedo-mask missed it — should be 0)=0
[v9m] NOTE: this single first batch had zero no-hit pixels (crop landed entirely on geometry) — not aborting, waiting for the first EPOCH's aggregate count below.
[v9m] epoch 13/300 n2n_mse=0.011502 lr=0.000096 pool_yaws=[22.4,-5.4,-21.0] pool_ms=1512 hist_ms=5321 batch_ms=8573 nohit_px=17120/110592(15.48%) nohit_effective=2463 (246.2s)
[v9m] MONITOR epoch 13: val sparkle 0.0/Mpx resid 0.1148 highlight_ratio 0.047 score=3.279 | mirror sparkle 0.0/Mpx resid 0.1152 highlight_ratio 0.045 (tgt sp<16 resid<0.035) *BEST->saved score_streak=0/20(LOG-ONLY) resid_streak=0/20(ABORT)
[v9m] FIRST BATCH mask check (epoch 14, pi=1 s=0): nohit_px(albedo)=5632/9216 nohit_effective(differs-from-CURE4)=1394 | cross-check vs depth-hit-flag: false_hit_dark(albedo-mask says nohit, depth says REAL HIT)=0 false_miss_albedo(depth says miss, albedo-mask missed it — should be 0)=0
[v9m] epoch 14/300 n2n_mse=0.011954 lr=0.000096 pool_yaws=[-20.5,-24.3,14.6] pool_ms=1514 hist_ms=5160 batch_ms=8446 nohit_px=26051/110592(23.56%) nohit_effective=5384 (263.9s)
[v9m] MONITOR epoch 14: val sparkle 0.0/Mpx resid 0.1144 highlight_ratio 0.049 score=3.270 | mirror sparkle 0.0/Mpx resid 0.1148 highlight_ratio 0.047 (tgt sp<16 resid<0.035) *BEST->saved score_streak=0/20(LOG-ONLY) resid_streak=0/20(ABORT)
[v9m] FIRST BATCH mask check (epoch 15, pi=3 s=0): nohit_px(albedo)=3138/9216 nohit_effective(differs-from-CURE4)=585 | cross-check vs depth-hit-flag: false_hit_dark(albedo-mask says nohit, depth says REAL HIT)=3 false_miss_albedo(depth says miss, albedo-mask missed it — should be 0)=0
[v9m] epoch 15/300 n2n_mse=0.013111 lr=0.000095 pool_yaws=[-17.1,-17.3,-20.0] pool_ms=1438 hist_ms=5157 batch_ms=8454 nohit_px=35066/110592(31.71%) nohit_effective=4041 (281.6s)
[v9m] MONITOR epoch 15: val sparkle 0.0/Mpx resid 0.1141 highlight_ratio 0.051 score=3.260 | mirror sparkle 0.0/Mpx resid 0.1144 highlight_ratio 0.049 (tgt sp<16 resid<0.035) *BEST->saved score_streak=0/20(LOG-ONLY) resid_streak=0/20(ABORT)
[v9m] FIRST BATCH mask check (epoch 16, pi=3 s=1): nohit_px(albedo)=3160/9216 nohit_effective(differs-from-CURE4)=562 | cross-check vs depth-hit-flag: false_hit_dark(albedo-mask says nohit, depth says REAL HIT)=1 false_miss_albedo(depth says miss, albedo-mask missed it — should be 0)=0
[v9m] epoch 16/300 n2n_mse=0.028871 lr=0.000095 pool_yaws=[2.4,-9.2,23.9] pool_ms=1298 hist_ms=5075 batch_ms=8710 nohit_px=64167/110592(58.02%) nohit_effective=1929 (299.2s)
[v9m] MONITOR epoch 16: val sparkle 0.0/Mpx resid 0.1138 highlight_ratio 0.053 score=3.250 | mirror sparkle 0.0/Mpx resid 0.1140 highlight_ratio 0.051 (tgt sp<16 resid<0.035) *BEST->saved score_streak=0/20(LOG-ONLY) resid_streak=0/20(ABORT)
[v9m] FIRST BATCH mask check (epoch 17, pi=2 s=2): nohit_px(albedo)=0/9216 nohit_effective(differs-from-CURE4)=0 | cross-check vs depth-hit-flag: false_hit_dark(albedo-mask says nohit, depth says REAL HIT)=0 false_miss_albedo(depth says miss, albedo-mask missed it — should be 0)=0
[v9m] NOTE: this single first batch had zero no-hit pixels (crop landed entirely on geometry) — not aborting, waiting for the first EPOCH's aggregate count below.
[v9m] epoch 17/300 n2n_mse=0.022953 lr=0.000095 pool_yaws=[-6.9,2.3,25.6] pool_ms=1491 hist_ms=5160 batch_ms=8946 nohit_px=11102/110592(10.04%) nohit_effective=2001 (317.4s)
[v9m] MONITOR epoch 17: val sparkle 0.0/Mpx resid 0.1134 highlight_ratio 0.055 score=3.240 | mirror sparkle 0.0/Mpx resid 0.1136 highlight_ratio 0.054 (tgt sp<16 resid<0.035) *BEST->saved score_streak=0/20(LOG-ONLY) resid_streak=0/20(ABORT)
[v9m] FIRST BATCH mask check (epoch 18, pi=0 s=0): nohit_px(albedo)=9216/9216 nohit_effective(differs-from-CURE4)=0 | cross-check vs depth-hit-flag: false_hit_dark(albedo-mask says nohit, depth says REAL HIT)=0 false_miss_albedo(depth says miss, albedo-mask missed it — should be 0)=0
[v9m] epoch 18/300 n2n_mse=0.039206 lr=0.000094 pool_yaws=[-22.4,18.8,-2.8] pool_ms=1262 hist_ms=5155 batch_ms=8565 nohit_px=40166/110592(36.32%) nohit_effective=2353 (334.9s)
[v9m] MONITOR epoch 18: val sparkle 0.0/Mpx resid 0.1130 highlight_ratio 0.056 score=3.230 | mirror sparkle 0.0/Mpx resid 0.1132 highlight_ratio 0.056 (tgt sp<16 resid<0.035) *BEST->saved score_streak=0/20(LOG-ONLY) resid_streak=0/20(ABORT)
[v9m] FIRST BATCH mask check (epoch 19, pi=0 s=2): nohit_px(albedo)=9216/9216 nohit_effective(differs-from-CURE4)=0 | cross-check vs depth-hit-flag: false_hit_dark(albedo-mask says nohit, depth says REAL HIT)=0 false_miss_albedo(depth says miss, albedo-mask missed it — should be 0)=0
[v9m] epoch 19/300 n2n_mse=0.026160 lr=0.000094 pool_yaws=[-19.2,-24.2,23.8] pool_ms=1263 hist_ms=5148 batch_ms=8574 nohit_px=37064/110592(33.51%) nohit_effective=1945 (352.5s)
[v9m] MONITOR epoch 19: val sparkle 0.0/Mpx resid 0.1127 highlight_ratio 0.058 score=3.219 | mirror sparkle 0.0/Mpx resid 0.1127 highlight_ratio 0.058 (tgt sp<16 resid<0.035) *BEST->saved score_streak=0/20(LOG-ONLY) resid_streak=0/20(ABORT)
[v9m] FIRST BATCH mask check (epoch 20, pi=3 s=0): nohit_px(albedo)=3138/9216 nohit_effective(differs-from-CURE4)=650 | cross-check vs depth-hit-flag: false_hit_dark(albedo-mask says nohit, depth says REAL HIT)=3 false_miss_albedo(depth says miss, albedo-mask missed it — should be 0)=0
[v9m] epoch 20/300 n2n_mse=0.010594 lr=0.000094 pool_yaws=[-10.8,10.3,27.6] pool_ms=1404 hist_ms=5161 batch_ms=8627 nohit_px=47703/110592(43.13%) nohit_effective=2883 (370.3s)
[v9m] MONITOR epoch 20: val sparkle 0.0/Mpx resid 0.1123 highlight_ratio 0.060 score=3.208 | mirror sparkle 0.0/Mpx resid 0.1123 highlight_ratio 0.061 (tgt sp<16 resid<0.035) *BEST->saved score_streak=0/20(LOG-ONLY) resid_streak=0/20(ABORT)
[v9m] FIRST BATCH mask check (epoch 21, pi=2 s=1): nohit_px(albedo)=1672/9216 nohit_effective(differs-from-CURE4)=133 | cross-check vs depth-hit-flag: false_hit_dark(albedo-mask says nohit, depth says REAL HIT)=394 false_miss_albedo(depth says miss, albedo-mask missed it — should be 0)=0
[v9m] epoch 21/300 n2n_mse=0.057343 lr=0.000093 pool_yaws=[15.6,8.3,20.9] pool_ms=1213 hist_ms=5161 batch_ms=8578 nohit_px=27176/110592(24.57%) nohit_effective=2529 (387.8s)
[v9m] MONITOR epoch 21: val sparkle 0.0/Mpx resid 0.1119 highlight_ratio 0.062 score=3.197 | mirror sparkle 0.0/Mpx resid 0.1118 highlight_ratio 0.063 (tgt sp<16 resid<0.035) *BEST->saved score_streak=0/20(LOG-ONLY) resid_streak=0/20(ABORT)
[v9m] FIRST BATCH mask check (epoch 22, pi=1 s=0): nohit_px(albedo)=0/9216 nohit_effective(differs-from-CURE4)=0 | cross-check vs depth-hit-flag: false_hit_dark(albedo-mask says nohit, depth says REAL HIT)=0 false_miss_albedo(depth says miss, albedo-mask missed it — should be 0)=0
[v9m] NOTE: this single first batch had zero no-hit pixels (crop landed entirely on geometry) — not aborting, waiting for the first EPOCH's aggregate count below.
[v9m] epoch 22/300 n2n_mse=0.007453 lr=0.000093 pool_yaws=[19.1,-13.1,10.0] pool_ms=1189 hist_ms=5143 batch_ms=8587 nohit_px=9416/110592(8.51%) nohit_effective=2175 (405.3s)
[v9m] MONITOR epoch 22: val sparkle 0.0/Mpx resid 0.1115 highlight_ratio 0.064 score=3.185 | mirror sparkle 0.0/Mpx resid 0.1113 highlight_ratio 0.066 (tgt sp<16 resid<0.035) *BEST->saved score_streak=0/20(LOG-ONLY) resid_streak=0/20(ABORT)
[v9m] FIRST BATCH mask check (epoch 23, pi=1 s=0): nohit_px(albedo)=8684/9216 nohit_effective(differs-from-CURE4)=129 | cross-check vs depth-hit-flag: false_hit_dark(albedo-mask says nohit, depth says REAL HIT)=0 false_miss_albedo(depth says miss, albedo-mask missed it — should be 0)=0
[v9m] epoch 23/300 n2n_mse=0.007890 lr=0.000093 pool_yaws=[25.2,-13.6,22.1] pool_ms=1327 hist_ms=5128 batch_ms=8641 nohit_px=63538/110592(57.45%) nohit_effective=2535 (423.0s)
[v9m] MONITOR epoch 23: val sparkle 0.0/Mpx resid 0.1111 highlight_ratio 0.066 score=3.174 | mirror sparkle 0.0/Mpx resid 0.1109 highlight_ratio 0.068 (tgt sp<16 resid<0.035) *BEST->saved score_streak=0/20(LOG-ONLY) resid_streak=0/20(ABORT)
[v9m] FIRST BATCH mask check (epoch 24, pi=2 s=2): nohit_px(albedo)=6656/9216 nohit_effective(differs-from-CURE4)=0 | cross-check vs depth-hit-flag: false_hit_dark(albedo-mask says nohit, depth says REAL HIT)=0 false_miss_albedo(depth says miss, albedo-mask missed it — should be 0)=0
[v9m] epoch 24/300 n2n_mse=0.006367 lr=0.000093 pool_yaws=[21.0,-21.0,6.1] pool_ms=1289 hist_ms=5126 batch_ms=8605 nohit_px=56981/110592(51.52%) nohit_effective=2043 (440.5s)
[v9m] MONITOR epoch 24: val sparkle 0.0/Mpx resid 0.1107 highlight_ratio 0.068 score=3.162 | mirror sparkle 0.0/Mpx resid 0.1104 highlight_ratio 0.071 (tgt sp<16 resid<0.035) *BEST->saved score_streak=0/20(LOG-ONLY) resid_streak=0/20(ABORT)
[v9m] PROBE epoch 24: bar-res(640x480) sparkle 0.0/Mpx resid 0.1214 highlight_ratio 0.049 (tgt sp<16 resid<0.035) took 44.3s
[v9m] FIRST BATCH mask check (epoch 25, pi=2 s=0): nohit_px(albedo)=0/9216 nohit_effective(differs-from-CURE4)=0 | cross-check vs depth-hit-flag: false_hit_dark(albedo-mask says nohit, depth says REAL HIT)=426 false_miss_albedo(depth says miss, albedo-mask missed it — should be 0)=0
[v9m] NOTE: this single first batch had zero no-hit pixels (crop landed entirely on geometry) — not aborting, waiting for the first EPOCH's aggregate count below.
[v9m] epoch 25/300 n2n_mse=0.059886 lr=0.000092 pool_yaws=[-28.6,-1.5,-10.3] pool_ms=1474 hist_ms=5150 batch_ms=8669 nohit_px=29838/110592(26.98%) nohit_effective=3054 (502.7s)
[v9m] MONITOR epoch 25: val sparkle 0.0/Mpx resid 0.1102 highlight_ratio 0.070 score=3.149 | mirror sparkle 0.0/Mpx resid 0.1099 highlight_ratio 0.073 (tgt sp<16 resid<0.035) *BEST->saved score_streak=0/20(LOG-ONLY) resid_streak=0/20(ABORT)
[v9m] FIRST BATCH mask check (epoch 26, pi=1 s=1): nohit_px(albedo)=0/9216 nohit_effective(differs-from-CURE4)=0 | cross-check vs depth-hit-flag: false_hit_dark(albedo-mask says nohit, depth says REAL HIT)=233 false_miss_albedo(depth says miss, albedo-mask missed it — should be 0)=0
[v9m] NOTE: this single first batch had zero no-hit pixels (crop landed entirely on geometry) — not aborting, waiting for the first EPOCH's aggregate count below.
[v9m] epoch 26/300 n2n_mse=0.036032 lr=0.000092 pool_yaws=[15.8,-7.0,-25.1] pool_ms=1499 hist_ms=5158 batch_ms=8845 nohit_px=9416/110592(8.51%) nohit_effective=1835 (520.8s)
[v9m] MONITOR epoch 26: val sparkle 0.0/Mpx resid 0.1098 highlight_ratio 0.073 score=3.136 | mirror sparkle 0.0/Mpx resid 0.1094 highlight_ratio 0.076 (tgt sp<16 resid<0.035) *BEST->saved score_streak=0/20(LOG-ONLY) resid_streak=0/20(ABORT)
[v9m] FIRST BATCH mask check (epoch 27, pi=0 s=2): nohit_px(albedo)=0/9216 nohit_effective(differs-from-CURE4)=0 | cross-check vs depth-hit-flag: false_hit_dark(albedo-mask says nohit, depth says REAL HIT)=0 false_miss_albedo(depth says miss, albedo-mask missed it — should be 0)=0
[v9m] NOTE: this single first batch had zero no-hit pixels (crop landed entirely on geometry) — not aborting, waiting for the first EPOCH's aggregate count below.
[v9m] epoch 27/300 n2n_mse=0.007416 lr=0.000092 pool_yaws=[11.1,29.3,16.2] pool_ms=1422 hist_ms=5158 batch_ms=8786 nohit_px=56115/110592(50.74%) nohit_effective=2872 (538.7s)
[v9m] MONITOR epoch 27: val sparkle 0.0/Mpx resid 0.1093 highlight_ratio 0.075 score=3.124 | mirror sparkle 0.0/Mpx resid 0.1089 highlight_ratio 0.078 (tgt sp<16 resid<0.035) *BEST->saved score_streak=0/20(LOG-ONLY) resid_streak=0/20(ABORT)
[v9m] FIRST BATCH mask check (epoch 28, pi=1 s=2): nohit_px(albedo)=9216/9216 nohit_effective(differs-from-CURE4)=0 | cross-check vs depth-hit-flag: false_hit_dark(albedo-mask says nohit, depth says REAL HIT)=0 false_miss_albedo(depth says miss, albedo-mask missed it — should be 0)=0
[v9m] epoch 28/300 n2n_mse=0.008722 lr=0.000091 pool_yaws=[-14.0,29.1,-20.0] pool_ms=1309 hist_ms=5158 batch_ms=8684 nohit_px=51442/110592(46.52%) nohit_effective=2233 (556.4s)
[v9m] MONITOR epoch 28: val sparkle 0.0/Mpx resid 0.1089 highlight_ratio 0.077 score=3.111 | mirror sparkle 0.0/Mpx resid 0.1084 highlight_ratio 0.081 (tgt sp<16 resid<0.035) *BEST->saved score_streak=0/20(LOG-ONLY) resid_streak=0/20(ABORT)
[v9m] FIRST BATCH mask check (epoch 29, pi=2 s=0): nohit_px(albedo)=0/9216 nohit_effective(differs-from-CURE4)=0 | cross-check vs depth-hit-flag: false_hit_dark(albedo-mask says nohit, depth says REAL HIT)=0 false_miss_albedo(depth says miss, albedo-mask missed it — should be 0)=0
[v9m] NOTE: this single first batch had zero no-hit pixels (crop landed entirely on geometry) — not aborting, waiting for the first EPOCH's aggregate count below.
[v9m] epoch 29/300 n2n_mse=0.005411 lr=0.000091 pool_yaws=[6.6,3.0,-7.3] pool_ms=1281 hist_ms=5194 batch_ms=8902 nohit_px=64010/110592(57.88%) nohit_effective=2051 (574.4s)
[v9m] MONITOR epoch 29: val sparkle 0.0/Mpx resid 0.1084 highlight_ratio 0.080 score=3.098 | mirror sparkle 0.0/Mpx resid 0.1079 highlight_ratio 0.084 (tgt sp<16 resid<0.035) *BEST->saved score_streak=0/20(LOG-ONLY) resid_streak=0/20(ABORT)
[v9m] FIRST BATCH mask check (epoch 30, pi=0 s=0): nohit_px(albedo)=2387/9216 nohit_effective(differs-from-CURE4)=71 | cross-check vs depth-hit-flag: false_hit_dark(albedo-mask says nohit, depth says REAL HIT)=41 false_miss_albedo(depth says miss, albedo-mask missed it — should be 0)=0
[v9m] epoch 30/300 n2n_mse=0.023841 lr=0.000091 pool_yaws=[-23.1,18.7,-8.8] pool_ms=3817 hist_ms=5967 batch_ms=8743 nohit_px=16849/110592(15.24%) nohit_effective=2118 (597.0s)
[v9m] MONITOR epoch 30: val sparkle 0.0/Mpx resid 0.1079 highlight_ratio 0.082 score=3.084 | mirror sparkle 0.0/Mpx resid 0.1074 highlight_ratio 0.086 (tgt sp<16 resid<0.035) *BEST->saved score_streak=0/20(LOG-ONLY) resid_streak=0/20(ABORT)
[v9m] FIRST BATCH mask check (epoch 31, pi=0 s=1): nohit_px(albedo)=654/9216 nohit_effective(differs-from-CURE4)=41 | cross-check vs depth-hit-flag: false_hit_dark(albedo-mask says nohit, depth says REAL HIT)=19 false_miss_albedo(depth says miss, albedo-mask missed it — should be 0)=0
[v9m] epoch 31/300 n2n_mse=0.011350 lr=0.000091 pool_yaws=[-25.3,14.2,28.5] pool_ms=1298 hist_ms=5161 batch_ms=8702 nohit_px=37502/110592(33.91%) nohit_effective=1857 (614.7s)
[v9m] MONITOR epoch 31: val sparkle 0.0/Mpx resid 0.1075 highlight_ratio 0.085 score=3.071 | mirror sparkle 0.0/Mpx resid 0.1068 highlight_ratio 0.089 (tgt sp<16 resid<0.035) *BEST->saved score_streak=0/20(LOG-ONLY) resid_streak=0/20(ABORT)
[v9m] FIRST BATCH mask check (epoch 32, pi=3 s=0): nohit_px(albedo)=3138/9216 nohit_effective(differs-from-CURE4)=547 | cross-check vs depth-hit-flag: false_hit_dark(albedo-mask says nohit, depth says REAL HIT)=3 false_miss_albedo(depth says miss, albedo-mask missed it — should be 0)=0
[v9m] epoch 32/300 n2n_mse=0.005842 lr=0.000090 pool_yaws=[24.2,-2.5,17.1] pool_ms=1276 hist_ms=5190 batch_ms=9492 nohit_px=37064/110592(33.51%) nohit_effective=1597 (633.3s)
[v9m] MONITOR epoch 32: val sparkle 0.0/Mpx resid 0.1070 highlight_ratio 0.088 score=3.057 | mirror sparkle 0.0/Mpx resid 0.1063 highlight_ratio 0.092 (tgt sp<16 resid<0.035) *BEST->saved score_streak=0/20(LOG-ONLY) resid_streak=0/20(ABORT)
[v9m] FIRST BATCH mask check (epoch 33, pi=3 s=1): nohit_px(albedo)=3160/9216 nohit_effective(differs-from-CURE4)=518 | cross-check vs depth-hit-flag: false_hit_dark(albedo-mask says nohit, depth says REAL HIT)=1 false_miss_albedo(depth says miss, albedo-mask missed it — should be 0)=0
[v9m] epoch 33/300 n2n_mse=0.038381 lr=0.000090 pool_yaws=[4.8,26.2,27.5] pool_ms=1440 hist_ms=5150 batch_ms=8900 nohit_px=14907/110592(13.48%) nohit_effective=2219 (651.3s)
[v9m] MONITOR epoch 33: val sparkle 0.0/Mpx resid 0.1065 highlight_ratio 0.091 score=3.043 | mirror sparkle 0.0/Mpx resid 0.1058 highlight_ratio 0.095 (tgt sp<16 resid<0.035) *BEST->saved score_streak=0/20(LOG-ONLY) resid_streak=0/20(ABORT)
[v9m] FIRST BATCH mask check (epoch 34, pi=0 s=2): nohit_px(albedo)=6336/9216 nohit_effective(differs-from-CURE4)=148 | cross-check vs depth-hit-flag: false_hit_dark(albedo-mask says nohit, depth says REAL HIT)=0 false_miss_albedo(depth says miss, albedo-mask missed it — should be 0)=0
[v9m] epoch 34/300 n2n_mse=0.005452 lr=0.000090 pool_yaws=[3.2,5.7,3.4] pool_ms=1202 hist_ms=5163 batch_ms=8762 nohit_px=55640/110592(50.31%) nohit_effective=1736 (669.0s)
[v9m] MONITOR epoch 34: val sparkle 0.0/Mpx resid 0.1060 highlight_ratio 0.094 score=3.029 | mirror sparkle 0.0/Mpx resid 0.1053 highlight_ratio 0.098 (tgt sp<16 resid<0.035) *BEST->saved score_streak=0/20(LOG-ONLY) resid_streak=0/20(ABORT)
[v9m] FIRST BATCH mask check (epoch 35, pi=0 s=2): nohit_px(albedo)=7485/9216 nohit_effective(differs-from-CURE4)=96 | cross-check vs depth-hit-flag: false_hit_dark(albedo-mask says nohit, depth says REAL HIT)=23 false_miss_albedo(depth says miss, albedo-mask missed it — should be 0)=0
[v9m] epoch 35/300 n2n_mse=0.044186 lr=0.000090 pool_yaws=[1.0,28.1,24.9] pool_ms=1463 hist_ms=5162 batch_ms=9021 nohit_px=31705/110592(28.67%) nohit_effective=1811 (687.3s)
[v9m] MONITOR epoch 35: val sparkle 0.0/Mpx resid 0.1055 highlight_ratio 0.098 score=3.015 | mirror sparkle 0.0/Mpx resid 0.1047 highlight_ratio 0.102 (tgt sp<16 resid<0.035) *BEST->saved score_streak=0/20(LOG-ONLY) resid_streak=0/20(ABORT)
[v9m] FIRST BATCH mask check (epoch 36, pi=3 s=1): nohit_px(albedo)=3160/9216 nohit_effective(differs-from-CURE4)=562 | cross-check vs depth-hit-flag: false_hit_dark(albedo-mask says nohit, depth says REAL HIT)=1 false_miss_albedo(depth says miss, albedo-mask missed it — should be 0)=0
[v9m] epoch 36/300 n2n_mse=0.040991 lr=0.000089 pool_yaws=[27.0,-0.5,19.5] pool_ms=1464 hist_ms=5125 batch_ms=8611 nohit_px=26948/110592(24.37%) nohit_effective=3180 (705.0s)
[v9m] MONITOR epoch 36: val sparkle 0.0/Mpx resid 0.1050 highlight_ratio 0.101 score=3.001 | mirror sparkle 0.0/Mpx resid 0.1042 highlight_ratio 0.106 (tgt sp<16 resid<0.035) *BEST->saved score_streak=0/20(LOG-ONLY) resid_streak=0/20(ABORT)
[v9m] FIRST BATCH mask check (epoch 37, pi=1 s=0): nohit_px(albedo)=8981/9216 nohit_effective(differs-from-CURE4)=299 | cross-check vs depth-hit-flag: false_hit_dark(albedo-mask says nohit, depth says REAL HIT)=0 false_miss_albedo(depth says miss, albedo-mask missed it — should be 0)=0
[v9m] epoch 37/300 n2n_mse=0.005569 lr=0.000089 pool_yaws=[2.0,-3.0,17.8] pool_ms=1292 hist_ms=5055 batch_ms=8904 nohit_px=63597/110592(57.51%) nohit_effective=2203 (722.8s)
[v9m] MONITOR epoch 37: val sparkle 0.0/Mpx resid 0.1045 highlight_ratio 0.105 score=2.986 | mirror sparkle 0.0/Mpx resid 0.1037 highlight_ratio 0.110 (tgt sp<16 resid<0.035) *BEST->saved score_streak=0/20(LOG-ONLY) resid_streak=0/20(ABORT)
[v9m] FIRST BATCH mask check (epoch 38, pi=3 s=0): nohit_px(albedo)=3138/9216 nohit_effective(differs-from-CURE4)=453 | cross-check vs depth-hit-flag: false_hit_dark(albedo-mask says nohit, depth says REAL HIT)=3 false_miss_albedo(depth says miss, albedo-mask missed it — should be 0)=0
[v9m] epoch 38/300 n2n_mse=0.022073 lr=0.000089 pool_yaws=[13.7,5.1,-21.6] pool_ms=1218 hist_ms=5053 batch_ms=8597 nohit_px=64422/110592(58.25%) nohit_effective=1455 (740.2s)
[v9m] MONITOR epoch 38: val sparkle 0.0/Mpx resid 0.1040 highlight_ratio 0.109 score=2.972 | mirror sparkle 0.0/Mpx resid 0.1031 highlight_ratio 0.114 (tgt sp<16 resid<0.035) *BEST->saved score_streak=0/20(LOG-ONLY) resid_streak=0/20(ABORT)
[v9m] FIRST BATCH mask check (epoch 39, pi=2 s=2): nohit_px(albedo)=810/9216 nohit_effective(differs-from-CURE4)=136 | cross-check vs depth-hit-flag: false_hit_dark(albedo-mask says nohit, depth says REAL HIT)=33 false_miss_albedo(depth says miss, albedo-mask missed it — should be 0)=0
[v9m] epoch 39/300 n2n_mse=0.008928 lr=0.000088 pool_yaws=[-1.9,16.2,-28.9] pool_ms=1459 hist_ms=5058 batch_ms=8772 nohit_px=39272/110592(35.51%) nohit_effective=2061 (758.0s)
[v9m] MONITOR epoch 39: val sparkle 0.0/Mpx resid 0.1035 highlight_ratio 0.113 score=2.956 | mirror sparkle 0.0/Mpx resid 0.1026 highlight_ratio 0.118 (tgt sp<16 resid<0.035) *BEST->saved score_streak=0/20(LOG-ONLY) resid_streak=0/20(ABORT)
[v9m] FIRST BATCH mask check (epoch 40, pi=3 s=0): nohit_px(albedo)=3138/9216 nohit_effective(differs-from-CURE4)=639 | cross-check vs depth-hit-flag: false_hit_dark(albedo-mask says nohit, depth says REAL HIT)=3 false_miss_albedo(depth says miss, albedo-mask missed it — should be 0)=0
[v9m] epoch 40/300 n2n_mse=0.066661 lr=0.000088 pool_yaws=[20.4,24.7,23.3] pool_ms=1266 hist_ms=5070 batch_ms=8620 nohit_px=37064/110592(33.51%) nohit_effective=1613 (775.5s)
[v9m] MONITOR epoch 40: val sparkle 0.0/Mpx resid 0.1029 highlight_ratio 0.116 score=2.941 | mirror sparkle 0.0/Mpx resid 0.1020 highlight_ratio 0.122 (tgt sp<16 resid<0.035) *BEST->saved score_streak=0/20(LOG-ONLY) resid_streak=0/20(ABORT)
[v9m] FIRST BATCH mask check (epoch 41, pi=2 s=1): nohit_px(albedo)=0/9216 nohit_effective(differs-from-CURE4)=0 | cross-check vs depth-hit-flag: false_hit_dark(albedo-mask says nohit, depth says REAL HIT)=0 false_miss_albedo(depth says miss, albedo-mask missed it — should be 0)=0
[v9m] NOTE: this single first batch had zero no-hit pixels (crop landed entirely on geometry) — not aborting, waiting for the first EPOCH's aggregate count below.
[v9m] epoch 41/300 n2n_mse=0.006199 lr=0.000088 pool_yaws=[-21.5,14.4,-29.9] pool_ms=1484 hist_ms=5056 batch_ms=8523 nohit_px=15785/110592(14.27%) nohit_effective=1736 (793.1s)
[v9m] MONITOR epoch 41: val sparkle 0.0/Mpx resid 0.1024 highlight_ratio 0.121 score=2.925 | mirror sparkle 0.0/Mpx resid 0.1014 highlight_ratio 0.127 (tgt sp<16 resid<0.035) *BEST->saved score_streak=0/20(LOG-ONLY) resid_streak=0/20(ABORT)
[v9m] FIRST BATCH mask check (epoch 42, pi=0 s=0): nohit_px(albedo)=9216/9216 nohit_effective(differs-from-CURE4)=0 | cross-check vs depth-hit-flag: false_hit_dark(albedo-mask says nohit, depth says REAL HIT)=0 false_miss_albedo(depth says miss, albedo-mask missed it — should be 0)=0
[v9m] epoch 42/300 n2n_mse=0.004832 lr=0.000088 pool_yaws=[-6.0,9.0,16.2] pool_ms=1168 hist_ms=5119 batch_ms=8770 nohit_px=64712/110592(58.51%) nohit_effective=1419 (810.7s)
[v9m] MONITOR epoch 42: val sparkle 0.0/Mpx resid 0.1018 highlight_ratio 0.124 score=2.909 | mirror sparkle 0.0/Mpx resid 0.1008 highlight_ratio 0.131 (tgt sp<16 resid<0.035) *BEST->saved score_streak=0/20(LOG-ONLY) resid_streak=0/20(ABORT)
[v9m] FIRST BATCH mask check (epoch 43, pi=1 s=2): nohit_px(albedo)=1899/9216 nohit_effective(differs-from-CURE4)=120 | cross-check vs depth-hit-flag: false_hit_dark(albedo-mask says nohit, depth says REAL HIT)=204 false_miss_albedo(depth says miss, albedo-mask missed it — should be 0)=0
[v9m] epoch 43/300 n2n_mse=0.050184 lr=0.000087 pool_yaws=[4.9,0.1,-17.0] pool_ms=1473 hist_ms=5080 batch_ms=8559 nohit_px=39053/110592(35.31%) nohit_effective=2896 (828.4s)
[v9m] MONITOR epoch 43: val sparkle 0.0/Mpx resid 0.1013 highlight_ratio 0.129 score=2.894 | mirror sparkle 0.0/Mpx resid 0.1003 highlight_ratio 0.136 (tgt sp<16 resid<0.035) *BEST->saved score_streak=0/20(LOG-ONLY) resid_streak=0/20(ABORT)
[v9m] FIRST BATCH mask check (epoch 44, pi=3 s=2): nohit_px(albedo)=3118/9216 nohit_effective(differs-from-CURE4)=455 | cross-check vs depth-hit-flag: false_hit_dark(albedo-mask says nohit, depth says REAL HIT)=3 false_miss_albedo(depth says miss, albedo-mask missed it — should be 0)=0
[v9m] epoch 44/300 n2n_mse=0.006572 lr=0.000087 pool_yaws=[-29.7,9.5,-10.4] pool_ms=1447 hist_ms=5054 batch_ms=8633 nohit_px=9416/110592(8.51%) nohit_effective=1250 (846.0s)
[v9m] MONITOR epoch 44: val sparkle 0.0/Mpx resid 0.1007 highlight_ratio 0.132 score=2.878 | mirror sparkle 0.0/Mpx resid 0.0997 highlight_ratio 0.140 (tgt sp<16 resid<0.035) *BEST->saved score_streak=0/20(LOG-ONLY) resid_streak=0/20(ABORT)
[v9m] FIRST BATCH mask check (epoch 45, pi=1 s=0): nohit_px(albedo)=0/9216 nohit_effective(differs-from-CURE4)=0 | cross-check vs depth-hit-flag: false_hit_dark(albedo-mask says nohit, depth says REAL HIT)=0 false_miss_albedo(depth says miss, albedo-mask missed it — should be 0)=0
[v9m] NOTE: this single first batch had zero no-hit pixels (crop landed entirely on geometry) — not aborting, waiting for the first EPOCH's aggregate count below.
[v9m] epoch 45/300 n2n_mse=0.005129 lr=0.000087 pool_yaws=[-22.3,5.4,9.6] pool_ms=1164 hist_ms=5009 batch_ms=8458 nohit_px=9416/110592(8.51%) nohit_effective=1544 (863.2s)
[v9m] MONITOR epoch 45: val sparkle 0.0/Mpx resid 0.1002 highlight_ratio 0.136 score=2.862 | mirror sparkle 0.0/Mpx resid 0.0991 highlight_ratio 0.144 (tgt sp<16 resid<0.035) *BEST->saved score_streak=0/20(LOG-ONLY) resid_streak=0/20(ABORT)
[v9m] FIRST BATCH mask check (epoch 46, pi=3 s=0): nohit_px(albedo)=3138/9216 nohit_effective(differs-from-CURE4)=590 | cross-check vs depth-hit-flag: false_hit_dark(albedo-mask says nohit, depth says REAL HIT)=3 false_miss_albedo(depth says miss, albedo-mask missed it — should be 0)=0
[v9m] epoch 46/300 n2n_mse=0.008360 lr=0.000087 pool_yaws=[19.6,-6.1,8.1] pool_ms=1139 hist_ms=5006 batch_ms=8872 nohit_px=44495/110592(40.23%) nohit_effective=2120 (880.7s)
[v9m] MONITOR epoch 46: val sparkle 0.0/Mpx resid 0.0996 highlight_ratio 0.140 score=2.847 | mirror sparkle 0.0/Mpx resid 0.0985 highlight_ratio 0.149 (tgt sp<16 resid<0.035) *BEST->saved score_streak=0/20(LOG-ONLY) resid_streak=0/20(ABORT)
[v9m] FIRST BATCH mask check (epoch 47, pi=2 s=2): nohit_px(albedo)=0/9216 nohit_effective(differs-from-CURE4)=0 | cross-check vs depth-hit-flag: false_hit_dark(albedo-mask says nohit, depth says REAL HIT)=0 false_miss_albedo(depth says miss, albedo-mask missed it — should be 0)=0
[v9m] NOTE: this single first batch had zero no-hit pixels (crop landed entirely on geometry) — not aborting, waiting for the first EPOCH's aggregate count below.
[v9m] epoch 47/300 n2n_mse=0.005363 lr=0.000086 pool_yaws=[-13.9,12.8,-27.8] pool_ms=1322 hist_ms=5047 batch_ms=8587 nohit_px=37064/110592(33.51%) nohit_effective=1268 (898.2s)
[v9m] MONITOR epoch 47: val sparkle 0.0/Mpx resid 0.0991 highlight_ratio 0.144 score=2.831 | mirror sparkle 0.0/Mpx resid 0.0979 highlight_ratio 0.153 (tgt sp<16 resid<0.035) *BEST->saved score_streak=0/20(LOG-ONLY) resid_streak=0/20(ABORT)
[v9m] FIRST BATCH mask check (epoch 48, pi=2 s=2): nohit_px(albedo)=0/9216 nohit_effective(differs-from-CURE4)=0 | cross-check vs depth-hit-flag: false_hit_dark(albedo-mask says nohit, depth says REAL HIT)=0 false_miss_albedo(depth says miss, albedo-mask missed it — should be 0)=0
[v9m] NOTE: this single first batch had zero no-hit pixels (crop landed entirely on geometry) — not aborting, waiting for the first EPOCH's aggregate count below.
[v9m] epoch 48/300 n2n_mse=0.006548 lr=0.000086 pool_yaws=[14.7,18.5,24.1] pool_ms=1439 hist_ms=5090 batch_ms=8716 nohit_px=30995/110592(28.03%) nohit_effective=2348 (916.0s)
[v9m] MONITOR epoch 48: val sparkle 0.0/Mpx resid 0.0985 highlight_ratio 0.149 score=2.816 | mirror sparkle 0.0/Mpx resid 0.0974 highlight_ratio 0.157 (tgt sp<16 resid<0.035) *BEST->saved score_streak=0/20(LOG-ONLY) resid_streak=0/20(ABORT)
[v9m] FIRST BATCH mask check (epoch 49, pi=0 s=1): nohit_px(albedo)=9216/9216 nohit_effective(differs-from-CURE4)=0 | cross-check vs depth-hit-flag: false_hit_dark(albedo-mask says nohit, depth says REAL HIT)=0 false_miss_albedo(depth says miss, albedo-mask missed it — should be 0)=0
[v9m] epoch 49/300 n2n_mse=0.007211 lr=0.000086 pool_yaws=[28.5,-27.2,-29.7] pool_ms=1209 hist_ms=5051 batch_ms=9125 nohit_px=37064/110592(33.51%) nohit_effective=1153 (933.9s)
[v9m] MONITOR epoch 49: val sparkle 0.0/Mpx resid 0.0980 highlight_ratio 0.153 score=2.800 | mirror sparkle 0.0/Mpx resid 0.0968 highlight_ratio 0.162 (tgt sp<16 resid<0.035) *BEST->saved score_streak=0/20(LOG-ONLY) resid_streak=0/20(ABORT)
[v9m] PROBE epoch 49: bar-res(640x480) sparkle 0.0/Mpx resid 0.1079 highlight_ratio 0.133 (tgt sp<16 resid<0.035) took 43.6s
[v9m] FIRST BATCH mask check (epoch 50, pi=2 s=1): nohit_px(albedo)=0/9216 nohit_effective(differs-from-CURE4)=0 | cross-check vs depth-hit-flag: false_hit_dark(albedo-mask says nohit, depth says REAL HIT)=0 false_miss_albedo(depth says miss, albedo-mask missed it — should be 0)=0
[v9m] NOTE: this single first batch had zero no-hit pixels (crop landed entirely on geometry) — not aborting, waiting for the first EPOCH's aggregate count below.
[v9m] epoch 50/300 n2n_mse=0.006047 lr=0.000086 pool_yaws=[-24.3,-17.3,15.1] pool_ms=1519 hist_ms=5057 batch_ms=8551 nohit_px=10570/110592(9.56%) nohit_effective=1453 (995.2s)
[v9m] MONITOR epoch 50: val sparkle 0.0/Mpx resid 0.0975 highlight_ratio 0.157 score=2.784 | mirror sparkle 0.0/Mpx resid 0.0962 highlight_ratio 0.166 (tgt sp<16 resid<0.035) *BEST->saved score_streak=0/20(LOG-ONLY) resid_streak=0/20(ABORT)
[v9m] FIRST BATCH mask check (epoch 51, pi=3 s=0): nohit_px(albedo)=3138/9216 nohit_effective(differs-from-CURE4)=441 | cross-check vs depth-hit-flag: false_hit_dark(albedo-mask says nohit, depth says REAL HIT)=3 false_miss_albedo(depth says miss, albedo-mask missed it — should be 0)=0
[v9m] epoch 51/300 n2n_mse=0.005189 lr=0.000085 pool_yaws=[28.2,22.4,-1.2] pool_ms=1170 hist_ms=5054 batch_ms=8690 nohit_px=64694/110592(58.50%) nohit_effective=1264 (1012.6s)
[v9m] MONITOR epoch 51: val sparkle 108.5/Mpx resid 0.0969 highlight_ratio 0.161 score=2.769 | mirror sparkle 0.0/Mpx resid 0.0957 highlight_ratio 0.171 (tgt sp<16 resid<0.035) *BEST->saved score_streak=0/20(LOG-ONLY) resid_streak=0/20(ABORT)
[v9m] FIRST BATCH mask check (epoch 52, pi=3 s=0): nohit_px(albedo)=3138/9216 nohit_effective(differs-from-CURE4)=355 | cross-check vs depth-hit-flag: false_hit_dark(albedo-mask says nohit, depth says REAL HIT)=3 false_miss_albedo(depth says miss, albedo-mask missed it — should be 0)=0
[v9m] epoch 52/300 n2n_mse=0.052616 lr=0.000085 pool_yaws=[26.8,13.7,25.0] pool_ms=1311 hist_ms=5066 batch_ms=8680 nohit_px=39616/110592(35.82%) nohit_effective=1181 (1030.2s)
[v9m] MONITOR epoch 52: val sparkle 108.5/Mpx resid 0.0964 highlight_ratio 0.165 score=2.753 | mirror sparkle 0.0/Mpx resid 0.0951 highlight_ratio 0.176 (tgt sp<16 resid<0.035) *BEST->saved score_streak=0/20(LOG-ONLY) resid_streak=0/20(ABORT)
[v9m] FIRST BATCH mask check (epoch 53, pi=3 s=1): nohit_px(albedo)=3160/9216 nohit_effective(differs-from-CURE4)=447 | cross-check vs depth-hit-flag: false_hit_dark(albedo-mask says nohit, depth says REAL HIT)=1 false_miss_albedo(depth says miss, albedo-mask missed it — should be 0)=0
[v9m] epoch 53/300 n2n_mse=0.052958 lr=0.000085 pool_yaws=[-29.5,19.2,26.5] pool_ms=1421 hist_ms=5069 batch_ms=8620 nohit_px=9416/110592(8.51%) nohit_effective=1310 (1047.9s)
[v9m] MONITOR epoch 53: val sparkle 108.5/Mpx resid 0.0958 highlight_ratio 0.169 score=2.738 | mirror sparkle 0.0/Mpx resid 0.0945 highlight_ratio 0.180 (tgt sp<16 resid<0.035) *BEST->saved score_streak=0/20(LOG-ONLY) resid_streak=0/20(ABORT)
[v9m] FIRST BATCH mask check (epoch 54, pi=1 s=1): nohit_px(albedo)=0/9216 nohit_effective(differs-from-CURE4)=0 | cross-check vs depth-hit-flag: false_hit_dark(albedo-mask says nohit, depth says REAL HIT)=164 false_miss_albedo(depth says miss, albedo-mask missed it — should be 0)=0
[v9m] NOTE: this single first batch had zero no-hit pixels (crop landed entirely on geometry) — not aborting, waiting for the first EPOCH's aggregate count below.
[v9m] epoch 54/300 n2n_mse=0.025331 lr=0.000085 pool_yaws=[17.8,-4.4,10.4] pool_ms=1313 hist_ms=5049 batch_ms=8676 nohit_px=37064/110592(33.51%) nohit_effective=1183 (1065.4s)
[v9m] MONITOR epoch 54: val sparkle 108.5/Mpx resid 0.0953 highlight_ratio 0.173 score=2.722 | mirror sparkle 0.0/Mpx resid 0.0939 highlight_ratio 0.185 (tgt sp<16 resid<0.035) *BEST->saved score_streak=0/20(LOG-ONLY) resid_streak=0/20(ABORT)
[v9m] FIRST BATCH mask check (epoch 55, pi=1 s=2): nohit_px(albedo)=9216/9216 nohit_effective(differs-from-CURE4)=0 | cross-check vs depth-hit-flag: false_hit_dark(albedo-mask says nohit, depth says REAL HIT)=0 false_miss_albedo(depth says miss, albedo-mask missed it — should be 0)=0
[v9m] epoch 55/300 n2n_mse=0.042213 lr=0.000085 pool_yaws=[-25.4,21.1,-22.3] pool_ms=1315 hist_ms=5084 batch_ms=8595 nohit_px=42348/110592(38.29%) nohit_effective=1421 (1082.9s)
[v9m] MONITOR epoch 55: val sparkle 108.5/Mpx resid 0.0947 highlight_ratio 0.177 score=2.713 | mirror sparkle 0.0/Mpx resid 0.0934 highlight_ratio 0.190 (tgt sp<16 resid<0.035) *BEST->saved score_streak=0/20(LOG-ONLY) resid_streak=0/20(ABORT)
[v9m] FIRST BATCH mask check (epoch 56, pi=2 s=2): nohit_px(albedo)=0/9216 nohit_effective(differs-from-CURE4)=0 | cross-check vs depth-hit-flag: false_hit_dark(albedo-mask says nohit, depth says REAL HIT)=0 false_miss_albedo(depth says miss, albedo-mask missed it — should be 0)=0
[v9m] NOTE: this single first batch had zero no-hit pixels (crop landed entirely on geometry) — not aborting, waiting for the first EPOCH's aggregate count below.
[v9m] epoch 56/300 n2n_mse=0.004840 lr=0.000084 pool_yaws=[-5.3,-16.6,9.0] pool_ms=1511 hist_ms=5053 batch_ms=8628 nohit_px=9416/110592(8.51%) nohit_effective=1269 (1100.7s)
[v9m] MONITOR epoch 56: val sparkle 108.5/Mpx resid 0.0942 highlight_ratio 0.182 score=2.713 | mirror sparkle 0.0/Mpx resid 0.0928 highlight_ratio 0.195 (tgt sp<16 resid<0.035) score_streak=0/20(LOG-ONLY) resid_streak=0/20(ABORT)
[v9m] FIRST BATCH mask check (epoch 57, pi=2 s=1): nohit_px(albedo)=0/9216 nohit_effective(differs-from-CURE4)=0 | cross-check vs depth-hit-flag: false_hit_dark(albedo-mask says nohit, depth says REAL HIT)=0 false_miss_albedo(depth says miss, albedo-mask missed it — should be 0)=0
[v9m] NOTE: this single first batch had zero no-hit pixels (crop landed entirely on geometry) — not aborting, waiting for the first EPOCH's aggregate count below.
[v9m] epoch 57/300 n2n_mse=0.015203 lr=0.000084 pool_yaws=[19.9,17.9,28.2] pool_ms=1505 hist_ms=5051 batch_ms=8791 nohit_px=14223/110592(12.86%) nohit_effective=1551 (1118.6s)
[v9m] MONITOR epoch 57: val sparkle 108.5/Mpx resid 0.0937 highlight_ratio 0.186 score=2.713 | mirror sparkle 0.0/Mpx resid 0.0923 highlight_ratio 0.199 (tgt sp<16 resid<0.035) score_streak=0/20(LOG-ONLY) resid_streak=0/20(ABORT)
[v9m] FIRST BATCH mask check (epoch 58, pi=1 s=0): nohit_px(albedo)=0/9216 nohit_effective(differs-from-CURE4)=0 | cross-check vs depth-hit-flag: false_hit_dark(albedo-mask says nohit, depth says REAL HIT)=0 false_miss_albedo(depth says miss, albedo-mask missed it — should be 0)=0
[v9m] NOTE: this single first batch had zero no-hit pixels (crop landed entirely on geometry) — not aborting, waiting for the first EPOCH's aggregate count below.
[v9m] epoch 58/300 n2n_mse=0.003865 lr=0.000084 pool_yaws=[29.7,-9.9,13.4] pool_ms=1375 hist_ms=5092 batch_ms=8774 nohit_px=37064/110592(33.51%) nohit_effective=966 (1136.4s)
[v9m] MONITOR epoch 58: val sparkle 108.5/Mpx resid 0.0931 highlight_ratio 0.190 score=2.713 | mirror sparkle 0.0/Mpx resid 0.0917 highlight_ratio 0.204 (tgt sp<16 resid<0.035) score_streak=0/20(LOG-ONLY) resid_streak=0/20(ABORT)
[v9m] FIRST BATCH mask check (epoch 59, pi=0 s=1): nohit_px(albedo)=5472/9216 nohit_effective(differs-from-CURE4)=0 | cross-check vs depth-hit-flag: false_hit_dark(albedo-mask says nohit, depth says REAL HIT)=0 false_miss_albedo(depth says miss, albedo-mask missed it — should be 0)=0
[v9m] epoch 59/300 n2n_mse=0.004244 lr=0.000084 pool_yaws=[11.2,-7.8,27.0] pool_ms=1490 hist_ms=5084 batch_ms=8799 nohit_px=25832/110592(23.36%) nohit_effective=1016 (1154.3s)
[v9m] MONITOR epoch 59: val sparkle 108.5/Mpx resid 0.0926 highlight_ratio 0.194 score=2.713 | mirror sparkle 0.0/Mpx resid 0.0911 highlight_ratio 0.209 (tgt sp<16 resid<0.035) score_streak=0/20(LOG-ONLY) resid_streak=0/20(ABORT)
[v9m] FIRST BATCH mask check (epoch 60, pi=2 s=0): nohit_px(albedo)=4354/9216 nohit_effective(differs-from-CURE4)=38 | cross-check vs depth-hit-flag: false_hit_dark(albedo-mask says nohit, depth says REAL HIT)=63 false_miss_albedo(depth says miss, albedo-mask missed it — should be 0)=0
[v9m] epoch 60/300 n2n_mse=0.013262 lr=0.000083 pool_yaws=[21.6,2.6,-6.0] pool_ms=1556 hist_ms=5131 batch_ms=9087 nohit_px=41189/110592(37.24%) nohit_effective=2094 (1172.7s)
[v9m] MONITOR epoch 60: val sparkle 108.5/Mpx resid 0.0921 highlight_ratio 0.198 score=2.713 | mirror sparkle 0.0/Mpx resid 0.0906 highlight_ratio 0.213 (tgt sp<16 resid<0.035) score_streak=0/20(LOG-ONLY) resid_streak=0/20(ABORT)
[v9m] FIRST BATCH mask check (epoch 61, pi=0 s=2): nohit_px(albedo)=9216/9216 nohit_effective(differs-from-CURE4)=0 | cross-check vs depth-hit-flag: false_hit_dark(albedo-mask says nohit, depth says REAL HIT)=0 false_miss_albedo(depth says miss, albedo-mask missed it — should be 0)=0
[v9m] epoch 61/300 n2n_mse=0.005110 lr=0.000083 pool_yaws=[-4.0,19.2,-14.1] pool_ms=1397 hist_ms=5128 batch_ms=9309 nohit_px=37064/110592(33.51%) nohit_effective=785 (1191.1s)
[v9m] MONITOR epoch 61: val sparkle 108.5/Mpx resid 0.0915 highlight_ratio 0.202 score=2.713 | mirror sparkle 0.0/Mpx resid 0.0900 highlight_ratio 0.218 (tgt sp<16 resid<0.035) score_streak=0/20(LOG-ONLY) resid_streak=0/20(ABORT)
[v9m] FIRST BATCH mask check (epoch 62, pi=0 s=1): nohit_px(albedo)=3116/9216 nohit_effective(differs-from-CURE4)=24 | cross-check vs depth-hit-flag: false_hit_dark(albedo-mask says nohit, depth says REAL HIT)=0 false_miss_albedo(depth says miss, albedo-mask missed it — should be 0)=0
[v9m] epoch 62/300 n2n_mse=0.005546 lr=0.000083 pool_yaws=[-26.2,-9.3,-11.4] pool_ms=1559 hist_ms=5151 batch_ms=8792 nohit_px=18832/110592(17.03%) nohit_effective=902 (1209.2s)
[v9m] MONITOR epoch 62: val sparkle 108.5/Mpx resid 0.0910 highlight_ratio 0.205 score=2.713 | mirror sparkle 0.0/Mpx resid 0.0895 highlight_ratio 0.222 (tgt sp<16 resid<0.035) score_streak=0/20(LOG-ONLY) resid_streak=0/20(ABORT)
[v9m] FIRST BATCH mask check (epoch 63, pi=3 s=0): nohit_px(albedo)=3138/9216 nohit_effective(differs-from-CURE4)=242 | cross-check vs depth-hit-flag: false_hit_dark(albedo-mask says nohit, depth says REAL HIT)=3 false_miss_albedo(depth says miss, albedo-mask missed it — should be 0)=0
[v9m] epoch 63/300 n2n_mse=0.003818 lr=0.000083 pool_yaws=[1.7,-1.5,3.2] pool_ms=1176 hist_ms=5124 batch_ms=8817 nohit_px=64685/110592(58.49%) nohit_effective=776 (1226.8s)
[v9m] MONITOR epoch 63: val sparkle 108.5/Mpx resid 0.0905 highlight_ratio 0.209 score=2.713 | mirror sparkle 0.0/Mpx resid 0.0889 highlight_ratio 0.226 (tgt sp<16 resid<0.035) score_streak=0/20(LOG-ONLY) resid_streak=0/20(ABORT)
[v9m] FIRST BATCH mask check (epoch 64, pi=0 s=2): nohit_px(albedo)=0/9216 nohit_effective(differs-from-CURE4)=0 | cross-check vs depth-hit-flag: false_hit_dark(albedo-mask says nohit, depth says REAL HIT)=0 false_miss_albedo(depth says miss, albedo-mask missed it — should be 0)=0
[v9m] NOTE: this single first batch had zero no-hit pixels (crop landed entirely on geometry) — not aborting, waiting for the first EPOCH's aggregate count below.
[v9m] epoch 64/300 n2n_mse=0.049851 lr=0.000082 pool_yaws=[13.1,19.8,19.9] pool_ms=1529 hist_ms=5170 batch_ms=9025 nohit_px=9416/110592(8.51%) nohit_effective=937 (1245.1s)
[v9m] MONITOR epoch 64: val sparkle 108.5/Mpx resid 0.0899 highlight_ratio 0.213 score=2.713 | mirror sparkle 0.0/Mpx resid 0.0884 highlight_ratio 0.231 (tgt sp<16 resid<0.035) score_streak=0/20(LOG-ONLY) resid_streak=0/20(ABORT)
[v9m] FIRST BATCH mask check (epoch 65, pi=3 s=0): nohit_px(albedo)=3138/9216 nohit_effective(differs-from-CURE4)=426 | cross-check vs depth-hit-flag: false_hit_dark(albedo-mask says nohit, depth says REAL HIT)=3 false_miss_albedo(depth says miss, albedo-mask missed it — should be 0)=0
[v9m] epoch 65/300 n2n_mse=0.004095 lr=0.000082 pool_yaws=[-11.9,-12.2,29.4] pool_ms=1175 hist_ms=5128 batch_ms=8960 nohit_px=64712/110592(58.51%) nohit_effective=1101 (1263.0s)
[v9m] MONITOR epoch 65: val sparkle 108.5/Mpx resid 0.0894 highlight_ratio 0.217 score=2.713 | mirror sparkle 0.0/Mpx resid 0.0878 highlight_ratio 0.236 (tgt sp<16 resid<0.035) score_streak=0/20(LOG-ONLY) resid_streak=0/20(ABORT)
[v9m] FIRST BATCH mask check (epoch 66, pi=3 s=1): nohit_px(albedo)=3160/9216 nohit_effective(differs-from-CURE4)=236 | cross-check vs depth-hit-flag: false_hit_dark(albedo-mask says nohit, depth says REAL HIT)=1 false_miss_albedo(depth says miss, albedo-mask missed it — should be 0)=0
[v9m] epoch 66/300 n2n_mse=0.032812 lr=0.000082 pool_yaws=[-8.5,27.2,1.8] pool_ms=1515 hist_ms=5095 batch_ms=8773 nohit_px=10712/110592(9.69%) nohit_effective=860 (1280.9s)
[v9m] MONITOR epoch 66: val sparkle 217.0/Mpx resid 0.0889 highlight_ratio 0.221 score=5.425 | mirror sparkle 0.0/Mpx resid 0.0872 highlight_ratio 0.240 (tgt sp<16 resid<0.035) score_streak=1/20(LOG-ONLY) resid_streak=0/20(ABORT)
[v9m] FIRST BATCH mask check (epoch 67, pi=1 s=0): nohit_px(albedo)=0/9216 nohit_effective(differs-from-CURE4)=0 | cross-check vs depth-hit-flag: false_hit_dark(albedo-mask says nohit, depth says REAL HIT)=0 false_miss_albedo(depth says miss, albedo-mask missed it — should be 0)=0
[v9m] NOTE: this single first batch had zero no-hit pixels (crop landed entirely on geometry) — not aborting, waiting for the first EPOCH's aggregate count below.
[v9m] epoch 67/300 n2n_mse=0.018797 lr=0.000082 pool_yaws=[20.9,10.1,-25.9] pool_ms=1535 hist_ms=5106 batch_ms=8725 nohit_px=11166/110592(10.10%) nohit_effective=1125 (1298.8s)
[v9m] MONITOR epoch 67: val sparkle 217.0/Mpx resid 0.0883 highlight_ratio 0.225 score=5.425 | mirror sparkle 0.0/Mpx resid 0.0867 highlight_ratio 0.245 (tgt sp<16 resid<0.035) score_streak=2/20(LOG-ONLY) resid_streak=0/20(ABORT)
[v9m] FIRST BATCH mask check (epoch 68, pi=0 s=1): nohit_px(albedo)=8320/9216 nohit_effective(differs-from-CURE4)=17 | cross-check vs depth-hit-flag: false_hit_dark(albedo-mask says nohit, depth says REAL HIT)=0 false_miss_albedo(depth says miss, albedo-mask missed it — should be 0)=0
[v9m] epoch 68/300 n2n_mse=0.004973 lr=0.000082 pool_yaws=[-9.8,2.8,-24.4] pool_ms=1187 hist_ms=5055 batch_ms=9432 nohit_px=62024/110592(56.08%) nohit_effective=1040 (1317.0s)
[v9m] MONITOR epoch 68: val sparkle 325.5/Mpx resid 0.0878 highlight_ratio 0.229 score=8.138 | mirror sparkle 0.0/Mpx resid 0.0861 highlight_ratio 0.249 (tgt sp<16 resid<0.035) score_streak=3/20(LOG-ONLY) resid_streak=0/20(ABORT)
[v9m] FIRST BATCH mask check (epoch 69, pi=3 s=0): nohit_px(albedo)=3138/9216 nohit_effective(differs-from-CURE4)=187 | cross-check vs depth-hit-flag: false_hit_dark(albedo-mask says nohit, depth says REAL HIT)=3 false_miss_albedo(depth says miss, albedo-mask missed it — should be 0)=0
[v9m] epoch 69/300 n2n_mse=0.004118 lr=0.000081 pool_yaws=[-13.5,15.1,-22.7] pool_ms=1485 hist_ms=5069 batch_ms=8884 nohit_px=9416/110592(8.51%) nohit_effective=665 (1335.0s)
[v9m] MONITOR epoch 69: val sparkle 325.5/Mpx resid 0.0873 highlight_ratio 0.233 score=8.138 | mirror sparkle 0.0/Mpx resid 0.0856 highlight_ratio 0.254 (tgt sp<16 resid<0.035) score_streak=4/20(LOG-ONLY) resid_streak=0/20(ABORT)
[v9m] FIRST BATCH mask check (epoch 70, pi=1 s=2): nohit_px(albedo)=7848/9216 nohit_effective(differs-from-CURE4)=120 | cross-check vs depth-hit-flag: false_hit_dark(albedo-mask says nohit, depth says REAL HIT)=0 false_miss_albedo(depth says miss, albedo-mask missed it — should be 0)=0
[v9m] epoch 70/300 n2n_mse=0.046891 lr=0.000081 pool_yaws=[11.2,-26.7,29.4] pool_ms=1320 hist_ms=5051 batch_ms=8666 nohit_px=36745/110592(33.23%) nohit_effective=1500 (1352.5s)
[v9m] MONITOR epoch 70: val sparkle 325.5/Mpx resid 0.0868 highlight_ratio 0.237 score=8.138 | mirror sparkle 0.0/Mpx resid 0.0850 highlight_ratio 0.259 (tgt sp<16 resid<0.035) score_streak=5/20(LOG-ONLY) resid_streak=0/20(ABORT)
[v9m] FIRST BATCH mask check (epoch 71, pi=0 s=0): nohit_px(albedo)=0/9216 nohit_effective(differs-from-CURE4)=0 | cross-check vs depth-hit-flag: false_hit_dark(albedo-mask says nohit, depth says REAL HIT)=0 false_miss_albedo(depth says miss, albedo-mask missed it — should be 0)=0
[v9m] NOTE: this single first batch had zero no-hit pixels (crop landed entirely on geometry) — not aborting, waiting for the first EPOCH's aggregate count below.
[v9m] epoch 71/300 n2n_mse=0.004998 lr=0.000081 pool_yaws=[-17.3,-1.0,17.1] pool_ms=1473 hist_ms=5077 batch_ms=9002 nohit_px=9416/110592(8.51%) nohit_effective=840 (1370.6s)
[v9m] MONITOR epoch 71: val sparkle 325.5/Mpx resid 0.0862 highlight_ratio 0.241 score=8.138 | mirror sparkle 0.0/Mpx resid 0.0845 highlight_ratio 0.263 (tgt sp<16 resid<0.035) score_streak=6/20(LOG-ONLY) resid_streak=0/20(ABORT)
[v9m] FIRST BATCH mask check (epoch 72, pi=2 s=1): nohit_px(albedo)=0/9216 nohit_effective(differs-from-CURE4)=0 | cross-check vs depth-hit-flag: false_hit_dark(albedo-mask says nohit, depth says REAL HIT)=0 false_miss_albedo(depth says miss, albedo-mask missed it — should be 0)=0
[v9m] NOTE: this single first batch had zero no-hit pixels (crop landed entirely on geometry) — not aborting, waiting for the first EPOCH's aggregate count below.
[v9m] epoch 72/300 n2n_mse=0.005523 lr=0.000081 pool_yaws=[-12.2,18.6,29.3] pool_ms=1549 hist_ms=5117 batch_ms=8970 nohit_px=31160/110592(28.18%) nohit_effective=1440 (1388.8s)
[v9m] MONITOR epoch 72: val sparkle 325.5/Mpx resid 0.0857 highlight_ratio 0.245 score=8.138 | mirror sparkle 0.0/Mpx resid 0.0839 highlight_ratio 0.268 (tgt sp<16 resid<0.035) score_streak=7/20(LOG-ONLY) resid_streak=0/20(ABORT)
[v9m] FIRST BATCH mask check (epoch 73, pi=3 s=0): nohit_px(albedo)=3138/9216 nohit_effective(differs-from-CURE4)=211 | cross-check vs depth-hit-flag: false_hit_dark(albedo-mask says nohit, depth says REAL HIT)=3 false_miss_albedo(depth says miss, albedo-mask missed it — should be 0)=0
[v9m] epoch 73/300 n2n_mse=0.004707 lr=0.000080 pool_yaws=[-10.5,2.7,6.6] pool_ms=1506 hist_ms=5120 batch_ms=8807 nohit_px=36202/110592(32.73%) nohit_effective=879 (1406.8s)
[v9m] MONITOR epoch 73: val sparkle 325.5/Mpx resid 0.0852 highlight_ratio 0.248 score=8.138 | mirror sparkle 0.0/Mpx resid 0.0833 highlight_ratio 0.272 (tgt sp<16 resid<0.035) score_streak=8/20(LOG-ONLY) resid_streak=0/20(ABORT)
[v9m] FIRST BATCH mask check (epoch 74, pi=1 s=0): nohit_px(albedo)=9216/9216 nohit_effective(differs-from-CURE4)=0 | cross-check vs depth-hit-flag: false_hit_dark(albedo-mask says nohit, depth says REAL HIT)=0 false_miss_albedo(depth says miss, albedo-mask missed it — should be 0)=0
[v9m] epoch 74/300 n2n_mse=0.019238 lr=0.000080 pool_yaws=[-6.8,-0.9,7.1] pool_ms=1392 hist_ms=5108 batch_ms=9093 nohit_px=37064/110592(33.51%) nohit_effective=646 (1425.0s)
[v9m] MONITOR epoch 74: val sparkle 325.5/Mpx resid 0.0847 highlight_ratio 0.252 score=8.138 | mirror sparkle 0.0/Mpx resid 0.0828 highlight_ratio 0.277 (tgt sp<16 resid<0.035) score_streak=9/20(LOG-ONLY) resid_streak=0/20(ABORT)
[v9m] PROBE epoch 74: bar-res(640x480) sparkle 3.3/Mpx resid 0.0931 highlight_ratio 0.250 (tgt sp<16 resid<0.035) took 44.3s
[v9m] FIRST BATCH mask check (epoch 75, pi=0 s=0): nohit_px(albedo)=403/9216 nohit_effective(differs-from-CURE4)=258 | cross-check vs depth-hit-flag: false_hit_dark(albedo-mask says nohit, depth says REAL HIT)=32 false_miss_albedo(depth says miss, albedo-mask missed it — should be 0)=0
[v9m] epoch 75/300 n2n_mse=0.007362 lr=0.000080 pool_yaws=[-23.4,-18.4,4.8] pool_ms=1389 hist_ms=5128 batch_ms=8828 nohit_px=37906/110592(34.28%) nohit_effective=978 (1487.2s)
[v9m] MONITOR epoch 75: val sparkle 325.5/Mpx resid 0.0841 highlight_ratio 0.256 score=8.138 | mirror sparkle 0.0/Mpx resid 0.0822 highlight_ratio 0.281 (tgt sp<16 resid<0.035) score_streak=10/20(LOG-ONLY) resid_streak=0/20(ABORT)
[v9m] FIRST BATCH mask check (epoch 76, pi=2 s=1): nohit_px(albedo)=0/9216 nohit_effective(differs-from-CURE4)=0 | cross-check vs depth-hit-flag: false_hit_dark(albedo-mask says nohit, depth says REAL HIT)=0 false_miss_albedo(depth says miss, albedo-mask missed it — should be 0)=0
[v9m] NOTE: this single first batch had zero no-hit pixels (crop landed entirely on geometry) — not aborting, waiting for the first EPOCH's aggregate count below.
[v9m] epoch 76/300 n2n_mse=0.021548 lr=0.000080 pool_yaws=[-21.6,12.7,13.0] pool_ms=1510 hist_ms=5113 batch_ms=8742 nohit_px=33171/110592(29.99%) nohit_effective=1267 (1505.1s)
[v9m] MONITOR epoch 76: val sparkle 325.5/Mpx resid 0.0836 highlight_ratio 0.260 score=8.138 | mirror sparkle 0.0/Mpx resid 0.0817 highlight_ratio 0.286 (tgt sp<16 resid<0.035) score_streak=11/20(LOG-ONLY) resid_streak=0/20(ABORT)
[v9m] FIRST BATCH mask check (epoch 77, pi=2 s=1): nohit_px(albedo)=0/9216 nohit_effective(differs-from-CURE4)=0 | cross-check vs depth-hit-flag: false_hit_dark(albedo-mask says nohit, depth says REAL HIT)=0 false_miss_albedo(depth says miss, albedo-mask missed it — should be 0)=0
[v9m] NOTE: this single first batch had zero no-hit pixels (crop landed entirely on geometry) — not aborting, waiting for the first EPOCH's aggregate count below.
[v9m] epoch 77/300 n2n_mse=0.011068 lr=0.000080 pool_yaws=[-23.1,-21.6,21.5] pool_ms=1590 hist_ms=5123 batch_ms=8797 nohit_px=42768/110592(38.67%) nohit_effective=1361 (1523.2s)
[v9m] MONITOR epoch 77: val sparkle 325.5/Mpx resid 0.0831 highlight_ratio 0.264 score=8.138 | mirror sparkle 0.0/Mpx resid 0.0811 highlight_ratio 0.290 (tgt sp<16 resid<0.035) score_streak=12/20(LOG-ONLY) resid_streak=0/20(ABORT)
[v9m] FIRST BATCH mask check (epoch 78, pi=3 s=0): nohit_px(albedo)=3138/9216 nohit_effective(differs-from-CURE4)=205 | cross-check vs depth-hit-flag: false_hit_dark(albedo-mask says nohit, depth says REAL HIT)=3 false_miss_albedo(depth says miss, albedo-mask missed it — should be 0)=0
[v9m] epoch 78/300 n2n_mse=0.007593 lr=0.000079 pool_yaws=[5.2,1.3,-0.5] pool_ms=1744 hist_ms=5140 batch_ms=8845 nohit_px=48039/110592(43.44%) nohit_effective=2147 (1541.6s)
[v9m] MONITOR epoch 78: val sparkle 325.5/Mpx resid 0.0825 highlight_ratio 0.268 score=8.138 | mirror sparkle 0.0/Mpx resid 0.0806 highlight_ratio 0.295 (tgt sp<16 resid<0.035) score_streak=13/20(LOG-ONLY) resid_streak=0/20(ABORT)
[v9m] FIRST BATCH mask check (epoch 79, pi=1 s=0): nohit_px(albedo)=6344/9216 nohit_effective(differs-from-CURE4)=167 | cross-check vs depth-hit-flag: false_hit_dark(albedo-mask says nohit, depth says REAL HIT)=42 false_miss_albedo(depth says miss, albedo-mask missed it — should be 0)=0
[v9m] epoch 79/300 n2n_mse=0.008159 lr=0.000079 pool_yaws=[-10.5,-8.6,29.4] pool_ms=1667 hist_ms=5242 batch_ms=9128 nohit_px=50490/110592(45.65%) nohit_effective=2106 (1560.2s)
[v9m] MONITOR epoch 79: val sparkle 325.5/Mpx resid 0.0820 highlight_ratio 0.271 score=8.138 | mirror sparkle 0.0/Mpx resid 0.0800 highlight_ratio 0.299 (tgt sp<16 resid<0.035) score_streak=14/20(LOG-ONLY) resid_streak=0/20(ABORT)
[v9m] FIRST BATCH mask check (epoch 80, pi=0 s=2): nohit_px(albedo)=0/9216 nohit_effective(differs-from-CURE4)=0 | cross-check vs depth-hit-flag: false_hit_dark(albedo-mask says nohit, depth says REAL HIT)=0 false_miss_albedo(depth says miss, albedo-mask missed it — should be 0)=0
[v9m] NOTE: this single first batch had zero no-hit pixels (crop landed entirely on geometry) — not aborting, waiting for the first EPOCH's aggregate count below.
[v9m] epoch 80/300 n2n_mse=0.003565 lr=0.000079 pool_yaws=[-12.2,-13.6,19.0] pool_ms=1573 hist_ms=5195 batch_ms=9165 nohit_px=9416/110592(8.51%) nohit_effective=479 (1578.7s)
[v9m] MONITOR epoch 80: val sparkle 325.5/Mpx resid 0.0815 highlight_ratio 0.275 score=8.138 | mirror sparkle 0.0/Mpx resid 0.0795 highlight_ratio 0.304 (tgt sp<16 resid<0.035) score_streak=15/20(LOG-ONLY) resid_streak=0/20(ABORT)
[v9m] FIRST BATCH mask check (epoch 81, pi=3 s=2): nohit_px(albedo)=3118/9216 nohit_effective(differs-from-CURE4)=181 | cross-check vs depth-hit-flag: false_hit_dark(albedo-mask says nohit, depth says REAL HIT)=3 false_miss_albedo(depth says miss, albedo-mask missed it — should be 0)=0
[v9m] epoch 81/300 n2n_mse=0.050758 lr=0.000079 pool_yaws=[10.6,1.0,27.6] pool_ms=1318 hist_ms=5200 batch_ms=8841 nohit_px=52472/110592(47.45%) nohit_effective=893 (1596.7s)
[v9m] MONITOR epoch 81: val sparkle 325.5/Mpx resid 0.0810 highlight_ratio 0.279 score=8.138 | mirror sparkle 0.0/Mpx resid 0.0789 highlight_ratio 0.308 (tgt sp<16 resid<0.035) score_streak=16/20(LOG-ONLY) resid_streak=0/20(ABORT)
[v9m] FIRST BATCH mask check (epoch 82, pi=3 s=2): nohit_px(albedo)=3118/9216 nohit_effective(differs-from-CURE4)=311 | cross-check vs depth-hit-flag: false_hit_dark(albedo-mask says nohit, depth says REAL HIT)=3 false_miss_albedo(depth says miss, albedo-mask missed it — should be 0)=0
[v9m] epoch 82/300 n2n_mse=0.023558 lr=0.000079 pool_yaws=[-7.9,-4.0,13.5] pool_ms=1567 hist_ms=5119 batch_ms=8932 nohit_px=9416/110592(8.51%) nohit_effective=626 (1614.9s)
[v9m] MONITOR epoch 82: val sparkle 325.5/Mpx resid 0.0805 highlight_ratio 0.283 score=8.138 | mirror sparkle 0.0/Mpx resid 0.0784 highlight_ratio 0.312 (tgt sp<16 resid<0.035) score_streak=17/20(LOG-ONLY) resid_streak=0/20(ABORT)
[v9m] FIRST BATCH mask check (epoch 83, pi=1 s=1): nohit_px(albedo)=0/9216 nohit_effective(differs-from-CURE4)=0 | cross-check vs depth-hit-flag: false_hit_dark(albedo-mask says nohit, depth says REAL HIT)=0 false_miss_albedo(depth says miss, albedo-mask missed it — should be 0)=0
[v9m] NOTE: this single first batch had zero no-hit pixels (crop landed entirely on geometry) — not aborting, waiting for the first EPOCH's aggregate count below.
[v9m] epoch 83/300 n2n_mse=0.004241 lr=0.000078 pool_yaws=[-6.2,13.7,29.9] pool_ms=1419 hist_ms=5116 batch_ms=9093 nohit_px=37064/110592(33.51%) nohit_effective=513 (1633.1s)
[v9m] MONITOR epoch 83: val sparkle 325.5/Mpx resid 0.0800 highlight_ratio 0.287 score=8.138 | mirror sparkle 0.0/Mpx resid 0.0778 highlight_ratio 0.317 (tgt sp<16 resid<0.035) score_streak=18/20(LOG-ONLY) resid_streak=0/20(ABORT)
[v9m] FIRST BATCH mask check (epoch 84, pi=2 s=2): nohit_px(albedo)=0/9216 nohit_effective(differs-from-CURE4)=0 | cross-check vs depth-hit-flag: false_hit_dark(albedo-mask says nohit, depth says REAL HIT)=0 false_miss_albedo(depth says miss, albedo-mask missed it — should be 0)=0
[v9m] NOTE: this single first batch had zero no-hit pixels (crop landed entirely on geometry) — not aborting, waiting for the first EPOCH's aggregate count below.
[v9m] epoch 84/300 n2n_mse=0.021796 lr=0.000078 pool_yaws=[-8.4,-14.9,-8.2] pool_ms=1696 hist_ms=5187 batch_ms=9406 nohit_px=9416/110592(8.51%) nohit_effective=659 (1652.0s)
[v9m] MONITOR epoch 84: val sparkle 325.5/Mpx resid 0.0794 highlight_ratio 0.291 score=8.138 | mirror sparkle 0.0/Mpx resid 0.0773 highlight_ratio 0.321 (tgt sp<16 resid<0.035) score_streak=19/20(LOG-ONLY) resid_streak=0/20(ABORT)
[v9m] FIRST BATCH mask check (epoch 85, pi=0 s=0): nohit_px(albedo)=9216/9216 nohit_effective(differs-from-CURE4)=0 | cross-check vs depth-hit-flag: false_hit_dark(albedo-mask says nohit, depth says REAL HIT)=0 false_miss_albedo(depth says miss, albedo-mask missed it — should be 0)=0
[v9m] epoch 85/300 n2n_mse=0.003402 lr=0.000078 pool_yaws=[-11.1,19.1,-1.4] pool_ms=1506 hist_ms=5233 batch_ms=8904 nohit_px=37064/110592(33.51%) nohit_effective=566 (1670.3s)
[v9m] MONITOR epoch 85: val sparkle 325.5/Mpx resid 0.0789 highlight_ratio 0.294 score=8.138 | mirror sparkle 0.0/Mpx resid 0.0768 highlight_ratio 0.325 (tgt sp<16 resid<0.035) score_streak=20/20(LOG-ONLY) resid_streak=0/20(ABORT)
[v9m] FIRST BATCH mask check (epoch 86, pi=1 s=0): nohit_px(albedo)=9216/9216 nohit_effective(differs-from-CURE4)=0 | cross-check vs depth-hit-flag: false_hit_dark(albedo-mask says nohit, depth says REAL HIT)=0 false_miss_albedo(depth says miss, albedo-mask missed it — should be 0)=0
[v9m] epoch 86/300 n2n_mse=0.004374 lr=0.000078 pool_yaws=[-5.0,26.2,15.4] pool_ms=1415 hist_ms=5249 batch_ms=9165 nohit_px=63235/110592(57.18%) nohit_effective=847 (1688.7s)
[v9m] MONITOR epoch 86: val sparkle 325.5/Mpx resid 0.0784 highlight_ratio 0.298 score=8.138 | mirror sparkle 0.0/Mpx resid 0.0762 highlight_ratio 0.329 (tgt sp<16 resid<0.035) score_streak=21/20(LOG-ONLY) resid_streak=0/20(ABORT)
[v9m] FIRST BATCH mask check (epoch 87, pi=2 s=0): nohit_px(albedo)=0/9216 nohit_effective(differs-from-CURE4)=0 | cross-check vs depth-hit-flag: false_hit_dark(albedo-mask says nohit, depth says REAL HIT)=0 false_miss_albedo(depth says miss, albedo-mask missed it — should be 0)=0
[v9m] NOTE: this single first batch had zero no-hit pixels (crop landed entirely on geometry) — not aborting, waiting for the first EPOCH's aggregate count below.
[v9m] epoch 87/300 n2n_mse=0.004098 lr=0.000078 pool_yaws=[-29.2,-12.4,-9.8] pool_ms=1396 hist_ms=5166 batch_ms=8849 nohit_px=64316/110592(58.16%) nohit_effective=622 (1706.8s)
[v9m] MONITOR epoch 87: val sparkle 434.0/Mpx resid 0.0779 highlight_ratio 0.302 score=10.851 | mirror sparkle 0.0/Mpx resid 0.0757 highlight_ratio 0.334 (tgt sp<16 resid<0.035) score_streak=22/20(LOG-ONLY) resid_streak=0/20(ABORT)
[v9m] FIRST BATCH mask check (epoch 88, pi=1 s=0): nohit_px(albedo)=0/9216 nohit_effective(differs-from-CURE4)=0 | cross-check vs depth-hit-flag: false_hit_dark(albedo-mask says nohit, depth says REAL HIT)=0 false_miss_albedo(depth says miss, albedo-mask missed it — should be 0)=0
[v9m] NOTE: this single first batch had zero no-hit pixels (crop landed entirely on geometry) — not aborting, waiting for the first EPOCH's aggregate count below.
[v9m] epoch 88/300 n2n_mse=0.008164 lr=0.000077 pool_yaws=[2.9,-8.7,-22.0] pool_ms=1507 hist_ms=5140 batch_ms=8960 nohit_px=10553/110592(9.54%) nohit_effective=572 (1724.9s)
[v9m] MONITOR epoch 88: val sparkle 434.0/Mpx resid 0.0774 highlight_ratio 0.306 score=10.851 | mirror sparkle 0.0/Mpx resid 0.0752 highlight_ratio 0.338 (tgt sp<16 resid<0.035) score_streak=23/20(LOG-ONLY) resid_streak=0/20(ABORT)
[v9m] FIRST BATCH mask check (epoch 89, pi=2 s=0): nohit_px(albedo)=527/9216 nohit_effective(differs-from-CURE4)=88 | cross-check vs depth-hit-flag: false_hit_dark(albedo-mask says nohit, depth says REAL HIT)=50 false_miss_albedo(depth says miss, albedo-mask missed it — should be 0)=0
[v9m] epoch 89/300 n2n_mse=0.015623 lr=0.000077 pool_yaws=[10.7,29.8,-27.4] pool_ms=1531 hist_ms=5139 batch_ms=9106 nohit_px=11007/110592(9.95%) nohit_effective=745 (1743.3s)
[v9m] MONITOR epoch 89: val sparkle 434.0/Mpx resid 0.0769 highlight_ratio 0.309 score=10.851 | mirror sparkle 0.0/Mpx resid 0.0746 highlight_ratio 0.342 (tgt sp<16 resid<0.035) score_streak=24/20(LOG-ONLY) resid_streak=0/20(ABORT)
[v9m] FIRST BATCH mask check (epoch 90, pi=3 s=0): nohit_px(albedo)=3138/9216 nohit_effective(differs-from-CURE4)=158 | cross-check vs depth-hit-flag: false_hit_dark(albedo-mask says nohit, depth says REAL HIT)=3 false_miss_albedo(depth says miss, albedo-mask missed it — should be 0)=0
[v9m] epoch 90/300 n2n_mse=0.023982 lr=0.000077 pool_yaws=[25.4,14.6,2.1] pool_ms=1342 hist_ms=5236 batch_ms=9034 nohit_px=9416/110592(8.51%) nohit_effective=452 (1761.5s)
[v9m] MONITOR epoch 90: val sparkle 434.0/Mpx resid 0.0764 highlight_ratio 0.313 score=10.851 | mirror sparkle 0.0/Mpx resid 0.0741 highlight_ratio 0.347 (tgt sp<16 resid<0.035) score_streak=25/20(LOG-ONLY) resid_streak=0/20(ABORT)
[v9m] FIRST BATCH mask check (epoch 91, pi=0 s=0): nohit_px(albedo)=879/9216 nohit_effective(differs-from-CURE4)=190 | cross-check vs depth-hit-flag: false_hit_dark(albedo-mask says nohit, depth says REAL HIT)=0 false_miss_albedo(depth says miss, albedo-mask missed it — should be 0)=0
[v9m] epoch 91/300 n2n_mse=0.010058 lr=0.000077 pool_yaws=[-23.5,-19.6,25.0] pool_ms=1335 hist_ms=5177 batch_ms=8864 nohit_px=25166/110592(22.76%) nohit_effective=1412 (1779.5s)
[v9m] MONITOR epoch 91: val sparkle 434.0/Mpx resid 0.0759 highlight_ratio 0.317 score=10.851 | mirror sparkle 0.0/Mpx resid 0.0736 highlight_ratio 0.351 (tgt sp<16 resid<0.035) score_streak=26/20(LOG-ONLY) resid_streak=0/20(ABORT)
[v9m] FIRST BATCH mask check (epoch 92, pi=3 s=0): nohit_px(albedo)=3138/9216 nohit_effective(differs-from-CURE4)=172 | cross-check vs depth-hit-flag: false_hit_dark(albedo-mask says nohit, depth says REAL HIT)=3 false_miss_albedo(depth says miss, albedo-mask missed it — should be 0)=0
[v9m] epoch 92/300 n2n_mse=0.007969 lr=0.000077 pool_yaws=[-17.5,9.7,-11.5] pool_ms=1530 hist_ms=5145 batch_ms=8936 nohit_px=24856/110592(22.48%) nohit_effective=904 (1797.6s)
[v9m] MONITOR epoch 92: val sparkle 434.0/Mpx resid 0.0754 highlight_ratio 0.321 score=10.851 | mirror sparkle 0.0/Mpx resid 0.0730 highlight_ratio 0.355 (tgt sp<16 resid<0.035) score_streak=27/20(LOG-ONLY) resid_streak=0/20(ABORT)
[v9m] FIRST BATCH mask check (epoch 93, pi=2 s=2): nohit_px(albedo)=0/9216 nohit_effective(differs-from-CURE4)=0 | cross-check vs depth-hit-flag: false_hit_dark(albedo-mask says nohit, depth says REAL HIT)=0 false_miss_albedo(depth says miss, albedo-mask missed it — should be 0)=0
[v9m] NOTE: this single first batch had zero no-hit pixels (crop landed entirely on geometry) — not aborting, waiting for the first EPOCH's aggregate count below.
[v9m] epoch 93/300 n2n_mse=0.031324 lr=0.000076 pool_yaws=[-24.4,-3.7,2.2] pool_ms=1512 hist_ms=5141 batch_ms=8916 nohit_px=26705/110592(24.15%) nohit_effective=870 (1815.8s)
[v9m] MONITOR epoch 93: val sparkle 434.0/Mpx resid 0.0749 highlight_ratio 0.325 score=10.851 | mirror sparkle 0.0/Mpx resid 0.0725 highlight_ratio 0.360 (tgt sp<16 resid<0.035) score_streak=28/20(LOG-ONLY) resid_streak=0/20(ABORT)
[v9m] FIRST BATCH mask check (epoch 94, pi=0 s=0): nohit_px(albedo)=8174/9216 nohit_effective(differs-from-CURE4)=285 | cross-check vs depth-hit-flag: false_hit_dark(albedo-mask says nohit, depth says REAL HIT)=0 false_miss_albedo(depth says miss, albedo-mask missed it — should be 0)=0
[v9m] epoch 94/300 n2n_mse=0.004778 lr=0.000076 pool_yaws=[3.2,-4.4,-26.2] pool_ms=1341 hist_ms=5136 batch_ms=8821 nohit_px=61623/110592(55.72%) nohit_effective=1264 (1833.6s)
[v9m] MONITOR epoch 94: val sparkle 434.0/Mpx resid 0.0744 highlight_ratio 0.329 score=10.851 | mirror sparkle 0.0/Mpx resid 0.0719 highlight_ratio 0.364 (tgt sp<16 resid<0.035) score_streak=29/20(LOG-ONLY) resid_streak=0/20(ABORT)
[v9m] FIRST BATCH mask check (epoch 95, pi=2 s=2): nohit_px(albedo)=553/9216 nohit_effective(differs-from-CURE4)=4 | cross-check vs depth-hit-flag: false_hit_dark(albedo-mask says nohit, depth says REAL HIT)=330 false_miss_albedo(depth says miss, albedo-mask missed it — should be 0)=0
[v9m] epoch 95/300 n2n_mse=0.036081 lr=0.000076 pool_yaws=[6.9,-26.7,-29.6] pool_ms=1367 hist_ms=5108 batch_ms=8753 nohit_px=63478/110592(57.40%) nohit_effective=1104 (1851.5s)
[v9m] MONITOR epoch 95: val sparkle 434.0/Mpx resid 0.0739 highlight_ratio 0.333 score=10.851 | mirror sparkle 0.0/Mpx resid 0.0714 highlight_ratio 0.369 (tgt sp<16 resid<0.035) score_streak=30/20(LOG-ONLY) resid_streak=0/20(ABORT)
[v9m] FIRST BATCH mask check (epoch 96, pi=0 s=1): nohit_px(albedo)=8928/9216 nohit_effective(differs-from-CURE4)=10 | cross-check vs depth-hit-flag: false_hit_dark(albedo-mask says nohit, depth says REAL HIT)=0 false_miss_albedo(depth says miss, albedo-mask missed it — should be 0)=0
[v9m] epoch 96/300 n2n_mse=0.006474 lr=0.000076 pool_yaws=[15.4,25.1,16.7] pool_ms=1032 hist_ms=5041 batch_ms=8707 nohit_px=91112/110592(82.39%) nohit_effective=1152 (1868.8s)
[v9m] MONITOR epoch 96: val sparkle 434.0/Mpx resid 0.0734 highlight_ratio 0.337 score=10.851 | mirror sparkle 0.0/Mpx resid 0.0709 highlight_ratio 0.373 (tgt sp<16 resid<0.035) score_streak=31/20(LOG-ONLY) resid_streak=0/20(ABORT)
[v9m] FIRST BATCH mask check (epoch 97, pi=3 s=2): nohit_px(albedo)=3118/9216 nohit_effective(differs-from-CURE4)=151 | cross-check vs depth-hit-flag: false_hit_dark(albedo-mask says nohit, depth says REAL HIT)=3 false_miss_albedo(depth says miss, albedo-mask missed it — should be 0)=0
[v9m] epoch 97/300 n2n_mse=0.026385 lr=0.000076 pool_yaws=[-18.4,10.3,-2.3] pool_ms=1564 hist_ms=5134 batch_ms=8863 nohit_px=29274/110592(26.47%) nohit_effective=1872 (1886.9s)
[v9m] MONITOR epoch 97: val sparkle 434.0/Mpx resid 0.0729 highlight_ratio 0.341 score=10.851 | mirror sparkle 0.0/Mpx resid 0.0704 highlight_ratio 0.378 (tgt sp<16 resid<0.035) score_streak=32/20(LOG-ONLY) resid_streak=0/20(ABORT)
[v9m] FIRST BATCH mask check (epoch 98, pi=0 s=0): nohit_px(albedo)=0/9216 nohit_effective(differs-from-CURE4)=0 | cross-check vs depth-hit-flag: false_hit_dark(albedo-mask says nohit, depth says REAL HIT)=0 false_miss_albedo(depth says miss, albedo-mask missed it — should be 0)=0
[v9m] NOTE: this single first batch had zero no-hit pixels (crop landed entirely on geometry) — not aborting, waiting for the first EPOCH's aggregate count below.
[v9m] epoch 98/300 n2n_mse=0.009054 lr=0.000075 pool_yaws=[4.6,-24.5,-17.8] pool_ms=1443 hist_ms=5131 batch_ms=8800 nohit_px=13010/110592(11.76%) nohit_effective=1700 (1904.8s)
[v9m] MONITOR epoch 98: val sparkle 434.0/Mpx resid 0.0723 highlight_ratio 0.344 score=10.851 | mirror sparkle 0.0/Mpx resid 0.0698 highlight_ratio 0.382 (tgt sp<16 resid<0.035) score_streak=33/20(LOG-ONLY) resid_streak=0/20(ABORT)
[v9m] FIRST BATCH mask check (epoch 99, pi=3 s=1): nohit_px(albedo)=3160/9216 nohit_effective(differs-from-CURE4)=81 | cross-check vs depth-hit-flag: false_hit_dark(albedo-mask says nohit, depth says REAL HIT)=1 false_miss_albedo(depth says miss, albedo-mask missed it — should be 0)=0
[v9m] epoch 99/300 n2n_mse=0.004526 lr=0.000075 pool_yaws=[-22.8,23.9,-0.3] pool_ms=1448 hist_ms=5123 batch_ms=8916 nohit_px=36213/110592(32.74%) nohit_effective=676 (1922.9s)
[v9m] MONITOR epoch 99: val sparkle 325.5/Mpx resid 0.0718 highlight_ratio 0.348 score=8.138 | mirror sparkle 0.0/Mpx resid 0.0693 highlight_ratio 0.386 (tgt sp<16 resid<0.035) score_streak=34/20(LOG-ONLY) resid_streak=0/20(ABORT)
[v9m] PROBE epoch 99: bar-res(640x480) sparkle 13.0/Mpx resid 0.0786 highlight_ratio 0.363 (tgt sp<16 resid<0.035) took 44.7s
[v9m] FIRST BATCH mask check (epoch 100, pi=0 s=1): nohit_px(albedo)=4049/9216 nohit_effective(differs-from-CURE4)=111 | cross-check vs depth-hit-flag: false_hit_dark(albedo-mask says nohit, depth says REAL HIT)=0 false_miss_albedo(depth says miss, albedo-mask missed it — should be 0)=0
[v9m] epoch 100/300 n2n_mse=0.006470 lr=0.000075 pool_yaws=[-24.5,1.2,28.1] pool_ms=1528 hist_ms=5149 batch_ms=8756 nohit_px=48189/110592(43.57%) nohit_effective=1038 (1985.5s)
[v9m] MONITOR epoch 100: val sparkle 325.5/Mpx resid 0.0713 highlight_ratio 0.352 score=8.138 | mirror sparkle 0.0/Mpx resid 0.0687 highlight_ratio 0.391 (tgt sp<16 resid<0.035) score_streak=35/20(LOG-ONLY) resid_streak=0/20(ABORT)
[v9m] FIRST BATCH mask check (epoch 101, pi=2 s=0): nohit_px(albedo)=0/9216 nohit_effective(differs-from-CURE4)=0 | cross-check vs depth-hit-flag: false_hit_dark(albedo-mask says nohit, depth says REAL HIT)=0 false_miss_albedo(depth says miss, albedo-mask missed it — should be 0)=0
[v9m] NOTE: this single first batch had zero no-hit pixels (crop landed entirely on geometry) — not aborting, waiting for the first EPOCH's aggregate count below.
[v9m] epoch 101/300 n2n_mse=0.023891 lr=0.000075 pool_yaws=[-8.9,-4.5,-12.6] pool_ms=1458 hist_ms=5146 batch_ms=8851 nohit_px=18527/110592(16.75%) nohit_effective=668 (2003.6s)
[v9m] MONITOR epoch 101: val sparkle 325.5/Mpx resid 0.0708 highlight_ratio 0.356 score=8.138 | mirror sparkle 0.0/Mpx resid 0.0682 highlight_ratio 0.395 (tgt sp<16 resid<0.035) score_streak=36/20(LOG-ONLY) resid_streak=0/20(ABORT)
[v9m] FIRST BATCH mask check (epoch 102, pi=3 s=0): nohit_px(albedo)=3138/9216 nohit_effective(differs-from-CURE4)=136 | cross-check vs depth-hit-flag: false_hit_dark(albedo-mask says nohit, depth says REAL HIT)=3 false_miss_albedo(depth says miss, albedo-mask missed it — should be 0)=0
[v9m] epoch 102/300 n2n_mse=0.007120 lr=0.000075 pool_yaws=[-23.2,-6.8,8.0] pool_ms=1307 hist_ms=5161 batch_ms=8949 nohit_px=54306/110592(49.10%) nohit_effective=821 (2021.5s)
[v9m] MONITOR epoch 102: val sparkle 325.5/Mpx resid 0.0703 highlight_ratio 0.360 score=8.138 | mirror sparkle 0.0/Mpx resid 0.0677 highlight_ratio 0.400 (tgt sp<16 resid<0.035) score_streak=37/20(LOG-ONLY) resid_streak=0/20(ABORT)
[v9m] FIRST BATCH mask check (epoch 103, pi=0 s=2): nohit_px(albedo)=0/9216 nohit_effective(differs-from-CURE4)=0 | cross-check vs depth-hit-flag: false_hit_dark(albedo-mask says nohit, depth says REAL HIT)=0 false_miss_albedo(depth says miss, albedo-mask missed it — should be 0)=0
[v9m] NOTE: this single first batch had zero no-hit pixels (crop landed entirely on geometry) — not aborting, waiting for the first EPOCH's aggregate count below.
[v9m] epoch 103/300 n2n_mse=0.005233 lr=0.000074 pool_yaws=[4.1,17.9,21.6] pool_ms=1429 hist_ms=5172 batch_ms=8843 nohit_px=37064/110592(33.51%) nohit_effective=536 (2039.6s)
[v9m] MONITOR epoch 103: val sparkle 325.5/Mpx resid 0.0698 highlight_ratio 0.364 score=8.138 | mirror sparkle 0.0/Mpx resid 0.0671 highlight_ratio 0.404 (tgt sp<16 resid<0.035) score_streak=38/20(LOG-ONLY) resid_streak=0/20(ABORT)
[v9m] FIRST BATCH mask check (epoch 104, pi=3 s=1): nohit_px(albedo)=3160/9216 nohit_effective(differs-from-CURE4)=155 | cross-check vs depth-hit-flag: false_hit_dark(albedo-mask says nohit, depth says REAL HIT)=1 false_miss_albedo(depth says miss, albedo-mask missed it — should be 0)=0
[v9m] epoch 104/300 n2n_mse=0.007534 lr=0.000074 pool_yaws=[-17.3,4.7,-14.7] pool_ms=1529 hist_ms=5165 batch_ms=9101 nohit_px=9416/110592(8.51%) nohit_effective=479 (2058.0s)
[v9m] MONITOR epoch 104: val sparkle 325.5/Mpx resid 0.0693 highlight_ratio 0.368 score=8.138 | mirror sparkle 0.0/Mpx resid 0.0666 highlight_ratio 0.409 (tgt sp<16 resid<0.035) score_streak=39/20(LOG-ONLY) resid_streak=0/20(ABORT)
[v9m] FIRST BATCH mask check (epoch 105, pi=3 s=0): nohit_px(albedo)=3138/9216 nohit_effective(differs-from-CURE4)=147 | cross-check vs depth-hit-flag: false_hit_dark(albedo-mask says nohit, depth says REAL HIT)=3 false_miss_albedo(depth says miss, albedo-mask missed it — should be 0)=0
[v9m] epoch 105/300 n2n_mse=0.003811 lr=0.000074 pool_yaws=[-10.6,28.4,-7.2] pool_ms=1424 hist_ms=5240 batch_ms=8947 nohit_px=9416/110592(8.51%) nohit_effective=467 (2076.2s)
[v9m] MONITOR epoch 105: val sparkle 434.0/Mpx resid 0.0689 highlight_ratio 0.372 score=10.851 | mirror sparkle 0.0/Mpx resid 0.0661 highlight_ratio 0.413 (tgt sp<16 resid<0.035) score_streak=40/20(LOG-ONLY) resid_streak=0/20(ABORT)
[v9m] FIRST BATCH mask check (epoch 106, pi=1 s=1): nohit_px(albedo)=0/9216 nohit_effective(differs-from-CURE4)=0 | cross-check vs depth-hit-flag: false_hit_dark(albedo-mask says nohit, depth says REAL HIT)=142 false_miss_albedo(depth says miss, albedo-mask missed it — should be 0)=0
[v9m] NOTE: this single first batch had zero no-hit pixels (crop landed entirely on geometry) — not aborting, waiting for the first EPOCH's aggregate count below.
[v9m] epoch 106/300 n2n_mse=0.049715 lr=0.000074 pool_yaws=[17.7,-0.4,19.8] pool_ms=1516 hist_ms=5210 batch_ms=8943 nohit_px=16976/110592(15.35%) nohit_effective=984 (2094.5s)
[v9m] MONITOR epoch 106: val sparkle 434.0/Mpx resid 0.0684 highlight_ratio 0.376 score=10.851 | mirror sparkle 0.0/Mpx resid 0.0656 highlight_ratio 0.418 (tgt sp<16 resid<0.035) score_streak=41/20(LOG-ONLY) resid_streak=0/20(ABORT)
[v9m] FIRST BATCH mask check (epoch 107, pi=2 s=1): nohit_px(albedo)=0/9216 nohit_effective(differs-from-CURE4)=0 | cross-check vs depth-hit-flag: false_hit_dark(albedo-mask says nohit, depth says REAL HIT)=109 false_miss_albedo(depth says miss, albedo-mask missed it — should be 0)=0
[v9m] NOTE: this single first batch had zero no-hit pixels (crop landed entirely on geometry) — not aborting, waiting for the first EPOCH's aggregate count below.
[v9m] epoch 107/300 n2n_mse=0.097629 lr=0.000074 pool_yaws=[9.3,-0.8,25.8] pool_ms=1557 hist_ms=5167 batch_ms=9053 nohit_px=31021/110592(28.05%) nohit_effective=1377 (2112.9s)
[v9m] MONITOR epoch 107: val sparkle 434.0/Mpx resid 0.0679 highlight_ratio 0.380 score=10.851 | mirror sparkle 0.0/Mpx resid 0.0651 highlight_ratio 0.422 (tgt sp<16 resid<0.035) score_streak=42/20(LOG-ONLY) resid_streak=0/20(ABORT)
[v9m] FIRST BATCH mask check (epoch 108, pi=2 s=2): nohit_px(albedo)=0/9216 nohit_effective(differs-from-CURE4)=0 | cross-check vs depth-hit-flag: false_hit_dark(albedo-mask says nohit, depth says REAL HIT)=0 false_miss_albedo(depth says miss, albedo-mask missed it — should be 0)=0
[v9m] NOTE: this single first batch had zero no-hit pixels (crop landed entirely on geometry) — not aborting, waiting for the first EPOCH's aggregate count below.
[v9m] epoch 108/300 n2n_mse=0.005928 lr=0.000074 pool_yaws=[-12.5,-2.1,6.1] pool_ms=1423 hist_ms=5201 batch_ms=9125 nohit_px=35611/110592(32.20%) nohit_effective=1665 (2131.2s)
[v9m] MONITOR epoch 108: val sparkle 542.5/Mpx resid 0.0674 highlight_ratio 0.383 score=13.563 | mirror sparkle 0.0/Mpx resid 0.0646 highlight_ratio 0.427 (tgt sp<16 resid<0.035) score_streak=43/20(LOG-ONLY) resid_streak=0/20(ABORT)
[v9m] FIRST BATCH mask check (epoch 109, pi=2 s=0): nohit_px(albedo)=0/9216 nohit_effective(differs-from-CURE4)=0 | cross-check vs depth-hit-flag: false_hit_dark(albedo-mask says nohit, depth says REAL HIT)=0 false_miss_albedo(depth says miss, albedo-mask missed it — should be 0)=0
[v9m] NOTE: this single first batch had zero no-hit pixels (crop landed entirely on geometry) — not aborting, waiting for the first EPOCH's aggregate count below.
[v9m] epoch 109/300 n2n_mse=0.004368 lr=0.000073 pool_yaws=[19.3,11.8,16.6] pool_ms=1330 hist_ms=5126 batch_ms=8870 nohit_px=37064/110592(33.51%) nohit_effective=856 (2149.1s)
[v9m] MONITOR epoch 109: val sparkle 651.0/Mpx resid 0.0669 highlight_ratio 0.387 score=16.276 | mirror sparkle 108.5/Mpx resid 0.0640 highlight_ratio 0.431 (tgt sp<16 resid<0.035) score_streak=44/20(LOG-ONLY) resid_streak=0/20(ABORT)
[v9m] FIRST BATCH mask check (epoch 110, pi=2 s=0): nohit_px(albedo)=0/9216 nohit_effective(differs-from-CURE4)=0 | cross-check vs depth-hit-flag: false_hit_dark(albedo-mask says nohit, depth says REAL HIT)=0 false_miss_albedo(depth says miss, albedo-mask missed it — should be 0)=0
[v9m] NOTE: this single first batch had zero no-hit pixels (crop landed entirely on geometry) — not aborting, waiting for the first EPOCH's aggregate count below.
[v9m] epoch 110/300 n2n_mse=0.003711 lr=0.000073 pool_yaws=[-11.1,-8.0,24.4] pool_ms=1326 hist_ms=5137 batch_ms=8903 nohit_px=37064/110592(33.51%) nohit_effective=612 (2167.0s)
[v9m] MONITOR epoch 110: val sparkle 651.0/Mpx resid 0.0665 highlight_ratio 0.391 score=16.276 | mirror sparkle 108.5/Mpx resid 0.0636 highlight_ratio 0.435 (tgt sp<16 resid<0.035) score_streak=45/20(LOG-ONLY) resid_streak=0/20(ABORT)
[v9m] FIRST BATCH mask check (epoch 111, pi=2 s=1): nohit_px(albedo)=0/9216 nohit_effective(differs-from-CURE4)=0 | cross-check vs depth-hit-flag: false_hit_dark(albedo-mask says nohit, depth says REAL HIT)=0 false_miss_albedo(depth says miss, albedo-mask missed it — should be 0)=0
[v9m] NOTE: this single first batch had zero no-hit pixels (crop landed entirely on geometry) — not aborting, waiting for the first EPOCH's aggregate count below.
[v9m] epoch 111/300 n2n_mse=0.041210 lr=0.000073 pool_yaws=[-14.1,21.9,-6.3] pool_ms=1414 hist_ms=5135 batch_ms=8806 nohit_px=49330/110592(44.61%) nohit_effective=948 (2185.0s)
[v9m] MONITOR epoch 111: val sparkle 651.0/Mpx resid 0.0660 highlight_ratio 0.395 score=16.276 | mirror sparkle 108.5/Mpx resid 0.0630 highlight_ratio 0.440 (tgt sp<16 resid<0.035) score_streak=46/20(LOG-ONLY) resid_streak=0/20(ABORT)
[v9m] FIRST BATCH mask check (epoch 112, pi=0 s=0): nohit_px(albedo)=0/9216 nohit_effective(differs-from-CURE4)=0 | cross-check vs depth-hit-flag: false_hit_dark(albedo-mask says nohit, depth says REAL HIT)=87 false_miss_albedo(depth says miss, albedo-mask missed it — should be 0)=0
[v9m] NOTE: this single first batch had zero no-hit pixels (crop landed entirely on geometry) — not aborting, waiting for the first EPOCH's aggregate count below.
[v9m] epoch 112/300 n2n_mse=0.011674 lr=0.000073 pool_yaws=[-5.4,-8.6,-14.6] pool_ms=1423 hist_ms=5136 batch_ms=8790 nohit_px=35762/110592(32.34%) nohit_effective=481 (2202.9s)
[v9m] MONITOR epoch 112: val sparkle 651.0/Mpx resid 0.0655 highlight_ratio 0.398 score=16.276 | mirror sparkle 108.5/Mpx resid 0.0625 highlight_ratio 0.444 (tgt sp<16 resid<0.035) score_streak=47/20(LOG-ONLY) resid_streak=0/20(ABORT)
[v9m] FIRST BATCH mask check (epoch 113, pi=3 s=0): nohit_px(albedo)=3138/9216 nohit_effective(differs-from-CURE4)=159 | cross-check vs depth-hit-flag: false_hit_dark(albedo-mask says nohit, depth says REAL HIT)=3 false_miss_albedo(depth says miss, albedo-mask missed it — should be 0)=0
[v9m] epoch 113/300 n2n_mse=0.016139 lr=0.000073 pool_yaws=[-25.2,-12.0,20.6] pool_ms=1439 hist_ms=5110 batch_ms=8829 nohit_px=26139/110592(23.64%) nohit_effective=877 (2220.9s)
[v9m] MONITOR epoch 113: val sparkle 651.0/Mpx resid 0.0651 highlight_ratio 0.402 score=16.276 | mirror sparkle 108.5/Mpx resid 0.0620 highlight_ratio 0.448 (tgt sp<16 resid<0.035) score_streak=48/20(LOG-ONLY) resid_streak=0/20(ABORT)
[v9m] FIRST BATCH mask check (epoch 114, pi=0 s=0): nohit_px(albedo)=7757/9216 nohit_effective(differs-from-CURE4)=30 | cross-check vs depth-hit-flag: false_hit_dark(albedo-mask says nohit, depth says REAL HIT)=0 false_miss_albedo(depth says miss, albedo-mask missed it — should be 0)=0
[v9m] epoch 114/300 n2n_mse=0.005043 lr=0.000072 pool_yaws=[5.0,-5.6,-0.6] pool_ms=1410 hist_ms=5089 batch_ms=8875 nohit_px=33039/110592(29.87%) nohit_effective=739 (2238.8s)
[v9m] MONITOR epoch 114: val sparkle 651.0/Mpx resid 0.0646 highlight_ratio 0.406 score=16.276 | mirror sparkle 108.5/Mpx resid 0.0615 highlight_ratio 0.453 (tgt sp<16 resid<0.035) score_streak=49/20(LOG-ONLY) resid_streak=0/20(ABORT)
[v9m] FIRST BATCH mask check (epoch 115, pi=3 s=1): nohit_px(albedo)=3160/9216 nohit_effective(differs-from-CURE4)=154 | cross-check vs depth-hit-flag: false_hit_dark(albedo-mask says nohit, depth says REAL HIT)=1 false_miss_albedo(depth says miss, albedo-mask missed it — should be 0)=0
[v9m] epoch 115/300 n2n_mse=0.037367 lr=0.000072 pool_yaws=[-7.5,-26.4,6.6] pool_ms=1355 hist_ms=5327 batch_ms=8688 nohit_px=15404/110592(13.93%) nohit_effective=750 (2256.8s)
[v9m] MONITOR epoch 115: val sparkle 651.0/Mpx resid 0.0642 highlight_ratio 0.410 score=16.276 | mirror sparkle 108.5/Mpx resid 0.0610 highlight_ratio 0.457 (tgt sp<16 resid<0.035) score_streak=50/20(LOG-ONLY) resid_streak=0/20(ABORT)
[v9m] FIRST BATCH mask check (epoch 116, pi=1 s=0): nohit_px(albedo)=9216/9216 nohit_effective(differs-from-CURE4)=0 | cross-check vs depth-hit-flag: false_hit_dark(albedo-mask says nohit, depth says REAL HIT)=0 false_miss_albedo(depth says miss, albedo-mask missed it — should be 0)=0
[v9m] epoch 116/300 n2n_mse=0.032529 lr=0.000072 pool_yaws=[29.5,23.0,-6.9] pool_ms=1372 hist_ms=5139 batch_ms=8935 nohit_px=37064/110592(33.51%) nohit_effective=395 (2274.8s)
[v9m] MONITOR epoch 116: val sparkle 651.0/Mpx resid 0.0637 highlight_ratio 0.414 score=16.276 | mirror sparkle 108.5/Mpx resid 0.0605 highlight_ratio 0.461 (tgt sp<16 resid<0.035) score_streak=51/20(LOG-ONLY) resid_streak=0/20(ABORT)
[v9m] FIRST BATCH mask check (epoch 117, pi=2 s=0): nohit_px(albedo)=6098/9216 nohit_effective(differs-from-CURE4)=2 | cross-check vs depth-hit-flag: false_hit_dark(albedo-mask says nohit, depth says REAL HIT)=14 false_miss_albedo(depth says miss, albedo-mask missed it — should be 0)=0
[v9m] epoch 117/300 n2n_mse=0.010386 lr=0.000072 pool_yaws=[-26.1,-22.1,8.0] pool_ms=1309 hist_ms=5124 batch_ms=8795 nohit_px=59152/110592(53.49%) nohit_effective=2435 (2292.6s)
[v9m] MONITOR epoch 117: val sparkle 651.0/Mpx resid 0.0633 highlight_ratio 0.417 score=16.276 | mirror sparkle 108.5/Mpx resid 0.0600 highlight_ratio 0.465 (tgt sp<16 resid<0.035) score_streak=52/20(LOG-ONLY) resid_streak=0/20(ABORT)
[v9m] FIRST BATCH mask check (epoch 118, pi=0 s=2): nohit_px(albedo)=0/9216 nohit_effective(differs-from-CURE4)=0 | cross-check vs depth-hit-flag: false_hit_dark(albedo-mask says nohit, depth says REAL HIT)=0 false_miss_albedo(depth says miss, albedo-mask missed it — should be 0)=0
[v9m] NOTE: this single first batch had zero no-hit pixels (crop landed entirely on geometry) — not aborting, waiting for the first EPOCH's aggregate count below.
[v9m] epoch 118/300 n2n_mse=0.003846 lr=0.000072 pool_yaws=[-9.0,23.5,-0.9] pool_ms=1424 hist_ms=5074 batch_ms=8831 nohit_px=9416/110592(8.51%) nohit_effective=513 (2310.5s)
[v9m] MONITOR epoch 118: val sparkle 651.0/Mpx resid 0.0628 highlight_ratio 0.421 score=16.276 | mirror sparkle 108.5/Mpx resid 0.0596 highlight_ratio 0.469 (tgt sp<16 resid<0.035) score_streak=53/20(LOG-ONLY) resid_streak=0/20(ABORT)
[v9m] FIRST BATCH mask check (epoch 119, pi=1 s=0): nohit_px(albedo)=4792/9216 nohit_effective(differs-from-CURE4)=181 | cross-check vs depth-hit-flag: false_hit_dark(albedo-mask says nohit, depth says REAL HIT)=37 false_miss_albedo(depth says miss, albedo-mask missed it — should be 0)=0
[v9m] epoch 119/300 n2n_mse=0.037411 lr=0.000072 pool_yaws=[-28.6,23.9,-8.6] pool_ms=1395 hist_ms=5207 batch_ms=9039 nohit_px=48700/110592(44.04%) nohit_effective=1565 (2328.7s)
[v9m] MONITOR epoch 119: val sparkle 651.0/Mpx resid 0.0624 highlight_ratio 0.425 score=16.276 | mirror sparkle 108.5/Mpx resid 0.0591 highlight_ratio 0.474 (tgt sp<16 resid<0.035) score_streak=54/20(LOG-ONLY) resid_streak=0/20(ABORT)
[v9m] FIRST BATCH mask check (epoch 120, pi=0 s=2): nohit_px(albedo)=7803/9216 nohit_effective(differs-from-CURE4)=237 | cross-check vs depth-hit-flag: false_hit_dark(albedo-mask says nohit, depth says REAL HIT)=0 false_miss_albedo(depth says miss, albedo-mask missed it — should be 0)=0
[v9m] epoch 120/300 n2n_mse=0.007310 lr=0.000071 pool_yaws=[11.5,5.7,-28.0] pool_ms=1490 hist_ms=5204 batch_ms=9171 nohit_px=32839/110592(29.69%) nohit_effective=918 (2347.1s)
[v9m] MONITOR epoch 120: val sparkle 651.0/Mpx resid 0.0620 highlight_ratio 0.428 score=16.276 | mirror sparkle 108.5/Mpx resid 0.0586 highlight_ratio 0.478 (tgt sp<16 resid<0.035) score_streak=55/20(LOG-ONLY) resid_streak=0/20(ABORT)
[v9m] FIRST BATCH mask check (epoch 121, pi=3 s=0): nohit_px(albedo)=3138/9216 nohit_effective(differs-from-CURE4)=123 | cross-check vs depth-hit-flag: false_hit_dark(albedo-mask says nohit, depth says REAL HIT)=3 false_miss_albedo(depth says miss, albedo-mask missed it — should be 0)=0
[v9m] epoch 121/300 n2n_mse=0.011315 lr=0.000071 pool_yaws=[-10.0,21.4,-0.9] pool_ms=1369 hist_ms=5215 batch_ms=9030 nohit_px=38334/110592(34.66%) nohit_effective=713 (2365.3s)
[v9m] MONITOR epoch 121: val sparkle 651.0/Mpx resid 0.0616 highlight_ratio 0.432 score=16.276 | mirror sparkle 108.5/Mpx resid 0.0581 highlight_ratio 0.482 (tgt sp<16 resid<0.035) score_streak=56/20(LOG-ONLY) resid_streak=0/20(ABORT)
[v9m] FIRST BATCH mask check (epoch 122, pi=2 s=1): nohit_px(albedo)=0/9216 nohit_effective(differs-from-CURE4)=0 | cross-check vs depth-hit-flag: false_hit_dark(albedo-mask says nohit, depth says REAL HIT)=0 false_miss_albedo(depth says miss, albedo-mask missed it — should be 0)=0
[v9m] NOTE: this single first batch had zero no-hit pixels (crop landed entirely on geometry) — not aborting, waiting for the first EPOCH's aggregate count below.
[v9m] epoch 122/300 n2n_mse=0.016091 lr=0.000071 pool_yaws=[-14.6,-5.2,2.7] pool_ms=1299 hist_ms=5085 batch_ms=8900 nohit_px=56264/110592(50.88%) nohit_effective=469 (2383.2s)
[v9m] MONITOR epoch 122: val sparkle 651.0/Mpx resid 0.0611 highlight_ratio 0.436 score=16.276 | mirror sparkle 217.0/Mpx resid 0.0576 highlight_ratio 0.486 (tgt sp<16 resid<0.035) score_streak=57/20(LOG-ONLY) resid_streak=0/20(ABORT)
[v9m] FIRST BATCH mask check (epoch 123, pi=1 s=1): nohit_px(albedo)=0/9216 nohit_effective(differs-from-CURE4)=0 | cross-check vs depth-hit-flag: false_hit_dark(albedo-mask says nohit, depth says REAL HIT)=0 false_miss_albedo(depth says miss, albedo-mask missed it — should be 0)=0
[v9m] NOTE: this single first batch had zero no-hit pixels (crop landed entirely on geometry) — not aborting, waiting for the first EPOCH's aggregate count below.
[v9m] epoch 123/300 n2n_mse=0.003521 lr=0.000071 pool_yaws=[27.2,8.0,-29.5] pool_ms=1287 hist_ms=5087 batch_ms=8678 nohit_px=37064/110592(33.51%) nohit_effective=381 (2400.8s)
[v9m] MONITOR epoch 123: val sparkle 651.0/Mpx resid 0.0607 highlight_ratio 0.440 score=16.276 | mirror sparkle 217.0/Mpx resid 0.0572 highlight_ratio 0.490 (tgt sp<16 resid<0.035) score_streak=58/20(LOG-ONLY) resid_streak=0/20(ABORT)
[v9m] FIRST BATCH mask check (epoch 124, pi=2 s=2): nohit_px(albedo)=0/9216 nohit_effective(differs-from-CURE4)=0 | cross-check vs depth-hit-flag: false_hit_dark(albedo-mask says nohit, depth says REAL HIT)=0 false_miss_albedo(depth says miss, albedo-mask missed it — should be 0)=0
[v9m] NOTE: this single first batch had zero no-hit pixels (crop landed entirely on geometry) — not aborting, waiting for the first EPOCH's aggregate count below.
[v9m] epoch 124/300 n2n_mse=0.006984 lr=0.000071 pool_yaws=[18.3,11.5,9.8] pool_ms=1542 hist_ms=5075 batch_ms=8742 nohit_px=46756/110592(42.28%) nohit_effective=1058 (2418.7s)
[v9m] MONITOR epoch 124: val sparkle 651.0/Mpx resid 0.0603 highlight_ratio 0.444 score=16.276 | mirror sparkle 217.0/Mpx resid 0.0567 highlight_ratio 0.495 (tgt sp<16 resid<0.035) score_streak=59/20(LOG-ONLY) resid_streak=0/20(ABORT)
[v9m] PROBE epoch 124: bar-res(640x480) sparkle 22.8/Mpx resid 0.0651 highlight_ratio 0.474 (tgt sp<16 resid<0.035) took 44.9s
[v9m] WATCHDOG ABORT: bar-res probe sparkle failed the bar at epoch 124 — stopping, keeping best+last (best score=2.713)
[v9m] training done in 2466.1s (best score=2.713)
[v9m] wrote /Users/pascaldisse/projects/magic-crystal-v9body/packages/scrying-glass/data/rdirect-weights-v9m.bin sha256=08f5d242aa181938d23525bdefceed092905b5ee45bee88309bdc5094e150ea2
[v9m] wrote /Users/pascaldisse/projects/magic-crystal-v9body/packages/scrying-glass/data/rdirect-weights-v9m-last.bin sha256=8141943aebcd32ed2769895881df996fea4c6fed1b9273e451e30018823c7530
[v9m] wrote provenance. tag=v9m best=/Users/pascaldisse/projects/magic-crystal-v9body/packages/scrying-glass/data/rdirect-weights-v9m.bin last=/Users/pascaldisse/projects/magic-crystal-v9body/packages/scrying-glass/data/rdirect-weights-v9m-last.bin
