    Finished `release` profile [optimized] target(s) in 0.46s
     Running `/Users/pascaldisse/projects/magic-crystal-v9body/target/release/examples/rdirect_train_v9k`
[v9o] GAIA_V7_SKY_HISTORY reject=true — mandate expects true (set GAIA_V7_SKY_HISTORY=reject)
[v9o] res 128x72 K=3 steps, GAIA_V9_K=8 noise2noise draws (variance/8, teacher validator-only)
[v9o] WATCHDOG two-signal: score_streak=20 LOG-ONLY, resid_streak=20 ABORT, bar-res probe every 25 epochs at 640x480 (K=3 ref=64) ABORT on sparkle>=16
[v9o] CURE 4: overshoot_w=1 — above-ceiling gradient is 2*overshoot_w*(raw-cap)/n (pulls toward the ceiling), no longer zero (see module doc mechanism-hunt verdict)
[v9o] CURE 5: nohit_albedo_sq=0.00000001 — albedo~0/no-hit pixels bypass the clamp/ceiling entirely, ordinary 2*(raw-target)/n always active (autopsy grad-probe-fix section)
[v9o] CURE 5 PROMOTION (v9m): nohit_w=0 — no-hit class supervised at weight nohit_w against its honest n2n target (2*nohit_w*(raw-target)/n), nohit_w<=0.0 falls back to the OLD tiny-side-term/CURE5-off behavior (no-hit pixels run through ordinary CURE4 active/overshoot branches)
[v9o] V9N HIT-GATED BODY: GAIA_V9N_HITGATE=true — architectural cure, monad-specified: no-hit px (depth<=0) composed output := evidence EXACTLY (its own E+D composite, demod-log domain), backward grad to net_out is EXACT ZERO on those px (not a loss-side weight); CURE4/CURE5 branches above are dead for no-hit px when this is on. Default OFF = byte-identical to v9k/v9m (IRON LAW). Monitors (settle/run_monitor) and the bar-res probe evaluate the SAME composed output — see settle()/bar_res_probe.
[v9o] V9O DEGENERATE-DEMOD GATE: GAIA_V9O_DARK_ALB=0.0001 — widens V9N's gate mask (settle/bar_res_probe/train loop, all 3 sites, `v9o_gate_px`) from no-hit to no-hit OR (hit AND albedo luminance<=dark_alb); v9n forensics (scratch/v9n-barres-forensics.log/json, commit 13349d3d) measured the bar-res sparkle class = 11/11 HIT px with albedo EXACTLY 0.0 (demod divisor degenerates to 1.0 like sky) — the trainer's own false_hit_dark population, re-gated here instead of merely counted. dark_alb<=0.0 disables the extension entirely (guard, not a never-matching threshold) = v9n byte-identical (IRON LAW). Per-epoch dark_alb_px/dark_gated_px counted separately from nohit_px/gated_px below (no-silent-cure law).
[v9o] POSE DIVERSITY POOL (v9c/v9e parity): orbit±30deg jitter±0.6 around 2 anchors (front-pivot family x2 draws/epoch, wide-anchor family x1 draw/epoch) + mirror unconditional (fixed) — fresh draws every epoch, CURE 3 winsorize_k=0 (OFF if 0)
[v9o] rendered mirror(train) + 2 VALIDATOR (orbit_-20, mirror — FIXED, held-out) pose sequences (128x72, teacher 64 VALIDATOR ONLY, pan_step=0.004, mirror_spp=4) in 1.3s
[v9o] V9K CROP TRAINING: pool draws (front-pivot x2, wide-anchor x1) now render 128x72 CROPS of a virtual 640x480 frame (asymmetric frustum, cost=128x72 not 640x480), pad_margin=0 sky_bias_prob=0 (0.0=uniform) — mirror/val stay full-frame, bar-res probe (below) stays the judge, unchanged
[v9o] UnetConfig widths=[24, 40, 64] n_scales=3 params≈163083
[v9o] MONITOR epoch -1 (fresh He-init): val sparkle 0.0/Mpx resid 0.0372 highlight_ratio 0.739 score=1.063 | mirror sparkle 0.0/Mpx resid 0.0521 highlight_ratio 0.914 (tgt sp<16 resid<0.035) *BEST->saved score_streak=0/20(LOG-ONLY) resid_streak=0/20(ABORT)
[v9o] FIRST BATCH mask check (epoch 0, pi=1 s=2): nohit_px(albedo)=0/9216 nohit_effective(differs-from-CURE4)=0 dark_alb_px(v9o degenerate-demod HIT px, dark_alb=0.0001)=0 | cross-check vs depth-hit-flag: false_hit_dark(albedo-mask says nohit, depth says REAL HIT)=0 false_miss_albedo(depth says miss, albedo-mask missed it — should be 0)=0
[v9o] NOTE: this single first batch had zero no-hit pixels (crop landed entirely on geometry) — not aborting, waiting for the first EPOCH's aggregate count below.
[v9o] epoch 0/300 n2n_mse=0.182103 lr=0.000100 pool_yaws=[-11.4,9.4,1.9] pool_ms=1172 hist_ms=4973 batch_ms=7923 nohit_px=16599/110592(15.01%) nohit_effective=24 hitgate=true gated_px=16599 dark_alb_px=1273 dark_gated_px=1273 (14.1s)
[v9o] MONITOR epoch 0: val sparkle 0.0/Mpx resid 0.0372 highlight_ratio 0.739 score=1.063 | mirror sparkle 0.0/Mpx resid 0.0521 highlight_ratio 0.914 (tgt sp<16 resid<0.035) *BEST->saved score_streak=0/20(LOG-ONLY) resid_streak=0/20(ABORT)
[v9o] FIRST BATCH mask check (epoch 1, pi=3 s=2): nohit_px(albedo)=3118/9216 nohit_effective(differs-from-CURE4)=39 dark_alb_px(v9o degenerate-demod HIT px, dark_alb=0.0001)=3 | cross-check vs depth-hit-flag: false_hit_dark(albedo-mask says nohit, depth says REAL HIT)=3 false_miss_albedo(depth says miss, albedo-mask missed it — should be 0)=0
[v9o] epoch 1/300 n2n_mse=0.107085 lr=0.000100 pool_yaws=[19.7,16.9,-22.6] pool_ms=1067 hist_ms=4947 batch_ms=7184 nohit_px=37064/110592(33.51%) nohit_effective=450 hitgate=true gated_px=37064 dark_alb_px=1903 dark_gated_px=1903 (29.7s)
[v9o] MONITOR epoch 1: val sparkle 0.0/Mpx resid 0.0372 highlight_ratio 0.739 score=1.063 | mirror sparkle 0.0/Mpx resid 0.0519 highlight_ratio 0.914 (tgt sp<16 resid<0.035) *BEST->saved score_streak=0/20(LOG-ONLY) resid_streak=0/20(ABORT)
[v9o] FIRST BATCH mask check (epoch 2, pi=3 s=1): nohit_px(albedo)=3160/9216 nohit_effective(differs-from-CURE4)=479 dark_alb_px(v9o degenerate-demod HIT px, dark_alb=0.0001)=1 | cross-check vs depth-hit-flag: false_hit_dark(albedo-mask says nohit, depth says REAL HIT)=1 false_miss_albedo(depth says miss, albedo-mask missed it — should be 0)=0
[v9o] epoch 2/300 n2n_mse=0.021851 lr=0.000099 pool_yaws=[-2.5,27.6,-27.4] pool_ms=1137 hist_ms=4975 batch_ms=6262 nohit_px=76616/110592(69.28%) nohit_effective=4421 hitgate=true gated_px=76616 dark_alb_px=86 dark_gated_px=86 (44.6s)
[v9o] MONITOR epoch 2: val sparkle 0.0/Mpx resid 0.0372 highlight_ratio 0.739 score=1.062 | mirror sparkle 0.0/Mpx resid 0.0517 highlight_ratio 0.914 (tgt sp<16 resid<0.035) *BEST->saved score_streak=0/20(LOG-ONLY) resid_streak=0/20(ABORT)
[v9o] FIRST BATCH mask check (epoch 3, pi=2 s=2): nohit_px(albedo)=0/9216 nohit_effective(differs-from-CURE4)=0 dark_alb_px(v9o degenerate-demod HIT px, dark_alb=0.0001)=0 | cross-check vs depth-hit-flag: false_hit_dark(albedo-mask says nohit, depth says REAL HIT)=0 false_miss_albedo(depth says miss, albedo-mask missed it — should be 0)=0
[v9o] NOTE: this single first batch had zero no-hit pixels (crop landed entirely on geometry) — not aborting, waiting for the first EPOCH's aggregate count below.
[v9o] epoch 3/300 n2n_mse=0.024409 lr=0.000099 pool_yaws=[4.3,-16.9,-8.8] pool_ms=1169 hist_ms=4961 batch_ms=7944 nohit_px=9416/110592(8.51%) nohit_effective=1937 hitgate=true gated_px=9416 dark_alb_px=132 dark_gated_px=132 (61.2s)
[v9o] MONITOR epoch 3: val sparkle 0.0/Mpx resid 0.0371 highlight_ratio 0.739 score=1.061 | mirror sparkle 0.0/Mpx resid 0.0515 highlight_ratio 0.914 (tgt sp<16 resid<0.035) *BEST->saved score_streak=0/20(LOG-ONLY) resid_streak=0/20(ABORT)
[v9o] FIRST BATCH mask check (epoch 4, pi=3 s=1): nohit_px(albedo)=3160/9216 nohit_effective(differs-from-CURE4)=572 dark_alb_px(v9o degenerate-demod HIT px, dark_alb=0.0001)=1 | cross-check vs depth-hit-flag: false_hit_dark(albedo-mask says nohit, depth says REAL HIT)=1 false_miss_albedo(depth says miss, albedo-mask missed it — should be 0)=0
[v9o] epoch 4/300 n2n_mse=0.042413 lr=0.000099 pool_yaws=[-28.4,24.3,-21.1] pool_ms=1197 hist_ms=4953 batch_ms=7570 nohit_px=28577/110592(25.84%) nohit_effective=2858 hitgate=true gated_px=28577 dark_alb_px=739 dark_gated_px=739 (77.4s)
[v9o] MONITOR epoch 4: val sparkle 0.0/Mpx resid 0.0371 highlight_ratio 0.739 score=1.060 | mirror sparkle 0.0/Mpx resid 0.0513 highlight_ratio 0.914 (tgt sp<16 resid<0.035) *BEST->saved score_streak=0/20(LOG-ONLY) resid_streak=0/20(ABORT)
[v9o] FIRST BATCH mask check (epoch 5, pi=2 s=1): nohit_px(albedo)=0/9216 nohit_effective(differs-from-CURE4)=0 dark_alb_px(v9o degenerate-demod HIT px, dark_alb=0.0001)=0 | cross-check vs depth-hit-flag: false_hit_dark(albedo-mask says nohit, depth says REAL HIT)=0 false_miss_albedo(depth says miss, albedo-mask missed it — should be 0)=0
[v9o] NOTE: this single first batch had zero no-hit pixels (crop landed entirely on geometry) — not aborting, waiting for the first EPOCH's aggregate count below.
[v9o] epoch 5/300 n2n_mse=0.046766 lr=0.000098 pool_yaws=[-1.0,13.5,9.7] pool_ms=1220 hist_ms=4955 batch_ms=8078 nohit_px=10914/110592(9.87%) nohit_effective=3871 hitgate=true gated_px=10914 dark_alb_px=614 dark_gated_px=614 (94.1s)
[v9o] MONITOR epoch 5: val sparkle 0.0/Mpx resid 0.0371 highlight_ratio 0.739 score=1.059 | mirror sparkle 0.0/Mpx resid 0.0511 highlight_ratio 0.914 (tgt sp<16 resid<0.035) *BEST->saved score_streak=0/20(LOG-ONLY) resid_streak=0/20(ABORT)
[v9o] FIRST BATCH mask check (epoch 6, pi=0 s=2): nohit_px(albedo)=0/9216 nohit_effective(differs-from-CURE4)=0 dark_alb_px(v9o degenerate-demod HIT px, dark_alb=0.0001)=157 | cross-check vs depth-hit-flag: false_hit_dark(albedo-mask says nohit, depth says REAL HIT)=157 false_miss_albedo(depth says miss, albedo-mask missed it — should be 0)=0
[v9o] NOTE: this single first batch had zero no-hit pixels (crop landed entirely on geometry) — not aborting, waiting for the first EPOCH's aggregate count below.
[v9o] epoch 6/300 n2n_mse=0.044916 lr=0.000098 pool_yaws=[29.2,-7.3,13.3] pool_ms=1119 hist_ms=4984 batch_ms=7578 nohit_px=29000/110592(26.22%) nohit_effective=8501 hitgate=true gated_px=29000 dark_alb_px=614 dark_gated_px=614 (110.3s)
[v9o] MONITOR epoch 6: val sparkle 0.0/Mpx resid 0.0371 highlight_ratio 0.739 score=1.059 | mirror sparkle 0.0/Mpx resid 0.0508 highlight_ratio 0.914 (tgt sp<16 resid<0.035) *BEST->saved score_streak=0/20(LOG-ONLY) resid_streak=0/20(ABORT)
[v9o] FIRST BATCH mask check (epoch 7, pi=0 s=2): nohit_px(albedo)=0/9216 nohit_effective(differs-from-CURE4)=0 dark_alb_px(v9o degenerate-demod HIT px, dark_alb=0.0001)=0 | cross-check vs depth-hit-flag: false_hit_dark(albedo-mask says nohit, depth says REAL HIT)=0 false_miss_albedo(depth says miss, albedo-mask missed it — should be 0)=0
[v9o] NOTE: this single first batch had zero no-hit pixels (crop landed entirely on geometry) — not aborting, waiting for the first EPOCH's aggregate count below.
[v9o] epoch 7/300 n2n_mse=0.010970 lr=0.000098 pool_yaws=[27.2,-16.6,16.3] pool_ms=1270 hist_ms=5077 batch_ms=7380 nohit_px=37064/110592(33.51%) nohit_effective=33594 hitgate=true gated_px=37064 dark_alb_px=7 dark_gated_px=7 (126.5s)
[v9o] MONITOR epoch 7: val sparkle 0.0/Mpx resid 0.0370 highlight_ratio 0.739 score=1.058 | mirror sparkle 0.0/Mpx resid 0.0506 highlight_ratio 0.914 (tgt sp<16 resid<0.035) *BEST->saved score_streak=0/20(LOG-ONLY) resid_streak=0/20(ABORT)
[v9o] FIRST BATCH mask check (epoch 8, pi=0 s=0): nohit_px(albedo)=6457/9216 nohit_effective(differs-from-CURE4)=5899 dark_alb_px(v9o degenerate-demod HIT px, dark_alb=0.0001)=0 | cross-check vs depth-hit-flag: false_hit_dark(albedo-mask says nohit, depth says REAL HIT)=0 false_miss_albedo(depth says miss, albedo-mask missed it — should be 0)=0
[v9o] epoch 8/300 n2n_mse=0.016589 lr=0.000097 pool_yaws=[-25.4,-28.5,-17.7] pool_ms=1336 hist_ms=5055 batch_ms=7400 nohit_px=45512/110592(41.15%) nohit_effective=36770 hitgate=true gated_px=45512 dark_alb_px=83 dark_gated_px=83 (142.9s)
[v9o] MONITOR epoch 8: val sparkle 0.0/Mpx resid 0.0370 highlight_ratio 0.739 score=1.057 | mirror sparkle 0.0/Mpx resid 0.0504 highlight_ratio 0.914 (tgt sp<16 resid<0.035) *BEST->saved score_streak=0/20(LOG-ONLY) resid_streak=0/20(ABORT)
[v9o] FIRST BATCH mask check (epoch 9, pi=2 s=0): nohit_px(albedo)=0/9216 nohit_effective(differs-from-CURE4)=0 dark_alb_px(v9o degenerate-demod HIT px, dark_alb=0.0001)=0 | cross-check vs depth-hit-flag: false_hit_dark(albedo-mask says nohit, depth says REAL HIT)=0 false_miss_albedo(depth says miss, albedo-mask missed it — should be 0)=0
[v9o] NOTE: this single first batch had zero no-hit pixels (crop landed entirely on geometry) — not aborting, waiting for the first EPOCH's aggregate count below.
[v9o] epoch 9/300 n2n_mse=0.011937 lr=0.000097 pool_yaws=[-23.2,10.3,-16.3] pool_ms=1251 hist_ms=5047 batch_ms=7209 nohit_px=37064/110592(33.51%) nohit_effective=6976 hitgate=true gated_px=37064 dark_alb_px=7 dark_gated_px=7 (158.9s)
[v9o] MONITOR epoch 9: val sparkle 0.0/Mpx resid 0.0370 highlight_ratio 0.739 score=1.056 | mirror sparkle 0.0/Mpx resid 0.0502 highlight_ratio 0.914 (tgt sp<16 resid<0.035) *BEST->saved score_streak=0/20(LOG-ONLY) resid_streak=0/20(ABORT)
[v9o] FIRST BATCH mask check (epoch 10, pi=0 s=2): nohit_px(albedo)=0/9216 nohit_effective(differs-from-CURE4)=0 dark_alb_px(v9o degenerate-demod HIT px, dark_alb=0.0001)=0 | cross-check vs depth-hit-flag: false_hit_dark(albedo-mask says nohit, depth says REAL HIT)=0 false_miss_albedo(depth says miss, albedo-mask missed it — should be 0)=0
[v9o] NOTE: this single first batch had zero no-hit pixels (crop landed entirely on geometry) — not aborting, waiting for the first EPOCH's aggregate count below.
[v9o] epoch 10/300 n2n_mse=0.010884 lr=0.000097 pool_yaws=[11.3,-12.2,9.6] pool_ms=1451 hist_ms=5002 batch_ms=7875 nohit_px=9416/110592(8.51%) nohit_effective=9119 hitgate=true gated_px=9416 dark_alb_px=7 dark_gated_px=7 (175.8s)
[v9o] MONITOR epoch 10: val sparkle 0.0/Mpx resid 0.0369 highlight_ratio 0.739 score=1.055 | mirror sparkle 0.0/Mpx resid 0.0499 highlight_ratio 0.914 (tgt sp<16 resid<0.035) *BEST->saved score_streak=0/20(LOG-ONLY) resid_streak=0/20(ABORT)
[v9o] FIRST BATCH mask check (epoch 11, pi=1 s=1): nohit_px(albedo)=0/9216 nohit_effective(differs-from-CURE4)=0 dark_alb_px(v9o degenerate-demod HIT px, dark_alb=0.0001)=0 | cross-check vs depth-hit-flag: false_hit_dark(albedo-mask says nohit, depth says REAL HIT)=0 false_miss_albedo(depth says miss, albedo-mask missed it — should be 0)=0
[v9o] NOTE: this single first batch had zero no-hit pixels (crop landed entirely on geometry) — not aborting, waiting for the first EPOCH's aggregate count below.
[v9o] epoch 11/300 n2n_mse=0.008711 lr=0.000096 pool_yaws=[-26.4,26.5,-13.6] pool_ms=1147 hist_ms=4990 batch_ms=8144 nohit_px=9416/110592(8.51%) nohit_effective=9193 hitgate=true gated_px=9416 dark_alb_px=7 dark_gated_px=7 (192.5s)
[v9o] MONITOR epoch 11: val sparkle 0.0/Mpx resid 0.0369 highlight_ratio 0.740 score=1.054 | mirror sparkle 0.0/Mpx resid 0.0497 highlight_ratio 0.914 (tgt sp<16 resid<0.035) *BEST->saved score_streak=0/20(LOG-ONLY) resid_streak=0/20(ABORT)
[v9o] FIRST BATCH mask check (epoch 12, pi=3 s=0): nohit_px(albedo)=3138/9216 nohit_effective(differs-from-CURE4)=2919 dark_alb_px(v9o degenerate-demod HIT px, dark_alb=0.0001)=3 | cross-check vs depth-hit-flag: false_hit_dark(albedo-mask says nohit, depth says REAL HIT)=3 false_miss_albedo(depth says miss, albedo-mask missed it — should be 0)=0
[v9o] epoch 12/300 n2n_mse=0.011599 lr=0.000096 pool_yaws=[-8.8,-15.8,23.0] pool_ms=1413 hist_ms=5007 batch_ms=7368 nohit_px=43467/110592(39.30%) nohit_effective=40637 hitgate=true gated_px=43467 dark_alb_px=7 dark_gated_px=7 (208.8s)
[v9o] MONITOR epoch 12: val sparkle 0.0/Mpx resid 0.0369 highlight_ratio 0.740 score=1.053 | mirror sparkle 0.0/Mpx resid 0.0495 highlight_ratio 0.914 (tgt sp<16 resid<0.035) *BEST->saved score_streak=0/20(LOG-ONLY) resid_streak=0/20(ABORT)
[v9o] FIRST BATCH mask check (epoch 13, pi=1 s=2): nohit_px(albedo)=0/9216 nohit_effective(differs-from-CURE4)=0 dark_alb_px(v9o degenerate-demod HIT px, dark_alb=0.0001)=0 | cross-check vs depth-hit-flag: false_hit_dark(albedo-mask says nohit, depth says REAL HIT)=0 false_miss_albedo(depth says miss, albedo-mask missed it — should be 0)=0
[v9o] NOTE: this single first batch had zero no-hit pixels (crop landed entirely on geometry) — not aborting, waiting for the first EPOCH's aggregate count below.
[v9o] epoch 13/300 n2n_mse=0.010468 lr=0.000096 pool_yaws=[22.4,-5.4,-21.0] pool_ms=1149 hist_ms=4929 batch_ms=8124 nohit_px=17120/110592(15.48%) nohit_effective=16918 hitgate=true gated_px=17120 dark_alb_px=7 dark_gated_px=7 (225.5s)
[v9o] MONITOR epoch 13: val sparkle 0.0/Mpx resid 0.0368 highlight_ratio 0.740 score=1.052 | mirror sparkle 0.0/Mpx resid 0.0492 highlight_ratio 0.914 (tgt sp<16 resid<0.035) *BEST->saved score_streak=0/20(LOG-ONLY) resid_streak=0/20(ABORT)
[v9o] FIRST BATCH mask check (epoch 14, pi=1 s=0): nohit_px(albedo)=5632/9216 nohit_effective(differs-from-CURE4)=5850 dark_alb_px(v9o degenerate-demod HIT px, dark_alb=0.0001)=0 | cross-check vs depth-hit-flag: false_hit_dark(albedo-mask says nohit, depth says REAL HIT)=0 false_miss_albedo(depth says miss, albedo-mask missed it — should be 0)=0
[v9o] epoch 14/300 n2n_mse=0.010331 lr=0.000096 pool_yaws=[-20.5,-24.3,14.6] pool_ms=1245 hist_ms=4979 batch_ms=8024 nohit_px=26051/110592(23.56%) nohit_effective=27010 hitgate=true gated_px=26051 dark_alb_px=7 dark_gated_px=7 (242.3s)
[v9o] MONITOR epoch 14: val sparkle 0.0/Mpx resid 0.0368 highlight_ratio 0.740 score=1.051 | mirror sparkle 0.0/Mpx resid 0.0490 highlight_ratio 0.914 (tgt sp<16 resid<0.035) *BEST->saved score_streak=0/20(LOG-ONLY) resid_streak=0/20(ABORT)
[v9o] FIRST BATCH mask check (epoch 15, pi=3 s=0): nohit_px(albedo)=3138/9216 nohit_effective(differs-from-CURE4)=3248 dark_alb_px(v9o degenerate-demod HIT px, dark_alb=0.0001)=3 | cross-check vs depth-hit-flag: false_hit_dark(albedo-mask says nohit, depth says REAL HIT)=3 false_miss_albedo(depth says miss, albedo-mask missed it — should be 0)=0
[v9o] epoch 15/300 n2n_mse=0.011014 lr=0.000095 pool_yaws=[-17.1,-17.3,-20.0] pool_ms=1187 hist_ms=4994 batch_ms=7609 nohit_px=35066/110592(31.71%) nohit_effective=34687 hitgate=true gated_px=35066 dark_alb_px=52 dark_gated_px=52 (258.6s)
[v9o] MONITOR epoch 15: val sparkle 0.0/Mpx resid 0.0368 highlight_ratio 0.740 score=1.050 | mirror sparkle 0.0/Mpx resid 0.0487 highlight_ratio 0.914 (tgt sp<16 resid<0.035) *BEST->saved score_streak=0/20(LOG-ONLY) resid_streak=0/20(ABORT)
[v9o] FIRST BATCH mask check (epoch 16, pi=3 s=1): nohit_px(albedo)=3160/9216 nohit_effective(differs-from-CURE4)=3288 dark_alb_px(v9o degenerate-demod HIT px, dark_alb=0.0001)=1 | cross-check vs depth-hit-flag: false_hit_dark(albedo-mask says nohit, depth says REAL HIT)=1 false_miss_albedo(depth says miss, albedo-mask missed it — should be 0)=0
[v9o] epoch 16/300 n2n_mse=0.025957 lr=0.000095 pool_yaws=[2.4,-9.2,23.9] pool_ms=1257 hist_ms=5041 batch_ms=6707 nohit_px=64167/110592(58.02%) nohit_effective=62220 hitgate=true gated_px=64167 dark_alb_px=774 dark_gated_px=774 (274.1s)
[v9o] MONITOR epoch 16: val sparkle 0.0/Mpx resid 0.0367 highlight_ratio 0.740 score=1.049 | mirror sparkle 0.0/Mpx resid 0.0485 highlight_ratio 0.914 (tgt sp<16 resid<0.035) *BEST->saved score_streak=0/20(LOG-ONLY) resid_streak=0/20(ABORT)
[v9o] FIRST BATCH mask check (epoch 17, pi=2 s=2): nohit_px(albedo)=0/9216 nohit_effective(differs-from-CURE4)=0 dark_alb_px(v9o degenerate-demod HIT px, dark_alb=0.0001)=0 | cross-check vs depth-hit-flag: false_hit_dark(albedo-mask says nohit, depth says REAL HIT)=0 false_miss_albedo(depth says miss, albedo-mask missed it — should be 0)=0
[v9o] NOTE: this single first batch had zero no-hit pixels (crop landed entirely on geometry) — not aborting, waiting for the first EPOCH's aggregate count below.
[v9o] epoch 17/300 n2n_mse=0.020690 lr=0.000095 pool_yaws=[-6.9,2.3,25.6] pool_ms=1469 hist_ms=5047 batch_ms=8235 nohit_px=11102/110592(10.04%) nohit_effective=12384 hitgate=true gated_px=11102 dark_alb_px=130 dark_gated_px=130 (291.4s)
[v9o] MONITOR epoch 17: val sparkle 0.0/Mpx resid 0.0367 highlight_ratio 0.740 score=1.048 | mirror sparkle 0.0/Mpx resid 0.0482 highlight_ratio 0.914 (tgt sp<16 resid<0.035) *BEST->saved score_streak=0/20(LOG-ONLY) resid_streak=0/20(ABORT)
[v9o] FIRST BATCH mask check (epoch 18, pi=0 s=0): nohit_px(albedo)=9216/9216 nohit_effective(differs-from-CURE4)=8737 dark_alb_px(v9o degenerate-demod HIT px, dark_alb=0.0001)=0 | cross-check vs depth-hit-flag: false_hit_dark(albedo-mask says nohit, depth says REAL HIT)=0 false_miss_albedo(depth says miss, albedo-mask missed it — should be 0)=0
[v9o] epoch 18/300 n2n_mse=0.037183 lr=0.000094 pool_yaws=[-22.4,18.8,-2.8] pool_ms=1317 hist_ms=5043 batch_ms=7429 nohit_px=40166/110592(36.32%) nohit_effective=40273 hitgate=true gated_px=40166 dark_alb_px=624 dark_gated_px=624 (307.7s)
[v9o] MONITOR epoch 18: val sparkle 0.0/Mpx resid 0.0366 highlight_ratio 0.740 score=1.047 | mirror sparkle 0.0/Mpx resid 0.0480 highlight_ratio 0.914 (tgt sp<16 resid<0.035) *BEST->saved score_streak=0/20(LOG-ONLY) resid_streak=0/20(ABORT)
[v9o] FIRST BATCH mask check (epoch 19, pi=0 s=2): nohit_px(albedo)=9216/9216 nohit_effective(differs-from-CURE4)=8870 dark_alb_px(v9o degenerate-demod HIT px, dark_alb=0.0001)=0 | cross-check vs depth-hit-flag: false_hit_dark(albedo-mask says nohit, depth says REAL HIT)=0 false_miss_albedo(depth says miss, albedo-mask missed it — should be 0)=0
[v9o] epoch 19/300 n2n_mse=0.023057 lr=0.000094 pool_yaws=[-19.2,-24.2,23.8] pool_ms=1277 hist_ms=5010 batch_ms=7507 nohit_px=37064/110592(33.51%) nohit_effective=37500 hitgate=true gated_px=37064 dark_alb_px=747 dark_gated_px=747 (324.1s)
[v9o] MONITOR epoch 19: val sparkle 0.0/Mpx resid 0.0366 highlight_ratio 0.740 score=1.046 | mirror sparkle 0.0/Mpx resid 0.0477 highlight_ratio 0.914 (tgt sp<16 resid<0.035) *BEST->saved score_streak=0/20(LOG-ONLY) resid_streak=0/20(ABORT)
[v9o] FIRST BATCH mask check (epoch 20, pi=3 s=0): nohit_px(albedo)=3138/9216 nohit_effective(differs-from-CURE4)=3760 dark_alb_px(v9o degenerate-demod HIT px, dark_alb=0.0001)=3 | cross-check vs depth-hit-flag: false_hit_dark(albedo-mask says nohit, depth says REAL HIT)=3 false_miss_albedo(depth says miss, albedo-mask missed it — should be 0)=0
[v9o] epoch 20/300 n2n_mse=0.009008 lr=0.000094 pool_yaws=[-10.8,10.3,27.6] pool_ms=1284 hist_ms=4989 batch_ms=7341 nohit_px=47703/110592(43.13%) nohit_effective=48048 hitgate=true gated_px=47703 dark_alb_px=7 dark_gated_px=7 (340.2s)
[v9o] MONITOR epoch 20: val sparkle 0.0/Mpx resid 0.0366 highlight_ratio 0.740 score=1.045 | mirror sparkle 0.0/Mpx resid 0.0475 highlight_ratio 0.914 (tgt sp<16 resid<0.035) *BEST->saved score_streak=0/20(LOG-ONLY) resid_streak=0/20(ABORT)
[v9o] FIRST BATCH mask check (epoch 21, pi=2 s=1): nohit_px(albedo)=1672/9216 nohit_effective(differs-from-CURE4)=1805 dark_alb_px(v9o degenerate-demod HIT px, dark_alb=0.0001)=394 | cross-check vs depth-hit-flag: false_hit_dark(albedo-mask says nohit, depth says REAL HIT)=394 false_miss_albedo(depth says miss, albedo-mask missed it — should be 0)=0
[v9o] epoch 21/300 n2n_mse=0.052331 lr=0.000093 pool_yaws=[15.6,8.3,20.9] pool_ms=1149 hist_ms=4979 batch_ms=7977 nohit_px=27176/110592(24.57%) nohit_effective=29110 hitgate=true gated_px=27176 dark_alb_px=1194 dark_gated_px=1194 (356.8s)
[v9o] MONITOR epoch 21: val sparkle 0.0/Mpx resid 0.0365 highlight_ratio 0.740 score=1.043 | mirror sparkle 0.0/Mpx resid 0.0472 highlight_ratio 0.914 (tgt sp<16 resid<0.035) *BEST->saved score_streak=0/20(LOG-ONLY) resid_streak=0/20(ABORT)
[v9o] FIRST BATCH mask check (epoch 22, pi=1 s=0): nohit_px(albedo)=0/9216 nohit_effective(differs-from-CURE4)=0 dark_alb_px(v9o degenerate-demod HIT px, dark_alb=0.0001)=0 | cross-check vs depth-hit-flag: false_hit_dark(albedo-mask says nohit, depth says REAL HIT)=0 false_miss_albedo(depth says miss, albedo-mask missed it — should be 0)=0
[v9o] NOTE: this single first batch had zero no-hit pixels (crop landed entirely on geometry) — not aborting, waiting for the first EPOCH's aggregate count below.
[v9o] epoch 22/300 n2n_mse=0.005798 lr=0.000093 pool_yaws=[19.1,-13.1,10.0] pool_ms=1433 hist_ms=5005 batch_ms=8564 nohit_px=9416/110592(8.51%) nohit_effective=11314 hitgate=true gated_px=9416 dark_alb_px=7 dark_gated_px=7 (374.3s)
[v9o] MONITOR epoch 22: val sparkle 0.0/Mpx resid 0.0365 highlight_ratio 0.740 score=1.042 | mirror sparkle 0.0/Mpx resid 0.0469 highlight_ratio 0.914 (tgt sp<16 resid<0.035) *BEST->saved score_streak=0/20(LOG-ONLY) resid_streak=0/20(ABORT)
[v9o] FIRST BATCH mask check (epoch 23, pi=1 s=0): nohit_px(albedo)=8684/9216 nohit_effective(differs-from-CURE4)=8527 dark_alb_px(v9o degenerate-demod HIT px, dark_alb=0.0001)=0 | cross-check vs depth-hit-flag: false_hit_dark(albedo-mask says nohit, depth says REAL HIT)=0 false_miss_albedo(depth says miss, albedo-mask missed it — should be 0)=0
[v9o] epoch 23/300 n2n_mse=0.006605 lr=0.000093 pool_yaws=[25.2,-13.6,22.1] pool_ms=1097 hist_ms=4972 batch_ms=6682 nohit_px=63538/110592(57.45%) nohit_effective=64282 hitgate=true gated_px=63538 dark_alb_px=7 dark_gated_px=7 (389.5s)
[v9o] MONITOR epoch 23: val sparkle 0.0/Mpx resid 0.0364 highlight_ratio 0.740 score=1.041 | mirror sparkle 0.0/Mpx resid 0.0467 highlight_ratio 0.914 (tgt sp<16 resid<0.035) *BEST->saved score_streak=0/20(LOG-ONLY) resid_streak=0/20(ABORT)
[v9o] FIRST BATCH mask check (epoch 24, pi=2 s=2): nohit_px(albedo)=6656/9216 nohit_effective(differs-from-CURE4)=7072 dark_alb_px(v9o degenerate-demod HIT px, dark_alb=0.0001)=0 | cross-check vs depth-hit-flag: false_hit_dark(albedo-mask says nohit, depth says REAL HIT)=0 false_miss_albedo(depth says miss, albedo-mask missed it — should be 0)=0
[v9o] epoch 24/300 n2n_mse=0.005233 lr=0.000093 pool_yaws=[21.0,-21.0,6.1] pool_ms=1087 hist_ms=4956 batch_ms=7028 nohit_px=56981/110592(51.52%) nohit_effective=59023 hitgate=true gated_px=56981 dark_alb_px=7 dark_gated_px=7 (405.1s)
[v9o] MONITOR epoch 24: val sparkle 0.0/Mpx resid 0.0364 highlight_ratio 0.740 score=1.040 | mirror sparkle 0.0/Mpx resid 0.0464 highlight_ratio 0.914 (tgt sp<16 resid<0.035) *BEST->saved score_streak=0/20(LOG-ONLY) resid_streak=0/20(ABORT)
[v9o] PROBE epoch 24: bar-res(640x480) sparkle 81.4/Mpx resid 0.0419 highlight_ratio 0.841 (tgt sp<16 resid<0.035) took 42.8s
[v9o] WATCHDOG ABORT: bar-res probe sparkle failed the bar at epoch 24 — stopping, keeping best+last (best score=1.040)
[v9o] training done in 450.4s (best score=1.040)
[v9o] wrote /Users/pascaldisse/projects/magic-crystal-v9body/packages/scrying-glass/data/rdirect-weights-v9o.bin sha256=231c4b4b5a1acea440788cdc9d49ffa077d5a960e718133897e37399e72efb6b
[v9o] wrote /Users/pascaldisse/projects/magic-crystal-v9body/packages/scrying-glass/data/rdirect-weights-v9o-last.bin sha256=231c4b4b5a1acea440788cdc9d49ffa077d5a960e718133897e37399e72efb6b
[v9o] wrote provenance. tag=v9o best=/Users/pascaldisse/projects/magic-crystal-v9body/packages/scrying-glass/data/rdirect-weights-v9o.bin last=/Users/pascaldisse/projects/magic-crystal-v9body/packages/scrying-glass/data/rdirect-weights-v9o-last.bin
