    Finished `release` profile [optimized] target(s) in 0.49s
     Running `/Users/pascaldisse/projects/magic-crystal-v9body/target/release/examples/rdirect_v9p_barres_forensics`
[v9p-barres-forensics] GAIA_V7_SKY_HISTORY reject=false GAIA_V9N_HITGATE gate_on=true GAIA_V9O_DARK_ALB=0.0001 GAIA_V9P_DARK_CAP_DELTA=0.1
[v9p-barres-forensics] loaded "/Users/pascaldisse/projects/magic-crystal-v9body/packages/scrying-glass/data/rdirect-weights-v9p-last.bin" (652632 bytes)
[v9p-barres-forensics] bar-res 640x480 K=3 steps, ref_frames=64, K_DRAWS=8, target n_repeats=32
[v9p-barres-forensics] bar-res sparkle 19.5/Mpx (reference: v9p training-time PROBE epoch 99 reported 19.5/Mpx at this same res/pose — this run's own trace RNG differs from training's, small drift expected)
[v9p-barres-forensics] 6 sparkle-flagged texels located
# V9P BAR-RES SPARKLE CLASS FORENSICS — bar-res 640x480, val_cam=orbit_-20, weights="/Users/pascaldisse/projects/magic-crystal-v9body/packages/scrying-glass/data/rdirect-weights-v9p-last.bin", gate_on=true dark_alb=0.0001 dark_cap_delta=0.1
# domain: dl = demod-log (loss space); lin = linear radiance (undo_log_demod). Luminance = 0.2126R+0.7152G+0.0722B.
# branch: nohit-gate (v9n, depth<=0, composed:=evidence) | dark-cap (v9p, hit+albedo<=dark_alb, capped at 3x3 evidence-median+delta) | normal-ceiling (CURE4/CURE5 evidence-ceiling clamp).
# columns: px err_lin(sparkle) hit(depth>0) branch depth | albedo | evidence_lin(E+D composite, this step) | net_raw_dl net_composed_lin(post-branch) | teacher_lin | cap_dl(the branch's own ceiling/cap/evidence value) | target_dl_mean/target_lin_of_dl_mean(n2n-equivalent, n_repeats x K=8 draws) | nbr3x3_hit(row-major, self=X) nbr3x3_albedo_lum(row-major)
px=(282,247) err_lin=0.4213 hit=true branch=dark-cap depth=182.2851 | albedo=(0.0000,0.0000,0.0000) | evidence_lin=(0.0190,0.2286,0.3422) | net_raw_dl=(0.3976,0.4367,0.6381) net_composed_lin=(0.4882,0.5476,0.8929) | teacher_lin=(0.0158,0.1635,0.2526) | cap_dl=(0.8428,2.4909,1.3354) | target_dl_mean=(0.0182,0.1953,0.2810) target_lin_of_dl_mean=(0.0183,0.2157,0.3244) target_lin_direct=256draw=(0.0183,0.2242,0.3405) | nbr3x3_hit=[HHH / HXH / HHH] nbr3x3_albedo_lum=[0.0109 0.0109 0.0109 / 0.0109 X 0.0000 / 0.0109 0.0109 0.0109] edge_adjacent=false nbr_max_err_lin=0.1864 (self err 0.4213 exceeds neighbor max by 0.2349)
px=(321,249) err_lin=0.4208 hit=true branch=dark-cap depth=143.3426 | albedo=(0.0000,0.0000,0.0000) | evidence_lin=(0.0578,1.0503,1.4154) | net_raw_dl=(0.4005,0.6850,0.7040) net_composed_lin=(0.4925,0.9838,1.0218) | teacher_lin=(0.0341,0.5574,0.7678) | cap_dl=(1.2780,3.9107,2.4312) | target_dl_mean=(0.0388,0.5008,0.6340) target_lin_of_dl_mean=(0.0396,0.6501,0.8852) target_lin_direct=256draw=(0.0397,0.6735,0.9212) | nbr3x3_hit=[HHH / HXH / HHH] nbr3x3_albedo_lum=[0.0109 0.0109 0.0109 / 0.0000 X 0.0000 / 0.0109 0.0109 0.0109] edge_adjacent=false nbr_max_err_lin=0.1699 (self err 0.4208 exceeds neighbor max by 0.2509)
px=(331,252) err_lin=0.3919 hit=true branch=dark-cap depth=109.0021 | albedo=(0.0000,0.0000,0.0000) | evidence_lin=(0.0192,0.2286,0.3428) | net_raw_dl=(0.2573,0.6882,0.8675) net_composed_lin=(0.2935,0.9901,1.3809) | teacher_lin=(0.0330,0.5739,0.8436) | cap_dl=(0.8617,2.4922,1.3434) | target_dl_mean=(0.0305,0.4117,0.5572) target_lin_of_dl_mean=(0.0309,0.5093,0.7458) target_lin_direct=256draw=(0.0310,0.5226,0.7694) | nbr3x3_hit=[HHH / HXH / HHH] nbr3x3_albedo_lum=[0.0109 0.0109 0.0109 / 0.0109 X 0.0000 / 0.0109 0.0109 0.0109] edge_adjacent=false nbr_max_err_lin=0.3156 (self err 0.3919 exceeds neighbor max by 0.0763)
px=( 19,257) err_lin=0.3587 hit=true branch=dark-cap depth=96.0475 | albedo=(0.0000,0.0000,0.0000) | evidence_lin=(0.0621,0.6852,0.9793) | net_raw_dl=(0.3527,0.4877,0.5018) net_composed_lin=(0.4228,0.6286,0.6517) | teacher_lin=(0.0466,0.2666,0.3762) | cap_dl=(0.7471,2.1115,2.9496) | target_dl_mean=(0.0434,0.2317,0.3111) target_lin_of_dl_mean=(0.0444,0.2607,0.3649) target_lin_direct=256draw=(0.0444,0.2704,0.3835) | nbr3x3_hit=[HHH / HXH / HHH] nbr3x3_albedo_lum=[0.0109 0.0109 0.0109 / 0.0000 X 0.0423 / 0.0423 0.0423 0.0423] edge_adjacent=false nbr_max_err_lin=0.0031 (self err 0.3587 exceeds neighbor max by 0.3556)
px=(290,247) err_lin=0.1796 hit=true branch=dark-cap depth=182.1042 | albedo=(0.0000,0.0000,0.0000) | evidence_lin=(0.0095,0.0048,0.0213) | net_raw_dl=(0.3894,0.1886,0.2654) net_composed_lin=(0.4761,0.2076,0.3040) | teacher_lin=(0.0139,0.1074,0.1692) | cap_dl=(0.7077,0.5692,0.4398) | target_dl_mean=(0.0131,0.0849,0.1313) target_lin_of_dl_mean=(0.0132,0.0887,0.1403) target_lin_direct=256draw=(0.0132,0.0935,0.1496) | nbr3x3_hit=[HHH / HXH / HHH] nbr3x3_albedo_lum=[0.0109 0.0109 0.0109 / 0.0000 X 0.0109 / 0.0109 0.0109 0.0109] edge_adjacent=false nbr_max_err_lin=0.0728 (self err 0.1796 exceeds neighbor max by 0.1068)
px=(287,247) err_lin=0.1700 hit=true branch=dark-cap depth=182.1020 | albedo=(0.0000,0.0000,0.0000) | evidence_lin=(0.0096,0.0048,0.0213) | net_raw_dl=(0.3909,0.2605,0.2975) net_composed_lin=(0.4784,0.2976,0.3464) | teacher_lin=(0.0171,0.2009,0.3082) | cap_dl=(0.7034,0.5675,0.4329) | target_dl_mean=(0.0207,0.2415,0.3400) target_lin_of_dl_mean=(0.0209,0.2731,0.4049) target_lin_direct=256draw=(0.0209,0.2847,0.4262) | nbr3x3_hit=[HHH / HXH / HHH] nbr3x3_albedo_lum=[0.0109 0.0109 0.0109 / 0.0000 X 0.0000 / 0.0109 0.0109 0.0109] edge_adjacent=false nbr_max_err_lin=0.1605 (self err 0.1700 exceeds neighbor max by 0.0095)

# ---- CLASS VERDICT over 6 sampled flagged texels (of 6 total flagged) ----
# hit (depth>0): 6/6 | no-hit (depth<=0): 0/6
# branch distribution: nohit-gate=0 dark-cap=6 normal-ceiling=0 (of 6)
# edge-adjacent (>=1 of 8 neighbors differs in hit-flag): 0/6
# albedo luminance: mean=0.0000 min=0.0000 max=0.0000
# depth: mean=149.1473 min=96.0475 max=182.2851
# spatial: bbox x=[19,331] y=[247,257] over 640x480, min pairwise dist=3.0px (all 6 flagged texels, not just sampled)
# VERDICT: ALL sampled sparkle texels are on the dark-cap branch — the v9p cap is ENGAGING at these px but the cap value itself still exceeds the sparkle threshold (cap_dl - teacher's own equivalent is still >SPARK_DELTA in linear space after undo_log_demod) — i.e. the cap succeeded at killing INSTANT ignition (epoch 24 fireflies) but the median+delta value is not tight enough to prevent DRIFT ignition by epoch 99 (median itself has drifted upward with the net's own state).
[v9p-barres-forensics] wrote "/Users/pascaldisse/projects/magic-crystal-v9body/packages/scrying-glass/scratch/v9p-barres-forensics.json"
