[package] scrying-glass v0.1.0 registered
[world] /Users/pascaldisse/projects/magic-crystal-v9wire/worlds/naruko scene(s)=["main"] entities=47 chains=32 clusters=903 transmute=77.7ms
[embodiment] spawn eye=Vec3(0.0, 7.0, 44.0) yaw=0 floor_triangles=10484 tick_dt=0.016666668
[pleroma] BVH nodes=15537 triangles=23288 (static 12428 + dynamic 10860) build=13.4ms; 23 dynamic entit(ies) — living layer
[pleroma] traced integrator spp=2 bounces=4 rr_start=2 — first_light is dead
[wgpu] traced God's canvas 640x480; surface 1920x1280 = nearest integer display scale (Bgra8UnormSrgb)
[bloodbend] 🩸 watching 1 scene file(s) + /Users/pascaldisse/projects/magic-crystal-v9wire/packages/scrying-glass/src/integrator.wgsl @ 500ms poll
[frame] trace 640x480 God's canvas: median 8.44ms mean 8.64ms/frame (spp=2, 60-frame sample)
[scry] GET http://127.0.0.1:8430/scry (alias: /screenshot; optional pos/yaw/pitch/fov/w/h; lab-only chain: lab=teacher-benchmark)
[world-core] POST http://127.0.0.1:8430/op · GET /world · GET /events
[embodiment] GET http://127.0.0.1:8430/pose · POST http://127.0.0.1:8430/walk {keys,yaw?,pitch?,ticks?}
[scrying-glass] child webview overlay created; render, capture, PNG, and HTTP run off the main thread
[focus] t=1784993956619ms window="wgpu-surface" focused=true worker_window=false
[EYE-TEST UNSTAMPED] weights /Users/pascaldisse/projects/magic-crystal-v9body/packages/scrying-glass/data/rdirect-weights-v9y.bin carry no PASS stamp (/Users/pascaldisse/projects/magic-crystal-v9body/packages/scrying-glass/data/rdirect-weights-v9y.bin.stamp) — presenting anyway per GAIA_EYE_TEST=1 (Pascal's own explicit override, NOT an ordeal pass, NOT the shipped bar)
[v9-eye-test] GAIA_V9V_INPUT_CLAMP=0.1 — clamp ACTIVE in gather_v9's WGSL E/D tap blocks (median-of-4+delta ceiling, ported from rdirect_train_v9k.rs::apply_input_clamp).
[n0c] net-present rig pooled (God's res): trace 640x480 → net 640x480 → nearest blit → surface 1920x1280 (307200 px)
[hud] window.__gaiaHud && window.__gaiaHud(6.0,167.89)
[hud] window.__gaiaHud && window.__gaiaHud(6.0,167.89)
[hud] window.__gaiaHud && window.__gaiaHud(17.7,56.47)
[hud] window.__gaiaHud && window.__gaiaHud(17.7,56.47)
[hud] window.__gaiaHud && window.__gaiaHud(18.9,53.04)
[n0i] frames=60 640x480→640x480 (ms median/p95 vs 16.67): trace 11.23/12.41 gather 2.00/2.18 net[wall 11.68/13.04 gpu 4.46/5.70 commit 11.68/13.04 wait 0.00/0.00] demod 8.50/9.31 present 0.62/0.80 TOTAL 34.26/37.93 | WALL-FPS 21.6
[n0i] frames=120 640x480→640x480 (ms median/p95 vs 16.67): trace 11.33/14.31 gather 2.00/2.17 net[wall 11.63/13.23 gpu 4.42/5.69 commit 11.63/13.23 wait 0.00/0.00] demod 7.92/8.87 present 0.60/0.77 TOTAL 34.31/37.44 | WALL-FPS 21.0
[n0i] frames=180 640x480→640x480 (ms median/p95 vs 16.67): trace 13.46/16.05 gather 2.00/2.15 net[wall 11.61/12.85 gpu 4.42/5.47 commit 11.61/12.85 wait 0.00/0.00] demod 7.86/8.82 present 0.60/0.76 TOTAL 35.59/38.39 | WALL-FPS 20.4
[n0i] frames=240 640x480→640x480 (ms median/p95 vs 16.67): trace 14.15/16.27 gather 2.00/2.14 net[wall 11.59/12.72 gpu 4.42/5.41 commit 11.59/12.72 wait 0.00/0.00] demod 7.86/8.77 present 0.60/0.73 TOTAL 36.09/38.51 | WALL-FPS 19.1
[n0i] frames=300 640x480→640x480 (ms median/p95 vs 16.67): trace 15.29/16.38 gather 2.00/2.11 net[wall 11.59/12.61 gpu 4.42/5.35 commit 11.59/12.61 wait 0.00/0.00] demod 7.85/8.76 present 0.60/0.71 TOTAL 37.32/38.57 | WALL-FPS 19.1
[n0i] frames=360 640x480→640x480 (ms median/p95 vs 16.67): trace 15.66/16.67 gather 2.00/2.15 net[wall 11.59/12.57 gpu 4.42/5.31 commit 11.59/12.57 wait 0.00/0.00] demod 7.89/8.76 present 0.60/0.72 TOTAL 37.65/39.58 | WALL-FPS 19.0
[n0i] frames=420 640x480→640x480 (ms median/p95 vs 16.67): trace 15.86/16.96 gather 2.00/2.19 net[wall 11.60/12.48 gpu 4.42/5.19 commit 11.60/12.48 wait 0.00/0.00] demod 7.93/8.94 present 0.61/0.72 TOTAL 37.89/40.12 | WALL-FPS 18.9
[n0i] frames=480 640x480→640x480 (ms median/p95 vs 16.67): trace 16.01/17.05 gather 2.01/2.20 net[wall 11.60/12.25 gpu 4.42/5.11 commit 11.60/12.25 wait 0.00/0.00] demod 7.96/9.18 present 0.61/0.72 TOTAL 38.08/40.31 | WALL-FPS 18.4
[n0i] frames=540 640x480→640x480 (ms median/p95 vs 16.67): trace 16.10/17.05 gather 2.01/2.19 net[wall 11.60/12.13 gpu 4.42/4.93 commit 11.60/12.13 wait 0.00/0.00] demod 7.97/9.14 present 0.60/0.72 TOTAL 38.24/40.30 | WALL-FPS 18.4
[n0i] frames=600 640x480→640x480 (ms median/p95 vs 16.67): trace 16.10/17.01 gather 2.01/2.18 net[wall 11.60/12.06 gpu 4.42/4.89 commit 11.60/12.06 wait 0.00/0.00] demod 7.95/9.08 present 0.61/0.71 TOTAL 38.25/40.26 | WALL-FPS 18.4
[n0i] frames=660 640x480→640x480 (ms median/p95 vs 16.67): trace 16.09/16.99 gather 2.01/2.18 net[wall 11.60/12.02 gpu 4.42/4.76 commit 11.60/12.02 wait 0.00/0.00] demod 7.94/9.04 present 0.61/0.71 TOTAL 38.23/40.19 | WALL-FPS 18.5
[n0i] frames=720 640x480→640x480 (ms median/p95 vs 16.67): trace 16.07/16.95 gather 2.01/2.18 net[wall 11.60/11.97 gpu 4.42/4.70 commit 11.60/11.97 wait 0.00/0.00] demod 7.94/9.01 present 0.61/0.71 TOTAL 38.21/40.16 | WALL-FPS 18.5
[n0i] frames=780 640x480→640x480 (ms median/p95 vs 16.67): trace 16.09/16.95 gather 2.01/2.18 net[wall 11.60/11.92 gpu 4.42/4.66 commit 11.60/11.92 wait 0.00/0.00] demod 7.94/8.97 present 0.61/0.71 TOTAL 38.24/40.12 | WALL-FPS 18.5
[n0i] frames=840 640x480→640x480 (ms median/p95 vs 16.67): trace 16.08/16.94 gather 2.01/2.18 net[wall 11.60/11.89 gpu 4.42/4.61 commit 11.60/11.89 wait 0.00/0.00] demod 7.94/9.01 present 0.61/0.71 TOTAL 38.24/40.10 | WALL-FPS 18.5
[n0i] frames=900 640x480→640x480 (ms median/p95 vs 16.67): trace 16.05/16.93 gather 2.01/2.17 net[wall 11.59/11.88 gpu 4.42/4.55 commit 11.59/11.88 wait 0.00/0.00] demod 7.94/8.97 present 0.61/0.71 TOTAL 38.19/40.08 | WALL-FPS 18.5
[n0i] frames=960 640x480→640x480 (ms median/p95 vs 16.67): trace 16.06/16.93 gather 2.01/2.17 net[wall 11.59/11.84 gpu 4.42/4.52 commit 11.59/11.84 wait 0.00/0.00] demod 7.94/8.94 present 0.60/0.71 TOTAL 38.19/40.05 | WALL-FPS 18.5
[n0i] frames=1020 640x480→640x480 (ms median/p95 vs 16.67): trace 16.08/16.89 gather 2.01/2.17 net[wall 11.59/11.83 gpu 4.42/4.51 commit 11.59/11.83 wait 0.00/0.00] demod 7.94/8.90 present 0.61/0.71 TOTAL 38.22/40.02 | WALL-FPS 18.5
[n0i] frames=1080 640x480→640x480 (ms median/p95 vs 16.67): trace 16.12/16.93 gather 2.01/2.17 net[wall 11.59/11.82 gpu 4.42/4.50 commit 11.59/11.82 wait 0.00/0.00] demod 7.94/8.86 present 0.61/0.71 TOTAL 38.27/40.01 | WALL-FPS 18.5
[n0i] frames=1140 640x480→640x480 (ms median/p95 vs 16.67): trace 16.16/16.93 gather 2.01/2.16 net[wall 11.59/11.81 gpu 4.42/4.49 commit 11.59/11.81 wait 0.00/0.00] demod 7.94/8.86 present 0.61/0.71 TOTAL 38.30/39.99 | WALL-FPS 18.5
[n0i] frames=1200 640x480→640x480 (ms median/p95 vs 16.67): trace 16.17/16.95 gather 2.01/2.17 net[wall 11.59/11.80 gpu 4.42/4.49 commit 11.59/11.80 wait 0.00/0.00] demod 7.95/8.86 present 0.61/0.71 TOTAL 38.33/40.02 | WALL-FPS 18.5
[n0i] frames=1260 640x480→640x480 (ms median/p95 vs 16.67): trace 16.19/16.98 gather 2.01/2.18 net[wall 11.59/11.81 gpu 4.42/4.49 commit 11.59/11.81 wait 0.00/0.00] demod 7.96/9.04 present 0.61/0.71 TOTAL 38.37/40.19 | WALL-FPS 18.5
[n0i] frames=1320 640x480→640x480 (ms median/p95 vs 16.67): trace 16.21/17.03 gather 2.01/2.19 net[wall 11.59/11.81 gpu 4.42/4.49 commit 11.59/11.81 wait 0.00/0.00] demod 7.98/9.19 present 0.61/0.72 TOTAL 38.43/40.29 | WALL-FPS 18.5
[focus] t=1784994029840ms window="wgpu-surface" focused=false worker_window=false
[n0i] frames=1380 640x480→640x480 (ms median/p95 vs 16.67): trace 16.23/17.09 gather 2.02/2.19 net[wall 11.60/11.83 gpu 4.42/4.49 commit 11.60/11.83 wait 0.00/0.00] demod 7.99/9.26 present 0.61/0.72 TOTAL 38.48/40.50 | WALL-FPS 18.4
[n0i] frames=1440 640x480→640x480 (ms median/p95 vs 16.67): trace 16.25/17.09 gather 2.02/2.20 net[wall 11.60/11.83 gpu 4.42/4.49 commit 11.60/11.83 wait 0.00/0.00] demod 8.00/9.26 present 0.61/0.72 TOTAL 38.50/40.56 | WALL-FPS 18.4
[n0i] frames=1500 640x480→640x480 (ms median/p95 vs 16.67): trace 16.25/17.09 gather 2.02/2.20 net[wall 11.60/11.82 gpu 4.42/4.49 commit 11.60/11.82 wait 0.00/0.00] demod 8.00/9.24 present 0.61/0.72 TOTAL 38.52/40.53 | WALL-FPS 18.4
[n0i] frames=1560 640x480→640x480 (ms median/p95 vs 16.67): trace 16.25/17.08 gather 2.02/2.20 net[wall 11.60/11.82 gpu 4.42/4.49 commit 11.60/11.82 wait 0.00/0.00] demod 8.01/9.22 present 0.61/0.72 TOTAL 38.53/40.48 | WALL-FPS 18.4
[n0i] frames=1620 640x480→640x480 (ms median/p95 vs 16.67): trace 16.24/17.07 gather 2.02/2.21 net[wall 11.60/11.81 gpu 4.42/4.49 commit 11.60/11.81 wait 0.00/0.00] demod 8.03/9.22 present 0.61/0.72 TOTAL 38.54/40.46 | WALL-FPS 18.4
[n0i] frames=1680 640x480→640x480 (ms median/p95 vs 16.67): trace 16.24/17.08 gather 2.02/2.21 net[wall 11.60/11.81 gpu 4.42/4.49 commit 11.60/11.81 wait 0.00/0.00] demod 8.04/9.28 present 0.61/0.72 TOTAL 38.56/40.56 | WALL-FPS 18.4
[focus] t=1784994048911ms window="wgpu-surface" focused=true worker_window=false
[n0i] frames=1740 640x480→640x480 (ms median/p95 vs 16.67): trace 16.24/17.08 gather 2.02/2.21 net[wall 11.60/11.81 gpu 4.42/4.49 commit 11.60/11.81 wait 0.00/0.00] demod 8.04/9.27 present 0.61/0.72 TOTAL 38.57/40.50 | WALL-FPS 18.4
[n0i] frames=1800 640x480→640x480 (ms median/p95 vs 16.67): trace 16.25/17.07 gather 2.02/2.21 net[wall 11.60/11.81 gpu 4.42/4.49 commit 11.60/11.81 wait 0.00/0.00] demod 8.03/9.26 present 0.61/0.72 TOTAL 38.57/40.47 | WALL-FPS 18.4
[n0i] frames=1860 640x480→640x480 (ms median/p95 vs 16.67): trace 16.26/17.08 gather 2.02/2.21 net[wall 11.60/11.81 gpu 4.42/4.48 commit 11.60/11.81 wait 0.00/0.00] demod 8.02/9.26 present 0.61/0.72 TOTAL 38.59/40.48 | WALL-FPS 18.4
[n0i] frames=1920 640x480→640x480 (ms median/p95 vs 16.67): trace 16.27/17.08 gather 2.02/2.21 net[wall 11.60/11.81 gpu 4.42/4.48 commit 11.60/11.81 wait 0.00/0.00] demod 8.02/9.25 present 0.61/0.72 TOTAL 38.60/40.47 | WALL-FPS 18.4
[n0i] frames=1980 640x480→640x480 (ms median/p95 vs 16.67): trace 16.28/17.08 gather 2.02/2.21 net[wall 11.60/11.81 gpu 4.42/4.48 commit 11.60/11.81 wait 0.00/0.00] demod 8.02/9.23 present 0.61/0.72 TOTAL 38.61/40.40 | WALL-FPS 18.4
[n0i] frames=2040 640x480→640x480 (ms median/p95 vs 16.67): trace 16.28/17.09 gather 2.03/2.21 net[wall 11.60/11.81 gpu 4.42/4.48 commit 11.60/11.81 wait 0.00/0.00] demod 8.03/9.23 present 0.61/0.72 TOTAL 38.63/40.48 | WALL-FPS 18.4
[focus] t=1784994070563ms window="wgpu-surface" focused=false worker_window=false
[focus] t=1784994070952ms window="wgpu-surface" focused=true worker_window=false
[n0i] frames=2100 640x480→640x480 (ms median/p95 vs 16.67): trace 16.28/17.09 gather 2.03/2.21 net[wall 11.60/11.82 gpu 4.42/4.48 commit 11.60/11.82 wait 0.00/0.00] demod 8.04/9.26 present 0.61/0.72 TOTAL 38.66/40.49 | WALL-FPS 18.4
[n0i] frames=2160 640x480→640x480 (ms median/p95 vs 16.67): trace 16.28/17.09 gather 2.03/2.21 net[wall 11.60/11.81 gpu 4.42/4.48 commit 11.60/11.81 wait 0.00/0.00] demod 8.03/9.24 present 0.61/0.72 TOTAL 38.65/40.48 | WALL-FPS 18.4
[n0i] frames=2220 640x480→640x480 (ms median/p95 vs 16.67): trace 16.29/17.09 gather 2.03/2.22 net[wall 11.60/11.86 gpu 4.42/4.49 commit 11.60/11.86 wait 0.00/0.00] demod 8.03/9.26 present 0.61/0.73 TOTAL 38.66/40.56 | WALL-FPS 18.4
[n0i] frames=2280 640x480→640x480 (ms median/p95 vs 16.67): trace 16.29/17.09 gather 2.03/2.23 net[wall 11.61/11.92 gpu 4.42/4.50 commit 11.61/11.92 wait 0.00/0.00] demod 8.04/9.29 present 0.61/0.74 TOTAL 38.68/40.64 | WALL-FPS 18.3
[n0i] frames=2340 640x480→640x480 (ms median/p95 vs 16.67): trace 16.28/17.09 gather 2.03/2.23 net[wall 11.61/11.94 gpu 4.42/4.54 commit 11.61/11.94 wait 0.00/0.00] demod 8.05/9.29 present 0.61/0.74 TOTAL 38.69/40.64 | WALL-FPS 18.3
[n0i] frames=2400 640x480→640x480 (ms median/p95 vs 16.67): trace 16.28/17.09 gather 2.03/2.24 net[wall 11.61/11.96 gpu 4.42/4.55 commit 11.61/11.96 wait 0.00/0.00] demod 8.06/9.31 present 0.61/0.75 TOTAL 38.70/40.74 | WALL-FPS 18.3
[n0i] frames=2460 640x480→640x480 (ms median/p95 vs 16.67): trace 16.29/17.09 gather 2.03/2.25 net[wall 11.61/11.97 gpu 4.42/4.56 commit 11.61/11.97 wait 0.00/0.00] demod 8.07/9.36 present 0.62/0.75 TOTAL 38.72/40.81 | WALL-FPS 18.3
[n0i] frames=2520 640x480→640x480 (ms median/p95 vs 16.67): trace 16.29/17.10 gather 2.04/2.26 net[wall 11.61/11.98 gpu 4.42/4.56 commit 11.61/11.98 wait 0.00/0.00] demod 8.08/9.37 present 0.62/0.76 TOTAL 38.75/40.85 | WALL-FPS 18.3
[n0i] frames=2580 640x480→640x480 (ms median/p95 vs 16.67): trace 16.30/17.10 gather 2.04/2.26 net[wall 11.62/11.98 gpu 4.42/4.57 commit 11.62/11.98 wait 0.00/0.00] demod 8.09/9.40 present 0.62/0.76 TOTAL 38.77/40.90 | WALL-FPS 18.3
[n0i] frames=2640 640x480→640x480 (ms median/p95 vs 16.67): trace 16.29/17.09 gather 2.04/2.26 net[wall 11.62/11.98 gpu 4.42/4.58 commit 11.62/11.98 wait 0.00/0.00] demod 8.09/9.38 present 0.62/0.76 TOTAL 38.77/40.87 | WALL-FPS 18.3
[n0i] frames=2700 640x480→640x480 (ms median/p95 vs 16.67): trace 16.29/17.09 gather 2.04/2.26 net[wall 11.62/11.98 gpu 4.42/4.58 commit 11.62/11.98 wait 0.00/0.00] demod 8.09/9.37 present 0.62/0.76 TOTAL 38.76/40.87 | WALL-FPS 18.3
[n0i] frames=2760 640x480→640x480 (ms median/p95 vs 16.67): trace 16.29/17.08 gather 2.04/2.27 net[wall 11.62/11.98 gpu 4.42/4.58 commit 11.62/11.98 wait 0.00/0.00] demod 8.08/9.36 present 0.62/0.76 TOTAL 38.76/40.83 | WALL-FPS 18.3
[n0i] frames=2820 640x480→640x480 (ms median/p95 vs 16.67): trace 16.29/17.07 gather 2.04/2.27 net[wall 11.62/11.98 gpu 4.42/4.59 commit 11.62/11.98 wait 0.00/0.00] demod 8.07/9.35 present 0.62/0.76 TOTAL 38.76/40.81 | WALL-FPS 18.3
[n0i] frames=2880 640x480→640x480 (ms median/p95 vs 16.67): trace 16.29/17.07 gather 2.04/2.27 net[wall 11.63/11.98 gpu 4.42/4.59 commit 11.63/11.98 wait 0.00/0.00] demod 8.06/9.34 present 0.62/0.76 TOTAL 38.75/40.80 | WALL-FPS 18.3
[n0i] frames=2940 640x480→640x480 (ms median/p95 vs 16.67): trace 16.28/17.07 gather 2.04/2.27 net[wall 11.63/11.98 gpu 4.42/4.59 commit 11.63/11.98 wait 0.00/0.00] demod 8.06/9.32 present 0.62/0.76 TOTAL 38.74/40.78 | WALL-FPS 18.3
[n0i] frames=3000 640x480→640x480 (ms median/p95 vs 16.67): trace 16.27/17.07 gather 2.04/2.27 net[wall 11.63/11.98 gpu 4.42/4.59 commit 11.63/11.98 wait 0.00/0.00] demod 8.05/9.32 present 0.62/0.76 TOTAL 38.73/40.76 | WALL-FPS 18.3
[n0i] frames=3060 640x480→640x480 (ms median/p95 vs 16.67): trace 16.26/17.07 gather 2.04/2.27 net[wall 11.63/11.98 gpu 4.42/4.59 commit 11.63/11.98 wait 0.00/0.00] demod 8.04/9.32 present 0.62/0.76 TOTAL 38.71/40.76 | WALL-FPS 18.3
[n0i] frames=3120 640x480→640x480 (ms median/p95 vs 16.67): trace 16.26/17.06 gather 2.04/2.27 net[wall 11.63/11.97 gpu 4.42/4.59 commit 11.63/11.97 wait 0.00/0.00] demod 8.04/9.31 present 0.61/0.76 TOTAL 38.70/40.74 | WALL-FPS 18.3
[n0i] frames=3180 640x480→640x480 (ms median/p95 vs 16.67): trace 16.25/17.06 gather 2.04/2.27 net[wall 11.62/11.97 gpu 4.42/4.58 commit 11.62/11.97 wait 0.00/0.00] demod 8.04/9.31 present 0.61/0.76 TOTAL 38.69/40.73 | WALL-FPS 18.3
[n0i] frames=3240 640x480→640x480 (ms median/p95 vs 16.67): trace 16.25/17.06 gather 2.04/2.26 net[wall 11.62/11.97 gpu 4.42/4.58 commit 11.62/11.97 wait 0.00/0.00] demod 8.03/9.29 present 0.61/0.76 TOTAL 38.69/40.71 | WALL-FPS 18.3
[n0i] frames=3300 640x480→640x480 (ms median/p95 vs 16.67): trace 16.26/17.06 gather 2.04/2.26 net[wall 11.62/11.97 gpu 4.42/4.58 commit 11.62/11.97 wait 0.00/0.00] demod 8.04/9.29 present 0.61/0.76 TOTAL 38.69/40.69 | WALL-FPS 18.3
[n0i] frames=3360 640x480→640x480 (ms median/p95 vs 16.67): trace 16.26/17.07 gather 2.04/2.26 net[wall 11.62/11.97 gpu 4.42/4.58 commit 11.62/11.97 wait 0.00/0.00] demod 8.04/9.29 present 0.61/0.76 TOTAL 38.70/40.68 | WALL-FPS 18.3
[n0i] frames=3420 640x480→640x480 (ms median/p95 vs 16.67): trace 16.26/17.07 gather 2.04/2.26 net[wall 11.62/11.96 gpu 4.42/4.58 commit 11.62/11.96 wait 0.00/0.00] demod 8.05/9.29 present 0.61/0.76 TOTAL 38.70/40.65 | WALL-FPS 18.3
[n0i] frames=3480 640x480→640x480 (ms median/p95 vs 16.67): trace 16.26/17.06 gather 2.04/2.26 net[wall 11.62/11.96 gpu 4.42/4.58 commit 11.62/11.96 wait 0.00/0.00] demod 8.04/9.29 present 0.61/0.76 TOTAL 38.70/40.64 | WALL-FPS 18.3
[n0i] frames=3540 640x480→640x480 (ms median/p95 vs 16.67): trace 16.26/17.06 gather 2.04/2.26 net[wall 11.62/11.96 gpu 4.42/4.58 commit 11.62/11.96 wait 0.00/0.00] demod 8.04/9.28 present 0.61/0.76 TOTAL 38.69/40.64 | WALL-FPS 18.3
[n0i] frames=3600 640x480→640x480 (ms median/p95 vs 16.67): trace 16.25/17.06 gather 2.03/2.26 net[wall 11.62/11.96 gpu 4.42/4.57 commit 11.62/11.96 wait 0.00/0.00] demod 8.03/9.26 present 0.61/0.75 TOTAL 38.67/40.60 | WALL-FPS 18.3
[n0i] frames=3660 640x480→640x480 (ms median/p95 vs 16.67): trace 16.25/17.05 gather 2.03/2.26 net[wall 11.62/11.96 gpu 4.42/4.57 commit 11.62/11.96 wait 0.00/0.00] demod 8.02/9.25 present 0.61/0.75 TOTAL 38.66/40.59 | WALL-FPS 18.3
[n0i] frames=3720 640x480→640x480 (ms median/p95 vs 16.67): trace 16.25/17.05 gather 2.03/2.26 net[wall 11.62/11.96 gpu 4.42/4.57 commit 11.62/11.96 wait 0.00/0.00] demod 8.01/9.23 present 0.61/0.75 TOTAL 38.65/40.57 | WALL-FPS 18.3
[n0i] frames=3780 640x480→640x480 (ms median/p95 vs 16.67): trace 16.25/17.05 gather 2.03/2.25 net[wall 11.61/11.96 gpu 4.42/4.57 commit 11.61/11.96 wait 0.00/0.00] demod 8.01/9.22 present 0.61/0.75 TOTAL 38.63/40.56 | WALL-FPS 18.3
[n0i] frames=3840 640x480→640x480 (ms median/p95 vs 16.67): trace 16.24/17.04 gather 2.03/2.25 net[wall 11.61/11.96 gpu 4.42/4.57 commit 11.61/11.96 wait 0.00/0.00] demod 8.00/9.22 present 0.61/0.75 TOTAL 38.62/40.52 | WALL-FPS 18.3
[n0i] frames=3900 640x480→640x480 (ms median/p95 vs 16.67): trace 16.23/17.04 gather 2.03/2.25 net[wall 11.61/11.95 gpu 4.42/4.57 commit 11.61/11.95 wait 0.00/0.00] demod 7.99/9.21 present 0.61/0.75 TOTAL 38.60/40.51 | WALL-FPS 18.4
[n0i] frames=3960 640x480→640x480 (ms median/p95 vs 16.67): trace 16.23/17.03 gather 2.03/2.25 net[wall 11.61/11.95 gpu 4.42/4.57 commit 11.61/11.95 wait 0.00/0.00] demod 7.99/9.20 present 0.61/0.75 TOTAL 38.58/40.50 | WALL-FPS 18.4
[n0i] frames=4020 640x480→640x480 (ms median/p95 vs 16.67): trace 16.22/17.03 gather 2.03/2.25 net[wall 11.61/11.95 gpu 4.42/4.57 commit 11.61/11.95 wait 0.00/0.00] demod 7.98/9.20 present 0.61/0.75 TOTAL 38.57/40.49 | WALL-FPS 18.4
[n0i] frames=4080 640x480→640x480 (ms median/p95 vs 16.67): trace 16.22/17.03 gather 2.03/2.25 net[wall 11.61/11.95 gpu 4.42/4.57 commit 11.61/11.95 wait 0.00/0.00] demod 7.98/9.19 present 0.61/0.74 TOTAL 38.56/40.48 | WALL-FPS 18.4
[n0i] frames=4140 640x480→640x480 (ms median/p95 vs 16.67): trace 16.22/17.02 gather 2.03/2.25 net[wall 11.61/11.94 gpu 4.42/4.57 commit 11.61/11.94 wait 0.00/0.00] demod 7.97/9.18 present 0.61/0.74 TOTAL 38.55/40.47 | WALL-FPS 18.4
[n0i] frames=4200 640x480→640x480 (ms median/p95 vs 16.67): trace 16.22/17.02 gather 2.02/2.25 net[wall 11.61/11.94 gpu 4.42/4.57 commit 11.61/11.94 wait 0.00/0.00] demod 7.97/9.17 present 0.61/0.74 TOTAL 38.54/40.44 | WALL-FPS 18.4
[n0i] frames=4260 640x480→640x480 (ms median/p95 vs 16.67): trace 16.22/17.02 gather 2.02/2.24 net[wall 11.61/11.94 gpu 4.42/4.56 commit 11.61/11.94 wait 0.00/0.00] demod 7.96/9.17 present 0.61/0.74 TOTAL 38.53/40.40 | WALL-FPS 18.4
[n0i] frames=4320 640x480→640x480 (ms median/p95 vs 16.67): trace 16.22/17.02 gather 2.02/2.24 net[wall 11.61/11.94 gpu 4.42/4.56 commit 11.61/11.94 wait 0.00/0.00] demod 7.96/9.16 present 0.61/0.74 TOTAL 38.53/40.40 | WALL-FPS 18.4
[n0i] frames=4380 640x480→640x480 (ms median/p95 vs 16.67): trace 16.22/17.01 gather 2.02/2.24 net[wall 11.61/11.94 gpu 4.42/4.56 commit 11.61/11.94 wait 0.00/0.00] demod 7.95/9.15 present 0.61/0.74 TOTAL 38.52/40.38 | WALL-FPS 18.4
[n0i] frames=4440 640x480→640x480 (ms median/p95 vs 16.67): trace 16.22/17.01 gather 2.02/2.24 net[wall 11.61/11.93 gpu 4.42/4.56 commit 11.61/11.93 wait 0.00/0.00] demod 7.95/9.13 present 0.61/0.74 TOTAL 38.51/40.37 | WALL-FPS 18.4
[n0i] frames=4500 640x480→640x480 (ms median/p95 vs 16.67): trace 16.21/17.00 gather 2.02/2.24 net[wall 11.60/11.93 gpu 4.42/4.56 commit 11.60/11.93 wait 0.00/0.00] demod 7.94/9.12 present 0.61/0.74 TOTAL 38.50/40.36 | WALL-FPS 18.4
[n0i] frames=4560 640x480→640x480 (ms median/p95 vs 16.67): trace 16.21/17.00 gather 2.02/2.24 net[wall 11.60/11.93 gpu 4.42/4.56 commit 11.60/11.93 wait 0.00/0.00] demod 7.94/9.11 present 0.61/0.74 TOTAL 38.49/40.35 | WALL-FPS 18.4
[n0i] frames=4620 640x480→640x480 (ms median/p95 vs 16.67): trace 16.20/17.00 gather 2.02/2.23 net[wall 11.60/11.93 gpu 4.42/4.56 commit 11.60/11.93 wait 0.00/0.00] demod 7.94/9.10 present 0.61/0.74 TOTAL 38.48/40.33 | WALL-FPS 18.4
[n0i] frames=4680 640x480→640x480 (ms median/p95 vs 16.67): trace 16.20/16.99 gather 2.02/2.23 net[wall 11.60/11.93 gpu 4.42/4.56 commit 11.60/11.93 wait 0.00/0.00] demod 7.93/9.10 present 0.61/0.74 TOTAL 38.48/40.32 | WALL-FPS 18.4
[n0i] frames=4740 640x480→640x480 (ms median/p95 vs 16.67): trace 16.20/16.98 gather 2.02/2.23 net[wall 11.60/11.92 gpu 4.42/4.56 commit 11.60/11.92 wait 0.00/0.00] demod 7.93/9.08 present 0.61/0.74 TOTAL 38.47/40.32 | WALL-FPS 18.4
[focus] t=1784994214716ms window="wgpu-surface" focused=false worker_window=false
[focus] t=1784994215393ms window="wgpu-surface" focused=true worker_window=false
[n0i] frames=4800 640x480→640x480 (ms median/p95 vs 16.67): trace 16.20/17.00 gather 2.02/2.23 net[wall 11.60/11.93 gpu 4.42/4.56 commit 11.60/11.93 wait 0.00/0.00] demod 7.93/9.10 present 0.61/0.74 TOTAL 38.47/40.33 | WALL-FPS 18.4
[n0i] frames=4860 640x480→640x480 (ms median/p95 vs 16.67): trace 16.19/16.99 gather 2.02/2.23 net[wall 11.60/11.92 gpu 4.42/4.56 commit 11.60/11.92 wait 0.00/0.00] demod 7.93/9.10 present 0.61/0.74 TOTAL 38.46/40.32 | WALL-FPS 18.4
[n0i] frames=4920 640x480→640x480 (ms median/p95 vs 16.67): trace 16.19/16.98 gather 2.02/2.23 net[wall 11.60/11.92 gpu 4.42/4.56 commit 11.60/11.92 wait 0.00/0.00] demod 7.93/9.08 present 0.61/0.73 TOTAL 38.45/40.31 | WALL-FPS 18.4
[n0i] frames=4980 640x480→640x480 (ms median/p95 vs 16.67): trace 16.19/16.98 gather 2.02/2.23 net[wall 11.60/11.92 gpu 4.42/4.56 commit 11.60/11.92 wait 0.00/0.00] demod 7.93/9.08 present 0.61/0.73 TOTAL 38.44/40.30 | WALL-FPS 18.4
[n0i] frames=5040 640x480→640x480 (ms median/p95 vs 16.67): trace 16.19/16.98 gather 2.02/2.23 net[wall 11.60/11.92 gpu 4.42/4.56 commit 11.60/11.92 wait 0.00/0.00] demod 7.92/9.07 present 0.61/0.73 TOTAL 38.44/40.29 | WALL-FPS 18.4
[n0i] frames=5100 640x480→640x480 (ms median/p95 vs 16.67): trace 16.20/16.99 gather 2.02/2.23 net[wall 11.60/11.92 gpu 4.42/4.55 commit 11.60/11.92 wait 0.00/0.00] demod 7.92/9.06 present 0.61/0.73 TOTAL 38.44/40.28 | WALL-FPS 18.4
[n0i] frames=5160 640x480→640x480 (ms median/p95 vs 16.67): trace 16.20/16.99 gather 2.02/2.23 net[wall 11.60/11.92 gpu 4.42/4.56 commit 11.60/11.92 wait 0.00/0.00] demod 7.92/9.06 present 0.61/0.73 TOTAL 38.45/40.28 | WALL-FPS 18.3
[n0i] frames=5220 640x480→640x480 (ms median/p95 vs 16.67): trace 16.20/16.99 gather 2.02/2.23 net[wall 11.60/11.92 gpu 4.42/4.56 commit 11.60/11.92 wait 0.00/0.00] demod 7.93/9.05 present 0.61/0.73 TOTAL 38.45/40.27 | WALL-FPS 18.3
[n0i] frames=5280 640x480→640x480 (ms median/p95 vs 16.67): trace 16.19/16.98 gather 2.02/2.23 net[wall 11.60/11.92 gpu 4.42/4.56 commit 11.60/11.92 wait 0.00/0.00] demod 7.93/9.05 present 0.61/0.73 TOTAL 38.45/40.27 | WALL-FPS 18.3
[n0i] frames=5340 640x480→640x480 (ms median/p95 vs 16.67): trace 16.19/16.98 gather 2.02/2.24 net[wall 11.60/11.92 gpu 4.42/4.56 commit 11.60/11.92 wait 0.00/0.00] demod 7.93/9.05 present 0.61/0.73 TOTAL 38.45/40.26 | WALL-FPS 18.3
[n0i] frames=5400 640x480→640x480 (ms median/p95 vs 16.67): trace 16.19/16.98 gather 2.02/2.24 net[wall 11.60/11.92 gpu 4.42/4.57 commit 11.60/11.92 wait 0.00/0.00] demod 7.93/9.04 present 0.61/0.73 TOTAL 38.45/40.25 | WALL-FPS 18.3
[n0i] frames=5460 640x480→640x480 (ms median/p95 vs 16.67): trace 16.18/16.97 gather 2.02/2.24 net[wall 11.60/11.92 gpu 4.42/4.57 commit 11.60/11.92 wait 0.00/0.00] demod 7.93/9.04 present 0.61/0.73 TOTAL 38.44/40.24 | WALL-FPS 18.3
[n0i] frames=5520 640x480→640x480 (ms median/p95 vs 16.67): trace 16.18/16.97 gather 2.02/2.24 net[wall 11.61/11.92 gpu 4.42/4.57 commit 11.61/11.92 wait 0.00/0.00] demod 7.92/9.04 present 0.61/0.73 TOTAL 38.44/40.24 | WALL-FPS 18.3
[n0i] frames=5580 640x480→640x480 (ms median/p95 vs 16.67): trace 16.18/16.97 gather 2.02/2.24 net[wall 11.61/11.92 gpu 4.42/4.57 commit 11.61/11.92 wait 0.00/0.00] demod 7.92/9.03 present 0.61/0.73 TOTAL 38.44/40.22 | WALL-FPS 18.3
[n0i] frames=5640 640x480→640x480 (ms median/p95 vs 16.67): trace 16.18/16.97 gather 2.02/2.24 net[wall 11.61/11.93 gpu 4.42/4.57 commit 11.61/11.93 wait 0.00/0.00] demod 7.92/9.03 present 0.61/0.73 TOTAL 38.44/40.22 | WALL-FPS 18.3
[n0i] frames=5700 640x480→640x480 (ms median/p95 vs 16.67): trace 16.18/16.96 gather 2.02/2.24 net[wall 11.61/11.93 gpu 4.42/4.57 commit 11.61/11.93 wait 0.00/0.00] demod 7.92/9.02 present 0.61/0.73 TOTAL 38.44/40.21 | WALL-FPS 18.3
[n0i] frames=5760 640x480→640x480 (ms median/p95 vs 16.67): trace 16.19/16.96 gather 2.02/2.24 net[wall 11.61/11.93 gpu 4.42/4.57 commit 11.61/11.93 wait 0.00/0.00] demod 7.92/9.02 present 0.61/0.73 TOTAL 38.45/40.20 | WALL-FPS 18.3
[n0i] frames=5820 640x480→640x480 (ms median/p95 vs 16.67): trace 16.19/16.96 gather 2.02/2.24 net[wall 11.61/11.93 gpu 4.42/4.57 commit 11.61/11.93 wait 0.00/0.00] demod 7.92/9.01 present 0.61/0.73 TOTAL 38.45/40.19 | WALL-FPS 18.3
[n0i] frames=5880 640x480→640x480 (ms median/p95 vs 16.67): trace 16.19/16.96 gather 2.02/2.24 net[wall 11.61/11.93 gpu 4.42/4.57 commit 11.61/11.93 wait 0.00/0.00] demod 7.92/9.01 present 0.61/0.73 TOTAL 38.46/40.18 | WALL-FPS 18.3
[n0i] frames=5940 640x480→640x480 (ms median/p95 vs 16.67): trace 16.19/16.96 gather 2.02/2.24 net[wall 11.61/11.93 gpu 4.42/4.57 commit 11.61/11.93 wait 0.00/0.00] demod 7.92/9.01 present 0.61/0.73 TOTAL 38.45/40.18 | WALL-FPS 18.3
[n0i] frames=6000 640x480→640x480 (ms median/p95 vs 16.67): trace 16.19/16.96 gather 2.02/2.25 net[wall 11.61/11.93 gpu 4.42/4.57 commit 11.61/11.93 wait 0.00/0.00] demod 7.92/9.01 present 0.61/0.73 TOTAL 38.45/40.18 | WALL-FPS 18.3
[n0i] frames=6060 640x480→640x480 (ms median/p95 vs 16.67): trace 16.19/16.96 gather 2.02/2.25 net[wall 11.61/11.93 gpu 4.42/4.58 commit 11.61/11.93 wait 0.00/0.00] demod 7.92/9.00 present 0.61/0.73 TOTAL 38.45/40.17 | WALL-FPS 18.3
[n0i] frames=6120 640x480→640x480 (ms median/p95 vs 16.67): trace 16.18/16.95 gather 2.02/2.25 net[wall 11.62/11.93 gpu 4.42/4.58 commit 11.62/11.93 wait 0.00/0.00] demod 7.92/8.99 present 0.61/0.73 TOTAL 38.44/40.16 | WALL-FPS 18.3
[n0i] frames=6180 640x480→640x480 (ms median/p95 vs 16.67): trace 16.18/16.95 gather 2.02/2.25 net[wall 11.62/11.93 gpu 4.42/4.58 commit 11.62/11.93 wait 0.00/0.00] demod 7.92/8.98 present 0.61/0.73 TOTAL 38.44/40.15 | WALL-FPS 18.3
[n0i] frames=6240 640x480→640x480 (ms median/p95 vs 16.67): trace 16.18/16.95 gather 2.02/2.25 net[wall 11.62/11.93 gpu 4.42/4.58 commit 11.62/11.93 wait 0.00/0.00] demod 7.92/8.98 present 0.60/0.73 TOTAL 38.44/40.14 | WALL-FPS 18.3
[n0i] frames=6300 640x480→640x480 (ms median/p95 vs 16.67): trace 16.18/16.94 gather 2.02/2.25 net[wall 11.62/11.93 gpu 4.42/4.58 commit 11.62/11.93 wait 0.00/0.00] demod 7.92/8.97 present 0.60/0.73 TOTAL 38.43/40.14 | WALL-FPS 18.3
[n0i] frames=6360 640x480→640x480 (ms median/p95 vs 16.67): trace 16.18/16.94 gather 2.02/2.25 net[wall 11.62/11.93 gpu 4.42/4.58 commit 11.62/11.93 wait 0.00/0.00] demod 7.92/8.96 present 0.60/0.73 TOTAL 38.44/40.13 | WALL-FPS 18.3
[n0i] frames=6420 640x480→640x480 (ms median/p95 vs 16.67): trace 16.18/16.94 gather 2.02/2.25 net[wall 11.62/11.93 gpu 4.42/4.58 commit 11.62/11.93 wait 0.00/0.00] demod 7.91/8.96 present 0.60/0.73 TOTAL 38.44/40.13 | WALL-FPS 18.3
[n0i] frames=6480 640x480→640x480 (ms median/p95 vs 16.67): trace 16.18/16.94 gather 2.02/2.25 net[wall 11.62/11.93 gpu 4.42/4.58 commit 11.62/11.93 wait 0.00/0.00] demod 7.91/8.95 present 0.60/0.73 TOTAL 38.45/40.13 | WALL-FPS 18.3
[n0i] frames=6540 640x480→640x480 (ms median/p95 vs 16.67): trace 16.19/16.94 gather 2.02/2.25 net[wall 11.63/11.93 gpu 4.42/4.58 commit 11.63/11.93 wait 0.00/0.00] demod 7.91/8.95 present 0.60/0.73 TOTAL 38.45/40.12 | WALL-FPS 18.3
[n0i] frames=6600 640x480→640x480 (ms median/p95 vs 16.67): trace 16.19/16.94 gather 2.02/2.25 net[wall 11.63/11.93 gpu 4.42/4.58 commit 11.63/11.93 wait 0.00/0.00] demod 7.91/8.95 present 0.60/0.73 TOTAL 38.46/40.12 | WALL-FPS 18.3
[n0i] frames=6660 640x480→640x480 (ms median/p95 vs 16.67): trace 16.19/16.94 gather 2.02/2.25 net[wall 11.63/11.93 gpu 4.42/4.58 commit 11.63/11.93 wait 0.00/0.00] demod 7.91/8.94 present 0.60/0.73 TOTAL 38.46/40.11 | WALL-FPS 18.3
[n0i] frames=6720 640x480→640x480 (ms median/p95 vs 16.67): trace 16.19/16.94 gather 2.02/2.25 net[wall 11.63/11.94 gpu 4.42/4.58 commit 11.63/11.94 wait 0.00/0.00] demod 7.92/8.94 present 0.60/0.73 TOTAL 38.46/40.11 | WALL-FPS 18.3
[n0i] frames=6780 640x480→640x480 (ms median/p95 vs 16.67): trace 16.19/16.94 gather 2.02/2.25 net[wall 11.63/11.94 gpu 4.42/4.58 commit 11.63/11.94 wait 0.00/0.00] demod 7.92/8.94 present 0.60/0.73 TOTAL 38.46/40.11 | WALL-FPS 18.3
[n0i] frames=6840 640x480→640x480 (ms median/p95 vs 16.67): trace 16.18/16.93 gather 2.02/2.25 net[wall 11.63/11.94 gpu 4.42/4.58 commit 11.63/11.94 wait 0.00/0.00] demod 7.92/8.94 present 0.60/0.73 TOTAL 38.47/40.10 | WALL-FPS 18.3
[n0i] frames=6900 640x480→640x480 (ms median/p95 vs 16.67): trace 16.18/16.93 gather 2.02/2.25 net[wall 11.63/11.94 gpu 4.42/4.58 commit 11.63/11.94 wait 0.00/0.00] demod 7.92/8.94 present 0.60/0.73 TOTAL 38.46/40.10 | WALL-FPS 18.3
[n0i] frames=6960 640x480→640x480 (ms median/p95 vs 16.67): trace 16.18/16.93 gather 2.02/2.26 net[wall 11.64/11.94 gpu 4.42/4.59 commit 11.64/11.94 wait 0.00/0.00] demod 7.92/8.93 present 0.60/0.73 TOTAL 38.46/40.09 | WALL-FPS 18.3
[n0i] frames=7020 640x480→640x480 (ms median/p95 vs 16.67): trace 16.18/16.93 gather 2.02/2.26 net[wall 11.64/11.94 gpu 4.42/4.59 commit 11.64/11.94 wait 0.00/0.00] demod 7.92/8.92 present 0.60/0.73 TOTAL 38.46/40.08 | WALL-FPS 18.3
[n0i] frames=7080 640x480→640x480 (ms median/p95 vs 16.67): trace 16.18/16.94 gather 2.02/2.26 net[wall 11.64/11.94 gpu 4.42/4.59 commit 11.64/11.94 wait 0.00/0.00] demod 7.92/8.93 present 0.60/0.73 TOTAL 38.46/40.10 | WALL-FPS 18.3
[n0i] frames=7140 640x480→640x480 (ms median/p95 vs 16.67): trace 16.18/16.94 gather 2.02/2.26 net[wall 11.64/11.94 gpu 4.42/4.59 commit 11.64/11.94 wait 0.00/0.00] demod 7.92/8.93 present 0.60/0.73 TOTAL 38.46/40.11 | WALL-FPS 18.3
[n0i] frames=7200 640x480→640x480 (ms median/p95 vs 16.67): trace 16.18/16.96 gather 2.02/2.25 net[wall 11.64/11.94 gpu 4.42/4.58 commit 11.64/11.94 wait 0.00/0.00] demod 7.92/8.94 present 0.60/0.73 TOTAL 38.47/40.12 | WALL-FPS 18.2
[n0i] frames=7260 640x480→640x480 (ms median/p95 vs 16.67): trace 16.19/16.96 gather 2.02/2.25 net[wall 11.63/11.94 gpu 4.42/4.58 commit 11.63/11.94 wait 0.00/0.00] demod 7.92/8.93 present 0.60/0.72 TOTAL 38.47/40.12 | WALL-FPS 18.2
[n0i] frames=7320 640x480→640x480 (ms median/p95 vs 16.67): trace 16.19/16.98 gather 2.02/2.25 net[wall 11.63/11.94 gpu 4.42/4.58 commit 11.63/11.94 wait 0.00/0.00] demod 7.92/8.93 present 0.60/0.72 TOTAL 38.47/40.12 | WALL-FPS 18.2
[focus] t=1784994360727ms window="wgpu-surface" focused=false worker_window=false
[focus] t=1784994361073ms window="wgpu-surface" focused=true worker_window=false
[n0i] frames=7380 640x480→640x480 (ms median/p95 vs 16.67): trace 16.19/17.00 gather 2.02/2.25 net[wall 11.63/11.94 gpu 4.42/4.58 commit 11.63/11.94 wait 0.00/0.00] demod 7.92/8.93 present 0.60/0.73 TOTAL 38.47/40.14 | WALL-FPS 18.2
[n0i] frames=7440 640x480→640x480 (ms median/p95 vs 16.67): trace 16.19/17.00 gather 2.02/2.25 net[wall 11.63/11.94 gpu 4.42/4.58 commit 11.63/11.94 wait 0.00/0.00] demod 7.92/8.93 present 0.60/0.73 TOTAL 38.47/40.14 | WALL-FPS 18.2
[n0i] frames=7500 640x480→640x480 (ms median/p95 vs 16.67): trace 16.18/16.99 gather 2.02/2.25 net[wall 11.63/11.94 gpu 4.42/4.58 commit 11.63/11.94 wait 0.00/0.00] demod 7.92/8.92 present 0.60/0.72 TOTAL 38.46/40.13 | WALL-FPS 18.2
[n0i] frames=7560 640x480→640x480 (ms median/p95 vs 16.67): trace 16.18/16.99 gather 2.01/2.25 net[wall 11.63/11.93 gpu 4.42/4.58 commit 11.63/11.93 wait 0.00/0.00] demod 7.92/8.91 present 0.60/0.72 TOTAL 38.46/40.13 | WALL-FPS 18.2
[n0i] frames=7620 640x480→640x480 (ms median/p95 vs 16.67): trace 16.18/16.99 gather 2.01/2.25 net[wall 11.63/11.93 gpu 4.42/4.58 commit 11.63/11.93 wait 0.00/0.00] demod 7.91/8.91 present 0.60/0.72 TOTAL 38.45/40.13 | WALL-FPS 18.2
[n0i] frames=7680 640x480→640x480 (ms median/p95 vs 16.67): trace 16.17/16.98 gather 2.01/2.25 net[wall 11.63/11.93 gpu 4.42/4.58 commit 11.63/11.93 wait 0.00/0.00] demod 7.91/8.90 present 0.60/0.72 TOTAL 38.44/40.12 | WALL-FPS 18.2
[n0i] frames=7740 640x480→640x480 (ms median/p95 vs 16.67): trace 16.17/16.98 gather 2.01/2.25 net[wall 11.63/11.93 gpu 4.42/4.58 commit 11.63/11.93 wait 0.00/0.00] demod 7.91/8.90 present 0.60/0.72 TOTAL 38.44/40.12 | WALL-FPS 18.2
[n0i] frames=7800 640x480→640x480 (ms median/p95 vs 16.67): trace 16.17/16.98 gather 2.01/2.25 net[wall 11.62/11.93 gpu 4.42/4.58 commit 11.62/11.93 wait 0.00/0.00] demod 7.91/8.90 present 0.60/0.72 TOTAL 38.43/40.11 | WALL-FPS 18.2
[n0i] frames=7860 640x480→640x480 (ms median/p95 vs 16.67): trace 16.17/16.97 gather 2.01/2.25 net[wall 11.62/11.93 gpu 4.42/4.58 commit 11.62/11.93 wait 0.00/0.00] demod 7.91/8.89 present 0.60/0.72 TOTAL 38.43/40.11 | WALL-FPS 18.2
[n0i] frames=7920 640x480→640x480 (ms median/p95 vs 16.67): trace 16.17/16.98 gather 2.01/2.25 net[wall 11.62/11.93 gpu 4.42/4.58 commit 11.62/11.93 wait 0.00/0.00] demod 7.91/8.89 present 0.60/0.72 TOTAL 38.43/40.11 | WALL-FPS 18.2
[n0i] frames=7980 640x480→640x480 (ms median/p95 vs 16.67): trace 16.17/16.99 gather 2.01/2.24 net[wall 11.62/11.93 gpu 4.42/4.58 commit 11.62/11.93 wait 0.00/0.00] demod 7.90/8.89 present 0.60/0.72 TOTAL 38.43/40.10 | WALL-FPS 18.2
[n0i] frames=8040 640x480→640x480 (ms median/p95 vs 16.67): trace 16.18/17.02 gather 2.01/2.25 net[wall 11.62/11.93 gpu 4.42/4.58 commit 11.62/11.93 wait 0.00/0.00] demod 7.91/8.91 present 0.60/0.72 TOTAL 38.43/40.14 | WALL-FPS 18.2
[n0i] frames=8100 640x480→640x480 (ms median/p95 vs 16.67): trace 16.18/17.03 gather 2.01/2.25 net[wall 11.62/11.93 gpu 4.42/4.58 commit 11.62/11.93 wait 0.00/0.00] demod 7.91/8.91 present 0.60/0.72 TOTAL 38.44/40.16 | WALL-FPS 18.2
[n0i] frames=8160 640x480→640x480 (ms median/p95 vs 16.67): trace 16.18/17.04 gather 2.01/2.24 net[wall 11.62/11.93 gpu 4.42/4.58 commit 11.62/11.93 wait 0.00/0.00] demod 7.91/8.91 present 0.60/0.72 TOTAL 38.44/40.17 | WALL-FPS 18.2
[n0i] frames=8220 640x480→640x480 (ms median/p95 vs 16.67): trace 16.18/17.05 gather 2.01/2.24 net[wall 11.62/11.92 gpu 4.42/4.58 commit 11.62/11.92 wait 0.00/0.00] demod 7.91/8.91 present 0.60/0.72 TOTAL 38.45/40.17 | WALL-FPS 18.2
[n0i] frames=8280 640x480→640x480 (ms median/p95 vs 16.67): trace 16.18/17.05 gather 2.01/2.24 net[wall 11.62/11.92 gpu 4.42/4.58 commit 11.62/11.92 wait 0.00/0.00] demod 7.91/8.90 present 0.60/0.72 TOTAL 38.45/40.17 | WALL-FPS 18.2
[n0i] frames=8340 640x480→640x480 (ms median/p95 vs 16.67): trace 16.18/17.05 gather 2.01/2.24 net[wall 11.62/11.92 gpu 4.42/4.58 commit 11.62/11.92 wait 0.00/0.00] demod 7.91/8.90 present 0.60/0.72 TOTAL 38.45/40.17 | WALL-FPS 18.2
[n0i] frames=8400 640x480→640x480 (ms median/p95 vs 16.67): trace 16.19/17.06 gather 2.01/2.24 net[wall 11.62/11.92 gpu 4.42/4.58 commit 11.62/11.92 wait 0.00/0.00] demod 7.91/8.91 present 0.60/0.72 TOTAL 38.45/40.20 | WALL-FPS 18.2
[n0i] frames=8460 640x480→640x480 (ms median/p95 vs 16.67): trace 16.18/17.06 gather 2.01/2.24 net[wall 11.62/11.92 gpu 4.42/4.58 commit 11.62/11.92 wait 0.00/0.00] demod 7.91/8.91 present 0.60/0.72 TOTAL 38.45/40.19 | WALL-FPS 18.2
[n0i] frames=8520 640x480→640x480 (ms median/p95 vs 16.67): trace 16.19/17.06 gather 2.01/2.24 net[wall 11.62/11.92 gpu 4.42/4.58 commit 11.62/11.92 wait 0.00/0.00] demod 7.91/8.90 present 0.60/0.72 TOTAL 38.45/40.19 | WALL-FPS 18.2
[n0i] frames=8580 640x480→640x480 (ms median/p95 vs 16.67): trace 16.19/17.08 gather 2.01/2.24 net[wall 11.62/11.92 gpu 4.42/4.58 commit 11.62/11.92 wait 0.00/0.00] demod 7.91/8.91 present 0.60/0.72 TOTAL 38.46/40.23 | WALL-FPS 18.2
[n0i] frames=8640 640x480→640x480 (ms median/p95 vs 16.67): trace 16.19/17.09 gather 2.01/2.24 net[wall 11.62/11.92 gpu 4.42/4.58 commit 11.62/11.92 wait 0.00/0.00] demod 7.91/8.91 present 0.60/0.72 TOTAL 38.46/40.24 | WALL-FPS 18.2
[n0i] frames=8700 640x480→640x480 (ms median/p95 vs 16.67): trace 16.19/17.09 gather 2.01/2.24 net[wall 11.62/11.92 gpu 4.42/4.58 commit 11.62/11.92 wait 0.00/0.00] demod 7.91/8.90 present 0.60/0.72 TOTAL 38.46/40.24 | WALL-FPS 18.2
[wgpu-input] passthrough click x=699.3 y=231.4
[n0i] frames=8760 640x480→640x480 (ms median/p95 vs 16.67): trace 16.20/17.14 gather 2.01/2.24 net[wall 11.62/11.92 gpu 4.42/4.58 commit 11.62/11.92 wait 0.00/0.00] demod 7.92/8.91 present 0.60/0.72 TOTAL 38.47/40.32 | WALL-FPS 18.2
[n0i] frames=8820 640x480→640x480 (ms median/p95 vs 16.67): trace 16.20/17.17 gather 2.01/2.24 net[wall 11.61/11.92 gpu 4.42/4.58 commit 11.61/11.92 wait 0.00/0.00] demod 7.91/8.90 present 0.60/0.72 TOTAL 38.47/40.35 | WALL-FPS 18.2
[n0i] frames=8880 640x480→640x480 (ms median/p95 vs 16.67): trace 16.20/17.23 gather 2.01/2.24 net[wall 11.61/11.92 gpu 4.42/4.58 commit 11.61/11.92 wait 0.00/0.00] demod 7.91/8.90 present 0.60/0.72 TOTAL 38.47/40.51 | WALL-FPS 18.2
[n0i] frames=8940 640x480→640x480 (ms median/p95 vs 16.67): trace 16.20/17.29 gather 2.01/2.24 net[wall 11.61/11.92 gpu 4.42/4.58 commit 11.61/11.92 wait 0.00/0.00] demod 7.91/8.92 present 0.60/0.72 TOTAL 38.47/40.59 | WALL-FPS 18.2
[n0i] frames=9000 640x480→640x480 (ms median/p95 vs 16.67): trace 16.20/17.38 gather 2.01/2.24 net[wall 11.61/11.92 gpu 4.42/4.58 commit 11.61/11.92 wait 0.00/0.00] demod 7.92/8.98 present 0.60/0.72 TOTAL 38.48/40.69 | WALL-FPS 18.1
[n0i] frames=9060 640x480→640x480 (ms median/p95 vs 16.67): trace 16.21/17.56 gather 2.01/2.24 net[wall 11.61/11.92 gpu 4.42/4.58 commit 11.61/11.92 wait 0.00/0.00] demod 7.92/9.02 present 0.60/0.72 TOTAL 38.48/40.85 | WALL-FPS 18.1
