built: fldj_parse
built: q20_conv
built: coef
built: fieldrun
green   good                   rc=0 fldj ok w=2 h=2 n=4 slots=2 ops=2 steps=1 writes=1
green   good8x8                rc=0 fldj ok w=8 h=8 n=64 slots=2 ops=2 steps=200 writes=1
KILLED  magic                  rc=3 fldj reject code=3
KILLED  version                rc=4 fldj reject code=4
KILLED  w-zero                 rc=5 fldj reject code=5
KILLED  h-zero                 rc=6 fldj reject code=6
KILLED  wh-32bit-wrap          rc=8 fldj reject code=8
KILLED  wh-over-arena          rc=8 fldj reject code=8
KILLED  nslots-lt2             rc=9 fldj reject code=9
KILLED  nslots-over            rc=10 fldj reject code=10
KILLED  dt-noncanonical        rc=11 fldj reject code=11
KILLED  damping-0.999-decimal  rc=11 fldj reject code=11
KILLED  c-noncanonical         rc=11 fldj reject code=11
KILLED  dx-noncanonical        rc=11 fldj reject code=11
KILLED  range-noncanonical     rc=11 fldj reject code=11
KILLED  unknown-tag            rc=12 fldj reject code=12
KILLED  seedatom-tag1          rc=12 fldj reject code=12
KILLED  writeraw-slot2         rc=13 fldj reject code=13
KILLED  trailing-partial-op    rc=14 fldj reject code=14
KILLED  writeraw-len-ne-wh     rc=15 fldj reject code=15
KILLED  writeraw-len-gt-wh     rc=15 fldj reject code=15
KILLED  header-truncated       rc=2 fldj reject code=2
KILLED  op-truncated           rc=14 fldj reject code=14
KILLED  empty                  rc=2 fldj reject code=2
KILLED  missing-file           rc=16 fldj reject code=16
