green   generator-independence     gen_fld_a7.sh の非註釈行に実装参照 零
green   fieldc-compile             fld=11306B fldj=4158B
raw     sha(a7.fld)                b83c386ac4d1bc5a7a0be1dc65954754ab0d152f04d5098c2bc7e1e13a8a51b1
raw     sha(a7.fldj)               11e973d2722dfeb8a38b1774266380f2339f9be7a6a932797113d4daadc86925
raw     fldj-header(48B)            46 4c 44 4a 01 00 00 00 20 00 00 00 20 00 00 00 00 00 80 3f cd cc cc 3d 77 be 7f 3f 00 00 80 3f 00 00 00 00 00 00 00 00 00 00 80 3f 02 00 00 00 
raw     fld-src-head               界 32 32 2 0
raw     fld-src-step               歩 200
green   real-journal-32x32-200step sha=63f868bc673bbd4f7a9cf943f2b48f7f46fd416d0e55d145fa9e3cb97c1a24c9 (scalar==neon==metal, byte 一致)
green   gpu-evidence               metal command status: 4
raw     flro-header                46 4c 52 4f 00 00 00 00 20 00 00 00 20 00 00 00 c8 00 00 00 00 00 00 00 af 00 00 00 00 00 00 00 
green   steps>=200                 steps=200 sat=175 (FLRO off16/off24)
green   nonzero-evolution          sha0=7ec0c4c809a0d3d7c3335444197f0b00f383fa4351349d8ea5059c1a8aa29d13
green   nonzero-evolution          sha200=63f868bc673bbd4f7a9cf943f2b48f7f46fd416d0e55d145fa9e3cb97c1a24c9 diff_bytes=4083/4128
raw     flro0-header               46 4c 52 4f 00 00 00 00 20 00 00 00 20 00 00 00 00 00 00 00 00 00 00 00 00 00 00 00 00 00 00 00 
raw     cells0-first8              2048 4294591538 62639496 4294961970 908908 78316456 4294954185 1084027 
raw     cells200-first8            175971292 173372662 170863118 168493115 166280307 164393384 162807619 161554878 
KILLED  tooth:step-count-199       sha=732362411d3c63c36aec1b997a4cfe3d096d7f2045ce710f5d0818139385d82a != sha200
KILLED  tooth:init-field-phase1    sha=7d676d4b653a0f92a1f922875d95cb637fcb63b1b466afc869b168ed207d844d != sha200
KILLED  tooth:journal-1byte        off=100 64->65 sha=318487027818ac6713ca244b8cce948906b8034e6b80b21f22a3c1fb3d383dad != sha200
KILLED  tooth:max-cells-arg        rc=8 (max_cells=512 < 1024 胞)
green   max-cells=1024-exact       sha=63f868bc673bbd4f7a9cf943f2b48f7f46fd416d0e55d145fa9e3cb97c1a24c9 (同一)
KILLED  tooth:max-bytes-arg        rc=16 (max_bytes=64 < 4158 B)
green   max-bytes-arg-exact        sha=63f868bc673bbd4f7a9cf943f2b48f7f46fd416d0e55d145fa9e3cb97c1a24c9 (max_bytes=4159 で同一)
gate: fieldrun A7 (real fieldc journal, 32x32, 200 step, 三経路) OK
