--- coef 実走: §2b/§3b ベクタ ---
3F800000…  want=c_cur=2040216832 c_lap=10737419 c_prev=-966475008 got=rc=0 c_cur=2040216832 c_lap=10737419 c_prev=-966475008 ok       canonical(§2b)
3F800000…  want=REJECT:22          got=rc=22 coef: reject non-canonical header        ok       dt=0.25 非canonical(§3b)
3F800000…  want=REJECT:22          got=rc=22 coef: reject non-canonical header        ok       damping 十進0.999 の罠(G2)
00000000…  want=REJECT:22          got=rc=22 coef: reject non-canonical header        ok       c=0
3F800000…  want=REJECT:22          got=rc=22 coef: reject non-canonical header        ok       dx=0
3F800000…  want=REJECT:22          got=rc=22 coef: reject non-canonical header        ok       range=0
3F800000…  want=REJECT:22          got=rc=22 coef: reject non-canonical header        ok       dt 1ulp 下
3F800000…  want=REJECT:22          got=rc=22 coef: reject non-canonical header        ok       damping 1ulp 上
green   vectors: all match
--- 赤歯 ---
KILLED  c_cur-misread-damping    不一致行:
          3F800000…  want=c_cur=2040216832 c_lap=10737419 c_prev=-966475008 got=rc=0 c_cur=2040220160 c_lap=10737419 c_prev=-966475008 MISMATCH canonical(§2b)
KILLED  c_prev-misread-damping   不一致行:
          3F800000…  want=c_cur=2040216832 c_lap=10737419 c_prev=-966475008 got=rc=0 c_cur=2040216832 c_lap=10737419 c_prev=-966478272 MISMATCH canonical(§2b)
KILLED  c_lap-truncate           不一致行:
          3F800000…  want=c_cur=2040216832 c_lap=10737419 c_prev=-966475008 got=rc=0 c_cur=2040216832 c_lap=10737418 c_prev=-966475008 MISMATCH canonical(§2b)
KILLED  c_prev-sign              不一致行:
          3F800000…  want=c_cur=2040216832 c_lap=10737419 c_prev=-966475008 got=rc=0 c_cur=2040216832 c_lap=10737419 c_prev=966475008 MISMATCH canonical(§2b)
KILLED  dt-check-removed         不一致行:
          3F800000…  want=REJECT:22          got=rc=0 c_cur=2040216832 c_lap=10737419 c_prev=-966475008 MISMATCH dt=0.25 非canonical(§3b)
          3F800000…  want=REJECT:22          got=rc=0 c_cur=2040216832 c_lap=10737419 c_prev=-966475008 MISMATCH dt 1ulp 下
KILLED  damping-check-removed    不一致行:
          3F800000…  want=REJECT:22          got=rc=0 c_cur=2040216832 c_lap=10737419 c_prev=-966475008 MISMATCH damping 十進0.999 の罠(G2)
          3F800000…  want=REJECT:22          got=rc=0 c_cur=2040216832 c_lap=10737419 c_prev=-966475008 MISMATCH damping 1ulp 上
KILLED  range-check-removed      不一致行:
          3F800000…  want=REJECT:22          got=rc=0 c_cur=2040216832 c_lap=10737419 c_prev=-966475008 MISMATCH range=0
KILLED  invariant-removed        不一致行:
          3F800000…  want=c_cur=2040216832 c_lap=10737419 c_prev=-966475008 got=rc=0 c_cur=2040216832 c_lap=536925963 c_prev=-966475008 MISMATCH canonical(§2b)
KILLED  lap-over-2p29(invariant) rc=23 coef: invariant |c_lap|>2^29
gate: coef A3 OK
