[package] scrying-glass v0.1.0 registered
[world] /Users/pascaldisse/projects/magic-crystal-v9wire/worlds/naruko scene(s)=["main"] entities=47 chains=32 clusters=903 transmute=72.1ms
[embodiment] spawn eye=Vec3(0.0, 7.0, 44.0) yaw=0 floor_triangles=10484 tick_dt=0.016666668
[pleroma] BVH nodes=15537 triangles=23288 (static 12428 + dynamic 10860) build=12.8ms; 23 dynamic entit(ies) — living layer
[pleroma] traced integrator spp=2 bounces=4 rr_start=2 — first_light is dead
[wgpu] traced God's canvas 640x480; surface 960x640 = nearest integer display scale (Bgra8UnormSrgb)
[frame] trace 640x480 → offscreen 960x640: median 8.41ms mean 8.63ms/frame (spp=2, 60-frame sample)
[scry] GET http://127.0.0.1:8430/scry (alias: /screenshot; optional pos/yaw/pitch/fov/w/h; lab-only chain: lab=teacher-benchmark)
[world-core] POST http://127.0.0.1:8430/op · GET /world · GET /events
[embodiment] GET http://127.0.0.1:8430/pose · POST http://127.0.0.1:8430/walk {keys,yaw?,pitch?,ticks?}
[offscreen] GAIA_NATIVE_OFFSCREEN=true: NO NSWindow — rendering to offscreen 960x640; /scry (?eye=belief|presented), /budget, /state on http://127.0.0.1:8430
[EYE-TEST UNSTAMPED] weights /Users/pascaldisse/projects/magic-crystal-v9body/packages/scrying-glass/data/rdirect-weights-v9y.bin carry no PASS stamp (/Users/pascaldisse/projects/magic-crystal-v9body/packages/scrying-glass/data/rdirect-weights-v9y.bin.stamp) — presenting anyway per GAIA_EYE_TEST=1 (Pascal's own explicit override, NOT an ordeal pass, NOT the shipped bar)
[v9-eye-test] GAIA_V9V_INPUT_CLAMP=0.1 — clamp ACTIVE in gather_v9's WGSL E/D tap blocks (median-of-4+delta ceiling, ported from rdirect_train_v9k.rs::apply_input_clamp).
[n0c] net-present rig pooled (God's res): trace 640x480 → net 640x480 → nearest blit → surface 960x640 (307200 px)
[n0i] frames=60 640x480→640x480 (ms median/p95 vs 16.67): trace 11.12/12.93 gather 1.97/2.22 net[wall 11.60/13.66 gpu 4.42/5.82 commit 11.60/13.66 wait 0.00/0.00] demod 8.37/9.25 present 0.47/0.61 TOTAL 33.76/37.23 | WALL-FPS 22.7
[n0i] frames=120 640x480→640x480 (ms median/p95 vs 16.67): trace 11.12/13.26 gather 1.95/2.16 net[wall 11.58/13.35 gpu 4.42/5.45 commit 11.58/13.35 wait 0.00/0.00] demod 7.82/8.97 present 0.46/0.60 TOTAL 33.72/36.75 | WALL-FPS 22.9
[n0i] frames=180 640x480→640x480 (ms median/p95 vs 16.67): trace 12.50/14.55 gather 1.94/2.14 net[wall 11.57/13.19 gpu 4.42/5.40 commit 11.57/13.19 wait 0.00/0.00] demod 7.61/8.90 present 0.46/0.58 TOTAL 34.43/36.63 | WALL-FPS 22.8
[n0i] frames=240 640x480→640x480 (ms median/p95 vs 16.67): trace 13.05/15.11 gather 1.95/2.13 net[wall 11.57/12.54 gpu 4.42/5.34 commit 11.57/12.54 wait 0.00/0.00] demod 7.65/8.71 present 0.47/0.58 TOTAL 35.17/37.22 | WALL-FPS 22.1
[n0i] frames=300 640x480→640x480 (ms median/p95 vs 16.67): trace 14.09/15.35 gather 1.96/2.13 net[wall 11.58/12.27 gpu 4.42/4.88 commit 11.58/12.27 wait 0.00/0.00] demod 7.76/8.67 present 0.47/0.58 TOTAL 35.87/37.59 | WALL-FPS 22.7
[n0i] frames=360 640x480→640x480 (ms median/p95 vs 16.67): trace 14.59/15.52 gather 1.97/2.13 net[wall 11.58/11.92 gpu 4.42/4.67 commit 11.58/11.92 wait 0.00/0.00] demod 7.79/8.62 present 0.48/0.58 TOTAL 36.32/37.82 | WALL-FPS 23.0
[n0i] frames=420 640x480→640x480 (ms median/p95 vs 16.67): trace 14.55/15.57 gather 1.97/2.12 net[wall 11.58/11.76 gpu 4.42/4.50 commit 11.58/11.76 wait 0.00/0.00] demod 7.80/8.60 present 0.48/0.58 TOTAL 36.23/37.83 | WALL-FPS 21.3
[n0i] frames=480 640x480→640x480 (ms median/p95 vs 16.67): trace 13.89/15.57 gather 1.96/2.11 net[wall 11.57/11.76 gpu 4.42/4.49 commit 11.57/11.76 wait 0.00/0.00] demod 7.80/8.57 present 0.47/0.58 TOTAL 35.80/37.78 | WALL-FPS 21.9
[n0i] frames=540 640x480→640x480 (ms median/p95 vs 16.67): trace 13.26/15.56 gather 1.95/2.11 net[wall 11.57/11.74 gpu 4.41/4.49 commit 11.57/11.74 wait 0.00/0.00] demod 7.79/8.53 present 0.47/0.58 TOTAL 35.43/37.75 | WALL-FPS 22.4
[n0i] frames=600 640x480→640x480 (ms median/p95 vs 16.67): trace 13.19/15.54 gather 1.95/2.11 net[wall 11.57/11.72 gpu 4.42/4.49 commit 11.57/11.72 wait 0.00/0.00] demod 7.82/8.54 present 0.47/0.58 TOTAL 35.27/37.74 | WALL-FPS 22.7
[n0i] frames=660 640x480→640x480 (ms median/p95 vs 16.67): trace 13.13/15.52 gather 1.95/2.11 net[wall 11.57/11.71 gpu 4.41/4.49 commit 11.57/11.71 wait 0.00/0.00] demod 7.86/8.58 present 0.47/0.58 TOTAL 35.18/37.69 | WALL-FPS 23.0
[n0i] frames=720 640x480→640x480 (ms median/p95 vs 16.67): trace 13.06/15.52 gather 1.95/2.10 net[wall 11.57/11.70 gpu 4.41/4.48 commit 11.57/11.70 wait 0.00/0.00] demod 7.90/8.60 present 0.47/0.58 TOTAL 35.13/37.67 | WALL-FPS 23.3
[n0i] frames=780 640x480→640x480 (ms median/p95 vs 16.67): trace 12.97/15.51 gather 1.95/2.10 net[wall 11.57/11.70 gpu 4.41/4.48 commit 11.57/11.70 wait 0.00/0.00] demod 7.94/8.60 present 0.47/0.58 TOTAL 35.10/37.63 | WALL-FPS 23.5
[n0i] frames=840 640x480→640x480 (ms median/p95 vs 16.67): trace 12.94/15.49 gather 1.95/2.10 net[wall 11.57/11.70 gpu 4.41/4.48 commit 11.57/11.70 wait 0.00/0.00] demod 7.97/8.61 present 0.47/0.58 TOTAL 35.08/37.60 | WALL-FPS 23.7
[n0i] frames=900 640x480→640x480 (ms median/p95 vs 16.67): trace 12.91/15.49 gather 1.96/2.12 net[wall 11.57/11.72 gpu 4.42/4.48 commit 11.57/11.72 wait 0.00/0.00] demod 8.01/8.71 present 0.48/0.58 TOTAL 35.16/37.62 | WALL-FPS 23.8
[n0i] frames=960 640x480→640x480 (ms median/p95 vs 16.67): trace 12.92/15.47 gather 1.97/2.13 net[wall 11.58/11.73 gpu 4.42/4.47 commit 11.58/11.73 wait 0.00/0.00] demod 8.04/8.74 present 0.48/0.59 TOTAL 35.21/37.58 | WALL-FPS 23.9
[n0i] frames=1020 640x480→640x480 (ms median/p95 vs 16.67): trace 12.96/15.44 gather 1.97/2.14 net[wall 11.58/11.74 gpu 4.42/4.46 commit 11.58/11.74 wait 0.00/0.00] demod 8.07/8.75 present 0.48/0.60 TOTAL 35.26/37.57 | WALL-FPS 24.0
[n0i] frames=1080 640x480→640x480 (ms median/p95 vs 16.67): trace 12.99/15.43 gather 1.97/2.14 net[wall 11.59/11.74 gpu 4.42/4.46 commit 11.59/11.74 wait 0.00/0.00] demod 8.08/8.76 present 0.48/0.60 TOTAL 35.34/37.57 | WALL-FPS 24.1
[n0i] frames=1140 640x480→640x480 (ms median/p95 vs 16.67): trace 13.04/15.42 gather 1.98/2.15 net[wall 11.59/11.74 gpu 4.42/4.44 commit 11.59/11.74 wait 0.00/0.00] demod 8.11/8.77 present 0.49/0.60 TOTAL 35.39/37.56 | WALL-FPS 24.2
[n0i] frames=1200 640x480→640x480 (ms median/p95 vs 16.67): trace 13.05/15.40 gather 1.98/2.15 net[wall 11.60/11.74 gpu 4.42/4.44 commit 11.60/11.74 wait 0.00/0.00] demod 8.14/8.77 present 0.49/0.60 TOTAL 35.44/37.52 | WALL-FPS 24.3
[n0i] frames=1260 640x480→640x480 (ms median/p95 vs 16.67): trace 13.04/15.39 gather 1.98/2.15 net[wall 11.60/11.74 gpu 4.42/4.43 commit 11.60/11.74 wait 0.00/0.00] demod 8.15/8.79 present 0.49/0.61 TOTAL 35.47/37.50 | WALL-FPS 24.3
[n0i] frames=1320 640x480→640x480 (ms median/p95 vs 16.67): trace 13.05/15.38 gather 1.98/2.16 net[wall 11.60/11.76 gpu 4.42/4.43 commit 11.60/11.76 wait 0.00/0.00] demod 8.16/8.83 present 0.49/0.61 TOTAL 35.50/37.57 | WALL-FPS 24.4
[n0i] frames=1380 640x480→640x480 (ms median/p95 vs 16.67): trace 13.06/15.40 gather 1.98/2.16 net[wall 11.60/11.78 gpu 4.42/4.44 commit 11.60/11.78 wait 0.00/0.00] demod 8.17/8.83 present 0.49/0.61 TOTAL 35.52/37.62 | WALL-FPS 24.4
[n0i] frames=1440 640x480→640x480 (ms median/p95 vs 16.67): trace 13.08/15.48 gather 1.99/2.17 net[wall 11.61/11.95 gpu 4.42/4.47 commit 11.61/11.95 wait 0.00/0.00] demod 8.18/8.86 present 0.49/0.61 TOTAL 35.55/37.94 | WALL-FPS 24.4
[n0i] frames=1500 640x480→640x480 (ms median/p95 vs 16.67): trace 13.06/15.46 gather 1.98/2.17 net[wall 11.61/11.93 gpu 4.42/4.46 commit 11.61/11.93 wait 0.00/0.00] demod 8.18/8.86 present 0.49/0.61 TOTAL 35.52/37.84 | WALL-FPS 24.4
[n0i] frames=1560 640x480→640x480 (ms median/p95 vs 16.67): trace 13.05/15.44 gather 1.98/2.17 net[wall 11.61/11.88 gpu 4.42/4.46 commit 11.61/11.88 wait 0.00/0.00] demod 8.18/8.88 present 0.49/0.61 TOTAL 35.50/37.83 | WALL-FPS 24.5
[n0i] frames=1620 640x480→640x480 (ms median/p95 vs 16.67): trace 13.03/15.43 gather 1.98/2.17 net[wall 11.60/11.87 gpu 4.42/4.46 commit 11.60/11.87 wait 0.00/0.00] demod 8.18/8.86 present 0.49/0.61 TOTAL 35.46/37.78 | WALL-FPS 24.5
[n0i] frames=1680 640x480→640x480 (ms median/p95 vs 16.67): trace 13.01/15.41 gather 1.98/2.17 net[wall 11.60/11.85 gpu 4.42/4.46 commit 11.60/11.85 wait 0.00/0.00] demod 8.17/8.86 present 0.49/0.61 TOTAL 35.43/37.75 | WALL-FPS 24.6
[n0i] frames=1740 640x480→640x480 (ms median/p95 vs 16.67): trace 13.02/15.41 gather 1.98/2.16 net[wall 11.60/11.85 gpu 4.42/4.44 commit 11.60/11.85 wait 0.00/0.00] demod 8.18/8.90 present 0.49/0.61 TOTAL 35.44/37.75 | WALL-FPS 24.6
[n0i] frames=1800 640x480→640x480 (ms median/p95 vs 16.67): trace 13.04/15.43 gather 1.98/2.16 net[wall 11.61/11.93 gpu 4.42/4.46 commit 11.61/11.93 wait 0.00/0.00] demod 8.18/8.92 present 0.49/0.61 TOTAL 35.46/37.85 | WALL-FPS 24.6
[n0i] frames=1860 640x480→640x480 (ms median/p95 vs 16.67): trace 13.05/15.52 gather 1.98/2.17 net[wall 11.61/12.23 gpu 4.42/4.46 commit 11.61/12.23 wait 0.00/0.00] demod 8.19/8.92 present 0.49/0.61 TOTAL 35.50/38.91 | WALL-FPS 24.6
[n0i] frames=1920 640x480→640x480 (ms median/p95 vs 16.67): trace 13.06/15.56 gather 1.98/2.17 net[wall 11.61/12.54 gpu 4.42/4.48 commit 11.61/12.54 wait 0.00/0.00] demod 8.20/8.94 present 0.49/0.61 TOTAL 35.53/39.77 | WALL-FPS 24.5
[n0i] frames=1980 640x480→640x480 (ms median/p95 vs 16.67): trace 13.06/15.55 gather 1.98/2.19 net[wall 11.61/12.53 gpu 4.42/4.47 commit 11.61/12.53 wait 0.00/0.00] demod 8.21/8.98 present 0.49/0.61 TOTAL 35.55/39.53 | WALL-FPS 24.5
[n0i] frames=2040 640x480→640x480 (ms median/p95 vs 16.67): trace 13.06/15.54 gather 1.98/2.19 net[wall 11.61/12.48 gpu 4.42/4.47 commit 11.61/12.48 wait 0.00/0.00] demod 8.22/8.98 present 0.49/0.61 TOTAL 35.53/39.41 | WALL-FPS 24.6
[n0i] frames=2100 640x480→640x480 (ms median/p95 vs 16.67): trace 13.05/15.53 gather 1.98/2.19 net[wall 11.61/12.37 gpu 4.42/4.47 commit 11.61/12.37 wait 0.00/0.00] demod 8.22/8.98 present 0.49/0.61 TOTAL 35.51/39.25 | WALL-FPS 24.6
[n0i] frames=2160 640x480→640x480 (ms median/p95 vs 16.67): trace 13.04/15.52 gather 1.98/2.19 net[wall 11.61/12.35 gpu 4.42/4.47 commit 11.61/12.35 wait 0.00/0.00] demod 8.23/8.98 present 0.49/0.61 TOTAL 35.50/39.20 | WALL-FPS 24.6
[n0i] frames=2220 640x480→640x480 (ms median/p95 vs 16.67): trace 13.04/15.52 gather 1.98/2.18 net[wall 11.61/12.30 gpu 4.42/4.47 commit 11.61/12.30 wait 0.00/0.00] demod 8.23/8.99 present 0.49/0.61 TOTAL 35.50/39.13 | WALL-FPS 24.6
[n0i] frames=2280 640x480→640x480 (ms median/p95 vs 16.67): trace 13.03/15.50 gather 1.98/2.18 net[wall 11.61/12.30 gpu 4.42/4.47 commit 11.61/12.30 wait 0.00/0.00] demod 8.23/9.00 present 0.49/0.61 TOTAL 35.50/39.09 | WALL-FPS 24.6
[n0i] frames=2340 640x480→640x480 (ms median/p95 vs 16.67): trace 13.02/15.52 gather 1.98/2.17 net[wall 11.61/12.36 gpu 4.42/4.46 commit 11.61/12.36 wait 0.00/0.00] demod 8.23/8.99 present 0.49/0.61 TOTAL 35.48/39.18 | WALL-FPS 24.7
[n0i] frames=2400 640x480→640x480 (ms median/p95 vs 16.67): trace 13.01/15.50 gather 1.98/2.17 net[wall 11.61/12.36 gpu 4.42/4.46 commit 11.61/12.36 wait 0.00/0.00] demod 8.23/8.98 present 0.49/0.61 TOTAL 35.46/39.13 | WALL-FPS 24.7
[n0i] frames=2460 640x480→640x480 (ms median/p95 vs 16.67): trace 13.01/15.49 gather 1.98/2.17 net[wall 11.60/12.32 gpu 4.42/4.45 commit 11.60/12.32 wait 0.00/0.00] demod 8.22/8.98 present 0.49/0.61 TOTAL 35.44/39.02 | WALL-FPS 24.7
